03-29 21:49:32.368   312   482 I AudioFlinger: AudioFlinger's thread 0xb3e40000 ready to run
03-29 21:49:32.389   312   312 I bt_a2dp_hw: adev_open:  adev_open in A2dp_hw module
03-29 21:49:32.389   312   312 I AudioFlinger: loadHwModule() Loaded a2dp audio interface from A2DP Audio HW HAL (audio) handle 5
03-29 21:49:32.398   312   312 I r_submix: adev_open(name=audio_hw_if)
03-29 21:49:32.399   312   312 I r_submix: adev_init_check()
03-29 21:49:32.399   312   312 I AudioFlinger: loadHwModule() Loaded r_submix audio interface from Wifi Display audio HAL (audio) handle 6
03-29 21:49:32.399   312   312 D r_submix: adev_open_input_stream(addr=0)
03-29 21:49:32.399   312   312 D r_submix: submix_audio_device_create_pipe_l(addr=0, idx=9)
03-29 21:49:32.399   312   312 D r_submix:   now using address 0 for route 9
03-29 21:49:32.400   312   312 E MonoPipe: Failed to fetch local time frequency when constructing a MonoPipe (res = -32).  getNextWriteTimestamp calls will be non-functional
03-29 21:49:32.404   307   307 D SurfaceFlinger: shader cache generated - 24 shaders in 749.898132 ms
03-29 21:49:32.408   312   484 I AudioFlinger: AudioFlinger's thread 0xb3dc0000 ready to run
03-29 21:49:32.408   312   312 D r_submix: adev_close_input_stream()
03-29 21:49:32.408   312   312 D r_submix: submix_audio_device_release_pipe_l(idx=9) addr=0
03-29 21:49:32.408   312   312 D r_submix: submix_audio_device_destroy_pipe_l(): pipe destroyed
03-29 21:49:32.411   306   306 I SELinux : avc:  received policyload notice (seqno=3)
03-29 21:49:32.412   312   312 E SoundTriggerHwService: couldn't load sound trigger module sound_trigger.primary (No such file or directory)
03-29 21:49:32.413   312   312 I RadioService: RadioService
03-29 21:49:32.413   312   312 I RadioService: onFirstRef
03-29 21:49:32.413   312   312 E RadioService: couldn't load radio module radio.primary (No such file or directory)
03-29 21:49:32.428   307   307 D qdutils : DEBUG_CALC_FPS: 0
03-29 21:49:32.428   307   307 D qdutils : period: 10
03-29 21:49:32.428   307   307 D qdutils : ignorethresh_us: 500000
03-29 21:49:32.431   307   307 E qdoverlay: Bad ov dump:  mdp_overlay z=0 fg=0 alpha=255 mask=-1 flags=0x20000 id=-1
03-29 21:49:32.431   307   307 E qdoverlay: src msmfb_img w=416 h=400 format=13 MDP_RGBA_8888
03-29 21:49:32.431   307   307 E qdoverlay: src_rect mdp_rect x=0 y=0 w=400 h=400
03-29 21:49:32.431   307   307 E qdoverlay: dst_rect mdp_rect x=0 y=0 w=400 h=400
03-29 21:49:32.489   492   492 I shd     : type=1400 audit(0.0:12): avc: denied { getattr } for path="/dev/pts/0" dev="devpts" ino=3 scontext=u:r:shd:s0 tcontext=u:object_r:devpts:s0 tclass=chr_file permissive=1
03-29 21:49:32.489   492   492 I shd     : type=1400 audit(0.0:13): avc: denied { ioctl } for path="/dev/pts/0" dev="devpts" ino=3 ioctlcmd=5401 scontext=u:r:shd:s0 tcontext=u:object_r:devpts:s0 tclass=chr_file permissive=1
03-29 21:49:32.489   492   492 I shd     : type=1400 audit(0.0:14): avc: denied { write } for path="/dev/pts/0" dev="devpts" ino=3 scontext=u:r:shd:s0 tcontext=u:object_r:devpts:s0 tclass=chr_file permissive=1
03-29 21:49:32.497   333   333 D shd     : Start sensorhub daemon, control server create ok
03-29 21:49:32.497   333   333 D shd     : Send Handshake to sensorhub
03-29 21:49:32.501   319   319 I shd     : Start server
03-29 21:49:32.503   319   319 I shd     : Start server
03-29 21:49:32.503   333   493 D shd     : OnEvent Receive Mcu Control response
03-29 21:49:32.504   333   333 D shd     : Handshake OK
03-29 21:49:32.504   333   333 D shd     : Set parameter
03-29 21:49:32.544   333   333 D shd     : Set parameter OK, start loop
03-29 21:49:32.669   192   192 I auditd  : type=1403 audit(0.0:15): policy loaded auid=4294967295 ses=4294967295
03-29 21:49:32.715   504   504 I launch_daemonsu: (service) abort: mount failed 
03-29 21:49:32.878   306   306 I SELinux : SELinux: Loaded service_contexts from /service_contexts.
03-29 21:49:33.579   192   192 I auditd  : type=1403 audit(0.0:16): policy loaded auid=4294967295 ses=4294967295
03-29 21:49:33.726   306   306 I SELinux : SELinux: Loaded service_contexts from /service_contexts.
03-29 21:49:34.692   320   320 D AndroidRuntime: >>>>>> START com.android.internal.os.ZygoteInit uid 0 <<<<<<
03-29 21:49:34.744   320   320 D AndroidRuntime: CheckJNI is OFF
03-29 21:49:34.760   320   320 I art     : option[0]=-Xzygote
03-29 21:49:34.760   320   320 I art     : option[1]=-Xstacktracefile:/data/anr/traces.txt
03-29 21:49:34.761   320   320 I art     : option[2]=exit
03-29 21:49:34.761   320   320 I art     : option[3]=vfprintf
03-29 21:49:34.761   320   320 I art     : option[4]=sensitiveThread
03-29 21:49:34.761   320   320 I art     : option[5]=-verbose:gc
03-29 21:49:34.761   320   320 I art     : option[6]=-Xms5m
03-29 21:49:34.761   320   320 I art     : option[7]=-Xmx128m
03-29 21:49:34.761   320   320 I art     : option[8]=-XX:HeapGrowthLimit=48m
03-29 21:49:34.761   320   320 I art     : option[9]=-XX:HeapMinFree=512k
03-29 21:49:34.761   320   320 I art     : option[10]=-XX:HeapMaxFree=2m
03-29 21:49:34.761   320   320 I art     : option[11]=-XX:HeapTargetUtilization=0.75
03-29 21:49:34.761   320   320 I art     : option[12]=-XX:LowMemoryMode
03-29 21:49:34.761   320   320 I art     : option[13]=-agentlib:jdwp=transport=dt_android_adb,suspend=n,server=y
03-29 21:49:34.761   320   320 I art     : option[14]=-Ximage-compiler-option
03-29 21:49:34.761   320   320 I art     : option[15]=--runtime-arg
03-29 21:49:34.761   320   320 I art     : option[16]=-Ximage-compiler-option
03-29 21:49:34.761   320   320 I art     : option[17]=-Xms64m
03-29 21:49:34.761   320   320 I art     : option[18]=-Ximage-compiler-option
03-29 21:49:34.761   320   320 I art     : option[19]=--runtime-arg
03-29 21:49:34.761   320   320 I art     : option[20]=-Ximage-compiler-option
03-29 21:49:34.761   320   320 I art     : option[21]=-Xmx64m
03-29 21:49:34.761   320   320 I art     : option[22]=-Ximage-compiler-option
03-29 21:49:34.761   320   320 I art     : option[23]=--image-classes=/system/etc/preloaded-classes
03-29 21:49:34.761   320   320 I art     : option[24]=-Xcompiler-option
03-29 21:49:34.761   320   320 I art     : option[25]=--runtime-arg
03-29 21:49:34.761   320   320 I art     : option[26]=-Xcompiler-option
03-29 21:49:34.762   320   320 I art     : option[27]=-Xms64m
03-29 21:49:34.762   320   320 I art     : option[28]=-Xcompiler-option
03-29 21:49:34.762   320   320 I art     : option[29]=--runtime-arg
03-29 21:49:34.762   320   320 I art     : option[30]=-Xcompiler-option
03-29 21:49:34.762   320   320 I art     : option[31]=-Xmx512m
03-29 21:49:34.762   320   320 I art     : option[32]=-Xcompiler-option
03-29 21:49:34.762   320   320 I art     : option[33]=-j1
03-29 21:49:34.762   320   320 I art     : option[34]=-Ximage-compiler-option
03-29 21:49:34.762   320   320 I art     : option[35]=--instruction-set-variant=cortex-a7
03-29 21:49:34.762   320   320 I art     : option[36]=-Xcompiler-option
03-29 21:49:34.762   320   320 I art     : option[37]=--instruction-set-variant=cortex-a7
03-29 21:49:34.762   320   320 I art     : option[38]=-Ximage-compiler-option
03-29 21:49:34.762   320   320 I art     : option[39]=--instruction-set-features=default
03-29 21:49:34.762   320   320 I art     : option[40]=-Xcompiler-option
03-29 21:49:34.762   320   320 I art     : option[41]=--instruction-set-features=default
03-29 21:49:34.762   320   320 I art     : option[42]=-Duser.locale=en
03-29 21:49:34.762   320   320 I art     : option[43]=--cpu-abilist=armeabi-v7a,armeabi
03-29 21:49:34.762   320   320 I art     : option[44]=-Xfingerprint:Huawei/sturgeon/sturgeon:6.0.1/M9E41V/3454171:user/release-keys
03-29 21:49:35.070   320   320 D ICU     : No timezone override file found: /data/misc/zoneinfo/current/icu/icu_tzdata.dat
03-29 21:49:35.402   320   320 I Radio-JNI: register_android_hardware_Radio DONE
03-29 21:49:35.457   320   320 I SamplingProfilerIntegration: Profiling disabled.
03-29 21:49:35.462   320   320 D Zygote  : begin preload
03-29 21:49:35.470   320   320 I Zygote  : Preloading classes...
03-29 21:49:36.038   320   320 E Minikin : addFont failed to create font /system/fonts/NanumGothic.ttf
03-29 21:49:36.039   320   320 E Minikin : addFont failed to create font /system/fonts/DroidSansFallback.ttf
03-29 21:49:36.039   320   320 E Minikin : addFont failed to create font /system/fonts/MTLmr3m.ttf
03-29 21:49:36.142   320   320 E Minikin : addFont failed to create font /system/fonts/CutiveMono.ttf
03-29 21:49:36.148   320   320 E Minikin : addFont failed to create font /system/fonts/ComingSoon.ttf
03-29 21:49:36.155   320   320 E Minikin : addFont failed to create font /system/fonts/DancingScript-Regular.ttf
03-29 21:49:36.156   320   320 E Minikin : addFont failed to create font /system/fonts/DancingScript-Bold.ttf
03-29 21:49:36.161   320   320 E Minikin : addFont failed to create font /system/fonts/CarroisGothicSC-Regular.ttf
03-29 21:49:36.329   320   320 V DngCreator_JNI: DngCreator_nativeClassInit:
03-29 21:49:36.404   320   320 E ActivityRecognitionHardware: Error hw_get_module: -2
03-29 21:49:36.458   320   320 I art     : Thread[1,tid=320,Native,Thread*=0xb4df6500,peer=0x12c35100,"main"] recursive attempt to load library "/system/lib/libmedia_jni.so"
03-29 21:49:36.460   320   320 D MtpDeviceJNI: register_android_mtp_MtpDevice
03-29 21:49:36.462   320   320 I art     : Thread[1,tid=320,Native,Thread*=0xb4df6500,peer=0x12c35100,"main"] recursive attempt to load library "/system/lib/libmedia_jni.so"
03-29 21:49:36.464   320   320 I art     : Thread[1,tid=320,Native,Thread*=0xb4df6500,peer=0x12c35100,"main"] recursive attempt to load library "/system/lib/libmedia_jni.so"
03-29 21:49:36.537   320   320 E EmojiFactory_jni: Failed to load libemoji.so: dlopen failed: library "libemoji.so" not found
03-29 21:49:36.914   320   320 I System  : Loaded time zone names for "" in 134ms (130ms in ICU)
03-29 21:49:37.008   320   320 I System  : Loaded time zone names for "en_US" in 93ms (87ms in ICU)
03-29 21:49:37.090   320   320 I System  : Loaded time zone names for "en" in 82ms (75ms in ICU)
03-29 21:49:37.096   320   320 I Zygote  : ...preloaded 2167 classes in 1626ms.
03-29 21:49:37.097   320   320 I art     : VMRuntime.preloadDexCaches starting
03-29 21:49:37.128   310   310 V NatController: runCmd(/system/bin/iptables -w -F natctrl_FORWARD) res=0
03-29 21:49:37.168   310   310 V NatController: runCmd(/system/bin/iptables -w -A natctrl_FORWARD -j DROP) res=0
03-29 21:49:37.197   310   310 V NatController: runCmd(/system/bin/iptables -w -t nat -F natctrl_nat_POSTROUTING) res=0
03-29 21:49:37.228   310   310 V NatController: runCmd(/system/bin/iptables -w -F natctrl_tether_counters) res=1
03-29 21:49:37.255   310   310 V NatController: runCmd(/system/bin/iptables -w -X natctrl_tether_counters) res=1
03-29 21:49:37.283   310   310 V NatController: runCmd(/system/bin/iptables -w -N natctrl_tether_counters) res=0
03-29 21:49:37.318   310   310 V NatController: runCmd(/system/bin/iptables -w -t mangle -A natctrl_mangle_FORWARD -p tcp --tcp-flags SYN SYN -j TCPMSS --clamp-mss-to-pmtu) res=1
03-29 21:49:37.350   320   320 I art     : VMRuntime.preloadDexCaches strings total=244359 before=38883 after=38883
03-29 21:49:37.350   320   320 I art     : VMRuntime.preloadDexCaches types total=20163 before=4566 after=4631
03-29 21:49:37.350   320   320 I art     : VMRuntime.preloadDexCaches fields total=98510 before=23588 after=24315
03-29 21:49:37.350   320   320 I art     : VMRuntime.preloadDexCaches methods total=170458 before=48110 after=49704
03-29 21:49:37.350   320   320 I art     : VMRuntime.preloadDexCaches finished
03-29 21:49:37.360   673   673 E asset   : failed to execl for idmap: No such file or directory
03-29 21:49:37.466   320   320 I Zygote  : Preloading resources...
03-29 21:49:38.308   320   602 I art     : Background sticky concurrent mark sweep GC freed 3938(160KB) AllocSpace objects, 0(0B) LOS objects, 4% free, 4MB/5MB, paused 6.610ms total 32.915ms
03-29 21:49:38.616   320   320 I Zygote  : ...preloaded 342 resources in 1149ms.
03-29 21:49:38.636   320   320 I Zygote  : ...preloaded 41 resources in 20ms.
03-29 21:49:38.642   320   320 D libEGL  : loaded /vendor/lib/egl/libEGL_adreno.so
03-29 21:49:38.644   320   320 D libEGL  : loaded /vendor/lib/egl/libGLESv1_CM_adreno.so
03-29 21:49:38.688   320   320 D libEGL  : loaded /vendor/lib/egl/libGLESv2_adreno.so
03-29 21:49:38.714   320   320 I Zygote  : Preloading shared libraries...
03-29 21:49:38.762   320   320 E WebViewFactory: error preparing native loader
03-29 21:49:38.762   320   320 E WebViewFactory: java.lang.UnsatisfiedLinkError: Library webviewchromium_loader not found; tried [/vendor/lib/libwebviewchromium_loader.so, /system/lib/libwebviewchromium_loader.so]
03-29 21:49:38.762   320   320 E WebViewFactory: 	at java.lang.Runtime.loadLibrary(Runtime.java:396)
03-29 21:49:38.762   320   320 E WebViewFactory: 	at java.lang.System.loadLibrary(System.java:1076)
03-29 21:49:38.762   320   320 E WebViewFactory: 	at android.webkit.WebViewFactory.prepareWebViewInZygote(WebViewFactory.java:245)
03-29 21:49:38.762   320   320 E WebViewFactory: 	at com.android.internal.os.ZygoteInit.preload(ZygoteInit.java:189)
03-29 21:49:38.762   320   320 E WebViewFactory: 	at com.android.internal.os.ZygoteInit.main(ZygoteInit.java:593)
03-29 21:49:38.762   320   320 D Zygote  : end preload
03-29 21:49:38.763   320   320 I art     : Waiting for a blocking GC Explicit
03-29 21:49:38.782   320   320 I art     : WaitForGcToComplete blocked for 19.400ms for cause Explicit
03-29 21:49:38.782   320   320 I art     : Starting a blocking GC Explicit
03-29 21:49:38.817   320   320 I art     : Explicit concurrent mark sweep GC freed 1368(69KB) AllocSpace objects, 0(0B) LOS objects, 24% free, 6MB/8MB, paused 395us total 34.596ms
03-29 21:49:38.818   320   320 I art     : Starting a blocking GC Explicit
03-29 21:49:38.842   320   320 I art     : Explicit concurrent mark sweep GC freed 603(30KB) AllocSpace objects, 0(0B) LOS objects, 24% free, 6MB/8MB, paused 378us total 22.745ms
03-29 21:49:38.843   320   602 I art     : Starting a blocking GC HeapTrim
03-29 21:49:38.857   320   320 I art     : Starting a blocking GC Background
03-29 21:49:38.966   320   320 I Zygote  : System server process 720 has been created
03-29 21:49:38.975   320   320 I Zygote  : Accepting command socket connections
03-29 21:49:38.994   720   720 I InstallerConnection: connecting...
03-29 21:49:38.999   313   313 I installd: new connection
03-29 21:49:39.047   720   720 I InstallerConnection: disconnecting...
03-29 21:49:39.048   313   313 E installd: eof
03-29 21:49:39.048   313   313 E installd: failed to read size
03-29 21:49:39.048   313   313 I installd: closing connection
03-29 21:49:39.151   720   720 I SystemServer: Entered the Android system server!
03-29 21:49:39.313   720   720 I SystemServiceManager: Starting com.android.server.pm.Installer
03-29 21:49:39.323   720   720 I Installer: Waiting for installd to be ready.
03-29 21:49:39.323   720   720 I InstallerConnection: connecting...
03-29 21:49:39.324   313   313 I installd: new connection
03-29 21:49:39.325   720   720 I SystemServiceManager: Starting com.android.server.am.ActivityManagerService$Lifecycle
03-29 21:49:39.403   720   720 I ActivityManager: Memory class: 48
03-29 21:49:39.446   310   310 D MDnsDS  : MDnsSdListener::Hander starting up
03-29 21:49:39.446   310   753 D MDnsDS  : MDnsSdListener starting to monitor
03-29 21:49:39.446   310   753 D MDnsDS  : Going to poll with pollCount 1
03-29 21:49:39.454   720   720 D BatteryStatsImpl: Reading daily items from /data/system/batterystats-daily.xml
03-29 21:49:39.645   720   720 I IntentFirewall: Read new rules (A:0 B:0 S:0)
03-29 21:49:39.677   306   306 I SELinux : avc:  received policyload notice (seqno=4)
03-29 21:49:39.677   306   306 I SELinux : avc:  received policyload notice (seqno=5)
03-29 21:49:39.679   720   720 D AppOps  : AppOpsService published
03-29 21:49:39.679   720   720 I SystemServiceManager: Starting com.android.server.power.PowerManagerService
03-29 21:49:39.703   720   720 I PowerHAL: power_init
03-29 21:49:39.704   720   720 W libsuspend: Error writing 'on' to /sys/power/state: Invalid argument
03-29 21:49:39.704   720   720 I libsuspend: Selected wakeup count
03-29 21:49:39.704   720   720 I PowerHAL: power_set_interactive ON
03-29 21:49:39.714   720   720 I SystemServiceManager: Starting com.android.server.lights.LightsService
03-29 21:49:39.721   720   720 I SystemServiceManager: Starting com.android.server.display.DisplayManagerService
03-29 21:49:39.737   720   720 I SystemServiceManager: Starting phase 100
03-29 21:49:39.750   720   759 I DisplayManagerService: Display device added: DisplayDeviceInfo{"Built-in Screen": uniqueId="local:0", 400 x 400, modeId 1, defaultModeId 1, supportedModes [{id=1, width=400, height=400, fps=60.0}], colorTransformId 1, defaultColorTransformId 1, supportedColorTransforms [{id=1, colorTransform=0}], density 280, 282.222 x 282.222 dpi, appVsyncOff 0, presDeadline 17666667, touch INTERNAL, rotation 0, type BUILT_IN, state UNKNOWN, FLAG_DEFAULT_DISPLAY, FLAG_ROTATES_WITH_CONTENT, FLAG_SECURE, FLAG_SUPPORTS_PROTECTED_BUFFERS, FLAG_ROUND}
03-29 21:49:39.751   307   307 D SurfaceFlinger: Set power mode=2, type=0 flinger=0xb6aa4000
03-29 21:49:39.752   307   307 D SurfaceFlinger: Screen type=0 is already mode=2
03-29 21:49:39.756   720   720 I SystemServer: Package Manager
03-29 21:49:39.756   720   759 I DisplayManagerService: Display device changed state: "Built-in Screen", ON
03-29 21:49:39.941   720   720 D SELinuxMMAC: Using policy file /data/security/current/mac_permissions.xml
03-29 21:49:40.061   720   720 D PackageSettings: Read domain verification for package:com.google.android.gms
03-29 21:49:40.236   720   720 E art     : DexFile_getDexOptNeeded file '/system/framework/org.apache.http.legacy.jar' does not exist
03-29 21:49:40.237   720   720 W PackageManager: Library not found: /system/framework/org.apache.http.legacy.jar
03-29 21:49:40.332   720   720 D PackageManager: No files in app dir /vendor/overlay
03-29 21:49:40.340   720   720 W PackageManager: Failed to parse /system/framework/arm: Missing base APK in /system/framework/arm
03-29 21:49:40.423   720   720 W PackageManager: Failed to parse /system/framework/oat: Missing base APK in /system/framework/oat
03-29 21:49:40.649   720   720 W PackageParser: Ignoring duplicate uses-permissions/uses-permissions-sdk-m: android.permission.ACCESS_WIFI_STATE in package: com.google.android.wearable.app at: Binary XML file line #100
03-29 21:49:40.649   720   720 W PackageParser: Ignoring duplicate uses-permissions/uses-permissions-sdk-m: android.permission.CHANGE_WIFI_STATE in package: com.google.android.wearable.app at: Binary XML file line #101
03-29 21:49:40.749   720   720 W PackageParser: Ignoring duplicate uses-permissions/uses-permissions-sdk-m: android.permission.CALL_PHONE in package: com.google.android.apps.wearable.phone at: Binary XML file line #27
03-29 21:49:40.836   720   720 I PackageManager: Replacing default ResolverActivity with custom activity: ComponentInfo{com.google.android.apps.wearable.settings/com.google.android.apps.wearable.resolver.ResolverActivity}
03-29 21:49:41.079   720   720 W PackageManager: Permission android.permission.DOWNLOAD_WITHOUT_NOTIFICATION from package com.android.providers.downloads in an unknown group android.permission-group.NETWORK
03-29 21:49:41.202   720   720 W PackageManager: Permission com.google.android.googleapps.permission.GOOGLE_AUTH from package com.google.android.gsf in an unknown group android.permission-group.ACCOUNTS
03-29 21:49:41.202   720   720 W PackageManager: Permission com.google.android.googleapps.permission.GOOGLE_AUTH.ALL_SERVICES from package com.google.android.gsf in an unknown group android.permission-group.ACCOUNTS
03-29 21:49:41.202   720   720 W PackageManager: Permission com.google.android.googleapps.permission.GOOGLE_AUTH.OTHER_SERVICES from package com.google.android.gsf in an unknown group android.permission-group.ACCOUNTS
03-29 21:49:41.202   720   720 W PackageManager: Permission com.google.android.googleapps.permission.GOOGLE_AUTH.mail from package com.google.android.gsf in an unknown group android.permission-group.ACCOUNTS
03-29 21:49:41.202   720   720 W PackageManager: Permission com.google.android.googleapps.permission.GOOGLE_AUTH.cl from package com.google.android.gsf in an unknown group android.permission-group.ACCOUNTS
03-29 21:49:41.202   720   720 W PackageManager: Permission com.google.android.googleapps.permission.GOOGLE_AUTH.android from package com.google.android.gsf in an unknown group android.permission-group.ACCOUNTS
03-29 21:49:41.202   720   720 W PackageManager: Permission com.google.android.googleapps.permission.GOOGLE_AUTH.androidsecure from package com.google.android.gsf in an unknown group android.permission-group.ACCOUNTS
03-29 21:49:41.202   720   720 W PackageManager: Permission com.google.android.googleapps.permission.GOOGLE_AUTH.sierra from package com.google.android.gsf in an unknown group android.permission-group.ACCOUNTS
03-29 21:49:41.202   720   720 W PackageManager: Permission com.google.android.googleapps.permission.GOOGLE_AUTH.sierraqa from package com.google.android.gsf in an unknown group android.permission-group.ACCOUNTS
03-29 21:49:41.202   720   720 W PackageManager: Permission com.google.android.googleapps.permission.GOOGLE_AUTH.sierrasandbox from package com.google.android.gsf in an unknown group android.permission-group.ACCOUNTS
03-29 21:49:41.202   720   720 W PackageManager: Permission com.google.android.googleapps.permission.GOOGLE_AUTH.youtube from package com.google.android.gsf in an unknown group android.permission-group.ACCOUNTS
03-29 21:49:41.203   720   720 W PackageManager: Permission com.google.android.googleapps.permission.GOOGLE_AUTH.YouTubeUser from package com.google.android.gsf in an unknown group android.permission-group.ACCOUNTS
03-29 21:49:41.203   720   720 W PackageManager: Permission com.google.android.googleapps.permission.GOOGLE_AUTH.talk from package com.google.android.gsf in an unknown group android.permission-group.ACCOUNTS
03-29 21:49:41.203   720   720 W PackageManager: Permission com.google.android.googleapps.permission.GOOGLE_AUTH.ig from package com.google.android.gsf in an unknown group android.permission-group.ACCOUNTS
03-29 21:49:41.203   720   720 W PackageManager: Permission com.google.android.googleapps.permission.GOOGLE_AUTH.lh2 from package com.google.android.gsf in an unknown group android.permission-group.ACCOUNTS
03-29 21:49:41.203   720   720 W PackageManager: Permission com.google.android.googleapps.permission.GOOGLE_AUTH.mobile from package com.google.android.gsf in an unknown group android.permission-group.ACCOUNTS
03-29 21:49:41.203   720   720 W PackageManager: Permission com.google.android.googleapps.permission.GOOGLE_AUTH.cp from package com.google.android.gsf in an unknown group android.permission-group.ACCOUNTS
03-29 21:49:41.203   720   720 W PackageManager: Permission com.google.android.googleapps.permission.GOOGLE_AUTH.adsense from package com.google.android.gsf in an unknown group android.permission-group.ACCOUNTS
03-29 21:49:41.203   720   720 W PackageManager: Permission com.google.android.googleapps.permission.GOOGLE_AUTH.adwords from package com.google.android.gsf in an unknown group android.permission-group.ACCOUNTS
03-29 21:49:41.203   720   720 W PackageManager: Permission com.google.android.googleapps.permission.GOOGLE_AUTH.blogger from package com.google.android.gsf in an unknown group android.permission-group.ACCOUNTS
03-29 21:49:41.203   720   720 W PackageManager: Permission com.google.android.googleapps.permission.GOOGLE_AUTH.dodgeball from package com.google.android.gsf in an unknown group android.permission-group.ACCOUNTS
03-29 21:49:41.203   720   720 W PackageManager: Permission com.google.android.googleapps.permission.GOOGLE_AUTH.gbase from package com.google.android.gsf in an unknown group android.permission-group.ACCOUNTS
03-29 21:49:41.203   720   720 W PackageManager: Permission com.google.android.googleapps.permission.GOOGLE_AUTH.groups2 from package com.google.android.gsf in an unknown group android.permission-group.ACCOUNTS
03-29 21:49:41.203   720   720 W PackageManager: Permission com.google.android.googleapps.permission.GOOGLE_AUTH.health from package com.google.android.gsf in an unknown group android.permission-group.ACCOUNTS
03-29 21:49:41.203   720   720 W PackageManager: Permission com.google.android.googleapps.permission.GOOGLE_AUTH.jotspot from package com.google.android.gsf in an unknown group android.permission-group.ACCOUNTS
03-29 21:49:41.203   720   720 W PackageManager: Permission com.google.android.googleapps.permission.GOOGLE_AUTH.knol from package com.google.android.gsf in an unknown group android.permission-group.ACCOUNTS
03-29 21:49:41.204   720   720 W PackageManager: Permission com.google.android.googleapps.permission.GOOGLE_AUTH.news from package com.google.android.gsf in an unknown group android.permission-group.ACCOUNTS
03-29 21:49:41.204   720   720 W PackageManager: Permission com.google.android.googleapps.permission.GOOGLE_AUTH.orkut from package com.google.android.gsf in an unknown group android.permission-group.ACCOUNTS
03-29 21:49:41.204   720   720 W PackageManager: Permission com.google.android.googleapps.permission.GOOGLE_AUTH.print from package com.google.android.gsf in an unknown group android.permission-group.ACCOUNTS
03-29 21:49:41.204   720   720 W PackageManager: Permission com.google.android.googleapps.permission.GOOGLE_AUTH.sitemaps from package com.google.android.gsf in an unknown group android.permission-group.ACCOUNTS
03-29 21:49:41.204   720   720 W PackageManager: Permission com.google.android.googleapps.permission.GOOGLE_AUTH.wifi from package com.google.android.gsf in an unknown group android.permission-group.ACCOUNTS
03-29 21:49:41.204   720   720 W PackageManager: Permission com.google.android.googleapps.permission.GOOGLE_AUTH.finance from package com.google.android.gsf in an unknown group android.permission-group.ACCOUNTS
03-29 21:49:41.204   720   720 W PackageManager: Permission com.google.android.googleapps.permission.GOOGLE_AUTH.local from package com.google.android.gsf in an unknown group android.permission-group.ACCOUNTS
03-29 21:49:41.204   720   720 W PackageManager: Permission com.google.android.googleapps.permission.GOOGLE_AUTH.ah from package com.google.android.gsf in an unknown group android.permission-group.ACCOUNTS
03-29 21:49:41.204   720   720 W PackageManager: Permission com.google.android.googleapps.permission.GOOGLE_AUTH.notebook from package com.google.android.gsf in an unknown group android.permission-group.ACCOUNTS
03-29 21:49:41.204   720   720 W PackageManager: Permission com.google.android.googleapps.permission.GOOGLE_AUTH.writely from package com.google.android.gsf in an unknown group android.permission-group.ACCOUNTS
03-29 21:49:41.204   720   720 W PackageManager: Permission com.google.android.googleapps.permission.GOOGLE_AUTH.wise from package com.google.android.gsf in an unknown group android.permission-group.ACCOUNTS
03-29 21:49:41.204   720   720 W PackageManager: Permission com.google.android.googleapps.permission.GOOGLE_AUTH.grandcentral from package com.google.android.gsf in an unknown group android.permission-group.ACCOUNTS
03-29 21:49:41.204   720   720 W PackageManager: Permission com.google.android.googleapps.permission.GOOGLE_AUTH.speechpersonalization from package com.google.android.gsf in an unknown group android.permission-group.ACCOUNTS
03-29 21:49:41.204   720   720 W PackageManager: Permission com.google.android.googleapps.permission.GOOGLE_AUTH.speech from package com.google.android.gsf in an unknown group android.permission-group.ACCOUNTS
03-29 21:49:41.204   720   720 W PackageManager: Permission com.google.android.providers.talk.permission.READ_ONLY from package com.google.android.gsf in an unknown group android.permission-group.MESSAGES
03-29 21:49:41.204   720   720 W PackageManager: Permission com.google.android.providers.talk.permission.WRITE_ONLY from package com.google.android.gsf in an unknown group android.permission-group.MESSAGES
03-29 21:49:41.205   720   720 W PackageManager: Permission com.google.android.gtalkservice.permission.GTALK_SERVICE from package com.google.android.gsf in an unknown group android.permission-group.MESSAGES
03-29 21:49:41.205   720   720 W PackageManager: Permission com.google.android.gtalkservice.permission.SEND_HEARTBEAT from package com.google.android.gsf in an unknown group android.permission-group.NETWORK
03-29 21:49:41.205   720   720 W PackageManager: Permission com.google.android.permission.BROADCAST_DATA_MESSAGE from package com.google.android.gsf in an unknown group android.permission-group.NETWORK
03-29 21:49:41.205   720   720 W PackageManager: Permission com.google.android.c2dm.permission.SEND from package com.google.android.gsf in an unknown group android.permission-group.NETWORK
03-29 21:49:41.205   720   720 W PackageManager: Permission com.google.android.c2dm.permission.RECEIVE from package com.google.android.gsf in an unknown group android.permission-group.NETWORK
03-29 21:49:41.205   720   720 W PackageManager: Permission com.google.android.xmpp.permission.BROADCAST from package com.google.android.gsf in an unknown group android.permission-group.NETWORK
03-29 21:49:41.205   720   720 W PackageManager: Permission com.google.android.xmpp.permission.SEND_RECEIVE from package com.google.android.gsf in an unknown group android.permission-group.NETWORK
03-29 21:49:41.205   720   720 W PackageManager: Permission com.google.android.xmpp.permission.XMPP_ENDPOINT_BROADCAST from package com.google.android.gsf in an unknown group android.permission-group.NETWORK
03-29 21:49:41.205   720   720 W PackageManager: Permission com.google.android.xmpp.permission.USE_XMPP_ENDPOINT from package com.google.android.gsf in an unknown group android.permission-group.NETWORK
03-29 21:49:41.205   720   720 W PackageManager: Permission com.google.android.providers.gsf.permission.READ_GSERVICES from package com.google.android.gsf in an unknown group android.permission-group.ACCOUNTS
03-29 21:49:41.342   720   720 W ResourceType: Failure getting entry for 0x7f0d006c (t=12 e=108) (error -75)
03-29 21:49:41.342   720   720 W ResourceType: Failure getting entry for 0x7f020014 (t=1 e=20) (error -75)
03-29 21:49:41.343   720   720 W ResourceType: Failure getting entry for 0x7f020014 (t=1 e=20) (error -75)
03-29 21:49:41.344   720   720 W ResourceType: Failure getting entry for 0x7f0d0060 (t=12 e=96) (error -75)
03-29 21:49:41.344   720   720 W ResourceType: Failure getting entry for 0x7f020036 (t=1 e=54) (error -75)
03-29 21:49:41.345   720   720 W ResourceType: Failure getting entry for 0x7f020036 (t=1 e=54) (error -75)
03-29 21:49:41.345   720   720 W ResourceType: Failure getting entry for 0x7f0d0067 (t=12 e=103) (error -75)
03-29 21:49:41.345   720   720 W ResourceType: Failure getting entry for 0x7f020050 (t=1 e=80) (error -75)
03-29 21:49:41.346   720   720 W ResourceType: Failure getting entry for 0x7f020050 (t=1 e=80) (error -75)
03-29 21:49:41.346   720   720 W ResourceType: Failure getting entry for 0x7f0d0059 (t=12 e=89) (error -75)
03-29 21:49:41.346   720   720 W ResourceType: Failure getting entry for 0x7f02006e (t=1 e=110) (error -75)
03-29 21:49:41.346   720   720 W ResourceType: Failure getting entry for 0x7f02006e (t=1 e=110) (error -75)
03-29 21:49:41.347   720   720 W ResourceType: Failure getting entry for 0x7f0d005c (t=12 e=92) (error -75)
03-29 21:49:41.347   720   720 W ResourceType: Failure getting entry for 0x7f02034b (t=1 e=843) (error -75)
03-29 21:49:41.347   720   720 W ResourceType: Failure getting entry for 0x7f02034b (t=1 e=843) (error -75)
03-29 21:49:41.348   720   720 W ResourceType: Failure getting entry for 0x7f0d0064 (t=12 e=100) (error -75)
03-29 21:49:41.348   720   720 W ResourceType: Failure getting entry for 0x7f020089 (t=1 e=137) (error -75)
03-29 21:49:41.349   720   720 W ResourceType: Failure getting entry for 0x7f020089 (t=1 e=137) (error -75)
03-29 21:49:41.349   720   720 W ResourceType: Failure getting entry for 0x7f0d0072 (t=12 e=114) (error -75)
03-29 21:49:41.349   720   720 W ResourceType: Failure getting entry for 0x7f02009f (t=1 e=159) (error -75)
03-29 21:49:41.349   720   720 W ResourceType: Failure getting entry for 0x7f02009f (t=1 e=159) (error -75)
03-29 21:49:41.349   720   720 W ResourceType: Failure getting entry for 0x7f0d0063 (t=12 e=99) (error -75)
03-29 21:49:41.350   720   720 W ResourceType: Failure getting entry for 0x7f0200ce (t=1 e=206) (error -75)
03-29 21:49:41.350   720   720 W ResourceType: Failure getting entry for 0x7f0200ce (t=1 e=206) (error -75)
03-29 21:49:41.350   720   720 W ResourceType: Failure getting entry for 0x7f0d006d (t=12 e=109) (error -75)
03-29 21:49:41.350   720   720 W ResourceType: Failure getting entry for 0x7f0200e8 (t=1 e=232) (error -75)
03-29 21:49:41.350   720   720 W ResourceType: Failure getting entry for 0x7f0200e8 (t=1 e=232) (error -75)
03-29 21:49:41.351   720   720 W ResourceType: Failure getting entry for 0x7f0d0070 (t=12 e=112) (error -75)
03-29 21:49:41.351   720   720 W ResourceType: Failure getting entry for 0x7f020396 (t=1 e=918) (error -75)
03-29 21:49:41.351   720   720 W ResourceType: Failure getting entry for 0x7f020396 (t=1 e=918) (error -75)
03-29 21:49:41.351   720   720 W ResourceType: Failure getting entry for 0x7f0d006b (t=12 e=107) (error -75)
03-29 21:49:41.351   720   720 W ResourceType: Failure getting entry for 0x7f020362 (t=1 e=866) (error -75)
03-29 21:49:41.352   720   720 W ResourceType: Failure getting entry for 0x7f020362 (t=1 e=866) (error -75)
03-29 21:49:41.352   720   720 W ResourceType: Failure getting entry for 0x7f0d006e (t=12 e=110) (error -75)
03-29 21:49:41.352   720   720 W ResourceType: Failure getting entry for 0x7f02037a (t=1 e=890) (error -75)
03-29 21:49:41.352   720   720 W ResourceType: Failure getting entry for 0x7f02037a (t=1 e=890) (error -75)
03-29 21:49:41.353   720   720 W ResourceType: Failure getting entry for 0x7f0d0056 (t=12 e=86) (error -75)
03-29 21:49:41.353   720   720 W ResourceType: Failure getting entry for 0x7f020119 (t=1 e=281) (error -75)
03-29 21:49:41.353   720   720 W ResourceType: Failure getting entry for 0x7f020119 (t=1 e=281) (error -75)
03-29 21:49:41.353   720   720 W ResourceType: Failure getting entry for 0x7f0d0069 (t=12 e=105) (error -75)
03-29 21:49:41.353   720   720 W ResourceType: Failure getting entry for 0x7f020229 (t=1 e=553) (error -75)
03-29 21:49:41.353   720   720 W ResourceType: Failure getting entry for 0x7f020229 (t=1 e=553) (error -75)
03-29 21:49:41.354   720   720 W ResourceType: Failure getting entry for 0x7f0d0068 (t=12 e=104) (error -75)
03-29 21:49:41.354   720   720 W ResourceType: Failure getting entry for 0x7f02021a (t=1 e=538) (error -75)
03-29 21:49:41.354   720   720 W ResourceType: Failure getting entry for 0x7f02021a (t=1 e=538) (error -75)
03-29 21:49:41.354   720   720 W ResourceType: Failure getting entry for 0x7f0d007c (t=12 e=124) (error -75)
03-29 21:49:41.354   720   720 W ResourceType: Failure getting entry for 0x7f02030b (t=1 e=779) (error -75)
03-29 21:49:41.354   720   720 W ResourceType: Failure getting entry for 0x7f02030b (t=1 e=779) (error -75)
03-29 21:49:41.355   720   720 W ResourceType: Failure getting entry for 0x7f0d0074 (t=12 e=116) (error -75)
03-29 21:49:41.355   720   720 W ResourceType: Failure getting entry for 0x7f0202b0 (t=1 e=688) (error -75)
03-29 21:49:41.355   720   720 W ResourceType: Failure getting entry for 0x7f0202b0 (t=1 e=688) (error -75)
03-29 21:49:41.355   720   720 W ResourceType: Failure getting entry for 0x7f0d005a (t=12 e=90) (error -75)
03-29 21:49:41.355   720   720 W ResourceType: Failure getting entry for 0x7f020343 (t=1 e=835) (error -75)
03-29 21:49:41.355   720   720 W ResourceType: Failure getting entry for 0x7f020343 (t=1 e=835) (error -75)
03-29 21:49:41.355   720   720 W ResourceType: Failure getting entry for 0x7f0d006a (t=12 e=106) (error -75)
03-29 21:49:41.356   720   720 W ResourceType: Failure getting entry for 0x7f020236 (t=1 e=566) (error -75)
03-29 21:49:41.356   720   720 W ResourceType: Failure getting entry for 0x7f020236 (t=1 e=566) (error -75)
03-29 21:49:41.356   720   720 W ResourceType: Failure getting entry for 0x7f0d0079 (t=12 e=121) (error -75)
03-29 21:49:41.356   720   720 W ResourceType: Failure getting entry for 0x7f0202e7 (t=1 e=743) (error -75)
03-29 21:49:41.356   720   720 W ResourceType: Failure getting entry for 0x7f0202e7 (t=1 e=743) (error -75)
03-29 21:49:41.356   720   720 W ResourceType: Failure getting entry for 0x7f0d007b (t=12 e=123) (error -75)
03-29 21:49:41.357   720   720 W ResourceType: Failure getting entry for 0x7f020300 (t=1 e=768) (error -75)
03-29 21:49:41.357   720   720 W ResourceType: Failure getting entry for 0x7f020300 (t=1 e=768) (error -75)
03-29 21:49:41.357   720   720 W ResourceType: Failure getting entry for 0x7f0d0073 (t=12 e=115) (error -75)
03-29 21:49:41.357   720   720 W ResourceType: Failure getting entry for 0x7f020282 (t=1 e=642) (error -75)
03-29 21:49:41.357   720   720 W ResourceType: Failure getting entry for 0x7f020282 (t=1 e=642) (error -75)
03-29 21:49:41.357   720   720 W ResourceType: Failure getting entry for 0x7f0d0071 (t=12 e=113) (error -75)
03-29 21:49:41.357   720   720 W ResourceType: Failure getting entry for 0x7f020380 (t=1 e=896) (error -75)
03-29 21:49:41.357   720   720 W ResourceType: Failure getting entry for 0x7f020380 (t=1 e=896) (error -75)
03-29 21:49:41.358   720   720 W ResourceType: Failure getting entry for 0x7f0d0062 (t=12 e=98) (error -75)
03-29 21:49:41.358   720   720 W ResourceType: Failure getting entry for 0x7f02034a (t=1 e=842) (error -75)
03-29 21:49:41.358   720   720 W ResourceType: Failure getting entry for 0x7f02034a (t=1 e=842) (error -75)
03-29 21:49:41.358   720   720 W ResourceType: Failure getting entry for 0x7f0d005f (t=12 e=95) (error -75)
03-29 21:49:41.359   720   720 W ResourceType: Failure getting entry for 0x7f020348 (t=1 e=840) (error -75)
03-29 21:49:41.359   720   720 W ResourceType: Failure getting entry for 0x7f020348 (t=1 e=840) (error -75)
03-29 21:49:41.359   720   720 W ResourceType: Failure getting entry for 0x7f0d0055 (t=12 e=85) (error -75)
03-29 21:49:41.360   720   720 W ResourceType: Failure getting entry for 0x7f020000 (t=1 e=0) (error -75)
03-29 21:49:41.360   720   720 W ResourceType: Failure getting entry for 0x7f020000 (t=1 e=0) (error -75)
03-29 21:49:41.360   720   720 W ResourceType: Failure getting entry for 0x7f0d007a (t=12 e=122) (error -75)
03-29 21:49:41.360   720   720 W ResourceType: Failure getting entry for 0x7f0203ad (t=1 e=941) (error -75)
03-29 21:49:41.361   720   720 W ResourceType: Failure getting entry for 0x7f0203ad (t=1 e=941) (error -75)
03-29 21:49:41.361   720   720 W ResourceType: Failure getting entry for 0x7f0d0066 (t=12 e=102) (error -75)
03-29 21:49:41.361   720   720 W ResourceType: Failure getting entry for 0x7f020356 (t=1 e=854) (error -75)
03-29 21:49:41.361   720   720 W ResourceType: Failure getting entry for 0x7f020356 (t=1 e=854) (error -75)
03-29 21:49:41.361   720   720 W ResourceType: Failure getting entry for 0x7f0d0065 (t=12 e=101) (error -75)
03-29 21:49:41.361   720   720 W ResourceType: Failure getting entry for 0x7f02034e (t=1 e=846) (error -75)
03-29 21:49:41.361   720   720 W ResourceType: Failure getting entry for 0x7f02034e (t=1 e=846) (error -75)
03-29 21:49:41.362   720   720 W ResourceType: Failure getting entry for 0x7f0d005d (t=12 e=93) (error -75)
03-29 21:49:41.362   720   720 W ResourceType: Failure getting entry for 0x7f020365 (t=1 e=869) (error -75)
03-29 21:49:41.362   720   720 W ResourceType: Failure getting entry for 0x7f020365 (t=1 e=869) (error -75)
03-29 21:49:41.362   720   720 W ResourceType: Failure getting entry for 0x7f0d006f (t=12 e=111) (error -75)
03-29 21:49:41.362   720   720 W ResourceType: Failure getting entry for 0x7f02037b (t=1 e=891) (error -75)
03-29 21:49:41.362   720   720 W ResourceType: Failure getting entry for 0x7f02037b (t=1 e=891) (error -75)
03-29 21:49:41.362   720   720 W ResourceType: Failure getting entry for 0x7f0d007d (t=12 e=125) (error -75)
03-29 21:49:41.363   720   720 W ResourceType: Failure getting entry for 0x7f0203c4 (t=1 e=964) (error -75)
03-29 21:49:41.363   720   720 W ResourceType: Failure getting entry for 0x7f0203c4 (t=1 e=964) (error -75)
03-29 21:49:41.363   720   720 W ResourceType: Failure getting entry for 0x7f0d007e (t=12 e=126) (error -75)
03-29 21:49:41.363   720   720 W ResourceType: Failure getting entry for 0x7f0203da (t=1 e=986) (error -75)
03-29 21:49:41.363   720   720 W ResourceType: Failure getting entry for 0x7f0203da (t=1 e=986) (error -75)
03-29 21:49:41.363   720   720 W ResourceType: Failure getting entry for 0x7f0d0078 (t=12 e=120) (error -75)
03-29 21:49:41.363   720   720 W ResourceType: Failure getting entry for 0x7f02039b (t=1 e=923) (error -75)
03-29 21:49:41.363   720   720 W ResourceType: Failure getting entry for 0x7f02039b (t=1 e=923) (error -75)
03-29 21:49:41.364   720   720 W ResourceType: Failure getting entry for 0x7f0d005e (t=12 e=94) (error -75)
03-29 21:49:41.364   720   720 W ResourceType: Failure getting entry for 0x7f020349 (t=1 e=841) (error -75)
03-29 21:49:41.364   720   720 W ResourceType: Failure getting entry for 0x7f020349 (t=1 e=841) (error -75)
03-29 21:49:41.364   720   720 W ResourceType: Failure getting entry for 0x7f0d0057 (t=12 e=87) (error -75)
03-29 21:49:41.364   720   720 W ResourceType: Failure getting entry for 0x7f020127 (t=1 e=295) (error -75)
03-29 21:49:41.364   720   720 W ResourceType: Failure getting entry for 0x7f020127 (t=1 e=295) (error -75)
03-29 21:49:41.364   720   720 W ResourceType: Failure getting entry for 0x7f0d0058 (t=12 e=88) (error -75)
03-29 21:49:41.364   720   720 W ResourceType: Failure getting entry for 0x7f020138 (t=1 e=312) (error -75)
03-29 21:49:41.365   720   720 W ResourceType: Failure getting entry for 0x7f020138 (t=1 e=312) (error -75)
03-29 21:49:41.365   720   720 W ResourceType: Failure getting entry for 0x7f0d0077 (t=12 e=119) (error -75)
03-29 21:49:41.365   720   720 W ResourceType: Failure getting entry for 0x7f0202da (t=1 e=730) (error -75)
03-29 21:49:41.365   720   720 W ResourceType: Failure getting entry for 0x7f0202da (t=1 e=730) (error -75)
03-29 21:49:41.365   720   720 W ResourceType: Failure getting entry for 0x7f0d0076 (t=12 e=118) (error -75)
03-29 21:49:41.365   720   720 W ResourceType: Failure getting entry for 0x7f0202c9 (t=1 e=713) (error -75)
03-29 21:49:41.365   720   720 W ResourceType: Failure getting entry for 0x7f0202c9 (t=1 e=713) (error -75)
03-29 21:49:41.502   720   720 W ResourceType: Failure getting entry for 0x7f02000b (t=1 e=11) (error -75)
03-29 21:49:41.725   720   720 W PackageManager: Failed to parse /system/priv-app/PrebuiltGmsCoreForClockworkWearable: Package com.google.android.gms at /system/priv-app/PrebuiltGmsCoreForClockworkWearable ignored: updated version 200914061 better than this 9452534
03-29 21:49:41.824   720   720 W PackageParser: Ignoring duplicate uses-permissions/uses-permissions-sdk-m: android.permission.INSTALL_GRANT_RUNTIME_PERMISSIONS in package: com.android.shell at: Binary XML file line #101
03-29 21:49:41.926   720   720 W PackageParser: Ignoring duplicate uses-permissions/uses-permissions-sdk-m: android.permission.READ_CONTACTS in package: com.android.bluetooth at: Binary XML file line #58
03-29 21:49:41.930   720   720 W PackageParser: No actions in intent filter at /system/app/Bluetooth/Bluetooth.apk Binary XML file line #216
03-29 21:49:42.110   720   720 W PackageParser: Ignoring duplicate uses-permissions/uses-permissions-sdk-m: android.permission.WRITE_SYNC_SETTINGS in package: com.google.android.apps.fitness at: Binary XML file line #97
03-29 21:49:42.338   720   720 W PackageManager: Failed to parse /system/app/SuperSU: No packages found in split
03-29 21:49:42.339   720   720 D PackageManager: No files in app dir /system/vendor/app
03-29 21:49:42.339   720   720 D PackageManager: No files in app dir /oem/app
03-29 21:49:42.381   720   720 I SELinux : SELinux: Loaded file_contexts contexts from /file_contexts.
03-29 21:49:42.624   720   720 W PackageManager: Package com.google.android.gms desires unavailable shared library com.google.android.ble; ignoring!
03-29 21:49:42.750   720   720 W PackageManager: Permission com.google.android.gms.permission.ACTIVITY_RECOGNITION from package com.google.android.gms in an unknown group android.permission-group.PERSONAL_INFO
03-29 21:49:42.854   720   720 D PackageManager: No files in app dir /data/app-private
03-29 21:49:42.855   720   720 W PackageManager: Package com.google.android.gms desires unavailable shared library com.google.android.ble; ignoring!
03-29 21:49:42.855   720   720 I PackageManager: Adjusting ABI for : com.google.android.gsf to armeabi-v7a
03-29 21:49:42.858   720   720 I PackageManager: Adjusting ABI for : com.android.inputdevices to armeabi-v7a
03-29 21:49:42.859   720   720 I PackageManager: Adjusting ABI for : com.android.location.fused to armeabi-v7a
03-29 21:49:42.859   720   720 I PackageManager: Adjusting ABI for : com.android.server.telecom to armeabi-v7a
03-29 21:49:42.860   720   720 I PackageManager: Adjusting ABI for : com.android.providers.settings to armeabi-v7a
03-29 21:49:42.860   720   720 I PackageManager: Adjusting ABI for : com.google.android.apps.wearable.settings to armeabi-v7a
03-29 21:49:42.861   720   720 I PackageManager: Adjusting ABI for : com.android.keychain to armeabi-v7a
03-29 21:49:42.865   720   720 I PackageManager: Time to scan packages: 2.661 seconds
03-29 21:49:42.868   720   720 W PackageManager: Not granting permission com.google.android.googleapps.permission.GOOGLE_AUTH to package com.android.providers.calendar (protectionLevel=2 flags=0x30083e45)
03-29 21:49:42.868   720   720 W PackageManager: Not granting permission com.google.android.googleapps.permission.GOOGLE_AUTH.cl to package com.android.providers.calendar (protectionLevel=2 flags=0x30083e45)
03-29 21:49:42.869   720   720 W PackageManager: Unknown permission com.google.android.permission.PROVIDE_BACKGROUND in package com.huawei.watchface3d
03-29 21:49:42.870   720   720 W PackageManager: Unknown permission com.google.android.permission.PROVIDE_BACKGROUND in package com.huawei.mercury.watchface
03-29 21:49:42.870   720   720 W PackageManager: Not granting permission android.permission.MEDIA_CONTENT_CONTROL to package com.google.android.apps.fitness (protectionLevel=18 flags=0x3808be45)
03-29 21:49:42.870   720   720 W PackageManager: Unknown permission com.google.android.permission.PROVIDE_BACKGROUND in package com.google.android.apps.fitness
03-29 21:49:42.870   720   720 I PackageManager: Un-granting permission android.permission.CLEAR_APP_USER_DATA from package com.google.android.packageinstaller (protectionLevel=258 flags=0x38483e45)
03-29 21:49:42.871   720   720 I PackageManager: Un-granting permission android.permission.GRANT_RUNTIME_PERMISSIONS from package com.google.android.packageinstaller (protectionLevel=770 flags=0x38483e45)
03-29 21:49:42.871   720   720 I PackageManager: Un-granting permission android.permission.REVOKE_RUNTIME_PERMISSIONS from package com.google.android.packageinstaller (protectionLevel=770 flags=0x38483e45)
03-29 21:49:42.871   720   720 I PackageManager: Un-granting permission android.permission.INSTALL_GRANT_RUNTIME_PERMISSIONS from package com.google.android.packageinstaller (protectionLevel=770 flags=0x38483e45)
03-29 21:49:42.871   720   720 I PackageManager: Un-granting permission android.permission.INTERACT_ACROSS_USERS_FULL from package com.google.android.packageinstaller (protectionLevel=258 flags=0x38483e45)
03-29 21:49:42.871   720   720 I PackageManager: Un-granting permission android.permission.KILL_UID from package com.google.android.packageinstaller (protectionLevel=258 flags=0x38483e45)
03-29 21:49:42.871   720   720 W PackageManager: Unknown permission android.permission.MANAGE_SOUND_TRIGGER in package com.google.android.gms
03-29 21:49:42.871   720   720 W PackageManager: Unknown permission android.permission.FOREGROUND_SERVICE in package com.google.android.gms
03-29 21:49:42.871   720   720 W PackageManager: Unknown permission android.permission.START_ACTIVITIES_FROM_BACKGROUND in package com.google.android.gms
03-29 21:49:42.871   720   720 W PackageManager: Unknown permission android.permission.QUERY_ALL_PACKAGES in package com.google.android.gms
03-29 21:49:42.871   720   720 W PackageManager: Unknown permission android.permission.REMOTE_DISPLAY_PROVIDER in package com.google.android.gms
03-29 21:49:42.872   720   720 W PackageManager: Unknown permission android.permission.DISPATCH_PROVISIONING_MESSAGE in package com.google.android.gms
03-29 21:49:42.872   720   720 W PackageManager: Unknown permission android.permission.RECOVER_KEYSTORE in package com.google.android.gms
03-29 21:49:42.872   720   720 W PackageManager: Unknown permission android.permission.PRE_FACTORY_RESET in package com.google.android.gms
03-29 21:49:42.872   720   720 W PackageManager: Unknown permission com.google.android.apps.enterprise.dmagent.permission.AutoSyncPermission in package com.google.android.gms
03-29 21:49:42.872   720   720 W PackageManager: Unknown permission android.permission.CONNECTIVITY_USE_RESTRICTED_NETWORKS in package com.google.android.gms
