--------- beginning of main
03-29 21:49:21.945   182   182 W auditd  : type=2000 audit(0.0:1): initialized
03-29 21:49:24.299   182   182 I auditd  : type=1403 audit(0.0:2): policy loaded auid=4294967295 ses=4294967295
03-29 21:49:25.729     1     1 I init    : type=1400 audit(0.0:3): avc: denied { module_request } for kmod="fs-cpuset" scontext=u:r:init:s0 tcontext=u:r:kernel:s0 tclass=system permissive=1
--------- beginning of system
03-29 21:49:26.302   183   183 I vold    : Vold 3.0 (the awakening) firing up
03-29 21:49:26.303   183   183 V vold    : Detected support for: ext4 f2fs vfat
03-29 21:49:26.655   208   208 I launch_daemonsu: (post-fs-data) start 
03-29 21:49:26.812   220   220 I launch_daemonsu: (post-fs-data) /su not mounted yet 
03-29 21:49:26.838   221   221 I launch_daemonsu: (post-fs-data) copying boot image backups from /cache to /data 
03-29 21:49:27.189   244   244 I launch_daemonsu: (post-fs-data) loopsetup(/data/su.img):  
03-29 21:49:28.346   254   254 I launch_daemonsu: (post-fs-data) abort: mount failed 
03-29 21:49:28.394   256   256 I launch_daemonsu: (post-fs-data) start 
03-29 21:49:28.538   268   268 I launch_daemonsu: (post-fs-data) /su not mounted yet 
03-29 21:49:28.564   269   269 I launch_daemonsu: (post-fs-data) copying boot image backups from /cache to /data 
03-29 21:49:28.918   292   292 I launch_daemonsu: (post-fs-data) loopsetup(/data/su.img):  
03-29 21:49:30.073   302   302 I launch_daemonsu: (post-fs-data) abort: mount failed 
03-29 21:49:30.283   305   305 I lowmemorykiller: Using in-kernel low memory killer interface
03-29 21:49:30.309   311   311 I         : debuggerd: starting
03-29 21:49:30.315   313   313 I installd: installd firing up
03-29 21:49:30.349   333   333 I shd     : type=1400 audit(0.0:4): avc: denied { read write } for path="/dev/pts/0" dev="devpts" ino=3 scontext=u:r:shd:s0 tcontext=u:object_r:devpts:s0 tclass=chr_file permissive=1
03-29 21:49:30.349   333   333 I shd     : type=1400 audit(0.0:5): avc: denied { read write } for path="socket:[9410]" dev="sockfs" ino=9410 scontext=u:r:shd:s0 tcontext=u:r:init:s0 tclass=unix_stream_socket permissive=1
03-29 21:49:30.420   318   318 I clockwork_proxy_native_service_main: ClockworkProxyNativeService is now ready
03-29 21:49:30.449   333   333 I shd     : type=1400 audit(0.0:6): avc: denied { listen } for path="/dev/socket/shdctl" scontext=u:r:shd:s0 tcontext=u:r:init:s0 tclass=unix_stream_socket permissive=1
03-29 21:49:30.459   337   337 I launch_daemonsu: (service) start 
03-29 21:49:30.461   333   333 D shd     : InitParameter read clibration info :-34 15 -9 res:313
03-29 21:49:30.466   310   310 I Netd    : Netd 1.0 starting
03-29 21:49:30.473   310   310 D TetherController: Setting IP forward enable = 0
03-29 21:49:30.476   333   333 D update_mcu: get mcu current version:11.900.12.01.00, length:15.
03-29 21:49:30.481   333   333 E update_mcu: mcu version same(11.900.12.01.00), do not need update!
03-29 21:49:30.506   321   321 I gatekeeperd: Starting gatekeeperd...
03-29 21:49:30.515   321   321 W gatekeeperd: falling back to software GateKeeper
03-29 21:49:30.521   315   315 I keystore: Found keymaster0 module Keymaster OpenSSL HAL, version 2
03-29 21:49:30.521   315   315 I SoftKeymaster: system/keymaster/soft_keymaster_device.cpp, Line 122: Creating device
03-29 21:49:30.522   315   315 D SoftKeymaster: system/keymaster/soft_keymaster_device.cpp, Line 123: Device address: 0xb6ae4000
03-29 21:49:30.522   315   315 I keystore: Keymaster0 module is software-only.  Using SoftKeymasterDevice instead.
03-29 21:49:30.522   315   315 I SoftKeymaster: system/keymaster/soft_keymaster_device.cpp, Line 122: Creating device
03-29 21:49:30.522   315   315 D SoftKeymaster: system/keymaster/soft_keymaster_device.cpp, Line 123: Device address: 0xb6ae4180
03-29 21:49:30.578   307   307 I SurfaceFlinger: SurfaceFlinger is starting
03-29 21:49:30.579   307   307 I SurfaceFlinger: SurfaceFlinger's main thread ready to run. Initializing graphics H/W...
03-29 21:49:30.607   307   307 D libEGL  : loaded /vendor/lib/egl/libEGL_adreno.so
03-29 21:49:30.613   307   307 D libEGL  : loaded /vendor/lib/egl/libGLESv1_CM_adreno.so
03-29 21:49:30.689   362   362 I launch_daemonsu: (service) /su not mounted yet 
03-29 21:49:30.715   307   307 D libEGL  : loaded /vendor/lib/egl/libGLESv2_adreno.so
03-29 21:49:30.743   363   363 I launch_daemonsu: (service) copying boot image backups from /cache to /data 
03-29 21:49:30.767   307   307 W Adreno-GSL: <gsl_ldd_control:466>: ioctl fd 10 code 0xc0100940 (IOCTL_KGSL_SYNCSOURCE_CREATE) failed: errno 25 Unknown ioctl code
03-29 21:49:30.767   307   307 I Adreno-EGL: <qeglDrvAPI_eglInitialize:379>: QUALCOMM Build: 09/28/15, cb423fe, Ib3272dc427
03-29 21:49:31.042   307   307 I qdutils : PartialUpdate status: Disabled
03-29 21:49:31.042   307   307 I qdutils : Left Align: 0
03-29 21:49:31.042   307   307 I qdutils : Width Align: 0
03-29 21:49:31.042   307   307 I qdutils : Top Align: 0
03-29 21:49:31.042   307   307 I qdutils : Height Align: 0
03-29 21:49:31.042   307   307 I qdutils : Min ROI Width: 0
03-29 21:49:31.042   307   307 I qdutils : Min ROI Height: 0
03-29 21:49:31.042   307   307 I qdutils : Needs ROI Merge: 0
03-29 21:49:31.048   307   307 I qdhwcomposer: Initializing Qualcomm Hardware Composer
03-29 21:49:31.048   307   307 I qdhwcomposer: MDP version: 500
03-29 21:49:31.049   307   307 I SurfaceFlinger: Using composer version 1.4
03-29 21:49:31.049   307   307 I qdhwcomposer: hwc_registerProcs
03-29 21:49:31.049   307   307 I qdhwcomposer: Initializing UEVENT Thread
03-29 21:49:31.049   307   307 I qdhwcomposer: Initializing VSYNC Thread
03-29 21:49:31.049   307   307 D qdhwcomposer: hwc_getDisplayAttributes disp = 0, width = 400
03-29 21:49:31.049   307   307 D qdhwcomposer: hwc_getDisplayAttributes disp = 0, height = 400
03-29 21:49:31.050   307   393 I qdhwcomposer: vsync_loop: Reading event 0 for dpy 0 from /sys/class/graphics/fb0/vsync_event
03-29 21:49:31.050   307   393 I qdhwcomposer: vsync_loop: Reading event 1 for dpy 0 from /sys/class/graphics/fb0/show_blank_event
03-29 21:49:31.050   307   393 I qdhwcomposer: vsync_loop: Reading event 0 for dpy 1 from /sys/class/graphics/fb-1/vsync_event
03-29 21:49:31.050   307   393 I qdhwcomposer: vsync_loop: Reading event 1 for dpy 1 from /sys/class/graphics/fb-1/show_blank_event
03-29 21:49:31.072   307   307 I SurfaceFlinger: EGL information:
03-29 21:49:31.072   307   307 I SurfaceFlinger: vendor    : Android
03-29 21:49:31.072   307   307 I SurfaceFlinger: version   : 1.4 Android META-EGL
03-29 21:49:31.072   307   307 I SurfaceFlinger: extensions: EGL_KHR_get_all_proc_addresses EGL_ANDROID_presentation_time EGL_KHR_swap_buffers_with_damage EGL_KHR_image EGL_KHR_image_base EGL_KHR_lock_surface EGL_KHR_gl_texture_2D_image EGL_KHR_gl_texture_3D_image EGL_KHR_gl_texture_cubemap_image EGL_KHR_gl_renderbuffer_image EGL_KHR_fence_sync EGL_KHR_create_context EGL_EXT_create_context_robustness EGL_ANDROID_image_native_buffer EGL_KHR_wait_sync EGL_ANDROID_recordable EGL_KHR_partial_update 
03-29 21:49:31.073   307   307 I SurfaceFlinger: Client API: OpenGL_ES
03-29 21:49:31.073   307   307 I SurfaceFlinger: EGLSurface: 8-8-8-8, config=0x5
03-29 21:49:31.076   307   307 I SurfaceFlinger: OpenGL ES informations:
03-29 21:49:31.076   307   307 I SurfaceFlinger: vendor    : Qualcomm
03-29 21:49:31.076   307   307 I SurfaceFlinger: renderer  : Adreno (TM) 305
03-29 21:49:31.076   307   307 I SurfaceFlinger: version   : OpenGL ES 3.0 V@127.0 AU@  (GIT@Ib3272dc427)
03-29 21:49:31.076   307   307 I SurfaceFlinger: extensions: GL_AMD_compressed_ATC_texture GL_AMD_performance_monitor GL_AMD_program_binary_Z400 GL_EXT_debug_label GL_EXT_debug_marker GL_EXT_discard_framebuffer GL_EXT_robustness GL_EXT_texture_format_BGRA8888 GL_EXT_texture_type_2_10_10_10_REV GL_NV_fence GL_OES_compressed_ETC1_RGB8_texture GL_OES_depth_texture GL_OES_depth24 GL_OES_EGL_image GL_OES_EGL_sync GL_OES_EGL_image_external GL_OES_element_index_uint GL_OES_fbo_render_mipmap GL_OES_fragment_precision_high GL_OES_get_program_binary GL_OES_packed_depth_stencil GL_OES_depth_texture_cube_map GL_OES_rgb8_rgba8 GL_OES_standard_derivatives GL_OES_texture_3D GL_OES_texture_float GL_OES_texture_half_float GL_OES_texture_half_float_linear GL_OES_texture_npot GL_OES_vertex_half_float GL_OES_vertex_type_10_10_10_2 GL_OES_vertex_array_object GL_QCOM_alpha_test GL_QCOM_binning_control GL_QCOM_driver_control GL_QCOM_perfmon_global_mode GL_QCOM_extended_get GL_QCOM_extended_get2 GL_QCOM_tiled_rendering GL_QCOM_writeonly_rendering GL_EXT_sRGB GL_EXT_sRGB_write_con
03-29 21:49:31.076   307   307 I SurfaceFlinger: GL_MAX_TEXTURE_SIZE = 4096
03-29 21:49:31.076   307   307 I SurfaceFlinger: GL_MAX_VIEWPORT_DIMS = 4096
03-29 21:49:31.090   307   307 I SurfaceFlinger: EGL information:
03-29 21:49:31.090   307   307 I SurfaceFlinger: vendor    : Android
03-29 21:49:31.090   307   307 I SurfaceFlinger: version   : 1.4 Android META-EGL
03-29 21:49:31.090   307   307 I SurfaceFlinger: extensions: EGL_KHR_get_all_proc_addresses EGL_ANDROID_presentation_time EGL_KHR_swap_buffers_with_damage EGL_KHR_image EGL_KHR_image_base EGL_KHR_lock_surface EGL_KHR_gl_texture_2D_image EGL_KHR_gl_texture_3D_image EGL_KHR_gl_texture_cubemap_image EGL_KHR_gl_renderbuffer_image EGL_KHR_fence_sync EGL_KHR_create_context EGL_EXT_create_context_robustness EGL_ANDROID_image_native_buffer EGL_KHR_wait_sync EGL_ANDROID_recordable EGL_KHR_partial_update 
03-29 21:49:31.090   307   307 I SurfaceFlinger: Client API: OpenGL_ES
03-29 21:49:31.091   307   307 I SurfaceFlinger: EGLSurface: 8-8-8-8, config=0x5
03-29 21:49:31.106   307   307 D SurfaceFlinger: Set power mode=2, type=0 flinger=0xb6aa4000
03-29 21:49:31.107   307   393 I qdhwcomposer: handle_blank_event: dpy:0 panel power state: 1
03-29 21:49:31.369   192   192 I auditd  : type=1403 audit(0.0:7): policy loaded auid=4294967295 ses=4294967295
03-29 21:49:31.409   417   417 I launch_daemonsu: (service) loopsetup(/data/su.img):  
03-29 21:49:31.495   312   312 V MediaUtils: physMem: 482119680
03-29 21:49:31.495   312   312 V MediaUtils: requested limit: 313377740
03-29 21:49:31.495   312   312 V MediaUtils: actual limit: 313377740
03-29 21:49:31.495   312   312 V MediaUtils: original limits: 4294967295/4294967295
03-29 21:49:31.495   312   312 V MediaUtils: new limits: 313377740/4294967295
03-29 21:49:31.512   306   306 I SELinux : SELinux: Loaded service_contexts from /service_contexts.
03-29 21:49:31.512   306   306 I SELinux : avc:  received policyload notice (seqno=2)
03-29 21:49:31.523   312   312 I mediaserver: ServiceManager: 0xb604e120
03-29 21:49:31.524   312   312 I AudioFlinger: Using default 3000 mSec as standby time.
03-29 21:49:31.526   312   312 E         : batterystats service unavailable!
03-29 21:49:31.526   312   312 E         : batterystats service unavailable!
03-29 21:49:31.527   312   312 I CameraService: CameraService started (pid=312)
03-29 21:49:31.527   312   312 I CameraService: CameraService process starting
03-29 21:49:31.527   312   312 E         : batterystats service unavailable!
03-29 21:49:31.528   312   312 E         : batterystats service unavailable!
03-29 21:49:31.529   312   312 E CameraService: Could not load camera HAL module: -2 (No such file or directory)
03-29 21:49:31.531   312   312 I AudioPolicyService: AudioPolicyService CSTOR in new mode
03-29 21:49:31.538   312   312 I APM::ConfigParsingUtils: loadAudioPolicyConfig() loaded /system/etc/audio_policy.conf
03-29 21:49:31.551   399   432 D libEGL  : loaded /vendor/lib/egl/libEGL_adreno.so
03-29 21:49:31.554   399   432 D libEGL  : loaded /vendor/lib/egl/libGLESv1_CM_adreno.so
03-29 21:49:31.573   312   312 D audio_hw_primary: adev_open: enter
03-29 21:49:31.574   312   312 D platform_info: platform_info_init: Failed to open /system/etc/audio_platform_info.xml, using defaults.
03-29 21:49:31.596   399   432 D libEGL  : loaded /vendor/lib/egl/libGLESv2_adreno.so
03-29 21:49:31.617   312   312 D msm8974_platform: platform_init: snd_card_name: msm8226-tapan-snd-card
03-29 21:49:31.624   399   432 W Adreno-GSL: <gsl_ldd_control:466>: ioctl fd 8 code 0xc0100940 (IOCTL_KGSL_SYNCSOURCE_CREATE) failed: errno 25 Unknown ioctl code
03-29 21:49:31.625   399   432 I Adreno-EGL: <qeglDrvAPI_eglInitialize:379>: QUALCOMM Build: 09/28/15, cb423fe, Ib3272dc427
03-29 21:49:31.679   192   192 I auditd  : type=1403 audit(0.0:8): policy loaded auid=4294967295 ses=4294967295
03-29 21:49:31.691   312   312 E audio_route: Control 'LINEOUT1 Volume' doesn't exist - skipping
03-29 21:49:31.691   312   312 E audio_route: Control 'LINEOUT2 Volume' doesn't exist - skipping
03-29 21:49:31.691   312   312 E audio_route: Control 'HPHL Volume' doesn't exist - skipping
03-29 21:49:31.692   312   312 E audio_route: Control 'HPHR Volume' doesn't exist - skipping
03-29 21:49:31.692   312   312 E audio_route: Control 'RX1 Digital Volume' doesn't exist - skipping
03-29 21:49:31.693   312   312 E audio_route: Control 'RX2 Digital Volume' doesn't exist - skipping
03-29 21:49:31.693   312   312 E audio_route: Control 'RX3 Digital Volume' doesn't exist - skipping
03-29 21:49:31.693   312   312 E audio_route: Control 'RX4 Digital Volume' doesn't exist - skipping
03-29 21:49:31.693   312   312 E audio_route: Control 'ADC1 Volume' doesn't exist - skipping
03-29 21:49:31.693   312   312 E audio_route: Control 'ADC2 Volume' doesn't exist - skipping
03-29 21:49:31.693   312   312 E audio_route: Control 'ADC3 Volume' doesn't exist - skipping
03-29 21:49:31.693   312   312 E audio_route: Control 'ADC4 Volume' doesn't exist - skipping
03-29 21:49:31.693   312   312 E audio_route: Control 'ADC5 Volume' doesn't exist - skipping
03-29 21:49:31.694   312   312 E audio_route: Control 'DEC1 Volume' doesn't exist - skipping
03-29 21:49:31.694   312   312 E audio_route: Control 'DEC2 Volume' doesn't exist - skipping
03-29 21:49:31.694   312   312 E audio_route: Control 'DEC3 Volume' doesn't exist - skipping
03-29 21:49:31.694   312   312 E audio_route: Control 'DEC4 Volume' doesn't exist - skipping
03-29 21:49:31.694   312   312 E audio_route: Control 'IIR1 INP1 Volume' doesn't exist - skipping
03-29 21:49:31.694   312   312 E audio_route: Control 'IIR1 INP2 Volume' doesn't exist - skipping
03-29 21:49:31.695   312   312 E audio_route: Control 'IIR1 INP3 Volume' doesn't exist - skipping
03-29 21:49:31.695   312   312 E audio_route: Control 'IIR1 INP4 Volume' doesn't exist - skipping
03-29 21:49:31.695   312   312 E audio_route: Control 'COMP0 Switch' doesn't exist - skipping
03-29 21:49:31.695   312   312 E audio_route: Control 'COMP1 Switch' doesn't exist - skipping
03-29 21:49:31.695   312   312 E audio_route: Control 'COMP2 Switch' doesn't exist - skipping
03-29 21:49:31.696   312   312 E audio_route: Control 'SLIMBUS_0_RX Port Mixer INT_BT_SCO_TX' doesn't exist - skipping
03-29 21:49:31.696   312   312 E audio_route: Control 'Internal BTSCO SampleRate' doesn't exist - skipping
03-29 21:49:31.707   312   312 E audio_route: Control 'INTERNAL_BT_SCO_RX Audio Mixer Multimedia6' doesn't exist - skipping
03-29 21:49:31.709   312   312 E audio_route: Control 'MultiMedia5 Mixer QUAT_MI2S_TX' doesn't exist - skipping
03-29 21:49:31.709   312   312 E audio_route: Control 'MultiMedia4 Mixer QUAT_MI2S_TX' doesn't exist - skipping
03-29 21:49:31.711   312   312 E audio_route: Control 'IIR1 INP1 MUX' doesn't exist - skipping
03-29 21:49:31.711   312   312 E audio_route: Control 'SLIM TX5 MUX' doesn't exist - skipping
03-29 21:49:31.711   312   312 E audio_route: Control 'SLIM TX4 MUX' doesn't exist - skipping
03-29 21:49:31.712   312   312 E audio_route: Control 'SLIM TX3 MUX' doesn't exist - skipping
03-29 21:49:31.712   312   312 E audio_route: Control 'SLIM TX2 MUX' doesn't exist - skipping
03-29 21:49:31.712   312   312 E audio_route: Control 'SLIM TX1 MUX' doesn't exist - skipping
03-29 21:49:31.712   312   312 E audio_route: Control 'DEC4 MUX' doesn't exist - skipping
03-29 21:49:31.712   312   312 E audio_route: Control 'DEC3 MUX' doesn't exist - skipping
03-29 21:49:31.712   312   312 E audio_route: Control 'DEC2 MUX' doesn't exist - skipping
03-29 21:49:31.712   312   312 E audio_route: Control 'DEC1 MUX' doesn't exist - skipping
03-29 21:49:31.712   312   312 E audio_route: Control 'RX2 MIX2 INP2' doesn't exist - skipping
03-29 21:49:31.713   312   312 E audio_route: Control 'RX2 MIX2 INP1' doesn't exist - skipping
03-29 21:49:31.713   312   312 E audio_route: Control 'RX1 MIX2 INP2' doesn't exist - skipping
03-29 21:49:31.713   312   312 E audio_route: Control 'RX1 MIX2 INP1' doesn't exist - skipping
03-29 21:49:31.713   312   312 E audio_route: Control 'RX4 MIX1 INP2' doesn't exist - skipping
03-29 21:49:31.713   312   312 E audio_route: Control 'RX4 MIX1 INP1' doesn't exist - skipping
03-29 21:49:31.713   312   312 E audio_route: Control 'RX3 MIX1 INP1' doesn't exist - skipping
03-29 21:49:31.713   312   312 E audio_route: Control 'RX2 MIX1 INP1' doesn't exist - skipping
03-29 21:49:31.714   312   312 E audio_route: Control 'RX1 MIX1 INP3' doesn't exist - skipping
03-29 21:49:31.714   312   312 E audio_route: Control 'RX1 MIX1 INP2' doesn't exist - skipping
03-29 21:49:31.714   312   312 E audio_route: Control 'RX1 MIX1 INP1' doesn't exist - skipping
03-29 21:49:31.714   312   312 E audio_route: Control 'HPHL DAC Switch' doesn't exist - skipping
03-29 21:49:31.714   312   312 E audio_route: Control 'DAC1 Switch' doesn't exist - skipping
03-29 21:49:31.714   312   312 E audio_route: Control 'SPK DAC Switch' doesn't exist - skipping
03-29 21:49:31.714   312   312 E audio_route: Control 'SLIM_0_RX Channels' doesn't exist - skipping
03-29 21:49:31.714   312   312 E audio_route: Control 'SLIM_0_TX Channels' doesn't exist - skipping
03-29 21:49:31.714   312   312 E audio_route: Control 'SLIM RX1 MUX' doesn't exist - skipping
03-29 21:49:31.715   312   312 E audio_route: Control 'EAR PA Gain' doesn't exist - skipping
03-29 21:49:31.715   312   312 E audio_route: Control 'SLIM RX2 MUX' doesn't exist - skipping
03-29 21:49:31.715   312   312 E audio_route: Control 'SPK DRV Volume' doesn't exist - skipping
03-29 21:49:31.715   312   312 E audio_route: Control 'AIF1_CAP Mixer SLIM TX1' doesn't exist - skipping
03-29 21:49:31.715   312   312 E audio_route: Control 'AIF1_CAP Mixer SLIM TX2' doesn't exist - skipping
03-29 21:49:31.715   312   312 E audio_route: Control 'CLASS_H_DSM MUX' doesn't exist - skipping
03-29 21:49:31.718   312   312 E audio_route: Control 'IIR1 Band1' doesn't exist - skipping
03-29 21:49:31.718   312   312 E audio_route: Control 'IIR1 Band1' doesn't exist - skipping
03-29 21:49:31.718   312   312 E audio_route: Control 'IIR1 Band1' doesn't exist - skipping
03-29 21:49:31.718   312   312 E audio_route: Control 'IIR1 Band1' doesn't exist - skipping
03-29 21:49:31.718   312   312 E audio_route: Control 'IIR1 Band1' doesn't exist - skipping
03-29 21:49:31.718   312   312 E audio_route: Control 'IIR1 Band2' doesn't exist - skipping
03-29 21:49:31.718   312   312 E audio_route: Control 'IIR1 Band2' doesn't exist - skipping
03-29 21:49:31.719   312   312 E audio_route: Control 'IIR1 Band2' doesn't exist - skipping
03-29 21:49:31.719   312   312 E audio_route: Control 'IIR1 Band2' doesn't exist - skipping
03-29 21:49:31.721   312   312 E audio_route: Control 'IIR1 Band2' doesn't exist - skipping
03-29 21:49:31.722   312   312 E audio_route: Control 'IIR1 Band3' doesn't exist - skipping
03-29 21:49:31.722   312   312 E audio_route: Control 'IIR1 Band3' doesn't exist - skipping
03-29 21:49:31.722   312   312 E audio_route: Control 'IIR1 Band3' doesn't exist - skipping
03-29 21:49:31.722   312   312 E audio_route: Control 'IIR1 Band3' doesn't exist - skipping
03-29 21:49:31.725   312   312 E audio_route: Control 'IIR1 Band3' doesn't exist - skipping
03-29 21:49:31.725   312   312 E audio_route: Control 'IIR1 Band4' doesn't exist - skipping
03-29 21:49:31.725   312   312 E audio_route: Control 'IIR1 Band4' doesn't exist - skipping
03-29 21:49:31.726   312   312 E audio_route: Control 'IIR1 Band4' doesn't exist - skipping
03-29 21:49:31.726   312   312 E audio_route: Control 'IIR1 Band4' doesn't exist - skipping
03-29 21:49:31.726   312   312 E audio_route: Control 'IIR1 Band4' doesn't exist - skipping
03-29 21:49:31.727   399   432 E BootAnimation: couldn't find audio_conf.txt
03-29 21:49:31.729   312   312 E audio_route: Control 'IIR1 Band5' doesn't exist - skipping
03-29 21:49:31.730   312   312 E audio_route: Control 'IIR1 Band5' doesn't exist - skipping
03-29 21:49:31.730   312   312 E audio_route: Control 'IIR1 Band5' doesn't exist - skipping
03-29 21:49:31.730   312   312 E audio_route: Control 'IIR1 Band5' doesn't exist - skipping
03-29 21:49:31.730   312   312 E audio_route: Control 'IIR1 Band5' doesn't exist - skipping
03-29 21:49:31.730   312   312 E audio_route: Control 'IIR1 Enable Band1' doesn't exist - skipping
03-29 21:49:31.730   312   312 E audio_route: Control 'IIR1 Enable Band2' doesn't exist - skipping
03-29 21:49:31.730   312   312 E audio_route: Control 'IIR1 Enable Band3' doesn't exist - skipping
03-29 21:49:31.730   312   312 E audio_route: Control 'IIR1 Enable Band4' doesn't exist - skipping
03-29 21:49:31.730   312   312 E audio_route: Control 'IIR1 Enable Band5' doesn't exist - skipping
03-29 21:49:31.730   312   312 E audio_route: Control 'IIR1 INP1 Volume' doesn't exist - skipping
03-29 21:49:31.730   312   312 E audio_route: Control 'ANC Slot' doesn't exist - skipping
03-29 21:49:31.731   312   312 E audio_route: Control 'ANC1 FB MUX' doesn't exist - skipping
03-29 21:49:31.731   312   312 E audio_route: Control 'ANC1 MUX' doesn't exist - skipping
03-29 21:49:31.731   312   312 E audio_route: Control 'ANC2 MUX' doesn't exist - skipping
03-29 21:49:31.731   312   312 E audio_route: Control 'ANC Function' doesn't exist - skipping
03-29 21:49:31.731   312   312 E audio_route: Control 'SLIM_0_RX AANC MUX' doesn't exist - skipping
03-29 21:49:31.731   312   312 E audio_route: Control 'AIF1_CAP Mixer SLIM TX3' doesn't exist - skipping
03-29 21:49:31.731   312   312 E audio_route: Control 'AIF1_CAP Mixer SLIM TX4' doesn't exist - skipping
03-29 21:49:31.732   312   312 E audio_route: Control 'Internal BTSCO SampleRate' doesn't exist - skipping
03-29 21:49:31.732   312   312 E audio_route: Control 'MultiMedia5 Mixer QUAT_MI2S_TX' doesn't exist - skipping
03-29 21:49:31.733   312   312 E audio_route: Control 'Internal BTSCO SampleRate' doesn't exist - skipping
03-29 21:49:31.733   312   312 E audio_route: Control 'Internal BTSCO SampleRate' doesn't exist - skipping
03-29 21:49:31.734   312   312 E audio_route: Control 'Internal BTSCO SampleRate' doesn't exist - skipping
03-29 21:49:31.734   312   312 E audio_route: Control 'Internal BTSCO SampleRate' doesn't exist - skipping
03-29 21:49:31.734   312   312 E audio_route: Control 'Internal BTSCO SampleRate' doesn't exist - skipping
03-29 21:49:31.735   312   312 E audio_route: Control 'Internal BTSCO SampleRate' doesn't exist - skipping
03-29 21:49:31.735   312   312 E audio_route: Control 'Internal BTSCO SampleRate' doesn't exist - skipping
03-29 21:49:31.736   312   312 E audio_route: Control 'Internal BTSCO SampleRate' doesn't exist - skipping
03-29 21:49:31.737   312   312 E audio_route: Control 'Internal BTSCO SampleRate' doesn't exist - skipping
03-29 21:49:31.737   312   312 E audio_route: Control 'Internal BTSCO SampleRate' doesn't exist - skipping
03-29 21:49:31.739   312   312 E audio_route: Control 'Internal BTSCO SampleRate' doesn't exist - skipping
03-29 21:49:31.741   312   312 E audio_route: Control 'Internal BTSCO SampleRate' doesn't exist - skipping
03-29 21:49:31.741   312   312 E audio_route: Control 'AIF1_CAP Mixer SLIM TX1' doesn't exist - skipping
03-29 21:49:31.741   312   312 E audio_route: Control 'SLIM_0_TX Channels' doesn't exist - skipping
03-29 21:49:31.741   312   312 E audio_route: Control 'SLIM TX1 MUX' doesn't exist - skipping
03-29 21:49:31.742   312   312 E audio_route: Control 'DEC1 MUX' doesn't exist - skipping
03-29 21:49:31.742   312   312 E audio_route: Control 'IIR1 INP1 MUX' doesn't exist - skipping
03-29 21:49:31.742   312   312 E audio_route: Control 'AIF1_CAP Mixer SLIM TX1' doesn't exist - skipping
03-29 21:49:31.742   312   312 E audio_route: Control 'SLIM_0_TX Channels' doesn't exist - skipping
03-29 21:49:31.742   312   312 E audio_route: Control 'SLIM TX1 MUX' doesn't exist - skipping
03-29 21:49:31.742   312   312 E audio_route: Control 'DEC1 MUX' doesn't exist - skipping
03-29 21:49:31.742   312   312 E audio_route: Control 'IIR1 INP1 MUX' doesn't exist - skipping
03-29 21:49:31.742   312   312 E audio_route: Control 'AIF1_CAP Mixer SLIM TX1' doesn't exist - skipping
03-29 21:49:31.742   312   312 E audio_route: Control 'SLIM_0_TX Channels' doesn't exist - skipping
03-29 21:49:31.742   312   312 E audio_route: Control 'SLIM TX1 MUX' doesn't exist - skipping
03-29 21:49:31.743   312   312 E audio_route: Control 'DEC1 MUX' doesn't exist - skipping
03-29 21:49:31.743   312   312 E audio_route: Control 'IIR1 INP1 MUX' doesn't exist - skipping
03-29 21:49:31.743   312   312 E audio_route: Control 'SLIM RX1 MUX' doesn't exist - skipping
03-29 21:49:31.743   312   312 E audio_route: Control 'SLIM RX2 MUX' doesn't exist - skipping
03-29 21:49:31.743   312   312 E audio_route: Control 'SLIM_0_RX Channels' doesn't exist - skipping
03-29 21:49:31.743   312   312 E audio_route: Control 'RX3 MIX1 INP1' doesn't exist - skipping
03-29 21:49:31.743   312   312 E audio_route: Control 'RX4 MIX1 INP1' doesn't exist - skipping
03-29 21:49:31.744   312   312 E audio_route: Control 'RDAC4 MUX' doesn't exist - skipping
03-29 21:49:31.744   312   312 E audio_route: Control 'RDAC5 MUX' doesn't exist - skipping
03-29 21:49:31.744   312   312 E audio_route: Control 'COMP2 Switch' doesn't exist - skipping
03-29 21:49:31.744   312   312 E audio_route: Control 'LINEOUT1 Volume' doesn't exist - skipping
03-29 21:49:31.744   312   312 E audio_route: Control 'LINEOUT2 Volume' doesn't exist - skipping
03-29 21:49:31.744   312   312 E audio_route: Control 'SLIM RX1 MUX' doesn't exist - skipping
03-29 21:49:31.744   312   312 E audio_route: Control 'SLIM RX2 MUX' doesn't exist - skipping
03-29 21:49:31.745   312   312 E audio_route: Control 'SLIM_0_RX Channels' doesn't exist - skipping
03-29 21:49:31.745   312   312 E audio_route: Control 'RX2 MIX1 INP1' doesn't exist - skipping
03-29 21:49:31.745   312   312 E audio_route: Control 'RX3 MIX1 INP1' doesn't exist - skipping
03-29 21:49:31.745   312   312 E audio_route: Control 'RDAC5 MUX' doesn't exist - skipping
03-29 21:49:31.745   312   312 E audio_route: Control 'RDAC4 MUX' doesn't exist - skipping
03-29 21:49:31.745   312   312 E audio_route: Control 'RDAC3 MUX' doesn't exist - skipping
03-29 21:49:31.745   312   312 E audio_route: Control 'LINEOUT1 Volume' doesn't exist - skipping
03-29 21:49:31.745   312   312 E audio_route: Control 'LINEOUT2 Volume' doesn't exist - skipping
03-29 21:49:31.746   312   312 E audio_route: Control 'IIR1 Enable Band1' doesn't exist - skipping
03-29 21:49:31.746   312   312 E audio_route: Control 'IIR1 Enable Band2' doesn't exist - skipping
03-29 21:49:31.746   312   312 E audio_route: Control 'IIR1 Enable Band3' doesn't exist - skipping
03-29 21:49:31.746   312   312 E audio_route: Control 'IIR1 Enable Band4' doesn't exist - skipping
03-29 21:49:31.746   312   312 E audio_route: Control 'IIR1 Enable Band5' doesn't exist - skipping
03-29 21:49:31.749   312   312 E audio_route: Control 'IIR1 INP1 Volume' doesn't exist - skipping
03-29 21:49:31.752   312   312 E audio_route: Control 'RX1 MIX2 INP1' doesn't exist - skipping
03-29 21:49:31.752   312   312 E audio_route: Control 'RX2 MIX2 INP1' doesn't exist - skipping
03-29 21:49:31.753   312   312 E audio_route: Control 'IIR1 INP1 Volume' doesn't exist - skipping
03-29 21:49:31.753   312   312 E audio_route: Control 'RX1 MIX2 INP1' doesn't exist - skipping
03-29 21:49:31.757   312   312 E audio_route: Control 'SLIM RX1 MUX' doesn't exist - skipping
03-29 21:49:31.759   312   312 E audio_route: Control 'SLIM_0_RX Channels' doesn't exist - skipping
03-29 21:49:31.760   312   312 E audio_route: Control 'RX1 MIX1 INP1' doesn't exist - skipping
03-29 21:49:31.761   312   312 E audio_route: Control 'CLASS_H_DSM MUX' doesn't exist - skipping
03-29 21:49:31.763   312   312 E audio_route: Control 'RDAC3 MUX' doesn't exist - skipping
03-29 21:49:31.764   312   312 E audio_route: Control 'DAC1 Switch' doesn't exist - skipping
03-29 21:49:31.770   312   312 E audio_route: Control 'ANC Function' doesn't exist - skipping
03-29 21:49:31.773   312   312 E audio_route: Control 'SLIM RX1 MUX' doesn't exist - skipping
03-29 21:49:31.776   312   312 E audio_route: Control 'SLIM_0_RX Channels' doesn't exist - skipping
03-29 21:49:31.781   312   312 E audio_route: Control 'RX1 MIX1 INP1' doesn't exist - skipping
03-29 21:49:31.784   312   312 E audio_route: Control 'CLASS_H_DSM MUX' doesn't exist - skipping
03-29 21:49:31.785   312   312 E audio_route: Control 'RDAC3 MUX' doesn't exist - skipping
03-29 21:49:31.786   312   312 E audio_route: Control 'DAC1 Switch' doesn't exist - skipping
03-29 21:49:31.786   312   312 E audio_route: Control 'RX1 Digital Volume' doesn't exist - skipping
03-29 21:49:31.788   312   312 E audio_route: Control 'ANC Slot' doesn't exist - skipping
03-29 21:49:31.789   312   312 E audio_route: Control 'ANC1 MUX' doesn't exist - skipping
03-29 21:49:31.789   312   312 E audio_route: Control 'ADC3 Volume' doesn't exist - skipping
03-29 21:49:31.789   312   312 E audio_route: Control 'ANC1 FB MUX' doesn't exist - skipping
03-29 21:49:31.790   312   312 E audio_route: Control 'SLIM RX1 MUX' doesn't exist - skipping
03-29 21:49:31.790   312   312 E audio_route: Control 'SLIM RX2 MUX' doesn't exist - skipping
03-29 21:49:31.791   312   312 E audio_route: Control 'SLIM_0_RX Channels' doesn't exist - skipping
03-29 21:49:31.791   312   312 E audio_route: Control 'RX1 MIX1 INP1' doesn't exist - skipping
03-29 21:49:31.791   312   312 E audio_route: Control 'RX2 MIX1 INP1' doesn't exist - skipping
03-29 21:49:31.791   312   312 E audio_route: Control 'CLASS_H_DSM MUX' doesn't exist - skipping
03-29 21:49:31.791   312   312 E audio_route: Control 'RDAC3 MUX' doesn't exist - skipping
03-29 21:49:31.791   312   312 E audio_route: Control 'HPHL DAC Switch' doesn't exist - skipping
03-29 21:49:31.791   312   312 E audio_route: Control 'COMP1 Switch' doesn't exist - skipping
03-29 21:49:31.794   312   312 E audio_route: Control 'RX4 MIX1 INP1' doesn't exist - skipping
03-29 21:49:31.794   312   312 E audio_route: Control 'RX4 MIX1 INP2' doesn't exist - skipping
03-29 21:49:31.794   312   312 E audio_route: Control 'SPK DAC Switch' doesn't exist - skipping
03-29 21:49:31.795   312   312 E audio_route: Control 'COMP0 Switch' doesn't exist - skipping
03-29 21:49:31.795   312   312 E audio_route: Control 'RX3 MIX1 INP1' doesn't exist - skipping
03-29 21:49:31.796   312   312 E audio_route: Control 'SPK DAC Switch' doesn't exist - skipping
03-29 21:49:31.798   312   312 E audio_route: Control 'RX3 MIX1 INP1' doesn't exist - skipping
03-29 21:49:31.799   312   312 E audio_route: Control 'RX4 MIX1 INP1' doesn't exist - skipping
03-29 21:49:31.799   312   312 E audio_route: Control 'RDAC4 MUX' doesn't exist - skipping
03-29 21:49:31.799   312   312 E audio_route: Control 'RDAC5 MUX' doesn't exist - skipping
03-29 21:49:31.800   312   312 E audio_route: Control 'COMP2 Switch' doesn't exist - skipping
03-29 21:49:31.800   312   312 E audio_route: Control 'LINEOUT1 Volume' doesn't exist - skipping
03-29 21:49:31.800   312   312 E audio_route: Control 'LINEOUT2 Volume' doesn't exist - skipping
03-29 21:49:31.801   312   312 E audio_route: Control 'RX3 MIX1 INP1' doesn't exist - skipping
03-29 21:49:31.801   312   312 E audio_route: Control 'RDAC5 MUX' doesn't exist - skipping
03-29 21:49:31.801   312   312 E audio_route: Control 'RDAC4 MUX' doesn't exist - skipping
03-29 21:49:31.801   312   312 E audio_route: Control 'LINEOUT1 Volume' doesn't exist - skipping
03-29 21:49:31.802   312   312 E audio_route: Control 'LINEOUT2 Volume' doesn't exist - skipping
03-29 21:49:31.803   312   312 E audio_route: Control 'ANC Function' doesn't exist - skipping
03-29 21:49:31.803   312   312 E audio_route: Control 'ANC Slot' doesn't exist - skipping
03-29 21:49:31.804   312   312 E audio_route: Control 'ANC1 FB MUX' doesn't exist - skipping
03-29 21:49:31.805   312   312 E audio_route: Control 'ANC1 MUX' doesn't exist - skipping
03-29 21:49:31.805   312   312 E audio_route: Control 'ANC2 MUX' doesn't exist - skipping
03-29 21:49:31.805   312   312 E audio_route: Control 'ADC5 Volume' doesn't exist - skipping
03-29 21:49:31.806   312   312 E audio_route: Control 'ADC4 Volume' doesn't exist - skipping
03-29 21:49:31.806   312   312 E audio_route: Control 'COMP1 Switch' doesn't exist - skipping
03-29 21:49:31.807   312   312 E audio_route: Control 'HPHL Volume' doesn't exist - skipping
03-29 21:49:31.809   312   312 E audio_route: Control 'HPHR Volume' doesn't exist - skipping
03-29 21:49:31.810   312   312 E audio_route: Control 'RX4 MIX1 INP1' doesn't exist - skipping
03-29 21:49:31.811   312   312 E audio_route: Control 'RX4 MIX1 INP2' doesn't exist - skipping
03-29 21:49:31.811   312   312 E audio_route: Control 'SPK DAC Switch' doesn't exist - skipping
03-29 21:49:31.811   312   312 E audio_route: Control 'COMP0 Switch' doesn't exist - skipping
03-29 21:49:31.813   312   312 E audio_route: Control 'RX3 MIX1 INP1' doesn't exist - skipping
03-29 21:49:31.814   312   312 E audio_route: Control 'RX4 MIX1 INP1' doesn't exist - skipping
03-29 21:49:31.818   312   312 E audio_route: Control 'RDAC5 MUX' doesn't exist - skipping
03-29 21:49:31.820   312   312 E audio_route: Control 'COMP2 Switch' doesn't exist - skipping
03-29 21:49:31.823   312   312 E audio_route: Control 'LINEOUT1 Volume' doesn't exist - skipping
03-29 21:49:31.823   312   312 E audio_route: Control 'LINEOUT2 Volume' doesn't exist - skipping
03-29 21:49:31.823   312   312 E audio_route: Control 'ANC Slot' doesn't exist - skipping
03-29 21:49:31.823   312   312 E audio_route: Control 'RX4 MIX1 INP1' doesn't exist - skipping
03-29 21:49:31.824   312   312 E audio_route: Control 'RX4 MIX1 INP2' doesn't exist - skipping
03-29 21:49:31.825   312   312 E audio_route: Control 'SPK DAC Switch' doesn't exist - skipping
03-29 21:49:31.825   312   312 E audio_route: Control 'COMP0 Switch' doesn't exist - skipping
03-29 21:49:31.827   312   312 E audio_route: Control 'RX3 MIX1 INP1' doesn't exist - skipping
03-29 21:49:31.828   312   312 E audio_route: Control 'RX4 MIX1 INP1' doesn't exist - skipping
03-29 21:49:31.828   312   312 E audio_route: Control 'RDAC4 MUX' doesn't exist - skipping
03-29 21:49:31.828   312   312 E audio_route: Control 'RDAC5 MUX' doesn't exist - skipping
03-29 21:49:31.830   312   312 E audio_route: Control 'COMP2 Switch' doesn't exist - skipping
03-29 21:49:31.830   312   312 E audio_route: Control 'LINEOUT1 Volume' doesn't exist - skipping
03-29 21:49:31.830   312   312 E audio_route: Control 'LINEOUT2 Volume' doesn't exist - skipping
03-29 21:49:31.833   312   312 E audio_route: Control 'AIF1_CAP Mixer SLIM TX1' doesn't exist - skipping
03-29 21:49:31.833   312   312 E audio_route: Control 'AIF1_CAP Mixer SLIM TX2' doesn't exist - skipping
03-29 21:49:31.837   312   312 E audio_route: Control 'AIF1_CAP Mixer SLIM TX3' doesn't exist - skipping
03-29 21:49:31.839   312   312 E audio_route: Control 'SLIM_0_TX Channels' doesn't exist - skipping
03-29 21:49:31.841   312   312 E audio_route: Control 'SLIM_0_RX AANC MUX' doesn't exist - skipping
03-29 21:49:31.844   312   312 E audio_route: Control 'SLIM TX1 MUX' doesn't exist - skipping
03-29 21:49:31.844   312   312 E audio_route: Control 'DEC1 MUX' doesn't exist - skipping
03-29 21:49:31.847   312   312 E audio_route: Control 'ADC1 Volume' doesn't exist - skipping
03-29 21:49:31.848   312   312 E audio_route: Control 'SLIM TX2 MUX' doesn't exist - skipping
03-29 21:49:31.848   312   312 E audio_route: Control 'DEC2 MUX' doesn't exist - skipping
03-29 21:49:31.848   312   312 E audio_route: Control 'ADC3 Volume' doesn't exist - skipping
03-29 21:49:31.848   312   312 E audio_route: Control 'SLIM TX3 MUX' doesn't exist - skipping
03-29 21:49:31.848   312   312 E audio_route: Control 'DEC3 MUX' doesn't exist - skipping
03-29 21:49:31.849   312   312 E audio_route: Control 'ADC4 Volume' doesn't exist - skipping
03-29 21:49:31.849   312   312 E audio_route: Control 'IIR1 INP1 MUX' doesn't exist - skipping
03-29 21:49:31.849   312   312 E audio_route: Control 'AIF1_CAP Mixer SLIM TX1' doesn't exist - skipping
03-29 21:49:31.849   312   312 E audio_route: Control 'AIF1_CAP Mixer SLIM TX2' doesn't exist - skipping
03-29 21:49:31.850   312   312 E audio_route: Control 'SLIM TX1 MUX' doesn't exist - skipping
03-29 21:49:31.850   312   312 E audio_route: Control 'DEC1 MUX' doesn't exist - skipping
03-29 21:49:31.850   312   312 E audio_route: Control 'SLIM TX2 MUX' doesn't exist - skipping
03-29 21:49:31.850   312   312 E audio_route: Control 'DEC2 MUX' doesn't exist - skipping
03-29 21:49:31.851   312   312 E audio_route: Control 'SLIM_0_TX Channels' doesn't exist - skipping
03-29 21:49:31.851   312   312 E audio_route: Control 'IIR1 INP1 MUX' doesn't exist - skipping
03-29 21:49:31.853   312   312 E audio_route: Control 'AIF1_CAP Mixer SLIM TX1' doesn't exist - skipping
03-29 21:49:31.853   312   312 E audio_route: Control 'AIF1_CAP Mixer SLIM TX2' doesn't exist - skipping
03-29 21:49:31.854   312   312 E audio_route: Control 'AIF1_CAP Mixer SLIM TX3' doesn't exist - skipping
03-29 21:49:31.855   312   312 E audio_route: Control 'AIF1_CAP Mixer SLIM TX4' doesn't exist - skipping
03-29 21:49:31.855   312   312 E audio_route: Control 'SLIM_0_TX Channels' doesn't exist - skipping
03-29 21:49:31.855   312   312 E audio_route: Control 'SLIM TX1 MUX' doesn't exist - skipping
03-29 21:49:31.855   312   312 E audio_route: Control 'DEC1 MUX' doesn't exist - skipping
03-29 21:49:31.856   312   312 E audio_route: Control 'SLIM TX2 MUX' doesn't exist - skipping
03-29 21:49:31.856   312   312 E audio_route: Control 'DEC2 MUX' doesn't exist - skipping
03-29 21:49:31.856   312   312 E audio_route: Control 'SLIM TX3 MUX' doesn't exist - skipping
03-29 21:49:31.856   312   312 E audio_route: Control 'DEC3 MUX' doesn't exist - skipping
03-29 21:49:31.857   312   312 E audio_route: Control 'SLIM TX4 MUX' doesn't exist - skipping
03-29 21:49:31.857   312   312 E audio_route: Control 'DEC4 MUX' doesn't exist - skipping
03-29 21:49:31.858   312   312 E audio_route: Control 'SLIM RX1 MUX' doesn't exist - skipping
03-29 21:49:31.858   312   312 E audio_route: Control 'SLIM_0_RX Channels' doesn't exist - skipping
03-29 21:49:31.859   312   312 E audio_route: Control 'RX1 MIX1 INP1' doesn't exist - skipping
03-29 21:49:31.859   312   312 E audio_route: Control 'CLASS_H_DSM MUX' doesn't exist - skipping
03-29 21:49:31.860   312   312 E audio_route: Control 'RDAC3 MUX' doesn't exist - skipping
03-29 21:49:31.860   312   312 E audio_route: Control 'HPHL DAC Switch' doesn't exist - skipping
03-29 21:49:31.861   312   312 E audio_route: Control 'COMP1 Switch' doesn't exist - skipping
03-29 21:49:31.861   312   312 E audio_route: Control 'EAR PA Gain' doesn't exist - skipping
03-29 21:49:31.866   312   312 D msm8974_platform: platform_init: Opened sound card:0
03-29 21:49:31.929   312   312 D ACDB-LOADER: ACDB -> Load file: /etc/acdbdata/MTP/MTP_Bluetooth_cal.acdb
03-29 21:49:31.929   312   312 D ACDB-LOADER: ACDB -> Load file: /etc/acdbdata/MTP/MTP_General_cal.acdb
03-29 21:49:31.929   312   312 D ACDB-LOADER: ACDB -> Load file: /etc/acdbdata/MTP/MTP_Global_cal.acdb
03-29 21:49:31.929   312   312 D ACDB-LOADER: ACDB -> Load file: /etc/acdbdata/MTP/MTP_Handset_cal.acdb
03-29 21:49:31.929   312   312 D ACDB-LOADER: ACDB -> Load file: /etc/acdbdata/MTP/MTP_Hdmi_cal.acdb
03-29 21:49:31.929   312   312 D ACDB-LOADER: ACDB -> Load file: /etc/acdbdata/MTP/MTP_Headset_cal.acdb
03-29 21:49:31.929   312   312 D ACDB-LOADER: ACDB -> Load file: /etc/acdbdata/MTP/MTP_Speaker_cal.acdb
03-29 21:49:31.929   312   312 D ACDB-LOADER: ACDB -> ACDB_CMD_INITIALIZE_V2
03-29 21:49:31.932   312   312 D         : [ACDB Command]->SW Minor/Major/Revision version info for /etc/acdbdata/MTP/MTP_Bluetooth_cal.acdb
03-29 21:49:31.932   312   312 D         : [ACDB Command]->ACDB Sw Major = 5, ACDB Sw Minor = 0, ACDB Sw Revision = 6
03-29 21:49:31.932   312   312 D         : [ACDB Command]->ACDB File Major = 3, ACDB File Minor = 0, ACDB File Revision = 2
03-29 21:49:31.935   312   312 D         : [ACDB Command]->SW Minor/Major/Revision version info for /etc/acdbdata/MTP/MTP_General_cal.acdb
03-29 21:49:31.935   312   312 D         : [ACDB Command]->ACDB Sw Major = 5, ACDB Sw Minor = 0, ACDB Sw Revision = 6
03-29 21:49:31.935   312   312 D         : [ACDB Command]->ACDB File Major = 3, ACDB File Minor = 0, ACDB File Revision = 2
03-29 21:49:31.937   312   312 D         : [ACDB Command]->SW Minor/Major/Revision version info for /etc/acdbdata/MTP/MTP_Global_cal.acdb
03-29 21:49:31.937   312   312 D         : [ACDB Command]->ACDB Sw Major = 5, ACDB Sw Minor = 0, ACDB Sw Revision = 6
03-29 21:49:31.937   312   312 D         : [ACDB Command]->ACDB File Major = 3, ACDB File Minor = 0, ACDB File Revision = 2
03-29 21:49:31.939   312   312 I mediaserver: type=1400 audit(0.0:9): avc: denied { read write } for name="diag" dev="tmpfs" ino=7134 scontext=u:r:mediaserver:s0 tcontext=u:object_r:diag_device:s0 tclass=chr_file permissive=1
03-29 21:49:31.939   312   312 I mediaserver: type=1400 audit(0.0:10): avc: denied { open } for path="/dev/diag" dev="tmpfs" ino=7134 scontext=u:r:mediaserver:s0 tcontext=u:object_r:diag_device:s0 tclass=chr_file permissive=1
03-29 21:49:31.939   312   312 I mediaserver: type=1400 audit(0.0:11): avc: denied { ioctl } for path="/dev/diag" dev="tmpfs" ino=7134 ioctlcmd=20 scontext=u:r:mediaserver:s0 tcontext=u:object_r:diag_device:s0 tclass=chr_file permissive=1
03-29 21:49:31.942   312   312 D         : [ACDB Command]->SW Minor/Major/Revision version info for /etc/acdbdata/MTP/MTP_Handset_cal.acdb
03-29 21:49:31.942   312   312 D         : [ACDB Command]->ACDB Sw Major = 5, ACDB Sw Minor = 0, ACDB Sw Revision = 6
03-29 21:49:31.942   312   312 D         : [ACDB Command]->ACDB File Major = 3, ACDB File Minor = 0, ACDB File Revision = 2
03-29 21:49:31.943   312   312 D         : [ACDB Command]->SW Minor/Major/Revision version info for /etc/acdbdata/MTP/MTP_Hdmi_cal.acdb
03-29 21:49:31.943   312   312 D         : [ACDB Command]->ACDB Sw Major = 5, ACDB Sw Minor = 0, ACDB Sw Revision = 6
03-29 21:49:31.943   312   312 D         : [ACDB Command]->ACDB File Major = 3, ACDB File Minor = 0, ACDB File Revision = 2
03-29 21:49:31.947   312   312 D         : [ACDB Command]->SW Minor/Major/Revision version info for /etc/acdbdata/MTP/MTP_Headset_cal.acdb
03-29 21:49:31.947   312   312 D         : [ACDB Command]->ACDB Sw Major = 5, ACDB Sw Minor = 0, ACDB Sw Revision = 6
03-29 21:49:31.947   312   312 D         : [ACDB Command]->ACDB File Major = 3, ACDB File Minor = 0, ACDB File Revision = 2
03-29 21:49:31.953   312   312 D         : [ACDB Command]->SW Minor/Major/Revision version info for /etc/acdbdata/MTP/MTP_Speaker_cal.acdb
03-29 21:49:31.953   312   312 D         : [ACDB Command]->ACDB Sw Major = 5, ACDB Sw Minor = 0, ACDB Sw Revision = 6
03-29 21:49:31.953   312   312 D         : [ACDB Command]->ACDB File Major = 3, ACDB File Minor = 0, ACDB File Revision = 2
03-29 21:49:31.953   312   312 D ACDB-LOADER: ACDB -> ACPH INIT
03-29 21:49:31.954   312   312 D         : [ACPH]->Online service registered with ACPH
03-29 21:49:31.960   312   312 D         : [ACPH]->ACPH init success
03-29 21:49:31.961   312   312 D ACDB-LOADER: ACDB -> RTAC INIT
03-29 21:49:31.961   312   312 D         : [ACPH]->DSP RTC service registered with ACPH
03-29 21:49:31.961   312   312 D ACDB-LOADER: ACDB -> MCS, FTS INIT
03-29 21:49:31.961   312   312 E MCS-RT-CTL: Can't open the configuration file /system/etc/aanc_tuning_mixer.txt.
03-29 21:49:31.961   312   312 E ACDB-MCS: acdb_mcs_init: MCS routing control initialization failed.
03-29 21:49:31.961   312   312 D         : [ACPH]->FTS RTC service registered with ACPH
03-29 21:49:31.961   312   312 D ACDB-LOADER: ACDB -> ADIE RTAC INIT
03-29 21:49:31.961   312   312 D         : [ACPH]->ADIE RTC service registered with ACPH
03-29 21:49:31.961   312   312 D ACDB-LOADER: ACDB -> send_meta_info, lic 0
03-29 21:49:31.961   312   312 D         : Invalid Global file. It doesnt contain LUT for tblid 00000016 
03-29 21:49:31.961   312   312 D         : Failed to fetch the lookup information of the MetaInfo table
03-29 21:49:31.961   312   312 D         : Output from GetMetaInfoSize command : 0
03-29 21:49:31.974   312   312 D ACDB-LOADER: ACDB -> send_adm_custom_topology
03-29 21:49:31.975   312   312 D ACDB-LOADER: ACDB -> ACDB_CMD_GET_AUDIO_COPP_TOPOLOGIES
03-29 21:49:31.975   312   312 D ACDB-LOADER: ACDB -> AUDIO_SET_ADM_CUSTOM_TOPOLOGY
03-29 21:49:31.975   312   312 D ACDB-LOADER: ACDB -> send_asm_custom_topology
03-29 21:49:31.975   312   312 D ACDB-LOADER: ACDB -> ACDB_CMD_GET_AUDIO_POPP_TOPOLOGIES
03-29 21:49:31.975   312   312 D ACDB-LOADER: ACDB -> AUDIO_SET_ASM_CUSTOM_TOPOLOGY
03-29 21:49:31.975   312   312 D ACDB-LOADER: ACDB -> send_lsm_custom_topology
03-29 21:49:31.975   312   312 D ACDB-LOADER: ACDB -> ACDB_CMD_GET_LSM_TOPOLOGIES
03-29 21:49:31.975   312   312 D         : ACDBFILE_MGR: Property for the pid 000130DF not found
03-29 21:49:31.975   312   312 D         : ACDB_COMMAND: Failed to fetch the property info for pid 000130DF 
03-29 21:49:31.975   312   312 E ACDB-LOADER: Error: ACDB get lsm custom topologies returned = -18
03-29 21:49:31.975   312   312 D ACDB-LOADER: ACDB -> AUDIO_SET_LSM_CUSTOM_TOPOLOGY
03-29 21:49:31.975   312   312 D ACDB-LOADER: ACDB -> send_meta_info Enter
03-29 21:49:31.975   312   312 E ACDB-LOADER: Fail to allocate memory for metainfo
03-29 21:49:31.975   312   312 D ACDB-LOADER: ACDB -> init done!
03-29 21:49:31.977   312   312 E ext_speaker: open_speaker_bundle: DLOPEN failed for /system/lib/soundfx/libspeakerbundle.so
03-29 21:49:31.998   312   312 D tfa98xx : [NXP] exTfa98xx_calibration ENTER
03-29 21:49:32.001   312   312 D tfa98xx : Loaded container file calibration Tfa98xx.cnt.
03-29 21:49:32.111   312   312 D         : tfa98xxCalibrationEx: status: 0x885f, err : 0, line: 499
03-29 21:49:32.116   312   312 D         : tfa98xxCalibrationEx: status: 0x885f, err : 0, line: 515, re25: 8.00
03-29 21:49:32.116   312   312 D         : DSP has calibrated before, 8.00 ohm
03-29 21:49:32.166   306   306 I SELinux : SELinux: Loaded service_contexts from /service_contexts.
03-29 21:49:32.247   312   312 D         : tfa98xxCalibrationEx: re25 = 8.00, line = 596
03-29 21:49:32.249   312   312 D tfa98xx : handles 0
03-29 21:49:32.249   312   312 D tfa98xx : [NXP] exTfa98xx status reg is 0xd05f
03-29 21:49:32.249   312   312 D tfa98xx : status checking ok
03-29 21:49:32.285   312   312 D         : FUNC: tfaRunMuteAmplifier, LINE: 633 status = 0xc05f
03-29 21:49:32.286   312   312 D tfa98xx : [NXP] exTfa98xx_calibration END Calibration is done!
03-29 21:49:32.293   312   312 I AudioFlinger: loadHwModule() Loaded primary audio interface from QCOM Audio HAL (audio) handle 1
03-29 21:49:32.293   312   312 I AudioFlinger: openOutput(), module 1 Device 2, SamplingRate 48000, Format 0x000001, Channels 3, flags a
03-29 21:49:32.293   312   312 I AudioFlinger: AudioStreamOut::open(), mHalFormatIsLinearPcm = 1
03-29 21:49:32.294   312   312 I AudioFlinger: HAL output buffer size 1920 frames, normal sink buffer size 1920 frames
03-29 21:49:32.331   312   312 W EffectsFactory: loadLibrary() failed to open /vendor/lib/soundfx/libqcbassboost.so
03-29 21:49:32.331   312   312 W EffectsFactory: loadLibrary() failed to open /vendor/lib/soundfx/libqcvirt.so
03-29 21:49:32.331   312   312 W EffectsFactory: loadLibrary() failed to open /vendor/lib/soundfx/libqcreverb.so
03-29 21:49:32.357   312   312 W EffectsFactory: addSubEffect() could not get library qcbassboost
03-29 21:49:32.357   312   312 W EffectsFactory: loadEffect() could not add subEffect 
03-29 21:49:32.358   312   312 W EffectsFactory: addSubEffect() could not get library qcvirt
03-29 21:49:32.358   312   312 W EffectsFactory: loadEffect() could not add subEffect 
03-29 21:49:32.358   312   312 W EffectsFactory: addSubEffect() could not get library qcreverb
03-29 21:49:32.358   312   312 W EffectsFactory: loadEffect() could not add subEffect 
03-29 21:49:32.358   312   312 W EffectsFactory: addSubEffect() could not get library qcreverb
03-29 21:49:32.358   312   312 W EffectsFactory: loadEffect() could not add subEffect 
03-29 21:49:32.358   312   312 W EffectsFactory: addSubEffect() could not get library qcreverb
03-29 21:49:32.358   312   312 W EffectsFactory: loadEffect() could not add subEffect 
03-29 21:49:32.358   312   312 W EffectsFactory: addSubEffect() could not get library qcreverb
03-29 21:49:32.358   312   312 W EffectsFactory: loadEffect() could not add subEffect 
03-29 21:49:32.360   312   312 I BufferProvider: found effect "Multichannel Downmix To Stereo" from The Android Open Source Project
03-29 21:49:32.360   312   312 I AudioFlinger: Using module 1 has the primary audio interface
03-29 21:49:32.364   312   480 I AudioFlinger: AudioFlinger's thread 0xb4080000 ready to run
03-29 21:49:32.364   312   480 D audio_hw_primary: out_set_parameters: enter: usecase(0: deep-buffer-playback) kvpairs: routing=2
03-29 21:49:32.365   312   480 E AudioFlinger: no wake lock to update!
