03-29 21:50:44.020   720   759 I DisplayManagerService: Display device changed state: "Built-in Screen", DOZE
03-29 21:50:44.020   307   307 D SurfaceFlinger: Set power mode=1, type=0 flinger=0xb6aa4000
03-29 21:50:44.021   307   393 I qdhwcomposer: handle_blank_event: dpy:0 panel power state: 2
03-29 21:50:44.141   720   759 I DisplayManagerService: Display device changed state: "Built-in Screen", DOZE_SUSPEND
03-29 21:50:44.144   307   307 D SurfaceFlinger: Set power mode=3, type=0 flinger=0xb6aa4000
03-29 21:50:44.144   307   393 I qdhwcomposer: handle_blank_event: dpy:0 panel power state: 2
03-29 21:50:44.509   720   759 I DisplayManagerService: Display device changed state: "Built-in Screen", DOZE
03-29 21:50:44.509   307   307 D SurfaceFlinger: Set power mode=1, type=0 flinger=0xb6aa4000
03-29 21:50:44.509   307   393 I qdhwcomposer: handle_blank_event: dpy:0 panel power state: 2
03-29 21:50:44.629   720   759 I DisplayManagerService: Display device changed state: "Built-in Screen", DOZE_SUSPEND
03-29 21:50:44.632   307   307 D SurfaceFlinger: Set power mode=3, type=0 flinger=0xb6aa4000
03-29 21:50:44.632   307   393 I qdhwcomposer: handle_blank_event: dpy:0 panel power state: 2
03-29 21:50:45.016   307   307 D SurfaceFlinger: Set power mode=1, type=0 flinger=0xb6aa4000
03-29 21:50:45.016   720   759 I DisplayManagerService: Display device changed state: "Built-in Screen", DOZE
03-29 21:50:45.016   307   393 I qdhwcomposer: handle_blank_event: dpy:0 panel power state: 2
03-29 21:50:45.136   307   307 D SurfaceFlinger: Set power mode=3, type=0 flinger=0xb6aa4000
03-29 21:50:45.136   720   759 I DisplayManagerService: Display device changed state: "Built-in Screen", DOZE_SUSPEND
03-29 21:50:45.137   307   393 I qdhwcomposer: handle_blank_event: dpy:0 panel power state: 2
03-29 21:50:45.506   307   307 D SurfaceFlinger: Set power mode=1, type=0 flinger=0xb6aa4000
03-29 21:50:45.506   720   759 I DisplayManagerService: Display device changed state: "Built-in Screen", DOZE
03-29 21:50:45.506   307   393 I qdhwcomposer: handle_blank_event: dpy:0 panel power state: 2
03-29 21:50:45.626   720   759 I DisplayManagerService: Display device changed state: "Built-in Screen", DOZE_SUSPEND
03-29 21:50:45.627   307   307 D SurfaceFlinger: Set power mode=3, type=0 flinger=0xb6aa4000
03-29 21:50:45.627   307   393 I qdhwcomposer: handle_blank_event: dpy:0 panel power state: 2
03-29 21:50:46.014   720   759 I DisplayManagerService: Display device changed state: "Built-in Screen", DOZE
03-29 21:50:46.014   307   307 D SurfaceFlinger: Set power mode=1, type=0 flinger=0xb6aa4000
03-29 21:50:46.014   307   393 I qdhwcomposer: handle_blank_event: dpy:0 panel power state: 2
03-29 21:50:46.134   720   759 I DisplayManagerService: Display device changed state: "Built-in Screen", DOZE_SUSPEND
03-29 21:50:46.134   307   307 D SurfaceFlinger: Set power mode=3, type=0 flinger=0xb6aa4000
03-29 21:50:46.134   307   393 I qdhwcomposer: handle_blank_event: dpy:0 panel power state: 2
03-29 21:50:46.504   720   759 I DisplayManagerService: Display device changed state: "Built-in Screen", DOZE
03-29 21:50:46.504   307   307 D SurfaceFlinger: Set power mode=1, type=0 flinger=0xb6aa4000
03-29 21:50:46.504   307   393 I qdhwcomposer: handle_blank_event: dpy:0 panel power state: 2
03-29 21:50:46.624   307   307 D SurfaceFlinger: Set power mode=3, type=0 flinger=0xb6aa4000
03-29 21:50:46.624   307   393 I qdhwcomposer: handle_blank_event: dpy:0 panel power state: 2
03-29 21:50:46.624   720   759 I DisplayManagerService: Display device changed state: "Built-in Screen", DOZE_SUSPEND
03-29 21:50:47.010   720   759 I DisplayManagerService: Display device changed state: "Built-in Screen", DOZE
03-29 21:50:47.012   307   307 D SurfaceFlinger: Set power mode=1, type=0 flinger=0xb6aa4000
03-29 21:50:47.012   307   393 I qdhwcomposer: handle_blank_event: dpy:0 panel power state: 2
03-29 21:50:47.131   720   759 I DisplayManagerService: Display device changed state: "Built-in Screen", DOZE_SUSPEND
03-29 21:50:47.132   307   307 D SurfaceFlinger: Set power mode=3, type=0 flinger=0xb6aa4000
03-29 21:50:47.132   307   393 I qdhwcomposer: handle_blank_event: dpy:0 panel power state: 2
03-29 21:50:47.518   720   759 I DisplayManagerService: Display device changed state: "Built-in Screen", DOZE
03-29 21:50:47.518   307   307 D SurfaceFlinger: Set power mode=1, type=0 flinger=0xb6aa4000
03-29 21:50:47.519   307   393 I qdhwcomposer: handle_blank_event: dpy:0 panel power state: 2
03-29 21:50:47.639   720   759 I DisplayManagerService: Display device changed state: "Built-in Screen", DOZE_SUSPEND
03-29 21:50:47.639   307   307 D SurfaceFlinger: Set power mode=3, type=0 flinger=0xb6aa4000
03-29 21:50:47.640   307   393 I qdhwcomposer: handle_blank_event: dpy:0 panel power state: 2
03-29 21:50:48.008   720   759 I DisplayManagerService: Display device changed state: "Built-in Screen", DOZE
03-29 21:50:48.008   307   307 D SurfaceFlinger: Set power mode=1, type=0 flinger=0xb6aa4000
03-29 21:50:48.009   307   393 I qdhwcomposer: handle_blank_event: dpy:0 panel power state: 2
03-29 21:50:48.129   720   759 I DisplayManagerService: Display device changed state: "Built-in Screen", DOZE_SUSPEND
03-29 21:50:48.134   307   307 D SurfaceFlinger: Set power mode=3, type=0 flinger=0xb6aa4000
03-29 21:50:48.134   307   393 I qdhwcomposer: handle_blank_event: dpy:0 panel power state: 2
03-29 21:50:48.516   307   307 D SurfaceFlinger: Set power mode=1, type=0 flinger=0xb6aa4000
03-29 21:50:48.516   307   393 I qdhwcomposer: handle_blank_event: dpy:0 panel power state: 2
03-29 21:50:48.516   720   759 I DisplayManagerService: Display device changed state: "Built-in Screen", DOZE
03-29 21:50:48.637   720   759 I DisplayManagerService: Display device changed state: "Built-in Screen", DOZE_SUSPEND
03-29 21:50:48.638   307   307 D SurfaceFlinger: Set power mode=3, type=0 flinger=0xb6aa4000
03-29 21:50:48.639   307   393 I qdhwcomposer: handle_blank_event: dpy:0 panel power state: 2
03-29 21:50:49.006   307   307 D SurfaceFlinger: Set power mode=1, type=0 flinger=0xb6aa4000
03-29 21:50:49.006   720   759 I DisplayManagerService: Display device changed state: "Built-in Screen", DOZE
03-29 21:50:49.006   307   393 I qdhwcomposer: handle_blank_event: dpy:0 panel power state: 2
03-29 21:50:49.125   720   759 I DisplayManagerService: Display device changed state: "Built-in Screen", DOZE_SUSPEND
03-29 21:50:49.126   307   307 D SurfaceFlinger: Set power mode=3, type=0 flinger=0xb6aa4000
03-29 21:50:49.126   307   393 I qdhwcomposer: handle_blank_event: dpy:0 panel power state: 2
03-29 21:50:49.513   307   307 D SurfaceFlinger: Set power mode=1, type=0 flinger=0xb6aa4000
03-29 21:50:49.513   720   759 I DisplayManagerService: Display device changed state: "Built-in Screen", DOZE
03-29 21:50:49.513   307   393 I qdhwcomposer: handle_blank_event: dpy:0 panel power state: 2
03-29 21:50:49.634   720   759 I DisplayManagerService: Display device changed state: "Built-in Screen", DOZE_SUSPEND
03-29 21:50:49.634   307   307 D SurfaceFlinger: Set power mode=3, type=0 flinger=0xb6aa4000
03-29 21:50:49.634   307   393 I qdhwcomposer: handle_blank_event: dpy:0 panel power state: 2
03-29 21:50:50.003   307   307 D SurfaceFlinger: Set power mode=1, type=0 flinger=0xb6aa4000
03-29 21:50:50.003   307   393 I qdhwcomposer: handle_blank_event: dpy:0 panel power state: 2
03-29 21:50:50.006   720   759 I DisplayManagerService: Display device changed state: "Built-in Screen", DOZE
03-29 21:50:50.123   720   759 I DisplayManagerService: Display device changed state: "Built-in Screen", DOZE_SUSPEND
03-29 21:50:50.124   307   307 D SurfaceFlinger: Set power mode=3, type=0 flinger=0xb6aa4000
03-29 21:50:50.124   307   393 I qdhwcomposer: handle_blank_event: dpy:0 panel power state: 2
03-29 21:50:50.510   720   759 I DisplayManagerService: Display device changed state: "Built-in Screen", DOZE
03-29 21:50:50.510   307   307 D SurfaceFlinger: Set power mode=1, type=0 flinger=0xb6aa4000
03-29 21:50:50.510   307   393 I qdhwcomposer: handle_blank_event: dpy:0 panel power state: 2
03-29 21:50:50.631   720   759 I DisplayManagerService: Display device changed state: "Built-in Screen", DOZE_SUSPEND
03-29 21:50:50.631   307   307 D SurfaceFlinger: Set power mode=3, type=0 flinger=0xb6aa4000
03-29 21:50:50.631   307   393 I qdhwcomposer: handle_blank_event: dpy:0 panel power state: 2
03-29 21:50:51.019   720   759 I DisplayManagerService: Display device changed state: "Built-in Screen", DOZE
03-29 21:50:51.019   307   307 D SurfaceFlinger: Set power mode=1, type=0 flinger=0xb6aa4000
03-29 21:50:51.019   307   393 I qdhwcomposer: handle_blank_event: dpy:0 panel power state: 2
03-29 21:50:51.137   720   759 I DisplayManagerService: Display device changed state: "Built-in Screen", DOZE_SUSPEND
03-29 21:50:51.143   307   307 D SurfaceFlinger: Set power mode=3, type=0 flinger=0xb6aa4000
03-29 21:50:51.143   307   393 I qdhwcomposer: handle_blank_event: dpy:0 panel power state: 2
03-29 21:50:51.508   307   307 D SurfaceFlinger: Set power mode=1, type=0 flinger=0xb6aa4000
03-29 21:50:51.508   307   393 I qdhwcomposer: handle_blank_event: dpy:0 panel power state: 2
03-29 21:50:51.508   720   759 I DisplayManagerService: Display device changed state: "Built-in Screen", DOZE
03-29 21:50:51.628   720   759 I DisplayManagerService: Display device changed state: "Built-in Screen", DOZE_SUSPEND
03-29 21:50:51.630   307   307 D SurfaceFlinger: Set power mode=3, type=0 flinger=0xb6aa4000
03-29 21:50:51.630   307   393 I qdhwcomposer: handle_blank_event: dpy:0 panel power state: 2
03-29 21:50:52.015   720   759 I DisplayManagerService: Display device changed state: "Built-in Screen", DOZE
03-29 21:50:52.015   307   307 D SurfaceFlinger: Set power mode=1, type=0 flinger=0xb6aa4000
03-29 21:50:52.015   307   393 I qdhwcomposer: handle_blank_event: dpy:0 panel power state: 2
03-29 21:50:52.136   720   759 I DisplayManagerService: Display device changed state: "Built-in Screen", DOZE_SUSPEND
03-29 21:50:52.136   307   307 D SurfaceFlinger: Set power mode=3, type=0 flinger=0xb6aa4000
03-29 21:50:52.136   307   393 I qdhwcomposer: handle_blank_event: dpy:0 panel power state: 2
03-29 21:50:52.206   984   994 I art     : CollectorTransition marksweep + semispace GC freed 228(-66KB) AllocSpace objects, 0(0B) LOS objects, 24% free, 5MB/7MB, paused 15.434ms total 15.434ms
03-29 21:50:52.505   307   307 D SurfaceFlinger: Set power mode=1, type=0 flinger=0xb6aa4000
03-29 21:50:52.505   720   759 I DisplayManagerService: Display device changed state: "Built-in Screen", DOZE
03-29 21:50:52.505   307   393 I qdhwcomposer: handle_blank_event: dpy:0 panel power state: 2
03-29 21:50:52.626   720   759 I DisplayManagerService: Display device changed state: "Built-in Screen", DOZE_SUSPEND
03-29 21:50:52.629   307   307 D SurfaceFlinger: Set power mode=3, type=0 flinger=0xb6aa4000
03-29 21:50:52.629   307   393 I qdhwcomposer: handle_blank_event: dpy:0 panel power state: 2
03-29 21:50:53.012   720   759 I DisplayManagerService: Display device changed state: "Built-in Screen", DOZE
03-29 21:50:53.013   307   307 D SurfaceFlinger: Set power mode=1, type=0 flinger=0xb6aa4000
03-29 21:50:53.014   307   393 I qdhwcomposer: handle_blank_event: dpy:0 panel power state: 2
03-29 21:50:53.133   720   759 I DisplayManagerService: Display device changed state: "Built-in Screen", DOZE_SUSPEND
03-29 21:50:53.133   307   307 D SurfaceFlinger: Set power mode=3, type=0 flinger=0xb6aa4000
03-29 21:50:53.133   307   393 I qdhwcomposer: handle_blank_event: dpy:0 panel power state: 2
03-29 21:50:53.502   720   759 I DisplayManagerService: Display device changed state: "Built-in Screen", DOZE
03-29 21:50:53.502   307   307 D SurfaceFlinger: Set power mode=1, type=0 flinger=0xb6aa4000
03-29 21:50:53.502   307   393 I qdhwcomposer: handle_blank_event: dpy:0 panel power state: 2
03-29 21:50:53.623   720   759 I DisplayManagerService: Display device changed state: "Built-in Screen", DOZE_SUSPEND
03-29 21:50:53.623   307   307 D SurfaceFlinger: Set power mode=3, type=0 flinger=0xb6aa4000
03-29 21:50:53.623   307   393 I qdhwcomposer: handle_blank_event: dpy:0 panel power state: 2
03-29 21:50:54.009   720   759 I DisplayManagerService: Display device changed state: "Built-in Screen", DOZE
03-29 21:50:54.010   307   307 D SurfaceFlinger: Set power mode=1, type=0 flinger=0xb6aa4000
03-29 21:50:54.010   307   393 I qdhwcomposer: handle_blank_event: dpy:0 panel power state: 2
03-29 21:50:54.130   307   307 D SurfaceFlinger: Set power mode=3, type=0 flinger=0xb6aa4000
03-29 21:50:54.130   720   759 I DisplayManagerService: Display device changed state: "Built-in Screen", DOZE_SUSPEND
03-29 21:50:54.130   307   393 I qdhwcomposer: handle_blank_event: dpy:0 panel power state: 2
03-29 21:50:54.517   307   307 D SurfaceFlinger: Set power mode=1, type=0 flinger=0xb6aa4000
03-29 21:50:54.517   720   759 I DisplayManagerService: Display device changed state: "Built-in Screen", DOZE
03-29 21:50:54.517   307   393 I qdhwcomposer: handle_blank_event: dpy:0 panel power state: 2
03-29 21:50:54.638   720   759 I DisplayManagerService: Display device changed state: "Built-in Screen", DOZE_SUSPEND
03-29 21:50:54.638   307   307 D SurfaceFlinger: Set power mode=3, type=0 flinger=0xb6aa4000
03-29 21:50:54.638   307   393 I qdhwcomposer: handle_blank_event: dpy:0 panel power state: 2
03-29 21:50:55.007   307   307 D SurfaceFlinger: Set power mode=1, type=0 flinger=0xb6aa4000
03-29 21:50:55.007   307   393 I qdhwcomposer: handle_blank_event: dpy:0 panel power state: 2
03-29 21:50:55.008   720   759 I DisplayManagerService: Display device changed state: "Built-in Screen", DOZE
03-29 21:50:55.128   720   759 I DisplayManagerService: Display device changed state: "Built-in Screen", DOZE_SUSPEND
03-29 21:50:55.130   307   307 D SurfaceFlinger: Set power mode=3, type=0 flinger=0xb6aa4000
03-29 21:50:55.130   307   393 I qdhwcomposer: handle_blank_event: dpy:0 panel power state: 2
03-29 21:50:55.514   720   759 I DisplayManagerService: Display device changed state: "Built-in Screen", DOZE
03-29 21:50:55.514   307   307 D SurfaceFlinger: Set power mode=1, type=0 flinger=0xb6aa4000
03-29 21:50:55.514   307   393 I qdhwcomposer: handle_blank_event: dpy:0 panel power state: 2
03-29 21:50:55.635   720   759 I DisplayManagerService: Display device changed state: "Built-in Screen", DOZE_SUSPEND
03-29 21:50:55.635   307   307 D SurfaceFlinger: Set power mode=3, type=0 flinger=0xb6aa4000
03-29 21:50:55.635   307   393 I qdhwcomposer: handle_blank_event: dpy:0 panel power state: 2
03-29 21:50:55.902   720   745 I ActivityManager: Waited long enough for: ServiceRecord{787f268 u0 com.huawei.dailytrack/.service.HealthSensorService}
03-29 21:50:55.902   720   745 I BroadcastQueue: Resuming delayed broadcast
03-29 21:50:55.906   720  1316 I BroadcastQueue: Delay finish: com.android.providers.downloads/.DownloadReceiver
03-29 21:50:55.912   720   734 I BroadcastQueue: Resuming delayed broadcast
03-29 21:50:55.925   720   734 I ActivityManager: Start proc 1415:com.huawei.bone/u0a19 for broadcast com.huawei.bone/.transport.service.BootReceiver
03-29 21:50:55.971  1415  1415 W System  : ClassLoader referenced unknown path: /system/priv-app/HwWearable/lib/arm
03-29 21:50:56.004   307   307 D SurfaceFlinger: Set power mode=1, type=0 flinger=0xb6aa4000
03-29 21:50:56.004   720   759 I DisplayManagerService: Display device changed state: "Built-in Screen", DOZE
03-29 21:50:56.005   307   393 I qdhwcomposer: handle_blank_event: dpy:0 panel power state: 2
03-29 21:50:56.009  1415  1415 I HwWearApp: BootReceiver::onReceive() enter, action = android.intent.action.BOOT_COMPLETED
03-29 21:50:56.012  1415  1415 I HwWearApp: BootReceiver::onReceive() start TransportService
03-29 21:50:56.012   720  1314 I BroadcastQueue: Delay finish: com.huawei.bone/.transport.service.BootReceiver
03-29 21:50:56.013  1415  1415 I HwWearApp: TransportService::onCreate()
03-29 21:50:56.013  1415  1415 I HwWearApp: TransportService::init()
03-29 21:50:56.019  1415  1415 I HwWearApp: TransportService::init() create GoogleApiClient...
03-29 21:50:56.089  1415  1415 I HwWearApp: TransportService::onConnected() Bundle=null
03-29 21:50:56.125   720   759 I DisplayManagerService: Display device changed state: "Built-in Screen", DOZE_SUSPEND
03-29 21:50:56.126   307   307 D SurfaceFlinger: Set power mode=3, type=0 flinger=0xb6aa4000
03-29 21:50:56.127   307   393 I qdhwcomposer: handle_blank_event: dpy:0 panel power state: 2
03-29 21:50:56.512   720   759 I DisplayManagerService: Display device changed state: "Built-in Screen", DOZE
03-29 21:50:56.515   307   307 D SurfaceFlinger: Set power mode=1, type=0 flinger=0xb6aa4000
03-29 21:50:56.515   307   393 I qdhwcomposer: handle_blank_event: dpy:0 panel power state: 2
03-29 21:50:56.632   720   759 I DisplayManagerService: Display device changed state: "Built-in Screen", DOZE_SUSPEND
03-29 21:50:56.633   307   307 D SurfaceFlinger: Set power mode=3, type=0 flinger=0xb6aa4000
03-29 21:50:56.633   307   393 I qdhwcomposer: handle_blank_event: dpy:0 panel power state: 2
03-29 21:50:57.019   720   759 I DisplayManagerService: Display device changed state: "Built-in Screen", DOZE
03-29 21:50:57.019   307   307 D SurfaceFlinger: Set power mode=1, type=0 flinger=0xb6aa4000
03-29 21:50:57.019   307   393 I qdhwcomposer: handle_blank_event: dpy:0 panel power state: 2
03-29 21:50:57.129  1408  1408 I sh      : type=1400 audit(0.0:27): avc: denied { getattr } for path="/system/bin/logd" dev="mmcblk0p24" ino=159 scontext=u:r:shell:s0 tcontext=u:object_r:logd_exec:s0 tclass=file permissive=1
03-29 21:50:57.140   720   759 I DisplayManagerService: Display device changed state: "Built-in Screen", DOZE_SUSPEND
03-29 21:50:57.140   307   307 D SurfaceFlinger: Set power mode=3, type=0 flinger=0xb6aa4000
03-29 21:50:57.141   307   393 I qdhwcomposer: handle_blank_event: dpy:0 panel power state: 2
03-29 21:50:57.509   720   759 I DisplayManagerService: Display device changed state: "Built-in Screen", DOZE
03-29 21:50:57.509   307   307 D SurfaceFlinger: Set power mode=1, type=0 flinger=0xb6aa4000
03-29 21:50:57.510   307   393 I qdhwcomposer: handle_blank_event: dpy:0 panel power state: 2
03-29 21:50:57.629   720   759 I DisplayManagerService: Display device changed state: "Built-in Screen", DOZE_SUSPEND
03-29 21:50:57.629   307   307 D SurfaceFlinger: Set power mode=3, type=0 flinger=0xb6aa4000
03-29 21:50:57.630   307   393 I qdhwcomposer: handle_blank_event: dpy:0 panel power state: 2
03-29 21:50:58.016   720   759 I DisplayManagerService: Display device changed state: "Built-in Screen", DOZE
03-29 21:50:58.016   307   307 D SurfaceFlinger: Set power mode=1, type=0 flinger=0xb6aa4000
03-29 21:50:58.016   307   393 I qdhwcomposer: handle_blank_event: dpy:0 panel power state: 2
03-29 21:50:58.137   720   759 I DisplayManagerService: Display device changed state: "Built-in Screen", DOZE_SUSPEND
03-29 21:50:58.137   307   307 D SurfaceFlinger: Set power mode=3, type=0 flinger=0xb6aa4000
03-29 21:50:58.137   307   393 I qdhwcomposer: handle_blank_event: dpy:0 panel power state: 2
03-29 21:50:58.506   720   759 I DisplayManagerService: Display device changed state: "Built-in Screen", DOZE
03-29 21:50:58.506   307   307 D SurfaceFlinger: Set power mode=1, type=0 flinger=0xb6aa4000
03-29 21:50:58.506   307   393 I qdhwcomposer: handle_blank_event: dpy:0 panel power state: 2
03-29 21:50:58.627   720   759 I DisplayManagerService: Display device changed state: "Built-in Screen", DOZE_SUSPEND
03-29 21:50:58.633   307   307 D SurfaceFlinger: Set power mode=3, type=0 flinger=0xb6aa4000
03-29 21:50:58.633   307   393 I qdhwcomposer: handle_blank_event: dpy:0 panel power state: 2
03-29 21:50:59.014   720   759 I DisplayManagerService: Display device changed state: "Built-in Screen", DOZE
03-29 21:50:59.016   307   307 D SurfaceFlinger: Set power mode=1, type=0 flinger=0xb6aa4000
03-29 21:50:59.016   307   393 I qdhwcomposer: handle_blank_event: dpy:0 panel power state: 2
03-29 21:50:59.134   720   759 I DisplayManagerService: Display device changed state: "Built-in Screen", DOZE_SUSPEND
03-29 21:50:59.135   307   307 D SurfaceFlinger: Set power mode=3, type=0 flinger=0xb6aa4000
03-29 21:50:59.137   307   393 I qdhwcomposer: handle_blank_event: dpy:0 panel power state: 2
03-29 21:50:59.504   720   759 I DisplayManagerService: Display device changed state: "Built-in Screen", DOZE
03-29 21:50:59.504   307   307 D SurfaceFlinger: Set power mode=1, type=0 flinger=0xb6aa4000
03-29 21:50:59.504   307   393 I qdhwcomposer: handle_blank_event: dpy:0 panel power state: 2
03-29 21:50:59.625   720   759 I DisplayManagerService: Display device changed state: "Built-in Screen", DOZE_SUSPEND
03-29 21:50:59.626   307   307 D SurfaceFlinger: Set power mode=3, type=0 flinger=0xb6aa4000
03-29 21:50:59.626   307   393 I qdhwcomposer: handle_blank_event: dpy:0 panel power state: 2
^C
130|shell@sturgeon:/ $ 

