03-29 21:49:51.938   720   720 D ZenLog  : disable_effects: 0|com.google.android.wearable.app|0|bridged_notification|10004,listenerHints
03-29 21:49:51.957   924  1069 W StreamManager: Dropping non-bitmap icon from notification.
03-29 21:49:52.000   720   720 D ZenLog  : disable_effects: 0|com.google.android.wearable.app|1|bridged_notification|10004,listenerHints
03-29 21:49:52.011   924  1069 W StreamManager: Dropping non-bitmap icon from notification.
03-29 21:49:52.104   905   905 W ContextImpl: Calling a method in the system process without a qualified user: android.app.ContextImpl.sendBroadcast:763 android.content.ContextWrapper.sendBroadcast:396 android.content.ContextWrapper.sendBroadcast:396 com.google.android.clockwork.settings.GpsActivityReceiver.onReceive:64 android.app.ActivityThread.handleReceiver:2725 
03-29 21:49:52.110   924   924 D DynRingOnBodyService: onCreate
03-29 21:49:52.118   720   758 D BluetoothManagerService: Added callback: android.bluetooth.IBluetoothManagerCallback$Stub$Proxy@603324b:true
03-29 21:49:52.119   720   945 D ConnectivityService: listenForNetwork for Listen from uid/pid:10013/954 for NetworkRequest [ id=3, legacyType=-1, [ Capabilities: NOT_RESTRICTED] ]
03-29 21:49:52.124   905   905 E BluetoothDevice: BT not enabled. Cannot get bond state
03-29 21:49:52.158   954  1181 E WakeLock: GCM_HB_ALARM release without a matched acquire!
03-29 21:49:52.158   954  1181 W WakeLock: GCM_HB_ALARM counter does not exist
03-29 21:49:52.172   924   924 D DynRingOnBodyService: onDestroy
03-29 21:49:52.203   924   924 W ResourceType: No package identifier when getting value for resource number 0x00000000
03-29 21:49:52.203   924   924 W AlternativeIcons: Could not find icon ID 0 for com.google.android.wearable.app
03-29 21:49:52.250   924   924 W ResourceType: No package identifier when getting value for resource number 0x00000000
03-29 21:49:52.250   924   924 W AlternativeIcons: Could not find icon ID 0 for com.google.android.wearable.app
03-29 21:49:52.267   924   924 I ClockworkHome.HomeView: Temporary unmute[true], DR feature enabled[false], OnBody[false], PluggedIn[true], ZenMode[false]
03-29 21:49:52.287   720   998 I ActivityManager: Start proc 1183:com.google.android.deskclock/u0a30 for broadcast com.google.android.deskclock/.AlarmInitListener
03-29 21:49:52.358  1183  1183 W System  : ClassLoader referenced unknown path: /system/app/PrebuiltDeskClockMicroApp/lib/arm
03-29 21:49:52.419  1183  1183 I CwAlarm : class com.google.android.deskclock.AlarmGatewayActivity enabled
03-29 21:49:52.420  1183  1183 I CwAlarm : class com.google.android.deskclock.ShowAlarmsActivity enabled
03-29 21:49:52.422  1183  1183 I CwAlarm : class com.google.android.deskclock.SetAlarmActivity enabled
03-29 21:49:52.423  1183  1183 I CwAlarm : class com.google.android.deskclock.TimerGatewayActivity enabled
03-29 21:49:52.424  1183  1183 I CwAlarm : class com.google.android.deskclock.SetTimerActivity enabled
03-29 21:49:52.426  1183  1183 I CwAlarm : class com.google.android.deskclock.StopwatchActivity enabled
03-29 21:49:52.454   720   945 I BroadcastQueue: Delay finish: com.google.android.deskclock/.AlarmInitListener
03-29 21:49:52.484  1183  1199 I CwAlarm : ResetAlarmsService.onHandleIntent=Intent { act=android.intent.action.TIME_SET flg=0x10 cmp=com.google.android.deskclock/.ResetAlarmsService (has extras) }
03-29 21:49:52.524  1183  1199 I CwAlarms: Connected to apiClient
03-29 21:49:52.548  1183  1199 I CwAlarms: Disconnected from apiClient
03-29 21:49:52.549   720   997 I BroadcastQueue: Resuming delayed broadcast
03-29 21:49:52.566   720   998 I ActivityManager: Start proc 1203:com.google.android.gms/u0a13 for service com.google.android.gms/.chimera.GmsIntentOperationService
03-29 21:49:52.610   924   924 I LocaleDependentApps: Enabling application based on locale : com.google.android.clockwork.home.search.apps.weather.WeatherActivity
03-29 21:49:52.676  1183  1183 I CwAlarm : GservicesChangedReceiver, reinitialize values
03-29 21:49:52.680  1183  1183 I CwAlarm : class com.google.android.deskclock.AlarmGatewayActivity enabled
03-29 21:49:52.681  1183  1183 I CwAlarm : class com.google.android.deskclock.ShowAlarmsActivity enabled
03-29 21:49:52.681  1183  1183 I CwAlarm : class com.google.android.deskclock.SetAlarmActivity enabled
03-29 21:49:52.682  1183  1183 I CwAlarm : class com.google.android.deskclock.TimerGatewayActivity enabled
03-29 21:49:52.682  1183  1183 I CwAlarm : class com.google.android.deskclock.SetTimerActivity enabled
03-29 21:49:52.683  1183  1183 I CwAlarm : class com.google.android.deskclock.StopwatchActivity enabled
03-29 21:49:52.956  1203  1203 W DynamiteModule: Local module descriptor class for providerinstaller not found.
03-29 21:49:52.976  1203  1203 W ProviderHelper: Unknown dynamite feature providerinstaller
03-29 21:49:52.983  1203  1203 I DynamiteModule: Considering local module providerinstaller:0 and remote module providerinstaller:0
03-29 21:49:52.983  1203  1203 W ProviderInstaller: Failed to load providerinstaller module: No acceptable module found. Local version is 0 and remote version is 0.
03-29 21:49:52.998  1203  1203 V NativeCrypto: Registering com/google/android/gms/org/conscrypt/NativeCrypto's 286 native methods...
03-29 21:49:53.089  1203  1203 I art     : Rejecting re-init on previously-failed class java.lang.Class<com.google.android.gms.org.conscrypt.Java7ExtendedSSLSession>
03-29 21:49:53.089  1203  1203 I art     : Rejecting re-init on previously-failed class java.lang.Class<com.google.android.gms.org.conscrypt.Java7ExtendedSSLSession>
03-29 21:49:53.089  1203  1203 I art     : Rejecting re-init on previously-failed class java.lang.Class<com.google.android.gms.org.conscrypt.Java8ExtendedSSLSession>
03-29 21:49:53.089  1203  1203 I art     : Rejecting re-init on previously-failed class java.lang.Class<com.google.android.gms.org.conscrypt.Java8ExtendedSSLSession>
03-29 21:49:53.119  1203  1203 I ProviderInstaller: Installed default security provider GmsCore_OpenSSL
03-29 21:49:53.135  1203  1203 I Safeboot: Checking safeboot...
03-29 21:49:53.136  1203  1203 I Safeboot: Not entering safeboot; wrong process.
03-29 21:49:53.199  1203  1203 W wsr     : Primes not initialized, returning default (no-op) Primes instance which will ignore all calls. Please call Primes.initialize(...) before using any Primes API.
03-29 21:49:53.331  1203  1234 I art     : Rejecting re-init on previously-failed class java.lang.Class<hbt>
03-29 21:49:53.331  1203  1234 I art     : Rejecting re-init on previously-failed class java.lang.Class<hbt>
03-29 21:49:53.332  1203  1234 I art     : Rejecting re-init on previously-failed class java.lang.Class<hbt>
03-29 21:49:53.350  1203  1237 I SystemUpdate: [Installation,ReceiverIntentOperation] Received intent: Intent { act=android.intent.action.TIME_SET flg=0x10 cmp=com.google.android.gms/.chimera.GmsIntentOperationService$PersistentTrustedReceiver (has extras) }.
03-29 21:49:53.410  1203  1203 I Backup  : [GmsBackupStatusChangeReceiver] Going to enable gms backup transport.
03-29 21:49:53.430   954  1240 I GCoreUlr: ULR code skipped on unsupported form factor.
03-29 21:49:53.461   954  1155 I Auth    : [AuthManaged,PasswordComplexityHelperImpl] Updating password complexity components state.
03-29 21:49:53.461   954  1155 I Auth    : [AuthManaged,PasswordComplexityHelperImpl] Disabling com.google.android.gms.auth.managed.admin.DeviceAdminReceiver
03-29 21:49:53.466   954  1155 I Auth    : [AuthManaged,PasswordComplexityHelperImpl] Disabling com.google.android.gms.auth.managed.ui.SetNewPasswordActivity
03-29 21:49:53.477   954  1239 I Backup  : [BackupTransportMigratorChimeraService] Starting migration...
03-29 21:49:53.486  1203  1237 W ChimeraUtils: Non Chimera context
03-29 21:49:53.493  1203  1237 W ChimeraUtils: Non Chimera context
03-29 21:49:53.532   954  1144 I NetworkScheduler: Using standalone scheduling engine
03-29 21:49:53.538  1203  1241 I GmsModuleFndr: Beginning GMS chimera module scan
03-29 21:49:53.543  1203  1244 I SystemUpdate: [Execution,InstallationEventIntentOperation] Handling event of type 6.
03-29 21:49:53.559  1203  1236 I SystemUpdate: [Execution,InstallationIntentOperation] Received intent: Intent { act=com.google.android.gms.update.INSTALL_UPDATE cat=[targeted_intent_op_prefix:.update.execution.InstallationIntentOperation] cmp=com.google.android.gms/.chimera.GmsIntentOperationService }.
03-29 21:49:53.578  1203  1241 I ModuleSetMgr: Computing pending module set with APKs: [[Cronetdynamite:200914050300], [Dynamiteloader:200914050000], [Dynamitemodulesa:200914050000], [Dynamitemodulesc:200914050000], [Googlecertificates:200914050000], [Mapsdynamite:200914050000]]
03-29 21:49:53.624  1203  1241 I ModuleSetMgr: Pending container module APKs: []
03-29 21:49:53.624  1203  1241 I ModuleSetMgr: Pending non-container module APKs: []
03-29 21:49:53.766  1203  1237 W SystemUpdate: [Config,SystemUpdatePolicyCompat] Error getting device policy. This might be WAI given that there is a bug in Android framework API.
03-29 21:49:53.767  1203  1236 W SystemUpdate: [Config,SystemUpdatePolicyCompat] Error getting device policy. This might be WAI given that there is a bug in Android framework API.
03-29 21:49:53.783  1203  1244 W ChimeraUtils: Non Chimera context
03-29 21:49:53.793  1203  1236 W SystemUpdate: [Config,SystemUpdatePolicyCompat] Error getting device policy. This might be WAI given that there is a bug in Android framework API.
03-29 21:49:53.794  1203  1236 W SystemUpdate: [Config,SystemUpdatePolicyCompat] Error getting device policy. This might be WAI given that there is a bug in Android framework API.
03-29 21:49:53.795  1203  1236 W SystemUpdate: [Config,SystemUpdatePolicyCompat] Error getting device policy. This might be WAI given that there is a bug in Android framework API.
03-29 21:49:53.807  1203  1236 I SystemUpdate: [Control,InstallationControl] Installation progress updated to (0x110, -1.000).
03-29 21:49:53.841   720   945 I BroadcastQueue: Delay finish: com.google.android.gms/.gcm.nts.SchedulerReceiver
03-29 21:49:53.877  1203  1248 I MdiSyncModule: flag handling is skipping irrelevant intent.
03-29 21:49:53.886   720   720 D ZenLog  : disable_effects: 0|com.google.android.gms|1|com.google.android.gms.update.control.NotificationControl|10013,listenerHints
03-29 21:49:53.890  1203  1248 I SystemUpdate: [Installation,ReceiverIntentOperation] Received intent: Intent { act=com.google.gservices.intent.action.GSERVICES_CHANGED flg=0x10 cmp=com.google.android.gms/.chimera.GmsIntentOperationService$PersistentInternalReceiver }.
03-29 21:49:53.895   924  1069 W StreamManager: Dropping non-bitmap icon from notification.
03-29 21:49:53.897  1203  1251 I Checkin : [EventLogChimeraService] Opted in for usage reporting: false
03-29 21:49:53.906  1203  1251 I Checkin : [EventLogChimeraService] Aggregate from 1585508522707 (log), 1585507051507 (data)
03-29 21:49:53.985  1203  1249 I GmsModuleFndr: Beginning GMS chimera module scan
03-29 21:49:53.989  1203  1249 I ModuleSetMgr: Computing pending module set with APKs: [[Cronetdynamite:200914050300], [Dynamiteloader:200914050000], [Dynamitemodulesa:200914050000], [Dynamitemodulesc:200914050000], [Googlecertificates:200914050000], [Mapsdynamite:200914050000]]
03-29 21:49:53.990  1203  1249 I ModuleSetMgr: Pending container module APKs: []
03-29 21:49:53.990  1203  1249 I ModuleSetMgr: Pending non-container module APKs: []
03-29 21:49:54.019  1203  1241 I SystemUpdate: [Execution,InstallationEventIntentOperation] Handling event of type 2.
03-29 21:49:54.033   924   924 W ResourceType: No package identifier when getting value for resource number 0x00000000
03-29 21:49:54.033   924   924 W AlternativeIcons: Could not find icon ID 0 for com.google.android.gms
03-29 21:49:54.038  1203  1248 W SystemUpdate: [Config,SystemUpdatePolicyCompat] Error getting device policy. This might be WAI given that there is a bug in Android framework API.
03-29 21:49:54.045   720   733 I BroadcastQueue: Resuming delayed broadcast
03-29 21:49:54.087   720   720 D ZenLog  : disable_effects: 0|com.google.android.gms|1|com.google.android.gms.update.control.NotificationControl|10013,listenerHints
03-29 21:49:54.091   924  1069 W StreamManager: Dropping non-bitmap icon from notification.
03-29 21:49:54.106  1203  1236 W SystemUpdate: [Config,SystemUpdatePolicyCompat] Error getting device policy. This might be WAI given that there is a bug in Android framework API.
03-29 21:49:54.123  1203  1241 I SystemUpdate: [Wearable,StatusChangeIntentOperation] Action: com.google.android.gms.update.STATUS_CHANGED, Alt: false, Status: 0x110
03-29 21:49:54.146   720   720 D ZenLog  : disable_effects: 0|com.google.android.gms|1|com.google.android.gms.update.control.NotificationControl|10013,listenerHints
03-29 21:49:54.151   924  1069 W StreamManager: Dropping non-bitmap icon from notification.
03-29 21:49:54.154  1203  1236 I SystemUpdate: [Execution,ExecutionManager] Action non-ab-reboot executed for 0.57 seconds.
03-29 21:49:54.219  1203  1236 I SystemUpdate: [Execution,ExecutionManager] Action fixed-delay-execution executed for 0.05 seconds.
03-29 21:49:54.236  1203  1236 I SystemUpdate: [Execution,InstallationIntentOperation] Received intent: Intent { act=com.google.android.gms.update.INSTALL_UPDATE cat=[targeted_intent_op_prefix:.update.execution.InstallationIntentOperation] cmp=com.google.android.gms/.chimera.GmsIntentOperationService }.
03-29 21:49:54.255   924   924 W ResourceType: No package identifier when getting value for resource number 0x00000000
03-29 21:49:54.256   924   924 W AlternativeIcons: Could not find icon ID 0 for com.google.android.gms
03-29 21:49:54.267  1203  1236 W SystemUpdate: [Config,SystemUpdatePolicyCompat] Error getting device policy. This might be WAI given that there is a bug in Android framework API.
03-29 21:49:54.270  1203  1236 W SystemUpdate: [Config,SystemUpdatePolicyCompat] Error getting device policy. This might be WAI given that there is a bug in Android framework API.
03-29 21:49:54.272  1203  1236 W SystemUpdate: [Config,SystemUpdatePolicyCompat] Error getting device policy. This might be WAI given that there is a bug in Android framework API.
03-29 21:49:54.273  1203  1236 W SystemUpdate: [Config,SystemUpdatePolicyCompat] Error getting device policy. This might be WAI given that there is a bug in Android framework API.
03-29 21:49:54.274  1203  1236 I SystemUpdate: [Execution,ExecutionManager] Action non-ab-reboot executed for 0.04 seconds.
03-29 21:49:54.308  1203  1236 I SystemUpdate: [Execution,ExecutionManager] Action fixed-delay-execution executed for 0.02 seconds.
03-29 21:49:54.376  1203  1251 I MdiSyncModule: Dispatching task '2_PERIODIC'...
03-29 21:49:54.376  1203  1251 I MdiSyncModule: Running singleton-scoped task '2 PERIODIC (2_PERIODIC)'...
03-29 21:49:54.479  1203  1251 I MdiSyncModule: Singleton-scoped task '2 PERIODIC (2_PERIODIC)' finished with result '0'!
03-29 21:49:54.480  1203  1251 I MdiSyncModule: Task '2 PERIODIC (2_PERIODIC)' finished with result '0'!
03-29 21:49:55.285   720   759 I SystemServiceManager: Starting phase 1000
03-29 21:49:55.307   720   759 I ActivityManager: Start proc 1267:com.android.bluetooth/1002 for on-hold
03-29 21:49:55.320   720   783 D WIFI    : Registering NetworkFactory
03-29 21:49:55.321   720   783 D WIFI_UT : Registering NetworkFactory
03-29 21:49:55.321   720   785 D ConnectivityService: Got NetworkFactory Messenger for WIFI
03-29 21:49:55.321   720   785 D ConnectivityService: Got NetworkFactory Messenger for WIFI_UT
03-29 21:49:55.321   720   783 D WIFI    : got request NetworkRequest [ id=1, legacyType=-1, [ Capabilities: INTERNET&NOT_RESTRICTED&TRUSTED&NOT_VPN] ] with score 0
03-29 21:49:55.321   720   783 D WIFI_UT : got request NetworkRequest [ id=1, legacyType=-1, [ Capabilities: INTERNET&NOT_RESTRICTED&TRUSTED&NOT_VPN] ] with score 0
03-29 21:49:55.327   720  1275 I RecoverySystem: No recovery log file
03-29 21:49:55.332   720  1273 W Searchables: No global search activity found
03-29 21:49:55.347   720  1275 I BootReceiver: Copying /sys/fs/pstore/console-ramoops to DropBox (SYSTEM_LAST_KMSG)
03-29 21:49:55.390   924  1282 I LocaleDependentApps: Enabling application based on locale : com.google.android.clockwork.home.search.apps.weather.WeatherActivity
03-29 21:49:55.394   720   998 I BroadcastQueue: Delay finish: com.google.android.deskclock/.BootCompletedReceiver
03-29 21:49:55.404   924  1282 I HatsUtil: Question set 20150611_df not yet asked
03-29 21:49:55.405   924  1282 I HatsUtil: HaTS alarm not scheduled for 20150611_df
03-29 21:49:55.413   924  1282 I HatsUtil: next HaTS trigger set for 2020-04-10 12:49:55
03-29 21:49:55.414  1183  1292 I CwAlarm : class com.google.android.deskclock.AlarmGatewayActivity enabled
03-29 21:49:55.415  1183  1292 I CwAlarm : class com.google.android.deskclock.ShowAlarmsActivity enabled
03-29 21:49:55.415  1183  1292 I CwAlarm : class com.google.android.deskclock.SetAlarmActivity enabled
03-29 21:49:55.418  1183  1292 I CwAlarm : class com.google.android.deskclock.TimerGatewayActivity enabled
03-29 21:49:55.420  1183  1292 I CwAlarm : class com.google.android.deskclock.SetTimerActivity enabled
03-29 21:49:55.420  1183  1292 I CwAlarm : class com.google.android.deskclock.StopwatchActivity enabled
03-29 21:49:55.420   720  1288 I BroadcastQueue: Resuming delayed broadcast
03-29 21:49:55.466   720  1275 I BootReceiver: Copying audit failures to DropBox
03-29 21:49:55.471   720   733 I ActivityManager: Start proc 1295:com.huawei.mercury.chargedetection/u0a2 for broadcast com.huawei.mercury.chargedetection/.ChargeReceiver
03-29 21:49:55.477   720  1275 I BootReceiver: Copied 148 worth of audits to DropBox
03-29 21:49:55.490   720  1275 I BootReceiver: Checking for fsck errors
03-29 21:49:55.519   806   819 I art     : Waiting for a blocking GC DisableMovingGc
03-29 21:49:55.520   806   817 I art     : CollectorTransition marksweep + semispace GC freed 7083(207KB) AllocSpace objects, 0(0B) LOS objects, 25% free, 5MB/7MB, paused 19.299ms total 19.299ms
03-29 21:49:55.520   806   819 I art     : Starting a blocking GC DisableMovingGc
03-29 21:49:55.531  1267  1267 D AdapterServiceConfig: Adding A2dpService
03-29 21:49:55.531  1267  1267 D AdapterServiceConfig: Adding GattService
03-29 21:49:55.575  1295  1295 W System  : ClassLoader referenced unknown path: /system/priv-app/ChargeDetection/lib/arm
03-29 21:49:55.577   924   924 I CompClientService: phone provider not found
03-29 21:49:55.589   720   758 D BluetoothManagerService: Added callback: android.bluetooth.IBluetoothManagerCallback$Stub$Proxy@c241773:true
03-29 21:49:55.589  1267  1267 D BluetoothAdapterState: make() - Creating AdapterState
03-29 21:49:55.592  1267  1267 I bt_bluedroid: init
03-29 21:49:55.593  1267  1312 I BluetoothAdapterState: Entering OffState
03-29 21:49:55.605   720   998 I AccountManagerService: the accounts changed, sending broadcast of android.accounts.LOGIN_ACCOUNTS_CHANGED
03-29 21:49:55.616  1267  1313 I bt_bte_conf: bte_load_ble_conf attempt to load ble stack conf from /etc/bluetooth/ble_stack.conf
03-29 21:49:55.619   720   997 I Telecom : : Sending phone-account unregistered intent as user
03-29 21:49:55.619   924   924 I CompClientService: phone status provider not found
03-29 21:49:55.620  1267  1313 E bt_osi_config: config_new unable to open file '/etc/bluetooth/ble_stack.conf': No such file or directory
03-29 21:49:55.620  1267  1313 I bt_bte_conf: bte_load_ble_conf file >/etc/bluetooth/ble_stack.conf< not found
03-29 21:49:55.621  1267  1313 I bt_stack_config: init attempt to load stack conf from /etc/bluetooth/bt_stack.conf
03-29 21:49:55.623  1295  1295 E ChargeDetection: ChargeReceiver::onReceive() action = android.intent.action.BOOT_COMPLETED
03-29 21:49:55.626   720   997 I BroadcastQueue: Delay finish: com.huawei.mercury.chargedetection/.ChargeReceiver
03-29 21:49:55.627  1267  1267 I bt_bluedroid: get_profile_interface socket
03-29 21:49:55.628  1267  1321 D BluetoothAdapterProperties: Address is:AC:CF:85:C6:24:41
03-29 21:49:55.629  1267  1321 D BluetoothAdapterProperties: Name is: HUAWEI WATCH 1564
03-29 21:49:55.632  1267  1267 I bt_bluedroid: get_profile_interface sdp
03-29 21:49:55.640   720   997 I ActivityManager: START u0 {flg=0x10000000 cmp=com.huawei.mercury.chargedetection/.MainActivity} from uid 10002 on display 0
03-29 21:49:55.651  1267  1284 I bt_bluedroid: config_hci_snoop_log
03-29 21:49:55.657   720   758 D BluetoothManagerService: Broadcasting onBluetoothServiceUp() to 4 receivers.
03-29 21:49:55.663  1267  1312 D BluetoothAdapterState: Current state: OFF, message: 0
03-29 21:49:55.663  1267  1312 D BluetoothAdapterProperties: Setting state to 14
03-29 21:49:55.663  1267  1312 I BluetoothAdapterState: Bluetooth adapter state changed: 10-> 14
03-29 21:49:55.668  1267  1312 D BluetoothBondStateMachine: make
03-29 21:49:55.668   720   734 I ActivityManager: Delaying start of: ServiceRecord{4e3d1c7 u0 com.android.providers.calendar/.EmptyService}
03-29 21:49:55.670  1267  1327 I BluetoothBondStateMachine: StableState(): Entering Off State
03-29 21:49:55.673  1267  1312 I BluetoothAdapterState: Entering PendingCommandState
03-29 21:49:55.674  1267  1267 I BtGatt.JNI: classInitNative(L912): classInitNative: Success!
03-29 21:49:55.678  1267  1267 D BluetoothAdapterService: getAdapterService() - returning com.android.bluetooth.btservice.AdapterService@35ded0b
03-29 21:49:55.679  1267  1267 D BtGatt.DebugUtils: handleDebugAction() action=null
03-29 21:49:55.679  1267  1267 D BtGatt.GattService: Received start request. Starting profile...
03-29 21:49:55.679  1267  1267 D BtGatt.GattService: start()
03-29 21:49:55.679  1267  1267 I bt_bluedroid: get_profile_interface gatt
03-29 21:49:55.680  1267  1267 D BluetoothAdapterService: getAdapterService() - returning com.android.bluetooth.btservice.AdapterService@35ded0b
03-29 21:49:55.681  1267  1267 D BtGatt.AdvertiseManager: advertise manager created
03-29 21:49:55.695  1267  1267 V BluetoothAdapterState: isTurningOff()=false
03-29 21:49:55.695  1267  1267 V BluetoothAdapterState: isTurningOn()=false
03-29 21:49:55.695  1267  1267 V BluetoothAdapterState: isBleTurningOn()=true
03-29 21:49:55.695  1267  1267 V BluetoothAdapterState: isBleTurningOff()=false
03-29 21:49:55.698  1267  1312 D BluetoothAdapterState: Current state: PENDING_COMMAND, message: 4
03-29 21:49:55.700  1267  1312 I bt_bluedroid: bt_bluedroid
03-29 21:49:55.700  1267  1313 D bt_stack_manager: event_start_up_stack is bringing up the stack.
03-29 21:49:55.700  1267  1313 I bt_hci  : start_up
03-29 21:49:55.703   312  1104 D audio_hw_primary: disable_audio_route: reset and update mixer path: audio-record
03-29 21:49:55.707   312  1104 D audio_hw_primary: disable_snd_device: snd_device(63: voice-rec-mic)
03-29 21:49:55.708  1267  1313 I bt_vendor: alloc value 0xac685c59
03-29 21:49:55.708  1267  1313 I bt_vendor: init
03-29 21:49:55.708  1267  1313 I bt_vnd_conf: Attempt to load conf from /etc/bluetooth/bt_vendor.conf
03-29 21:49:55.747  1267  1313 D bt_hci  : start_up starting async portion
03-29 21:49:55.747  1267  1330 I bt_hci  : event_finish_startup
03-29 21:49:55.747  1267  1330 I bt_hci_h4: hal_open
03-29 21:49:55.747  1267  1330 I bt_userial_vendor: userial vendor open: opening /dev/ttyHS0
03-29 21:49:55.749  1295  1332 D OpenGLRenderer: Use EGL_SWAP_BEHAVIOR_PRESERVED: true
03-29 21:49:55.750  1267  1330 I bt_userial_vendor: device fd = 52 open
03-29 21:49:55.792  1267  1330 I bt_hwcfg: bt vendor lib: set UART baud 3000000
03-29 21:49:55.794  1267  1330 I bt_hwcfg: Found patchfile: /vendor/firmware//4343A0.hcd
03-29 21:49:55.804  1295  1332 W Adreno-GSL: <gsl_ldd_control:466>: ioctl fd 20 code 0xc0100940 (IOCTL_KGSL_SYNCSOURCE_CREATE) failed: errno 25 Unknown ioctl code
03-29 21:49:55.805  1295  1332 I Adreno-EGL: <qeglDrvAPI_eglInitialize:379>: QUALCOMM Build: 09/28/15, cb423fe, Ib3272dc427
03-29 21:49:55.807  1295  1332 I OpenGLRenderer: Initialized EGL, version 1.4
03-29 21:49:55.830   924  1307 I ContactsSyncService: Syncing 1387 contacts.
03-29 21:49:55.881   720   759 I ActivityManager: Displayed com.huawei.mercury.chargedetection/.MainActivity: +200ms
03-29 21:49:55.944   924  1320 W PackageChangesService: Package com.google.android.keep depends on 201008000, GMS version is: 200914061
03-29 21:49:55.946   924  1320 W PackageChangesService: Package com.google.android.keep needs newer version of GMS, queuing for later.
03-29 21:49:55.996  1000  1014 I art     : Waiting for a blocking GC DisableMovingGc
03-29 21:49:55.996  1000  1013 I art     : CollectorTransition marksweep + semispace GC freed 497(-40KB) AllocSpace objects, 0(0B) LOS objects, 24% free, 5MB/7MB, paused 17.322ms total 17.322ms
03-29 21:49:55.996  1000  1014 I art     : Starting a blocking GC DisableMovingGc
03-29 21:49:56.112  1267  1330 I bt_hwcfg: bt vendor lib: set UART baud 115200
03-29 21:49:56.112  1267  1330 I bt_hwcfg: Setting fw settlement delay to 100 
03-29 21:49:56.224  1267  1330 I bt_hwcfg: bt vendor lib: set UART baud 3000000
03-29 21:49:56.224  1267  1330 I bt_hwcfg: Setting local bd addr to AC:CF:85:C6:24:41
03-29 21:49:56.225  1267  1330 I bt_hwcfg: vendor lib fwcfg completed
03-29 21:49:56.225  1267  1330 I bt_vendor: firmware callback
03-29 21:49:56.225  1267  1330 I bt_hci  : firmware_config_callback
03-29 21:49:56.230  1267  1339 I bt_btu  : btu_task pending for preload complete event
03-29 21:49:56.230  1267  1339 I bt_btu_task: Bluetooth chip preload is complete
03-29 21:49:56.230  1267  1339 I bt_btu  : btu_task received preload complete event
03-29 21:49:56.232  1267  1339 I         : BTE_InitTraceLevels -- TRC_HCI
03-29 21:49:56.232  1267  1339 I         : BTE_InitTraceLevels -- TRC_L2CAP
03-29 21:49:56.232  1267  1339 I         : BTE_InitTraceLevels -- TRC_RFCOMM
03-29 21:49:56.232  1267  1339 I         : BTE_InitTraceLevels -- TRC_AVDT
03-29 21:49:56.232  1267  1339 I         : BTE_InitTraceLevels -- TRC_AVRC
03-29 21:49:56.232  1267  1339 I         : BTE_InitTraceLevels -- TRC_A2D
03-29 21:49:56.232  1267  1339 I         : BTE_InitTraceLevels -- TRC_BNEP
03-29 21:49:56.232  1267  1339 I         : BTE_InitTraceLevels -- TRC_BTM
03-29 21:49:56.232  1267  1339 I         : BTE_InitTraceLevels -- TRC_GAP
03-29 21:49:56.232  1267  1339 I         : BTE_InitTraceLevels -- TRC_PAN
03-29 21:49:56.232  1267  1339 I         : BTE_InitTraceLevels -- TRC_SDP
03-29 21:49:56.232  1267  1339 I         : BTE_InitTraceLevels -- TRC_GATT
03-29 21:49:56.232  1267  1339 I         : BTE_InitTraceLevels -- TRC_SMP
03-29 21:49:56.232  1267  1339 I         : BTE_InitTraceLevels -- TRC_BTAPP
03-29 21:49:56.232  1267  1339 I         : BTE_InitTraceLevels -- TRC_BTIF
03-29 21:49:56.364  1267  1339 I bt_btm_sec: BTM_SecRegister p_cb_info->p_le_callback == 0x0xac603c45
03-29 21:49:56.364  1267  1339 I bt_btm_sec: BTM_SecRegister btm_cb.api.p_le_callback = 0x0xac603c45 
03-29 21:49:56.369  1267  1321 I bt_btif_storage: btif_storage_get_adapter_property service_mask:0x20000000
03-29 21:49:56.369  1267  1321 D BluetoothAdapterProperties: Address is:AC:CF:85:C6:24:41
03-29 21:49:56.371  1267  1321 D BluetoothAdapterProperties: Name is: HUAWEI WATCH 1564
03-29 21:49:56.372  1267  1321 D BluetoothAdapterProperties: Scan Mode:20
03-29 21:49:56.372  1267  1321 D BluetoothAdapterProperties: Discoverable Timeout:0
03-29 21:49:56.374  1267  1321 D BluetoothAdapterProperties: Adding bonded device:F4:7D:EF:7B:34:2C
03-29 21:49:56.378  1267  1321 E BluetoothRemoteDevices: devicePropertyChangedCallback: bdDevice: F4:7D:EF:7B:34:2C, value is empty for type: 10
03-29 21:49:56.380  1267  1267 I BluetoothHidServiceJni: classInitNative: succeeds
03-29 21:49:56.380  1267  1267 D HidService: getHidService(): service is NULL
03-29 21:49:56.382  1267  1321 D bt_hci  : do_postload posting postload work item
03-29 21:49:56.382  1267  1330 I bt_hci  : event_postload
03-29 21:49:56.382  1267  1330 I bt_hwcfg: I2SPCM config {0x1, 0x0, 0x0, 0x1}
03-29 21:49:56.382  1267  1330 I bt_vendor: sco_config_cb
03-29 21:49:56.382  1267  1330 I bt_hci  : sco_config_callback postload finished.
03-29 21:49:56.383  1267  1330 I bt_hwcfg: sco I2S/PCM config result 0 [0-Success, 1-Fail]
03-29 21:49:56.383  1267  1330 I bt_vendor: sco_audiostate_cb(status: 0)
03-29 21:49:56.383  1267  1330 I bt_vendor: low_power_mode_cb
03-29 21:49:56.386  1267  1321 D bt_bte_conf: Device ID record 1 : primary
03-29 21:49:56.386  1267  1321 D bt_bte_conf:   vendorId            = 000f
03-29 21:49:56.386  1267  1321 D bt_bte_conf:   vendorIdSource      = 0001
03-29 21:49:56.386  1267  1321 D bt_bte_conf:   product             = 1200
03-29 21:49:56.386  1267  1321 D bt_bte_conf:   version             = 1436
03-29 21:49:56.386  1267  1321 D bt_bte_conf:   clientExecutableURL = 
03-29 21:49:56.386  1267  1321 D bt_bte_conf:   serviceDescription  = 
03-29 21:49:56.386  1267  1321 D bt_bte_conf:   documentationURL    = 
03-29 21:49:56.386  1267  1321 D bt_bte_conf: bte_load_did_conf no section named DID2.
03-29 21:49:56.386  1267  1313 D bt_stack_manager: event_start_up_stack finished
03-29 21:49:56.386  1267  1312 D BluetoothAdapterState: Current state: PENDING_COMMAND, message: 3
03-29 21:49:56.387  1267  1312 D BluetoothAdapterProperties: Setting state to 15
03-29 21:49:56.387  1267  1312 I BluetoothAdapterState: Bluetooth adapter state changed: 14-> 15
03-29 21:49:56.388  1267  1312 I BluetoothAdapterState: Entering BleOnState
03-29 21:49:56.390  1267  1312 D BluetoothAdapterState: Current state: BLE ON, message: 1
03-29 21:49:56.390  1267  1312 D BluetoothAdapterProperties: Setting state to 11
03-29 21:49:56.390  1267  1312 I BluetoothAdapterState: Bluetooth adapter state changed: 15-> 11
03-29 21:49:56.392  1267  1312 I BluetoothAdapterState: Entering PendingCommandState
03-29 21:49:56.393  1267  1267 D BluetoothAdapterService: getAdapterService() - returning com.android.bluetooth.btservice.AdapterService@35ded0b
03-29 21:49:56.394   720   720 D BluetoothA2dp: Proxy object connected
03-29 21:49:56.396  1267  1267 D A2dpService: Received start request. Starting profile...
03-29 21:49:56.396  1267  1267 I BluetoothAvrcpServiceJni: classInitNative: succeeds
03-29 21:49:56.396  1267  1267 I bt_bluedroid: get_profile_interface avrcp
03-29 21:49:56.425  1267  1267 E RemoteController: Cannot set synchronization mode on an unregistered RemoteController
03-29 21:49:56.425  1267  1267 I BluetoothA2dpServiceJni: classInitNative: succeeds
03-29 21:49:56.425  1267  1267 D A2dpStateMachine: make
03-29 21:49:56.426  1267  1267 I bt_bluedroid: get_profile_interface a2dp
03-29 21:49:56.428  1267  1321 I bt_btif_storage: btif_storage_get_adapter_property service_mask:0x20000008
03-29 21:49:56.431  1267  1267 V BluetoothAdapterState: isTurningOff()=false
03-29 21:49:56.431  1267  1267 V BluetoothAdapterState: isTurningOn()=true
03-29 21:49:56.431  1267  1267 V BluetoothAdapterState: isBleTurningOn()=false
03-29 21:49:56.431  1267  1344 D A2dpStateMachine: Enter Disconnected: -2
03-29 21:49:56.431  1267  1267 V BluetoothAdapterState: isBleTurningOff()=false
03-29 21:49:56.432  1267  1312 D BluetoothAdapterState: Current state: PENDING_COMMAND, message: 2
03-29 21:49:56.432  1267  1312 D BluetoothAdapterProperties: ScanMode =  20
03-29 21:49:56.432  1267  1312 D BluetoothAdapterProperties: State =  11
03-29 21:49:56.433  1267  1321 D BluetoothAdapterProperties: Scan Mode:23
03-29 21:49:56.433  1267  1312 D BluetoothAdapterProperties: Setting state to 12
03-29 21:49:56.433  1267  1312 I BluetoothAdapterState: Bluetooth adapter state changed: 11-> 12
03-29 21:49:56.433  1267  1321 D BluetoothAdapterProperties: Discoverable Timeout:0
03-29 21:49:56.437   720   758 D BluetoothHeadset: onBluetoothStateChange: up=true
03-29 21:49:56.437  1267  1312 I BluetoothAdapterState: Entering OnState
03-29 21:49:56.439   720   758 E BluetoothManagerService: Fail to bind to: Intent { act=android.bluetooth.IBluetoothHeadset }
03-29 21:49:56.439   720   758 W BluetoothManagerService: Unable to bind with intent: Intent { act=android.bluetooth.IBluetoothHeadset }
03-29 21:49:56.439   720   758 D BluetoothA2dp: onBluetoothStateChange: up=true
03-29 21:49:56.439   720   758 D BluetoothHeadset: onBluetoothStateChange: up=true
03-29 21:49:56.439   720   758 E BluetoothManagerService: Fail to bind to: Intent { act=android.bluetooth.IBluetoothHeadset }
03-29 21:49:56.439   720   758 W BluetoothManagerService: Unable to bind with intent: Intent { act=android.bluetooth.IBluetoothHeadset }
03-29 21:49:56.439   720   758 D BluetoothHeadset: onBluetoothStateChange: up=true
03-29 21:49:56.441   720   758 E BluetoothManagerService: Fail to bind to: Intent { act=android.bluetooth.IBluetoothHeadset }
03-29 21:49:56.442   720   758 W BluetoothManagerService: Unable to bind with intent: Intent { act=android.bluetooth.IBluetoothHeadset }
03-29 21:49:56.446   720   720 I Telecom : BluetoothPhoneService: queryPhoneState
03-29 21:49:56.458   954   954 W BluetoothAdapter: getBluetoothService() called with no BluetoothManagerCallback
03-29 21:49:56.465  1267  1321 D BluetoothAdapterProperties: Discoverable Timeout:0
03-29 21:49:56.487  1267  1321 D BluetoothAdapterProperties: Scan Mode:21
03-29 21:49:56.674  1008  1008 I CalendarProvider2: Sending notification intent: Intent { act=android.intent.action.PROVIDER_CHANGED dat=content://com.android.calendar flg=0x20000000 }
03-29 21:49:56.674  1008  1008 W ContentResolver: Failed to get type for: content://com.android.calendar (Unknown URL content://com.android.calendar)
03-29 21:49:58.479   954  1239 E Backup  : [BackupTransportMigratorChimeraService] Could not migrate transport!
03-29 21:50:00.286   720   761 I PowerManagerService: Going to sleep due to screen timeout (uid 1000)...
03-29 21:50:00.287   720   720 E InputMethodManagerService: Ignoring updateSystemUiLocked due to an invalid token. uid:1000 token:null
03-29 21:50:00.301   720   761 I DreamManagerService: Entering dreamland.
03-29 21:50:00.301   720   761 I PowerManagerService: Dozing...
03-29 21:50:00.301   720   747 I DreamController: Starting dream: name=ComponentInfo{com.google.android.wearable.ambient/com.google.android.wearable.ambient.AmbientDream}, isTest=false, canDoze=true, userId=0
03-29 21:50:00.302   720   720 E InputMethodManagerService: Ignoring updateSystemUiLocked due to an invalid token. uid:1000 token:null
03-29 21:50:00.329   491   491 I shd     : type=1400 audit(0.0:21): avc: denied { write } for path="/dev/pts/0" dev="devpts" ino=3 scontext=u:r:shd:s0 tcontext=u:object_r:devpts:s0 tclass=chr_file permissive=1
03-29 21:50:00.330  1070  1070 V DreamService[AmbientDream]: onBind() intent = Intent { act=android.service.dreams.DreamService flg=0x800000 cmp=com.google.android.wearable.ambient/.AmbientDream }
03-29 21:50:00.334  1070  1070 I AmbientService: Ambient Created
03-29 21:50:00.334  1070  1070 V DreamService[AmbientDream]: Calling onDreamingStarted()
03-29 21:50:00.334  1070  1070 I AmbientService: Ambient Starting
03-29 21:50:00.335  1070  1070 D WristGestureCtrl: Stopping detectors: GesturesEnabled-true gestureDetector-true ungazeEnabled-true ungaze-true
03-29 21:50:00.336  1070  1070 D DefaultUngazeDetector: stopping
03-29 21:50:00.337   319   319 I shd     : select event comming = 1 max_fd =12
03-29 21:50:00.341   720   759 I DisplayManagerService: Display device changed state: "Built-in Screen", DOZE_SUSPEND
03-29 21:50:00.348   307   307 D SurfaceFlinger: Set power mode=3, type=0 flinger=0xb6aa4000
03-29 21:50:00.353   319   319 I shd     : select event comming = 1 max_fd =12
03-29 21:50:00.354   307   393 I qdhwcomposer: handle_blank_event: dpy:0 panel power state: 2
03-29 21:50:00.356   307   307 D SurfaceFlinger: Set power mode=1, type=0 flinger=0xb6aa4000
03-29 21:50:00.356   307   393 I qdhwcomposer: handle_blank_event: dpy:0 panel power state: 2
03-29 21:50:00.356   720   759 I DisplayManagerService: Display device changed state: "Built-in Screen", DOZE
03-29 21:50:00.357   720   761 I PowerHAL: power_set_interactive OFF
03-29 21:50:00.367   312   486 D audio_hw_primary: adev_set_parameters: enter: screen_state=on
03-29 21:50:00.396   720   783 E WifiStateMachine:  Fail to set up pno, want false now false
03-29 21:50:00.407   312   312 D audio_hw_primary: adev_set_parameters: enter: screen_state=off
03-29 21:50:00.408   720   783 E WifiStateMachine:  Fail to set up pno, want false now false
03-29 21:50:00.444   720  1315 W WindowManager: Failed looking up window
03-29 21:50:00.444   720  1315 W WindowManager: java.lang.IllegalArgumentException: Requested window android.os.BinderProxy@72e884a does not exist
03-29 21:50:00.444   720  1315 W WindowManager: 	at com.android.server.wm.WindowManagerService.windowForClientLocked(WindowManagerService.java:8725)
03-29 21:50:00.444   720  1315 W WindowManager: 	at com.android.server.wm.WindowManagerService.pokeDrawLock(WindowManagerService.java:3080)
03-29 21:50:00.444   720  1315 W WindowManager: 	at com.android.server.wm.Session.pokeDrawLock(Session.java:469)
03-29 21:50:00.444   720  1315 W WindowManager: 	at android.view.IWindowSession$Stub.onTransact(IWindowSession.java:670)
03-29 21:50:00.444   720  1315 W WindowManager: 	at com.android.server.wm.Session.onTransact(Session.java:130)
03-29 21:50:00.444   720  1315 W WindowManager: 	at android.os.Binder.execTransact(Binder.java:453)
03-29 21:50:00.459   720   998 W InputMethodManagerService: Window already focused, ignoring focus gain of: com.android.internal.view.IInputMethodClient$Stub$Proxy@6c280d8 attribute=null, token = android.os.BinderProxy@89e6151
03-29 21:50:00.459   720  1316 W InputMethodManagerService: Focus gain on non-focused client com.android.internal.view.IInputMethodClient$Stub$Proxy@322dc31 (uid=10007 pid=967)
03-29 21:50:00.819   720   759 I DisplayManagerService: Display device changed state: "Built-in Screen", DOZE_SUSPEND
03-29 21:50:00.820   307   307 D SurfaceFlinger: Set power mode=3, type=0 flinger=0xb6aa4000
03-29 21:50:00.820   307   393 I qdhwcomposer: handle_blank_event: dpy:0 panel power state: 2
03-29 21:50:01.003   720   759 I DisplayManagerService: Display device changed state: "Built-in Screen", DOZE
03-29 21:50:01.003   307   307 D SurfaceFlinger: Set power mode=1, type=0 flinger=0xb6aa4000
03-29 21:50:01.003   307   393 I qdhwcomposer: handle_blank_event: dpy:0 panel power state: 2
03-29 21:50:01.124   720   759 I DisplayManagerService: Display device changed state: "Built-in Screen", DOZE_SUSPEND
03-29 21:50:01.129   307   307 D SurfaceFlinger: Set power mode=3, type=0 flinger=0xb6aa4000
03-29 21:50:01.129   307   393 I qdhwcomposer: handle_blank_event: dpy:0 panel power state: 2
03-29 21:50:01.512   720   759 I DisplayManagerService: Display device changed state: "Built-in Screen", DOZE
03-29 21:50:01.514   307   307 D SurfaceFlinger: Set power mode=1, type=0 flinger=0xb6aa4000
03-29 21:50:01.514   307   393 I qdhwcomposer: handle_blank_event: dpy:0 panel power state: 2
03-29 21:50:01.632   720   759 I DisplayManagerService: Display device changed state: "Built-in Screen", DOZE_SUSPEND
03-29 21:50:01.638   307   307 D SurfaceFlinger: Set power mode=3, type=0 flinger=0xb6aa4000
03-29 21:50:01.638   307   393 I qdhwcomposer: handle_blank_event: dpy:0 panel power state: 2
03-29 21:50:02.003   720   759 I DisplayManagerService: Display device changed state: "Built-in Screen", DOZE
03-29 21:50:02.005   307   307 D SurfaceFlinger: Set power mode=1, type=0 flinger=0xb6aa4000
03-29 21:50:02.005   307   393 I qdhwcomposer: handle_blank_event: dpy:0 panel power state: 2
03-29 21:50:02.123   720   759 I DisplayManagerService: Display device changed state: "Built-in Screen", DOZE_SUSPEND
03-29 21:50:02.125   307   307 D SurfaceFlinger: Set power mode=3, type=0 flinger=0xb6aa4000
03-29 21:50:02.126   307   393 I qdhwcomposer: handle_blank_event: dpy:0 panel power state: 2
03-29 21:50:02.512   307   307 D SurfaceFlinger: Set power mode=1, type=0 flinger=0xb6aa4000
03-29 21:50:02.512   720   759 I DisplayManagerService: Display device changed state: "Built-in Screen", DOZE
03-29 21:50:02.512   307   393 I qdhwcomposer: handle_blank_event: dpy:0 panel power state: 2
03-29 21:50:02.632   720   759 I DisplayManagerService: Display device changed state: "Built-in Screen", DOZE_SUSPEND
03-29 21:50:02.633   307   307 D SurfaceFlinger: Set power mode=3, type=0 flinger=0xb6aa4000
03-29 21:50:02.633   307   393 I qdhwcomposer: handle_blank_event: dpy:0 panel power state: 2
03-29 21:50:03.003   720   759 I DisplayManagerService: Display device changed state: "Built-in Screen", DOZE
03-29 21:50:03.003   307   307 D SurfaceFlinger: Set power mode=1, type=0 flinger=0xb6aa4000
03-29 21:50:03.004   307   393 I qdhwcomposer: handle_blank_event: dpy:0 panel power state: 2
03-29 21:50:03.124   307   307 D SurfaceFlinger: Set power mode=3, type=0 flinger=0xb6aa4000
03-29 21:50:03.124   307   393 I qdhwcomposer: handle_blank_event: dpy:0 panel power state: 2
03-29 21:50:03.124   720   759 I DisplayManagerService: Display device changed state: "Built-in Screen", DOZE_SUSPEND
03-29 21:50:03.511   720   759 I DisplayManagerService: Display device changed state: "Built-in Screen", DOZE
03-29 21:50:03.513   307   307 D SurfaceFlinger: Set power mode=1, type=0 flinger=0xb6aa4000
03-29 21:50:03.513   307   393 I qdhwcomposer: handle_blank_event: dpy:0 panel power state: 2
03-29 21:50:03.632   720   759 I DisplayManagerService: Display device changed state: "Built-in Screen", DOZE_SUSPEND
03-29 21:50:03.632   307   307 D SurfaceFlinger: Set power mode=3, type=0 flinger=0xb6aa4000
03-29 21:50:03.633   307   393 I qdhwcomposer: handle_blank_event: dpy:0 panel power state: 2
03-29 21:50:03.732   307   307 D SurfaceFlinger: Set power mode=1, type=0 flinger=0xb6aa4000
03-29 21:50:03.732   720   759 I DisplayManagerService: Display device changed state: "Built-in Screen", DOZE
03-29 21:50:03.732   307   393 I qdhwcomposer: handle_blank_event: dpy:0 panel power state: 2
03-29 21:50:04.142   720   759 I DisplayManagerService: Display device changed state: "Built-in Screen", DOZE_SUSPEND
03-29 21:50:04.142   307   307 D SurfaceFlinger: Set power mode=3, type=0 flinger=0xb6aa4000
03-29 21:50:04.142   307   393 I qdhwcomposer: handle_blank_event: dpy:0 panel power state: 2
03-29 21:50:04.517   720   759 I DisplayManagerService: Display device changed state: "Built-in Screen", DOZE
03-29 21:50:04.524   307   307 D SurfaceFlinger: Set power mode=1, type=0 flinger=0xb6aa4000
03-29 21:50:04.524   307   393 I qdhwcomposer: handle_blank_event: dpy:0 panel power state: 2
03-29 21:50:04.631   720   759 I DisplayManagerService: Display device changed state: "Built-in Screen", DOZE_SUSPEND
03-29 21:50:04.632   307   307 D SurfaceFlinger: Set power mode=3, type=0 flinger=0xb6aa4000
03-29 21:50:04.632   307   393 I qdhwcomposer: handle_blank_event: dpy:0 panel power state: 2
03-29 21:50:05.018   720   759 I DisplayManagerService: Display device changed state: "Built-in Screen", DOZE
03-29 21:50:05.018   307   307 D SurfaceFlinger: Set power mode=1, type=0 flinger=0xb6aa4000
03-29 21:50:05.018   307   393 I qdhwcomposer: handle_blank_event: dpy:0 panel power state: 2
03-29 21:50:05.139   720   759 I DisplayManagerService: Display device changed state: "Built-in Screen", DOZE_SUSPEND
03-29 21:50:05.139   307   307 D SurfaceFlinger: Set power mode=3, type=0 flinger=0xb6aa4000
03-29 21:50:05.140   307   393 I qdhwcomposer: handle_blank_event: dpy:0 panel power state: 2
03-29 21:50:05.509   720   759 I DisplayManagerService: Display device changed state: "Built-in Screen", DOZE
03-29 21:50:05.509   307   307 D SurfaceFlinger: Set power mode=1, type=0 flinger=0xb6aa4000
03-29 21:50:05.510   307   393 I qdhwcomposer: handle_blank_event: dpy:0 panel power state: 2
03-29 21:50:05.630   720   759 I DisplayManagerService: Display device changed state: "Built-in Screen", DOZE_SUSPEND
03-29 21:50:05.635   307   307 D SurfaceFlinger: Set power mode=3, type=0 flinger=0xb6aa4000
03-29 21:50:05.635   307   393 I qdhwcomposer: handle_blank_event: dpy:0 panel power state: 2
03-29 21:50:06.016   307   307 D SurfaceFlinger: Set power mode=1, type=0 flinger=0xb6aa4000
03-29 21:50:06.016   307   393 I qdhwcomposer: handle_blank_event: dpy:0 panel power state: 2
03-29 21:50:06.016   720   759 I DisplayManagerService: Display device changed state: "Built-in Screen", DOZE
03-29 21:50:06.135   720   759 I DisplayManagerService: Display device changed state: "Built-in Screen", DOZE_SUSPEND
03-29 21:50:06.136   307   307 D SurfaceFlinger: Set power mode=3, type=0 flinger=0xb6aa4000
03-29 21:50:06.136   307   393 I qdhwcomposer: handle_blank_event: dpy:0 panel power state: 2
03-29 21:50:06.506   720   759 I DisplayManagerService: Display device changed state: "Built-in Screen", DOZE
03-29 21:50:06.506   307   307 D SurfaceFlinger: Set power mode=1, type=0 flinger=0xb6aa4000
03-29 21:50:06.506   307   393 I qdhwcomposer: handle_blank_event: dpy:0 panel power state: 2
03-29 21:50:06.627   720   759 I DisplayManagerService: Display device changed state: "Built-in Screen", DOZE_SUSPEND
03-29 21:50:06.627   307   307 D SurfaceFlinger: Set power mode=3, type=0 flinger=0xb6aa4000
03-29 21:50:06.627   307   393 I qdhwcomposer: handle_blank_event: dpy:0 panel power state: 2
03-29 21:50:07.013   720   759 I DisplayManagerService: Display device changed state: "Built-in Screen", DOZE
03-29 21:50:07.018   307   307 D SurfaceFlinger: Set power mode=1, type=0 flinger=0xb6aa4000
03-29 21:50:07.018   307   393 I qdhwcomposer: handle_blank_event: dpy:0 panel power state: 2
03-29 21:50:07.134   720   759 I DisplayManagerService: Display device changed state: "Built-in Screen", DOZE_SUSPEND
03-29 21:50:07.135   307   307 D SurfaceFlinger: Set power mode=3, type=0 flinger=0xb6aa4000
03-29 21:50:07.136   307   393 I qdhwcomposer: handle_blank_event: dpy:0 panel power state: 2
03-29 21:50:07.503   307   307 D SurfaceFlinger: Set power mode=1, type=0 flinger=0xb6aa4000
03-29 21:50:07.503   307   393 I qdhwcomposer: handle_blank_event: dpy:0 panel power state: 2
03-29 21:50:07.504   720   759 I DisplayManagerService: Display device changed state: "Built-in Screen", DOZE
03-29 21:50:07.625   720   759 I DisplayManagerService: Display device changed state: "Built-in Screen", DOZE_SUSPEND
03-29 21:50:07.625   307   307 D SurfaceFlinger: Set power mode=3, type=0 flinger=0xb6aa4000
03-29 21:50:07.625   307   393 I qdhwcomposer: handle_blank_event: dpy:0 panel power state: 2
03-29 21:50:08.011   307   307 D SurfaceFlinger: Set power mode=1, type=0 flinger=0xb6aa4000
03-29 21:50:08.011   307   393 I qdhwcomposer: handle_blank_event: dpy:0 panel power state: 2
03-29 21:50:08.011   720   759 I DisplayManagerService: Display device changed state: "Built-in Screen", DOZE
03-29 21:50:08.132   307   307 D SurfaceFlinger: Set power mode=3, type=0 flinger=0xb6aa4000
03-29 21:50:08.132   720   759 I DisplayManagerService: Display device changed state: "Built-in Screen", DOZE_SUSPEND
03-29 21:50:08.132   307   393 I qdhwcomposer: handle_blank_event: dpy:0 panel power state: 2
03-29 21:50:08.518   720   759 I DisplayManagerService: Display device changed state: "Built-in Screen", DOZE
03-29 21:50:08.518   307   307 D SurfaceFlinger: Set power mode=1, type=0 flinger=0xb6aa4000
03-29 21:50:08.519   307   393 I qdhwcomposer: handle_blank_event: dpy:0 panel power state: 2
03-29 21:50:08.639   720   759 I DisplayManagerService: Display device changed state: "Built-in Screen", DOZE_SUSPEND
03-29 21:50:08.639   307   307 D SurfaceFlinger: Set power mode=3, type=0 flinger=0xb6aa4000
03-29 21:50:08.639   307   393 I qdhwcomposer: handle_blank_event: dpy:0 panel power state: 2
03-29 21:50:09.008   720   759 I DisplayManagerService: Display device changed state: "Built-in Screen", DOZE
03-29 21:50:09.008   307   307 D SurfaceFlinger: Set power mode=1, type=0 flinger=0xb6aa4000
03-29 21:50:09.008   307   393 I qdhwcomposer: handle_blank_event: dpy:0 panel power state: 2
03-29 21:50:09.128   307   307 D SurfaceFlinger: Set power mode=3, type=0 flinger=0xb6aa4000
03-29 21:50:09.128   307   393 I qdhwcomposer: handle_blank_event: dpy:0 panel power state: 2
03-29 21:50:09.129   720   759 I DisplayManagerService: Display device changed state: "Built-in Screen", DOZE_SUSPEND
03-29 21:50:09.515   720   759 I DisplayManagerService: Display device changed state: "Built-in Screen", DOZE
03-29 21:50:09.515   307   307 D SurfaceFlinger: Set power mode=1, type=0 flinger=0xb6aa4000
03-29 21:50:09.515   307   393 I qdhwcomposer: handle_blank_event: dpy:0 panel power state: 2
03-29 21:50:09.635   720   759 I DisplayManagerService: Display device changed state: "Built-in Screen", DOZE_SUSPEND
03-29 21:50:09.635   307   307 D SurfaceFlinger: Set power mode=3, type=0 flinger=0xb6aa4000
03-29 21:50:09.637   307   393 I qdhwcomposer: handle_blank_event: dpy:0 panel power state: 2
03-29 21:50:10.006   720   759 I DisplayManagerService: Display device changed state: "Built-in Screen", DOZE
03-29 21:50:10.006   307   307 D SurfaceFlinger: Set power mode=1, type=0 flinger=0xb6aa4000
03-29 21:50:10.007   307   393 I qdhwcomposer: handle_blank_event: dpy:0 panel power state: 2
03-29 21:50:10.126   720   759 I DisplayManagerService: Display device changed state: "Built-in Screen", DOZE_SUSPEND
03-29 21:50:10.126   307   307 D SurfaceFlinger: Set power mode=3, type=0 flinger=0xb6aa4000
03-29 21:50:10.126   307   393 I qdhwcomposer: handle_blank_event: dpy:0 panel power state: 2
03-29 21:50:10.513   307   307 D SurfaceFlinger: Set power mode=1, type=0 flinger=0xb6aa4000
03-29 21:50:10.513   307   393 I qdhwcomposer: handle_blank_event: dpy:0 panel power state: 2
03-29 21:50:10.513   720   759 I DisplayManagerService: Display device changed state: "Built-in Screen", DOZE
