03-29 20:16:07.378  1211  1211 W wsr     : Primes not initialized, returning default (no-op) Primes instance which will ignore all calls. Please call Primes.initialize(...) before using any Primes API.
03-29 20:16:07.528  1211  1239 I art     : Rejecting re-init on previously-failed class java.lang.Class<hbt>
03-29 20:16:07.528  1211  1239 I art     : Rejecting re-init on previously-failed class java.lang.Class<hbt>
03-29 20:16:07.537  1211  1239 I art     : Rejecting re-init on previously-failed class java.lang.Class<hbt>
03-29 20:16:07.559  1211  1242 I SystemUpdate: [Installation,ReceiverIntentOperation] Received intent: Intent { act=android.intent.action.TIME_SET flg=0x10 cmp=com.google.android.gms/.chimera.GmsIntentOperationService$PersistentTrustedReceiver (has extras) }.
03-29 20:16:07.573  1211  1211 I Backup  : [GmsBackupStatusChangeReceiver] Going to enable gms backup transport.
03-29 20:16:07.603   958  1246 I GCoreUlr: ULR code skipped on unsupported form factor.
03-29 20:16:07.662   958  1244 I Backup  : [BackupTransportMigratorChimeraService] Starting migration...
03-29 20:16:07.663   958  1159 I Auth    : [AuthManaged,PasswordComplexityHelperImpl] Updating password complexity components state.
03-29 20:16:07.663   958  1159 I Auth    : [AuthManaged,PasswordComplexityHelperImpl] Disabling com.google.android.gms.auth.managed.admin.DeviceAdminReceiver
03-29 20:16:07.664   958  1159 I Auth    : [AuthManaged,PasswordComplexityHelperImpl] Disabling com.google.android.gms.auth.managed.ui.SetNewPasswordActivity
03-29 20:16:07.665   958   968 I art     : Background sticky concurrent mark sweep GC freed 16509(1241KB) AllocSpace objects, 16(476KB) LOS objects, 12% free, 11MB/12MB, paused 6.568ms total 54.756ms
03-29 20:16:07.674  1211  1242 W ChimeraUtils: Non Chimera context
03-29 20:16:07.678  1211  1242 W ChimeraUtils: Non Chimera context
03-29 20:16:07.689  1211  1245 I GmsModuleFndr: Beginning GMS chimera module scan
03-29 20:16:07.709  1211  1249 I SystemUpdate: [Execution,InstallationEventIntentOperation] Handling event of type 6.
03-29 20:16:07.722  1211  1241 I SystemUpdate: [Execution,InstallationIntentOperation] Received intent: Intent { act=com.google.android.gms.update.INSTALL_UPDATE cat=[targeted_intent_op_prefix:.update.execution.InstallationIntentOperation] cmp=com.google.android.gms/.chimera.GmsIntentOperationService }.
03-29 20:16:07.729   958  1150 I NetworkScheduler: Using standalone scheduling engine
03-29 20:16:07.734  1211  1245 I ModuleSetMgr: Computing pending module set with APKs: [[Cronetdynamite:200914050300], [Dynamiteloader:200914050000], [Dynamitemodulesa:200914050000], [Dynamitemodulesc:200914050000], [Googlecertificates:200914050000], [Mapsdynamite:200914050000]]
03-29 20:16:07.789  1211  1245 I ModuleSetMgr: Pending container module APKs: []
03-29 20:16:07.789  1211  1245 I ModuleSetMgr: Pending non-container module APKs: []
03-29 20:16:07.934  1211  1242 W SystemUpdate: [Config,SystemUpdatePolicyCompat] Error getting device policy. This might be WAI given that there is a bug in Android framework API.
03-29 20:16:07.934  1211  1241 W SystemUpdate: [Config,SystemUpdatePolicyCompat] Error getting device policy. This might be WAI given that there is a bug in Android framework API.
03-29 20:16:07.935  1211  1241 W SystemUpdate: [Config,SystemUpdatePolicyCompat] Error getting device policy. This might be WAI given that there is a bug in Android framework API.
03-29 20:16:07.944  1211  1242 W ChimeraUtils: Non Chimera context
03-29 20:16:07.978  1211  1241 I SystemUpdate: [Control,InstallationControl] Installation progress updated to (0x002, 0.000).
03-29 20:16:07.990   718   732 I BroadcastQueue: Delay finish: com.google.android.gms/.gcm.nts.SchedulerReceiver
03-29 20:16:08.017  1211  1242 I SystemUpdate: [Installation,ReceiverIntentOperation] Received intent: Intent { act=com.google.gservices.intent.action.GSERVICES_CHANGED flg=0x10 cmp=com.google.android.gms/.chimera.GmsIntentOperationService$PersistentInternalReceiver }.
03-29 20:16:08.043  1211  1245 I MdiSyncModule: flag handling is skipping irrelevant intent.
03-29 20:16:08.075  1211  1254 I GmsModuleFndr: Beginning GMS chimera module scan
03-29 20:16:08.080  1211  1254 I ModuleSetMgr: Computing pending module set with APKs: [[Cronetdynamite:200914050300], [Dynamiteloader:200914050000], [Dynamitemodulesa:200914050000], [Dynamitemodulesc:200914050000], [Googlecertificates:200914050000], [Mapsdynamite:200914050000]]
03-29 20:16:08.082  1211  1254 I ModuleSetMgr: Pending container module APKs: []
03-29 20:16:08.082  1211  1254 I ModuleSetMgr: Pending non-container module APKs: []
03-29 20:16:08.120  1211  1253 I SystemUpdate: [Execution,InstallationEventIntentOperation] Handling event of type 2.
03-29 20:16:08.132   718   732 I BroadcastQueue: Resuming delayed broadcast
03-29 20:16:08.196  1211  1242 W SystemUpdate: [Config,SystemUpdatePolicyCompat] Error getting device policy. This might be WAI given that there is a bug in Android framework API.
03-29 20:16:08.200  1211  1255 I SystemUpdate: [Wearable,StatusChangeIntentOperation] Action: com.google.android.gms.update.STATUS_CHANGED, Alt: false, Status: 0x002
03-29 20:16:08.211  1211  1253 W SystemUpdate: [Config,SystemUpdatePolicyCompat] Error getting device policy. This might be WAI given that there is a bug in Android framework API.
03-29 20:16:08.212  1211  1253 W SystemUpdate: [Config,SystemUpdatePolicyCompat] Error getting device policy. This might be WAI given that there is a bug in Android framework API.
03-29 20:16:08.262   718   718 D ZenLog  : disable_effects: 0|com.google.android.gms|1|com.google.android.gms.update.control.NotificationControl|10013,listenerHints
03-29 20:16:08.273   929  1071 W StreamManager: Dropping non-bitmap icon from notification.
03-29 20:16:08.322  1211  1241 W SystemUpdate: [Config,SystemUpdatePolicyCompat] Error getting device policy. This might be WAI given that there is a bug in Android framework API.
03-29 20:16:08.341   718   718 D ZenLog  : disable_effects: 0|com.google.android.gms|1|com.google.android.gms.update.control.NotificationControl|10013,listenerHints
03-29 20:16:08.345   929  1071 W StreamManager: Dropping non-bitmap icon from notification.
03-29 20:16:08.348  1211  1258 I SystemUpdate: [Control,BatteryControl] Received intent: Intent { act=android.intent.action.BATTERY_CHANGED flg=0x60000010 (has extras) }.
03-29 20:16:08.382  1211  1253 I SystemUpdate: [Execution,InstallationEventIntentOperation] Handling event of type 4.
03-29 20:16:08.421  1211  1253 W SystemUpdate: [Config,SystemUpdatePolicyCompat] Error getting device policy. This might be WAI given that there is a bug in Android framework API.
03-29 20:16:08.424  1211  1253 W SystemUpdate: [Config,SystemUpdatePolicyCompat] Error getting device policy. This might be WAI given that there is a bug in Android framework API.
03-29 20:16:08.449  1211  1241 W SystemUpdate: [Config,SystemUpdatePolicyCompat] Error getting device policy. This might be WAI given that there is a bug in Android framework API.
03-29 20:16:08.450  1211  1258 W SystemUpdate: [Config,SystemUpdatePolicyCompat] Error getting device policy. This might be WAI given that there is a bug in Android framework API.
03-29 20:16:08.451  1211  1241 W SystemUpdate: [Config,SystemUpdatePolicyCompat] Error getting device policy. This might be WAI given that there is a bug in Android framework API.
03-29 20:16:08.459   929   929 W ResourceType: No package identifier when getting value for resource number 0x00000000
03-29 20:16:08.459   929   929 W AlternativeIcons: Could not find icon ID 0 for com.google.android.gms
03-29 20:16:08.487   718   718 D ZenLog  : disable_effects: 0|com.google.android.gms|1|com.google.android.gms.update.control.NotificationControl|10013,listenerHints
03-29 20:16:08.491   929  1071 W StreamManager: Dropping non-bitmap icon from notification.
03-29 20:16:08.595   929   929 W ResourceType: No package identifier when getting value for resource number 0x00000000
03-29 20:16:08.596   929   929 W AlternativeIcons: Could not find icon ID 0 for com.google.android.gms
03-29 20:16:08.597   718   787 D WifiService: New client listening to asynchronous messages
03-29 20:16:08.726  1211  1241 E SystemUpdate: [Execution,NonStreamingDownloadAction] Failed to download: Unknown download exception.
03-29 20:16:08.742  1211  1241 I SystemUpdate: [Control,InstallationControl] Installation progress updated to (0x106, 0.000).
03-29 20:16:08.817  1211  1253 I SystemUpdate: [Wearable,StatusChangeIntentOperation] Action: com.google.android.gms.update.STATUS_CHANGED, Alt: false, Status: 0x106
03-29 20:16:08.931  1211  1241 W SystemUpdate: [Config,SystemUpdatePolicyCompat] Error getting device policy. This might be WAI given that there is a bug in Android framework API.
03-29 20:16:08.957  1211  1241 I SystemUpdate: [Execution,ExecutionManager] Action non-streaming-download executed for 1.20 seconds.
03-29 20:16:08.985  1211  1241 I SystemUpdate: [Execution,ExecutionManager] Action exponential-backoff-delay-execution executed for 0.02 seconds.
03-29 20:16:09.989   958   958 I CloudSync: New decision on WiFi state: true
03-29 20:16:09.995   718   837 D WifiService: setWifiEnabled: true pid=958, uid=10013
03-29 20:16:09.996   718   837 E WifiService: Invoking mWifiStateMachine.setWifiEnabled
03-29 20:16:10.013   309   760 D SoftapController: Softap fwReload - Ok
03-29 20:16:10.016   309   760 D CommandListener: Setting iface cfg
03-29 20:16:10.016   309   760 D CommandListener: Trying to bring down wlan0
03-29 20:16:10.022   309   760 D CommandListener: Clearing all IP addresses on wlan0
03-29 20:16:10.032   718   786 E WifiMonitor: killSupplicant p2pfalse init.svc.wpa_supplicant=unknown init.svc.p2p_supplicant=unknown
03-29 20:16:10.303   718   763 I SystemServiceManager: Starting phase 1000
03-29 20:16:10.318   718   763 I ActivityManager: Start proc 1270:com.android.bluetooth/1002 for on-hold
03-29 20:16:10.346   718  1277 W Searchables: No global search activity found
03-29 20:16:10.351   718  1281 I RecoverySystem: No recovery log file
03-29 20:16:10.377   718  1281 I BootReceiver: Copying /sys/fs/pstore/console-ramoops to DropBox (SYSTEM_LAST_KMSG)
03-29 20:16:10.389   718  1058 I BroadcastQueue: Delay finish: com.google.android.deskclock/.BootCompletedReceiver
03-29 20:16:10.414   929  1287 I LocaleDependentApps: Enabling application based on locale : com.google.android.clockwork.home.search.apps.weather.WeatherActivity
03-29 20:16:10.415  1189  1293 I CwAlarm : class com.google.android.deskclock.AlarmGatewayActivity enabled
03-29 20:16:10.419  1189  1293 I CwAlarm : class com.google.android.deskclock.ShowAlarmsActivity enabled
03-29 20:16:10.421  1189  1293 I CwAlarm : class com.google.android.deskclock.SetAlarmActivity enabled
03-29 20:16:10.429   929  1287 I HatsUtil: Question set 20150611_df not yet asked
03-29 20:16:10.429  1189  1293 I CwAlarm : class com.google.android.deskclock.TimerGatewayActivity enabled
03-29 20:16:10.430  1189  1293 I CwAlarm : class com.google.android.deskclock.SetTimerActivity enabled
03-29 20:16:10.435  1189  1293 I CwAlarm : class com.google.android.deskclock.StopwatchActivity enabled
03-29 20:16:10.436   718  1058 I BroadcastQueue: Resuming delayed broadcast
03-29 20:16:10.438   929  1287 I HatsUtil: HaTS alarm not scheduled for 20150611_df
03-29 20:16:10.447   929  1287 I HatsUtil: next HaTS trigger set for 2020-04-10 12:16:10
03-29 20:16:10.508   718  1281 I BootReceiver: Copying audit failures to DropBox
03-29 20:16:10.514   718   732 I ActivityManager: Start proc 1298:com.huawei.mercury.chargedetection/u0a2 for broadcast com.huawei.mercury.chargedetection/.ChargeReceiver
03-29 20:16:10.521   718  1281 I BootReceiver: Copied 323 worth of audits to DropBox
03-29 20:16:10.544   718  1281 I BootReceiver: Checking for fsck errors
03-29 20:16:10.562   718   786 D wifi    : set interface wlan0 flags (UP)
03-29 20:16:10.562   718   786 I WifiHAL : Initializing wifi
03-29 20:16:10.562   718   786 I WifiHAL : Creating socket
03-29 20:16:10.568   718   728 I art     : Background partial concurrent mark sweep GC freed 4355(470KB) AllocSpace objects, 12(1888KB) LOS objects, 14% free, 11MB/13MB, paused 6.763ms total 56.631ms
03-29 20:16:10.575   929   929 I CompClientService: phone provider not found
03-29 20:16:10.575   718   786 I WifiHAL : Initialized Wifi HAL Successfully; vendor cmd = 103
03-29 20:16:10.575   718   786 D wifi    : Did set static halHandle = 0xa7991450
03-29 20:16:10.575   718   786 D wifi    : halHandle = 0xa7991450, mVM = 0xb4d3c000, mCls = 0xef6
03-29 20:16:10.575   718   786 D wifi    : array field set
03-29 20:16:10.576   718   786 I WifiNative-HAL: interface[0] = wlan0
03-29 20:16:10.578   718  1314 I WifiNative-HAL: Waiting for HAL events mWifiHalHandle=-1483140016
03-29 20:16:10.579   718  1314 D wifi    : waitForHalEvents called, vm = 0xb4d3c000, obj = 0xef6, env = 0xaa75a5c0
03-29 20:16:10.582  1270  1270 D AdapterServiceConfig: Adding A2dpService
03-29 20:16:10.582  1270  1270 D AdapterServiceConfig: Adding GattService
03-29 20:16:10.583   718   786 D WifiMonitor: startMonitoring(wlan0) with mConnected = false
03-29 20:16:10.584   718   786 E WifiHW  : Unable to open connection to supplicant on "@android:wpa_wlan0": No such file or directory
03-29 20:16:10.590   718  1058 I AccountManagerService: the accounts changed, sending broadcast of android.accounts.LOGIN_ACCOUNTS_CHANGED
03-29 20:16:10.603   807   821 I art     : CollectorTransition marksweep + semispace GC freed 7083(207KB) AllocSpace objects, 0(0B) LOS objects, 24% free, 5MB/7MB, paused 36.799ms total 36.799ms
03-29 20:16:10.613  1298  1298 W System  : ClassLoader referenced unknown path: /system/priv-app/ChargeDetection/lib/arm
03-29 20:16:10.650   718   762 D BluetoothManagerService: Added callback: android.bluetooth.IBluetoothManagerCallback$Stub$Proxy@3e8dc69:true
03-29 20:16:10.652  1270  1270 D BluetoothAdapterState: make() - Creating AdapterState
03-29 20:16:10.656  1270  1270 I bt_bluedroid: init
03-29 20:16:10.657  1270  1318 I BluetoothAdapterState: Entering OffState
03-29 20:16:10.668   718  1058 I Telecom : : Sending phone-account unregistered intent as user
03-29 20:16:10.669   929   929 I CompClientService: phone status provider not found
03-29 20:16:10.673  1298  1298 E ChargeDetection: ChargeReceiver::onReceive() action = android.intent.action.BOOT_COMPLETED
03-29 20:16:10.676   718  1317 I BroadcastQueue: Delay finish: com.huawei.mercury.chargedetection/.ChargeReceiver
03-29 20:16:10.685  1270  1321 I bt_bte_conf: bte_load_ble_conf attempt to load ble stack conf from /etc/bluetooth/ble_stack.conf
03-29 20:16:10.688  1270  1321 E bt_osi_config: config_new unable to open file '/etc/bluetooth/ble_stack.conf': No such file or directory
03-29 20:16:10.688  1270  1321 I bt_bte_conf: bte_load_ble_conf file >/etc/bluetooth/ble_stack.conf< not found
03-29 20:16:10.688  1270  1321 I bt_stack_config: init attempt to load stack conf from /etc/bluetooth/bt_stack.conf
03-29 20:16:10.694  1270  1270 I bt_bluedroid: get_profile_interface socket
03-29 20:16:10.695  1270  1327 D BluetoothAdapterProperties: Address is:AC:CF:85:C6:24:41
03-29 20:16:10.697  1270  1327 D BluetoothAdapterProperties: Name is: HUAWEI WATCH 1564
03-29 20:16:10.698   718   733 I ActivityManager: START u0 {flg=0x10000000 cmp=com.huawei.mercury.chargedetection/.MainActivity} from uid 10002 on display 0
03-29 20:16:10.702  1270  1270 I bt_bluedroid: get_profile_interface sdp
03-29 20:16:10.726  1270  1286 I bt_bluedroid: config_hci_snoop_log
03-29 20:16:10.727   718   762 D BluetoothManagerService: Broadcasting onBluetoothServiceUp() to 4 receivers.
03-29 20:16:10.741  1270  1318 D BluetoothAdapterState: Current state: OFF, message: 0
03-29 20:16:10.741  1270  1318 D BluetoothAdapterProperties: Setting state to 14
03-29 20:16:10.741  1270  1318 I BluetoothAdapterState: Bluetooth adapter state changed: 10-> 14
03-29 20:16:10.751  1270  1318 D BluetoothBondStateMachine: make
03-29 20:16:10.757  1270  1329 I BluetoothBondStateMachine: StableState(): Entering Off State
03-29 20:16:10.758  1270  1318 I BluetoothAdapterState: Entering PendingCommandState
03-29 20:16:10.759  1270  1270 I BtGatt.JNI: classInitNative(L912): classInitNative: Success!
03-29 20:16:10.761  1270  1270 D BluetoothAdapterService: getAdapterService() - returning com.android.bluetooth.btservice.AdapterService@311d242
03-29 20:16:10.761   311  1111 D audio_hw_primary: disable_audio_route: reset and update mixer path: audio-record
03-29 20:16:10.762  1315  1315 I wpa_supplicant: Successfully initialized wpa_supplicant
03-29 20:16:10.762   311  1111 D audio_hw_primary: disable_snd_device: snd_device(63: voice-rec-mic)
03-29 20:16:10.762  1270  1270 D BtGatt.DebugUtils: handleDebugAction() action=null
03-29 20:16:10.764  1270  1270 D BtGatt.GattService: Received start request. Starting profile...
03-29 20:16:10.764  1270  1270 D BtGatt.GattService: start()
03-29 20:16:10.764  1270  1270 I bt_bluedroid: get_profile_interface gatt
03-29 20:16:10.765  1270  1270 D BluetoothAdapterService: getAdapterService() - returning com.android.bluetooth.btservice.AdapterService@311d242
03-29 20:16:10.765  1270  1270 D BtGatt.AdvertiseManager: advertise manager created
03-29 20:16:10.775  1270  1270 V BluetoothAdapterState: isTurningOff()=false
03-29 20:16:10.776  1270  1270 V BluetoothAdapterState: isTurningOn()=false
03-29 20:16:10.776  1270  1270 V BluetoothAdapterState: isBleTurningOn()=true
03-29 20:16:10.776  1270  1270 V BluetoothAdapterState: isBleTurningOff()=false
03-29 20:16:10.777  1270  1318 D BluetoothAdapterState: Current state: PENDING_COMMAND, message: 4
03-29 20:16:10.779  1270  1318 I bt_bluedroid: bt_bluedroid
03-29 20:16:10.780  1270  1321 D bt_stack_manager: event_start_up_stack is bringing up the stack.
03-29 20:16:10.781  1270  1321 I bt_hci  : start_up
03-29 20:16:10.790  1270  1321 I bt_vendor: alloc value 0xac507c59
03-29 20:16:10.790  1270  1321 I bt_vendor: init
03-29 20:16:10.790  1270  1321 I bt_vnd_conf: Attempt to load conf from /etc/bluetooth/bt_vendor.conf
03-29 20:16:10.826  1298  1334 D OpenGLRenderer: Use EGL_SWAP_BEHAVIOR_PRESERVED: true
03-29 20:16:10.831  1270  1321 D bt_hci  : start_up starting async portion
03-29 20:16:10.831  1270  1332 I bt_hci  : event_finish_startup
03-29 20:16:10.831  1270  1332 I bt_hci_h4: hal_open
03-29 20:16:10.831  1270  1332 I bt_userial_vendor: userial vendor open: opening /dev/ttyHS0
03-29 20:16:10.833  1270  1332 I bt_userial_vendor: device fd = 52 open
03-29 20:16:10.835  1315  1315 I wpa_supplicant: rfkill: Cannot open RFKILL control device
03-29 20:16:10.872  1270  1332 I bt_hwcfg: bt vendor lib: set UART baud 3000000
03-29 20:16:10.874  1270  1332 I bt_hwcfg: Found patchfile: /vendor/firmware//4343A0.hcd
03-29 20:16:10.878   929  1304 I ContactsSyncService: Syncing 1387 contacts.
03-29 20:16:10.888  1298  1334 W Adreno-GSL: <gsl_ldd_control:466>: ioctl fd 20 code 0xc0100940 (IOCTL_KGSL_SYNCSOURCE_CREATE) failed: errno 25 Unknown ioctl code
03-29 20:16:10.888  1298  1334 I Adreno-EGL: <qeglDrvAPI_eglInitialize:379>: QUALCOMM Build: 09/28/15, cb423fe, Ib3272dc427
03-29 20:16:10.890  1298  1334 I OpenGLRenderer: Initialized EGL, version 1.4
03-29 20:16:10.952   929  1322 W PackageChangesService: Package com.google.android.keep depends on 201008000, GMS version is: 200914061
03-29 20:16:10.957   929  1322 W PackageChangesService: Package com.google.android.keep needs newer version of GMS, queuing for later.
03-29 20:16:10.983   718   763 I ActivityManager: Displayed com.huawei.mercury.chargedetection/.MainActivity: +253ms
03-29 20:16:11.058   988   999 I art     : CollectorTransition marksweep + semispace GC freed 497(-40KB) AllocSpace objects, 0(0B) LOS objects, 24% free, 5MB/7MB, paused 22.452ms total 22.452ms
03-29 20:16:11.178  1270  1332 I bt_hwcfg: bt vendor lib: set UART baud 115200
03-29 20:16:11.178  1270  1332 I bt_hwcfg: Setting fw settlement delay to 100 
03-29 20:16:11.290  1270  1332 I bt_hwcfg: bt vendor lib: set UART baud 3000000
03-29 20:16:11.291  1270  1332 I bt_hwcfg: Setting local bd addr to AC:CF:85:C6:24:41
03-29 20:16:11.292  1270  1332 I bt_hwcfg: vendor lib fwcfg completed
03-29 20:16:11.292  1270  1332 I bt_vendor: firmware callback
03-29 20:16:11.292  1270  1332 I bt_hci  : firmware_config_callback
03-29 20:16:11.295  1270  1340 I bt_btu  : btu_task pending for preload complete event
03-29 20:16:11.296  1270  1340 I bt_btu_task: Bluetooth chip preload is complete
03-29 20:16:11.296  1270  1340 I bt_btu  : btu_task received preload complete event
03-29 20:16:11.297  1270  1340 I         : BTE_InitTraceLevels -- TRC_HCI
03-29 20:16:11.297  1270  1340 I         : BTE_InitTraceLevels -- TRC_L2CAP
03-29 20:16:11.297  1270  1340 I         : BTE_InitTraceLevels -- TRC_RFCOMM
03-29 20:16:11.297  1270  1340 I         : BTE_InitTraceLevels -- TRC_AVDT
03-29 20:16:11.297  1270  1340 I         : BTE_InitTraceLevels -- TRC_AVRC
03-29 20:16:11.297  1270  1340 I         : BTE_InitTraceLevels -- TRC_A2D
03-29 20:16:11.297  1270  1340 I         : BTE_InitTraceLevels -- TRC_BNEP
03-29 20:16:11.297  1270  1340 I         : BTE_InitTraceLevels -- TRC_BTM
03-29 20:16:11.297  1270  1340 I         : BTE_InitTraceLevels -- TRC_GAP
03-29 20:16:11.297  1270  1340 I         : BTE_InitTraceLevels -- TRC_PAN
03-29 20:16:11.297  1270  1340 I         : BTE_InitTraceLevels -- TRC_SDP
03-29 20:16:11.297  1270  1340 I         : BTE_InitTraceLevels -- TRC_GATT
03-29 20:16:11.297  1270  1340 I         : BTE_InitTraceLevels -- TRC_SMP
03-29 20:16:11.297  1270  1340 I         : BTE_InitTraceLevels -- TRC_BTAPP
03-29 20:16:11.297  1270  1340 I         : BTE_InitTraceLevels -- TRC_BTIF
03-29 20:16:11.427  1270  1340 I bt_btm_sec: BTM_SecRegister p_cb_info->p_le_callback == 0x0xac485c45
03-29 20:16:11.427  1270  1340 I bt_btm_sec: BTM_SecRegister btm_cb.api.p_le_callback = 0x0xac485c45 
03-29 20:16:11.433  1270  1327 I bt_btif_storage: btif_storage_get_adapter_property service_mask:0x20000000
03-29 20:16:11.433  1270  1327 D BluetoothAdapterProperties: Address is:AC:CF:85:C6:24:41
03-29 20:16:11.435  1270  1327 D BluetoothAdapterProperties: Name is: HUAWEI WATCH 1564
03-29 20:16:11.436  1270  1327 D BluetoothAdapterProperties: Scan Mode:20
03-29 20:16:11.437  1270  1327 D BluetoothAdapterProperties: Discoverable Timeout:0
03-29 20:16:11.438  1270  1327 D BluetoothAdapterProperties: Adding bonded device:F4:7D:EF:7B:34:2C
03-29 20:16:11.439  1270  1327 E BluetoothRemoteDevices: devicePropertyChangedCallback: bdDevice: F4:7D:EF:7B:34:2C, value is empty for type: 10
03-29 20:16:11.442  1270  1270 I BluetoothHidServiceJni: classInitNative: succeeds
03-29 20:16:11.442  1270  1270 D HidService: getHidService(): service is NULL
03-29 20:16:11.444  1270  1327 D bt_hci  : do_postload posting postload work item
03-29 20:16:11.444  1270  1332 I bt_hci  : event_postload
03-29 20:16:11.444  1270  1332 I bt_hwcfg: I2SPCM config {0x1, 0x0, 0x0, 0x1}
03-29 20:16:11.444  1270  1332 I bt_vendor: sco_config_cb
03-29 20:16:11.444  1270  1332 I bt_hci  : sco_config_callback postload finished.
03-29 20:16:11.445  1270  1332 I bt_hwcfg: sco I2S/PCM config result 0 [0-Success, 1-Fail]
03-29 20:16:11.445  1270  1332 I bt_vendor: sco_audiostate_cb(status: 0)
03-29 20:16:11.446  1270  1332 I bt_vendor: low_power_mode_cb
03-29 20:16:11.448  1270  1327 D bt_bte_conf: Device ID record 1 : primary
03-29 20:16:11.448  1270  1327 D bt_bte_conf:   vendorId            = 000f
03-29 20:16:11.448  1270  1327 D bt_bte_conf:   vendorIdSource      = 0001
03-29 20:16:11.448  1270  1327 D bt_bte_conf:   product             = 1200
03-29 20:16:11.448  1270  1327 D bt_bte_conf:   version             = 1436
03-29 20:16:11.448  1270  1327 D bt_bte_conf:   clientExecutableURL = 
03-29 20:16:11.448  1270  1327 D bt_bte_conf:   serviceDescription  = 
03-29 20:16:11.448  1270  1327 D bt_bte_conf:   documentationURL    = 
03-29 20:16:11.448  1270  1327 D bt_bte_conf: bte_load_did_conf no section named DID2.
03-29 20:16:11.448  1270  1321 D bt_stack_manager: event_start_up_stack finished
03-29 20:16:11.449  1270  1318 D BluetoothAdapterState: Current state: PENDING_COMMAND, message: 3
03-29 20:16:11.449  1270  1318 D BluetoothAdapterProperties: Setting state to 15
03-29 20:16:11.449  1270  1318 I BluetoothAdapterState: Bluetooth adapter state changed: 14-> 15
03-29 20:16:11.450  1270  1318 I BluetoothAdapterState: Entering BleOnState
03-29 20:16:11.453  1270  1318 D BluetoothAdapterState: Current state: BLE ON, message: 1
03-29 20:16:11.453  1270  1318 D BluetoothAdapterProperties: Setting state to 11
03-29 20:16:11.453  1270  1318 I BluetoothAdapterState: Bluetooth adapter state changed: 15-> 11
03-29 20:16:11.456  1270  1318 I BluetoothAdapterState: Entering PendingCommandState
03-29 20:16:11.456  1270  1270 D BluetoothAdapterService: getAdapterService() - returning com.android.bluetooth.btservice.AdapterService@311d242
03-29 20:16:11.457   718   718 D BluetoothA2dp: Proxy object connected
03-29 20:16:11.458  1270  1270 D A2dpService: Received start request. Starting profile...
03-29 20:16:11.458  1270  1270 I BluetoothAvrcpServiceJni: classInitNative: succeeds
03-29 20:16:11.458  1270  1270 I bt_bluedroid: get_profile_interface avrcp
03-29 20:16:11.498  1270  1270 E RemoteController: Cannot set synchronization mode on an unregistered RemoteController
03-29 20:16:11.498  1270  1270 I BluetoothA2dpServiceJni: classInitNative: succeeds
03-29 20:16:11.498  1270  1270 D A2dpStateMachine: make
03-29 20:16:11.499  1270  1270 I bt_bluedroid: get_profile_interface a2dp
03-29 20:16:11.499  1270  1327 I bt_btif_storage: btif_storage_get_adapter_property service_mask:0x20000008
03-29 20:16:11.502  1270  1345 D A2dpStateMachine: Enter Disconnected: -2
03-29 20:16:11.503  1270  1270 V BluetoothAdapterState: isTurningOff()=false
03-29 20:16:11.503  1270  1270 V BluetoothAdapterState: isTurningOn()=true
03-29 20:16:11.503  1270  1270 V BluetoothAdapterState: isBleTurningOn()=false
03-29 20:16:11.503  1270  1270 V BluetoothAdapterState: isBleTurningOff()=false
03-29 20:16:11.503  1270  1318 D BluetoothAdapterState: Current state: PENDING_COMMAND, message: 2
03-29 20:16:11.503  1270  1318 D BluetoothAdapterProperties: ScanMode =  20
03-29 20:16:11.503  1270  1318 D BluetoothAdapterProperties: State =  11
03-29 20:16:11.504  1270  1327 D BluetoothAdapterProperties: Scan Mode:23
03-29 20:16:11.504  1270  1327 D BluetoothAdapterProperties: Discoverable Timeout:0
03-29 20:16:11.507  1270  1318 D BluetoothAdapterProperties: Setting state to 12
03-29 20:16:11.507  1270  1318 I BluetoothAdapterState: Bluetooth adapter state changed: 11-> 12
03-29 20:16:11.507  1270  1318 I BluetoothAdapterState: Entering OnState
03-29 20:16:11.507   718   762 D BluetoothA2dp: onBluetoothStateChange: up=true
03-29 20:16:11.507   718   762 D BluetoothHeadset: onBluetoothStateChange: up=true
03-29 20:16:11.513   718   762 E BluetoothManagerService: Fail to bind to: Intent { act=android.bluetooth.IBluetoothHeadset }
03-29 20:16:11.514   718   762 W BluetoothManagerService: Unable to bind with intent: Intent { act=android.bluetooth.IBluetoothHeadset }
03-29 20:16:11.514   718   762 D BluetoothHeadset: onBluetoothStateChange: up=true
03-29 20:16:11.514   718   762 E BluetoothManagerService: Fail to bind to: Intent { act=android.bluetooth.IBluetoothHeadset }
03-29 20:16:11.514   718   762 W BluetoothManagerService: Unable to bind with intent: Intent { act=android.bluetooth.IBluetoothHeadset }
03-29 20:16:11.514   718   762 D BluetoothHeadset: onBluetoothStateChange: up=true
03-29 20:16:11.514   718   762 E BluetoothManagerService: Fail to bind to: Intent { act=android.bluetooth.IBluetoothHeadset }
03-29 20:16:11.514   718   762 W BluetoothManagerService: Unable to bind with intent: Intent { act=android.bluetooth.IBluetoothHeadset }
03-29 20:16:11.517   718   718 I Telecom : BluetoothPhoneService: queryPhoneState
03-29 20:16:11.522   958   958 W BluetoothAdapter: getBluetoothService() called with no BluetoothManagerCallback
03-29 20:16:11.528  1270  1327 D BluetoothAdapterProperties: Discoverable Timeout:0
03-29 20:16:11.529  1270  1327 D BluetoothAdapterProperties: Scan Mode:21
03-29 20:16:11.587   718   786 D WIFI    : Registering NetworkFactory
03-29 20:16:11.587   718   786 D WIFI_UT : Registering NetworkFactory
03-29 20:16:11.587   718   788 D ConnectivityService: Got NetworkFactory Messenger for WIFI
03-29 20:16:11.587   718   788 D ConnectivityService: Got NetworkFactory Messenger for WIFI_UT
03-29 20:16:11.604   718   786 D WifiConfigStore: Loading config and enabling all networks 
03-29 20:16:11.609   521   521 I shd     : type=1400 audit(0.0:21): avc: denied { write } for path="/dev/socket/shddata" scontext=u:r:shd:s0 tcontext=u:r:init:s0 tclass=unix_stream_socket permissive=1
03-29 20:16:11.642   929   929 D WifiSettings.Listener: Successfully set data item: /wifi/wifi_connection_status
03-29 20:16:11.663  1013  1013 I CalendarProvider2: Sending notification intent: Intent { act=android.intent.action.PROVIDER_CHANGED dat=content://com.android.calendar flg=0x20000000 }
03-29 20:16:11.663  1013  1013 W ContentResolver: Failed to get type for: content://com.android.calendar (Unknown URL content://com.android.calendar)
03-29 20:16:11.688   718   786 D WifiConfigStore: loaded 0 passpoint configs
03-29 20:16:11.688   718   786 E WifiConfigStore: Error parsing configuration: java.io.FileNotFoundException: /data/misc/wifi/ipconfig.txt: open failed: ENOENT (No such file or directory)
03-29 20:16:11.690   718   786 W WifiConfigStore: Upgrading network 8 to android.uid.system:1000
03-29 20:16:11.691   718   786 W WifiConfigStore: Upgrading network 0 to android.uid.system:1000
03-29 20:16:11.691   718   786 W WifiConfigStore: Upgrading network 9 to android.uid.system:1000
03-29 20:16:11.692   718   786 W WifiConfigStore: Upgrading network 5 to android.uid.system:1000
03-29 20:16:11.692   718   786 W WifiConfigStore: Upgrading network 3 to android.uid.system:1000
03-29 20:16:11.693   718   786 W WifiConfigStore: Upgrading network 4 to android.uid.system:1000
03-29 20:16:11.693   718   786 W WifiConfigStore: Upgrading network 1 to android.uid.system:1000
03-29 20:16:11.694   718   786 W WifiConfigStore: Upgrading network 7 to android.uid.system:1000
03-29 20:16:11.694   718   786 W WifiConfigStore: Upgrading network 6 to android.uid.system:1000
03-29 20:16:11.695   718   786 W WifiConfigStore: Upgrading network 2 to android.uid.system:1000
03-29 20:16:11.696   718   786 E WifiConfigStore: readAutoJoinStatus: Error parsing configurationjava.io.FileNotFoundException: /data/misc/wifi/autojoinconfig.txt: open failed: ENOENT (No such file or directory)
03-29 20:16:11.697   718   786 E WifiConfigStore: buildPnoList sortedWifiConfigurations size 10
03-29 20:16:11.697   718   786 E WifiConfigStore: found sortedWifiConfigurations : "HEMA Wi-Fi"NONE
03-29 20:16:11.697   718   786 E WifiConfigStore: found sortedWifiConfigurations : "Glowgolf FREE"NONE
03-29 20:16:11.697   718   786 E WifiConfigStore: found sortedWifiConfigurations : "KFC Public"NONE
03-29 20:16:11.697   718   786 E WifiConfigStore: found sortedWifiConfigurations : "Shell Free WiFi"NONE
03-29 20:16:11.697   718   786 E WifiConfigStore: found sortedWifiConfigurations : "GCO gast"NONE
03-29 20:16:11.697   718   786 E WifiConfigStore: found sortedWifiConfigurations : "GAMMA"NONE
03-29 20:16:11.697   718   786 E WifiConfigStore: found sortedWifiConfigurations : "welcome@lidl"NONE
03-29 20:16:11.697   718   786 E WifiConfigStore: found sortedWifiConfigurations : "IKEA WiFi"NONE
03-29 20:16:11.697   718   786 E WifiConfigStore: found sortedWifiConfigurations : "McDonald's free Wifi"NONE
03-29 20:16:11.697   718   786 E WifiConfigStore: found sortedWifiConfigurations : "ZTE"WPA_PSK
03-29 20:16:11.703   718   786 D WifiNative-HAL: Setting external_sim to 1
03-29 20:16:11.703   718   786 D wifi    : setting dfs flag to true, 0xae2f6910
03-29 20:16:11.704   718   786 D WifiStateMachine: Setting OUI to DA-A1-19
03-29 20:16:11.704   718   786 D wifi    : setting scan oui 0xae2f6910
03-29 20:16:11.704   718   786 D WifiHAL : Sending mac address OUI
03-29 20:16:11.724   718   718 D RttService: SCAN_AVAILABLE : 3
03-29 20:16:11.725   718   802 D RttService: DefaultState got{ when=0 what=160512 target=com.android.internal.util.StateMachine$SmHandler }
03-29 20:16:11.725   718   786 D wifi    : android_net_wifi_setLinkLayerStats: 1
03-29 20:16:11.728   718   786 D WIFI    : got request NetworkRequest [ id=1, legacyType=-1, [ Capabilities: INTERNET&NOT_RESTRICTED&TRUSTED&NOT_VPN] ] with score 0
03-29 20:16:11.728   718   786 D WIFI_UT : got request NetworkRequest [ id=1, legacyType=-1, [ Capabilities: INTERNET&NOT_RESTRICTED&TRUSTED&NOT_VPN] ] with score 0
03-29 20:16:11.757  1315  1315 I wpa_supplicant: wlan0: CTRL-EVENT-REGDOM-CHANGE init=USER type=COUNTRY alpha2=NL
03-29 20:16:11.758   718   786 E native  : do suspend false
03-29 20:16:11.769   718   786 D WifiConfigStore: No blacklist allowed without epno enabled
03-29 20:16:12.372   718   786 D WifiStateMachine: shouldSwitchNetwork  txSuccessRate=0.00 rxSuccessRate=0.00 delta 1000 -> 1000
03-29 20:16:12.374   718   786 D WifiStateMachine: CMD_AUTO_CONNECT sup state ScanState my state DisconnectedState nid=4 roam=3
03-29 20:16:12.374   718   786 E WifiConfigStore: saveWifiConfigBSSID Setting BSSID for "ZTE"WPA_PSK to any
03-29 20:16:12.387   718   786 D WifiStateMachine: CMD_AUTO_CONNECT will save config -> "ZTE" nid=4
03-29 20:16:12.475   718   786 D WifiStateMachine: CMD_AUTO_CONNECT did save config ->  nid=4
03-29 20:16:12.477  1315  1315 I wpa_supplicant: wlan0: Trying to associate with SSID 'ZTE'
03-29 20:16:12.665   958  1244 E Backup  : [BackupTransportMigratorChimeraService] Could not migrate transport!
03-29 20:16:13.211  1315  1315 I wpa_supplicant: wlan0: Associated with 60:a4:4c:66:cb:8c
03-29 20:16:13.467  1315  1315 I wpa_supplicant: wlan0: WPA: Key negotiation completed with 60:a4:4c:66:cb:8c [PTK=CCMP GTK=CCMP]
03-29 20:16:13.469  1315  1315 I wpa_supplicant: wlan0: CTRL-EVENT-CONNECTED - Connection to 60:a4:4c:66:cb:8c completed [id=4 id_str=]
03-29 20:16:13.494   718   786 D ConnectivityService: registerNetworkAgent NetworkAgentInfo{ ni{[type: WIFI[], state: CONNECTING/CONNECTING, reason: (unspecified), extra: "ZTE", roaming: false, failover: false, isAvailable: true]}  network{100}  lp{{LinkAddresses: []  Routes: [] DnsAddresses: [] Domains: null MTU: 0 TcpBufferSizes: 524288,1048576,2097152,262144,524288,1048576}}  nc{[ Transports: WIFI Capabilities: INTERNET&NOT_RESTRICTED&TRUSTED&NOT_VPN LinkUpBandwidth>=1048576Kbps LinkDnBandwidth>=1048576Kbps]}  Score{20}  everValidated{false}  lastValidated{false}  created{false} lingering{false} explicitlySelected{false} acceptUnvalidated{false} everCaptivePortalDetected{false} lastCaptivePortalDetected{false} }
03-29 20:16:13.494   718   786 E WifiConfigStore: saveWifiConfigBSSID Setting BSSID for "ZTE"WPA_PSK to any
03-29 20:16:13.494   718   788 D ConnectivityService: NetworkAgentInfo [WIFI () - 100] EVENT_NETWORK_INFO_CHANGED, going from null to CONNECTING
03-29 20:16:13.511   718   786 E WifiConfigStore: saveWifiConfigBSSID Setting BSSID for "ZTE"WPA_PSK to any
03-29 20:16:13.529   309   760 D CommandListener: Setting iface cfg
03-29 20:16:13.535   718   786 D WifiStateMachine: Start Dhcp Watchdog 1
03-29 20:16:13.544   718  1355 D DhcpClient: Receive thread started
03-29 20:16:13.553   718   786 D IpReachabilityMonitor: watch: iface{wlan0/6}, v{1}, ntable=[]
03-29 20:16:13.554   718   788 D ConnectivityService: notifyType CAP_CHANGED for NetworkAgentInfo [WIFI () - 100]
03-29 20:16:13.554   718   788 D ConnectivityService: updateNetworkScore for NetworkAgentInfo [WIFI () - 100] to 60
03-29 20:16:13.645   718   786 E native  : do suspend false
03-29 20:16:13.673   718  1354 D DhcpClient: Broadcasting DHCPDISCOVER
03-29 20:16:14.573   718   786 D IpReachabilityMonitor: watch: iface{wlan0/6}, v{2}, ntable=[fe80::2e95:7fff:fe58:e35b/NUD_NONE]
03-29 20:16:14.576   718   786 D IpReachabilityMonitor: watch: iface{wlan0/6}, v{3}, ntable=[fe80::2e95:7fff:fe58:e35b/NUD_NONE]
03-29 20:16:14.577   718   786 D IpReachabilityMonitor: watch: iface{wlan0/6}, v{4}, ntable=[fe80::2e95:7fff:fe58:e35b/NUD_NONE]
03-29 20:16:14.578   718   786 D WifiConfigStore: No blacklist allowed without epno enabled
03-29 20:16:14.578   718   788 D ConnectivityService: NetworkAgentInfo [WIFI () - 100] EVENT_NETWORK_INFO_CHANGED, going from CONNECTING to CONNECTED
03-29 20:16:14.582   718   788 D ConnectivityService: Adding iface wlan0 to network 100
03-29 20:16:14.613   958   958 I GeofencerStateMachine: sendWifiConnectivityChanged: connectivity=true
03-29 20:16:14.619   718   788 E ConnectivityService: Unexpected mtu value: 0, wlan0
03-29 20:16:14.619   718   788 D ConnectivityService: Adding Route [fe80::/64 -> :: wlan0] to network 100
03-29 20:16:14.620   718   788 D ConnectivityService: Adding Route [2a02:a444:53d6:1::/64 -> :: wlan0] to network 100
03-29 20:16:14.622   718   788 D ConnectivityService: Adding Route [::/0 -> fe80::2e95:7fff:fe58:e35b wlan0] to network 100
03-29 20:16:14.622   309   760 E Netd    : netlink response contains error (File exists)
03-29 20:16:14.624   718   788 D ConnectivityService: Setting Dns servers for network 100 to [/fe80::2e95:7fff:fe58:e35b%wlan0%6]
03-29 20:16:14.627   718   788 I Nat464Xlat: Starting clatd on wlan0
03-29 20:16:14.628   309   760 D ClatdController: starting clatd on wlan0
03-29 20:16:14.628   309   760 D ClatdController: clatd started on wlan0
03-29 20:16:14.633   718   784 W ContextImpl: Calling a method in the system process without a qualified user: android.app.ContextImpl.sendBroadcast:763 com.android.server.net.NetworkPolicyManagerService.sendNotificationToCustomComponent:943 com.android.server.net.NetworkPolicyManagerService.updateNotificationsLocked:834 com.android.server.net.NetworkPolicyManagerService$8.onReceive:663 android.app.LoadedApk$ReceiverDispatcher$Args.run:881 
03-29 20:16:14.633   718   788 D ConnectivityService: notifyType IP_CHANGED for NetworkAgentInfo [WIFI () - 100]
03-29 20:16:14.635   910   910 W ContextImpl: Calling a method in the system process without a qualified user: android.app.ContextImpl.startService:1221 android.content.ContextWrapper.startService:581 android.content.ContextWrapper.startService:581 com.google.android.clockwork.settings.NetworkPolicyNotificationReceiver.onReceive:14 android.app.ActivityThread.handleReceiver:2725 
03-29 20:16:14.639   718   788 D ConnectivityService: scheduleUnvalidatedPrompt 100
03-29 20:16:14.639   718   784 W ContextImpl: Calling a method in the system process without a qualified user: android.app.ContextImpl.sendBroadcast:763 com.android.server.net.NetworkPolicyManagerService.sendNotificationToCustomComponent:943 com.android.server.net.NetworkPolicyManagerService.updateNotificationsLocked:834 com.android.server.net.NetworkPolicyManagerService$8.onReceive:663 android.app.LoadedApk$ReceiverDispatcher$Args.run:881 
03-29 20:16:14.639   718   788 D ConnectivityService: updateSignalStrengthThresholds: CONNECT, sending [] to NetworkAgentInfo [WIFI () - 100]
03-29 20:16:14.639   718   788 D ConnectivityService: rematch for NetworkAgentInfo [WIFI () - 100]
03-29 20:16:14.639   718   788 D ConnectivityService:    accepting network in place of null
03-29 20:16:14.639   718   786 D WifiNetworkAgent: NetworkAgent: Received signal strength thresholds: []
03-29 20:16:14.640   718   786 D WifiNative-HAL: stopRssiMonitoring, cmdId 0
03-29 20:16:14.640   718   788 D ConnectivityService: Switching to new default network: NetworkAgentInfo{ ni{[type: WIFI[], state: CONNECTED/CONNECTED, reason: (unspecified), extra: "ZTE", roaming: false, failover: false, isAvailable: true]}  network{100}  lp{{InterfaceName: wlan0 LinkAddresses: [fe80::aecf:85ff:fec6:2440/64,2a02:a444:53d6:1:aecf:85ff:fec6:2440/64,2a02:a444:53d6:1:d5a9:4cd:e801:ae5f/64,]  Routes: [fe80::/64 -> :: wlan0,::/0 -> fe80::2e95:7fff:fe58:e35b wlan0,2a02:a444:53d6:1::/64 -> :: wlan0,] DnsAddresses: [fe80::2e95:7fff:fe58:e35b%wlan0,] Domains: null MTU: 0 TcpBufferSizes: 524288,1048576,2097152,262144,524288,1048576}}  nc{[ Transports: WIFI Capabilities: INTERNET&NOT_RESTRICTED&TRUSTED&NOT_VPN LinkUpBandwidth>=1048576Kbps LinkDnBandwidth>=1048576Kbps SignalStrength: -53]}  Score{20}  everValidated{false}  lastValidated{false}  created{true} lingering{false} explicitlySelected{false} acceptUnvalidated{false} everCaptivePortalDetected{false} lastCaptivePortalDetected{false} }
03-29 20:16:14.642   910   910 W ContextImpl: Calling a method in the system process without a qualified user: android.app.ContextImpl.startService:1221 android.content.ContextWrapper.startService:581 android.content.ContextWrapper.startService:581 com.google.android.clockwork.settings.NetworkPolicyNotificationReceiver.onReceive:14 android.app.ActivityThread.handleReceiver:2725 
03-29 20:16:14.653  1360  1360 I clatd   : Starting clat version 1.4 on wlan0 netid=100 mark=0xf0064
03-29 20:16:14.675   309   760 V IdletimerController: runCmd(/system/bin/ip6tables -w -t raw -A idletimer_raw_PREROUTING -i wlan0 -j IDLETIMER --timeout 15 --label 1 --send_nl_msg 1) res_ipv4=0, res_ipv6=0
03-29 20:16:14.681  1360  1360 I clatd   : Using ring buffer with 656 frames (1048576 bytes) at 0xb6c40000
03-29 20:16:14.684  1360  1360 I clatd   : Detecting NAT64 prefix from DNS...
03-29 20:16:14.697  1360  1360 E clatd   : plat_prefix/dns(ipv4only.arpa) status = 7/No address associated with hostname
03-29 20:16:14.697  1360  1360 W clatd   : dns64_detection -- error, sleeping for 1 seconds
03-29 20:16:14.712   309   760 V IdletimerController: runCmd(/system/bin/ip6tables -w -t mangle -A idletimer_mangle_POSTROUTING -o wlan0 -j IDLETIMER --timeout 15 --label 1 --send_nl_msg 1) res_ipv4=0, res_ipv6=0
03-29 20:16:14.714   718   788 D ConnectivityService: Setting tx/rx TCP buffers to 524288,1048576,2097152,262144,524288,1048576
03-29 20:16:14.722   718   788 D CSLegacyTypeTracker: Sending CONNECTED broadcast for type 1 NetworkAgentInfo [WIFI () - 100] isDefaultNetwork=true
03-29 20:16:14.725   718   788 D ConnectivityService: sendStickyBroadcast: action=android.net.conn.CONNECTIVITY_CHANGE
03-29 20:16:14.727   718   788 D ConnectivityService: notifyType PRECHECK for NetworkAgentInfo [WIFI () - 100]
03-29 20:16:14.728   718   762 D Tethering: MasterInitialState.processMessage what=3
03-29 20:16:14.729   718   788 D ConnectivityService: setProvNotificationVisibleIntent null visible=false networkType=MOBILE extraInfo=null highPriority=false
03-29 20:16:14.729   718   788 D ConnectivityService: NetworkAgentInfo [WIFI () - 100] validation  passed
03-29 20:16:14.729   718   788 D ConnectivityService: notifyType CAP_CHANGED for NetworkAgentInfo [WIFI () - 100]
03-29 20:16:14.730   718   788 D ConnectivityService: sendStickyBroadcast: action=android.net.conn.INET_CONDITION_ACTION
03-29 20:16:14.776   718   784 W ContextImpl: Calling a method in the system process without a qualified user: android.app.ContextImpl.sendBroadcast:763 com.android.server.net.NetworkPolicyManagerService.sendNotificationToCustomComponent:943 com.android.server.net.NetworkPolicyManagerService.updateNotificationsLocked:834 com.android.server.net.NetworkPolicyManagerService$14.onReceive:1135 android.app.LoadedApk$ReceiverDispatcher$Args.run:881 
03-29 20:16:14.779   910   910 W ContextImpl: Calling a method in the system process without a qualified user: android.app.ContextImpl.startService:1221 android.content.ContextWrapper.startService:581 android.content.ContextWrapper.startService:581 com.google.android.clockwork.settings.NetworkPolicyNotificationReceiver.onReceive:14 android.app.ActivityThread.handleReceiver:2725 
03-29 20:16:14.812   958  1136 W ProviderHelper: Unknown dynamite feature providerinstaller
03-29 20:16:14.812   958  1136 I DynamiteModule: Considering local module providerinstaller:0 and remote module providerinstaller:0
03-29 20:16:14.814   958  1136 I DynamiteModule: Considering local module providerinstaller:0 and remote module providerinstaller:0
03-29 20:16:14.844   958  1136 W Conscrypt: Could not set socket write timeout: java.net.SocketException: Socket closed
03-29 20:16:14.844   958  1136 E art     : invalid stream - problem with parameter iterator in /data/app/com.google.android.gms-1/base.apk:classes2.dex for method void com.google.android.gms.org.conscrypt.ConscryptFileDescriptorSocket.setSoWriteTimeout(int)
03-29 20:16:14.851   958  1136 W Conscrypt: 	at com.google.android.gms.org.conscrypt.Platform.setSocketWriteTimeout(:com.google.android.gms@200914061@20.09.14 (050300-300565878):2)
03-29 20:16:14.851   958  1136 W Conscrypt: 	at com.google.android.gms.org.conscrypt.ConscryptFileDescriptorSocket.setSoWriteTimeout(:com.google.android.gms@200914061@20.09.14 (050300-300565878))
03-29 20:16:15.007   958  1136 W Conscrypt: Could not set socket write timeout: java.net.SocketException: Socket closed
03-29 20:16:15.007   958  1136 E art     : invalid stream - problem with parameter iterator in /data/app/com.google.android.gms-1/base.apk:classes2.dex for method void com.google.android.gms.org.conscrypt.ConscryptFileDescriptorSocket.setSoWriteTimeout(int)
03-29 20:16:15.008   958  1136 W Conscrypt: 	at com.google.android.gms.org.conscrypt.Platform.setSocketWriteTimeout(:com.google.android.gms@200914061@20.09.14 (050300-300565878):2)
03-29 20:16:15.008   958  1136 W Conscrypt: 	at com.google.android.gms.org.conscrypt.ConscryptFileDescriptorSocket.setSoWriteTimeout(:com.google.android.gms@200914061@20.09.14 (050300-300565878))
03-29 20:16:15.303   718   765 I PowerManagerService: Going to sleep due to screen timeout (uid 1000)...
03-29 20:16:15.304   718   718 E InputMethodManagerService: Ignoring updateSystemUiLocked due to an invalid token. uid:1000 token:null
03-29 20:16:15.311   718   765 I DreamManagerService: Entering dreamland.
03-29 20:16:15.312   718   765 I PowerManagerService: Dozing...
03-29 20:16:15.312   718   748 I DreamController: Starting dream: name=ComponentInfo{com.google.android.wearable.ambient/com.google.android.wearable.ambient.AmbientDream}, isTest=false, canDoze=true, userId=0
03-29 20:16:15.313   718   718 E InputMethodManagerService: Ignoring updateSystemUiLocked due to an invalid token. uid:1000 token:null
03-29 20:16:15.348  1072  1072 V DreamService[AmbientDream]: onBind() intent = Intent { act=android.service.dreams.DreamService flg=0x800000 cmp=com.google.android.wearable.ambient/.AmbientDream }
03-29 20:16:15.349   518   518 I shd     : type=1400 audit(0.0:22): avc: denied { write } for path="/dev/pts/0" dev="devpts" ino=3 scontext=u:r:shd:s0 tcontext=u:object_r:devpts:s0 tclass=chr_file permissive=1
03-29 20:16:15.349   518   518 I shd     : type=1400 audit(0.0:23): avc: denied { read } for path="/dev/socket/shdctl" scontext=u:r:shd:s0 tcontext=u:r:init:s0 tclass=unix_stream_socket permissive=1
03-29 20:16:15.353  1072  1072 I AmbientService: Ambient Created
03-29 20:16:15.353  1072  1072 V DreamService[AmbientDream]: Calling onDreamingStarted()
03-29 20:16:15.353  1072  1072 I AmbientService: Ambient Starting
03-29 20:16:15.354  1072  1072 D WristGestureCtrl: Stopping detectors: GesturesEnabled-true gestureDetector-true ungazeEnabled-true ungaze-true
03-29 20:16:15.354  1072  1072 D DefaultUngazeDetector: stopping
03-29 20:16:15.355   319   319 I strace  : futex(0xbe88cb30, FUTEX_WAIT_PRIVATE, 84, NULLselect event comming = 1 max_fd =12
03-29 20:16:15.355   319   319 I strace  : ) = 0
03-29 20:16:15.355   319   319 I strace  : openat(AT_FDCWD, "/proc/mcusleep/sleep", O_WRONLY|O_LARGEFILE) = 8
03-29 20:16:15.356   319   319 I strace  : write(8, "0", 1)                        = 1
03-29 20:16:15.356   319   319 I strace  : close(8)                                = 0
03-29 20:16:15.356   319   319 I strace  : write(4, "\1\0\20\3\n\0\0\0\n\0\0\0\0\0\0\0\35\327~", 19) = 19
03-29 20:16:15.357   319   319 I strace  : gettimeofday({1585505775, 356882}, NULL) = 0
03-29 20:16:15.357   319   319 I strace  : clock_gettime(CLOCK_REALTIME, {1585505775, 357173423}) = 0
03-29 20:16:15.359   718   763 I DisplayManagerService: Display device changed state: "Built-in Screen", DOZE_SUSPEND
03-29 20:16:15.362   306   306 D SurfaceFlinger: Set power mode=3, type=0 flinger=0xb6ae4000
03-29 20:16:15.362   306   398 I qdhwcomposer: handle_blank_event: dpy:0 panel power state: 2
03-29 20:16:15.362   319   319 I strace  : futex(0xbe88cb1c, FUTEX_WAIT_PRIVATE, 96, {1, 642826577}) = 0
03-29 20:16:15.363   718   765 I PowerHAL: power_set_interactive OFF
03-29 20:16:15.364   319   319 I strace  : sendto(6, "\20\1\0\0\0\0\0\0\1\0\0\0\n\0\0\0\0\0\0\0\0\0\0\0\0\0\0\0\0\0\0\0"..., 272, MSG_DONTWAIT|MSG_NOSIGNAL, NULL, 0) = 272
03-29 20:16:15.366   718   763 I DisplayManagerService: Display device changed state: "Built-in Screen", DOZE
03-29 20:16:15.367   306   306 D SurfaceFlinger: Set power mode=1, type=0 flinger=0xb6ae4000
03-29 20:16:15.367   306   398 I qdhwcomposer: handle_blank_event: dpy:0 panel power state: 2
03-29 20:16:15.367   311   795 D audio_hw_primary: adev_set_parameters: enter: screen_state=on
03-29 20:16:15.367   319   319 I strace  : futex(0xbe88cb30, FUTEX_WAIT_PRIVATE, 88, NULLselect event comming = 1 max_fd =12
03-29 20:16:15.367   319   319 I strace  : ) = 0
03-29 20:16:15.370   319   319 I strace  : gettimeofday({1585505775, 367972}, NULL) = 0
03-29 20:16:15.370   319   319 I strace  : openat(AT_FDCWD, "/proc/mcusleep/sleep", O_WRONLY|O_LARGEFILE) = 8
03-29 20:16:15.371   319   319 I strace  : write(8, "0", 1)                        = 1
03-29 20:16:15.372   319   319 I strace  : close(8)                                = 0
