03-29 20:15:58.135   319   319 I strace  : write(4, "\1\0\20\"\344w~", 7)          = 7
03-29 20:15:58.135   319   319 I strace  : gettimeofday({1585505758, 135286}, NULL) = 0
03-29 20:15:58.135   319   319 I strace  : clock_gettime(CLOCK_REALTIME, {1585505758, 135759992}) = 0
03-29 20:15:58.144   319   319 I strace  : futex(0xbe88cb1c, FUTEX_WAIT_PRIVATE, 72, {9, 864240008}) = 0
03-29 20:15:58.145   319   319 I strace  : getuid32()                              = 0
03-29 20:15:58.145   338   338 E shd     : Sensor GetInfo :LSM6DS3,STMicroelectronic
03-29 20:15:58.145   319   319 I strace  : clock_gettime(CLOCK_REALTIME, {1585505758, 145322232}) = 0
03-29 20:15:58.146   319   319 I strace  : writev(3, [{"\0R\1\336\345\200^\370p\251\10", 11}, {"\6", 1}, {"shd\0", 4}, {"Sensor GetInfo :LSM6DS3,STMicroe"..., 42}], 4) = 58
03-29 20:15:58.147   718   718 D SensorHal: use sensorlist_STM.
03-29 20:15:58.147   319   319 I strace  : sendto(7, "\20\1\0\0\0\0\0\0\1\0\0\0\f\0\0\0LSM6DS3,STMicroe"..., 272, MSG_DONTWAIT|MSG_NOSIGNAL, NULL, 0select event comming = 1 max_fd =12
03-29 20:15:58.149   319   319 I strace  : ) = 272
03-29 20:15:58.149   718   772 D SensorService: new thread SensorEventAckReceiver
03-29 20:15:58.149   718   718 I SystemServiceManager: Starting com.android.server.BatteryService
03-29 20:15:58.150   718   773 D SensorService: nuSensorService thread starting...
03-29 20:15:58.221   718   718 I SystemServiceManager: Starting com.android.server.usage.UsageStatsService
03-29 20:15:58.241   718   718 I SystemServiceManager: Starting com.android.server.webkit.WebViewUpdateService
03-29 20:15:58.254   718   718 I SystemServer: Reading configuration...
03-29 20:15:58.254   718   718 I SystemServer: Scheduling Policy
03-29 20:15:58.255   718   718 I SystemServiceManager: Starting com.android.server.telecom.TelecomLoaderService
03-29 20:15:58.262   718   718 I SystemServer: Telephony Registry
03-29 20:15:58.270   718   718 I SystemServer: Entropy Mixer



















03-29 20:16:01.941   718   787 D WifiService: New client listening to asynchronous messages
03-29 20:16:01.993  1042  1042 D HealthDataProvider: onCreate()
03-29 20:16:02.037   929   929 D PROXY   : Registering NetworkFactory
03-29 20:16:02.047   718   788 D ConnectivityService: Got NetworkFactory Messenger for PROXY
03-29 20:16:02.048   929  1063 D PROXY   : got request NetworkRequest [ id=1, legacyType=-1, [ Capabilities: INTERNET&NOT_RESTRICTED&TRUSTED&NOT_VPN] ] with score 0
03-29 20:16:02.071   311   311 D PermissionCache: checking android.permission.CAPTURE_AUDIO_HOTWORD for uid=10004 => granted (895 us)
03-29 20:16:02.072   929   929 I SoundTriggerWrapper: listModules status=0, # of modules=0
03-29 20:16:02.073   929   929 I DspHotwordModel: DSP Hotword Model Package not found
03-29 20:16:02.090   311   795 I str_params: key: 'dsp_recognizer_supported' value: ''
03-29 20:16:02.096   929   929 W ModelLocator: falling back to en for en_XA
03-29 20:16:02.096   929   929 W ModelLocator: falling back to es for es_US
03-29 20:16:02.096   929   929 W ModelLocator: falling back to es for es_419
03-29 20:16:02.097   929   929 W ModelLocator: falling back to fr for fr_CA
03-29 20:16:02.097   929   929 W ModelLocator: falling back to nl for nl_NL
03-29 20:16:02.102   958   958 W DynamiteModule: Local module descriptor class for providerinstaller not found.
03-29 20:16:02.161  1042  1057 D HealthDatabaseHelper: HealthDatabaseHelper()
03-29 20:16:02.172   958   958 W ProviderHelper: Unknown dynamite feature providerinstaller
03-29 20:16:02.184   958   958 I DynamiteModule: Considering local module providerinstaller:0 and remote module providerinstaller:0
03-29 20:16:02.188   958   958 W ProviderInstaller: Failed to load providerinstaller module: No acceptable module found. Local version is 0 and remote version is 0.
03-29 20:16:02.201   929   939 I art     : Background sticky concurrent mark sweep GC freed 5743(480KB) AllocSpace objects, 9(776KB) LOS objects, 21% free, 6MB/8MB, paused 5.584ms total 41.294ms
03-29 20:16:02.217   958   958 V NativeCrypto: Registering com/google/android/gms/org/conscrypt/NativeCrypto's 286 native methods...
03-29 20:16:02.299   718   732 I ActivityManager: Start proc 1072:com.google.android.wearable.ambient/u0a3 for service com.google.android.wearable.ambient/.AmbientService
03-29 20:16:02.355  1072  1072 W System  : ClassLoader referenced unknown path: /system/priv-app/ClockworkAmbient/lib/arm
03-29 20:16:02.402   718   762 E BluetoothManagerService: MESSAGE_TIMEOUT_BIND
03-29 20:16:02.439   958   958 I art     : Rejecting re-init on previously-failed class java.lang.Class<com.google.android.gms.org.conscrypt.Java7ExtendedSSLSession>
03-29 20:16:02.440   958   958 I art     : Rejecting re-init on previously-failed class java.lang.Class<com.google.android.gms.org.conscrypt.Java7ExtendedSSLSession>
03-29 20:16:02.440   958   958 I art     : Rejecting re-init on previously-failed class java.lang.Class<com.google.android.gms.org.conscrypt.Java8ExtendedSSLSession>
03-29 20:16:02.440   958   958 I art     : Rejecting re-init on previously-failed class java.lang.Class<com.google.android.gms.org.conscrypt.Java8ExtendedSSLSession>
03-29 20:16:02.596   958   958 I ProviderInstaller: Installed default security provider GmsCore_OpenSSL
03-29 20:16:02.601   319   319 I strace  : futex(0xbe88cb30, FUTEX_WAIT_PRIVATE, 64, NULLselect event comming = 1 max_fd =12
03-29 20:16:02.601   319   319 I strace  : ) = 0
03-29 20:16:02.602   319   319 I strace  : openat(AT_FDCWD, "/proc/mcusleep/sleep", O_WRONLY|O_LARGEFILE) = 7
03-29 20:16:02.602   319   319 I strace  : write(7, "0", 1)                        = 1
03-29 20:16:02.602   319   319 I strace  : close(7)                                = 0
03-29 20:16:02.603   319   319 I strace  : write(4, "\1\0003\3\310\0\0\0\0\0\0\0\0\0\0\0T,~", 19) = 19
03-29 20:16:02.603   319   319 I strace  : gettimeofday({1585505762, 603240}, NULL) = 0
03-29 20:16:02.603   319   319 I strace  : clock_gettime(CLOCK_REALTIME, {1585505762, 603586344}) = 0
03-29 20:16:02.609   319   319 I strace  : futex(0xbe88cb1c, FUTEX_WAIT_PRIVATE, 76, {1, 396413656}) = 0
03-29 20:16:02.609   319   319 I strace  : sendto(6, "\20\1\0\0\32\0\0\0\1\0\0\0\n\0\0\0\0\0\0\0DS3,STMicroe"..., 272, MSG_DONTWAIT|MSG_NOSIGNAL, NULL, 0select event comming = 1 max_fd =12
03-29 20:16:02.609   319   319 I strace  : ) = 272
03-29 20:16:02.609   319   319 I strace  : gettimeofday({1585505762, 609827}, NULL) = 0
03-29 20:16:02.610   319   319 I strace  : openat(AT_FDCWD, "/proc/mcusleep/sleep", O_WRONLY|O_LARGEFILE) = 7
03-29 20:16:02.610   319   319 I strace  : write(7, "0", 1)                        = 1
03-29 20:16:02.611   319   319 I strace  : close(7)                                = 0
03-29 20:16:02.611   319   319 I strace  : write(4, "\1\0003\0\257|~", 7)          = 7
03-29 20:16:02.611   319   319 I strace  : gettimeofday({1585505762, 611586}, NULL) = 0
03-29 20:16:02.611   319   319 I strace  : clock_gettime(CLOCK_REALTIME, {1585505762, 611819782}) = 0
03-29 20:16:02.614   958   958 I Safeboot: Checking safeboot...
03-29 20:16:02.616   319   319 I strace  : futex(0xbe88cb1c, FUTEX_WAIT_PRIVATE, 80, {1, 388180218}) = 0
03-29 20:16:02.617   319   319 I strace  : sendto(6, "\20\1\0\0\32\0\0\0\1\0\0\0\0\0\0\0\0\0\0\0croelectroni"..., 272, MSG_DONTWAIT|MSG_NOSIGNAL, NULL, 0) = 272
03-29 20:16:02.620  1013  1013 I CalendarProvider2: Sending notification intent: Intent { act=android.intent.action.PROVIDER_CHANGED dat=content://com.android.calendar flg=0x20000000 }
03-29 20:16:02.623  1013  1013 W ContentResolver: Failed to get type for: content://com.android.calendar (Unknown URL content://com.android.calendar)
03-29 20:16:02.645   718   793 D NotificationSQLiteLog: Pruned event entries: 0
03-29 20:16:02.649   958   958 I Safeboot Condition: No need to enter Safeboot.
03-29 20:16:02.655  1072  1072 D WristGestureCtrl: Resuming: GesturesEnabled-true UngazeEnabled-true
03-29 20:16:02.754  1072  1072 D DefaultUngazeDetector: starting
03-29 20:16:02.755  1072  1072 D DefaultUngazeDetector: startUngazeStateEstimation(). startTime = 26924
03-29 20:16:02.762   319   319 I strace  : futex(0xbe88cb30, FUTEX_WAIT_PRIVATE, 72, NULLselect event comming = 1 max_fd =12
03-29 20:16:02.762   319   319 I strace  : ) = 0
03-29 20:16:02.763   319   319 I strace  : openat(AT_FDCWD, "/proc/mcusleep/sleep", O_WRONLY|O_LARGEFILE) = 7
03-29 20:16:02.763   319   319 I strace  : write(7, "0", 1)                        = 1
03-29 20:16:02.763   319   319 I strace  : close(7)                                = 0
03-29 20:16:02.764   319   319 I strace  : write(4, "\1\0\20\3\n\0\0\0\n\0\0\0\0\0\0\0\35\327~", 19) = 19
03-29 20:16:02.764   319   319 I strace  : gettimeofday({1585505762, 764167}, NULL) = 0
03-29 20:16:02.764   319   319 I strace  : clock_gettime(CLOCK_REALTIME, {1585505762, 764497126}) = 0
03-29 20:16:02.769   319   319 I strace  : futex(0xbe88cb1c, FUTEX_WAIT_PRIVATE, 84, {1, 235502874}) = 0
03-29 20:16:02.770   319   319 I strace  : sendto(6, "\20\1\0\0\0\0\0\0\1\0\0\0\n\0\0\0\0\0\0\0\0\0\0\0\0\0\0\0croe"..., 272, MSG_DONTWAIT|MSG_NOSIGNAL, NULL, 0) = 272
03-29 20:16:02.770   319   319 I strace  : futex(0xbe88cb30, FUTEX_WAIT_PRIVATE, 76, NULLselect event comming = 1 max_fd =12
03-29 20:16:02.770   319   319 I strace  : ) = 0
03-29 20:16:02.771   319   319 I strace  : gettimeofday({1585505762, 770862}, NULL) = 0
03-29 20:16:02.771   319   319 I strace  : openat(AT_FDCWD, "/proc/mcusleep/sleep", O_WRONLY|O_LARGEFILE) = 7
03-29 20:16:02.771   319   319 I strace  : write(7, "0", 1)                        = 1
03-29 20:16:02.772   319   319 I strace  : close(7)                                = 0
03-29 20:16:02.772   319   319 I strace  : write(4, "\1\0\20\0\364u~", 7)          = 7
03-29 20:16:02.772   319   319 I strace  : gettimeofday({1585505762, 772582}, NULL) = 0
03-29 20:16:02.773   319   319 I strace  : clock_gettime(CLOCK_REALTIME, {1585505762, 773079365}) = 0
03-29 20:16:02.777   319   319 I strace  : futex(0xbe88cb1c, FUTEX_WAIT_PRIVATE, 88, {1, 226920635}) = 0
03-29 20:16:02.777   319   319 I strace  : sendto(6, "\20\1\0\0\0\0\0\0\1\0\0\0\0\0\0\0\0\0\0\0croelectroni"..., 272, MSG_DONTWAIT|MSG_NOSIGNAL, NULL, 0) = 272
03-29 20:16:02.780   319   319 I strace  : futex(0xbe88cb30, FUTEX_WAIT_PRIVATE, 80, NULLselect event comming = 1 max_fd =12
03-29 20:16:02.780   319   319 I strace  : ) = 0
03-29 20:16:02.780   319   319 I strace  : openat(AT_FDCWD, "/proc/mcusleep/sleep", O_WRONLY|O_LARGEFILE) = 7
03-29 20:16:02.780   319   319 I strace  : write(7, "0", 1)                        = 1
03-29 20:16:02.780   319   319 I strace  : close(7)                                = 0
03-29 20:16:02.780   319   319 I strace  : write(4, "\1\0\20\4\3203~", 7)          = 7
03-29 20:16:02.780   319   319 I strace  : gettimeofday({1585505762, 780307}, NULL) = 0
03-29 20:16:02.780   319   319 I strace  : clock_gettime(CLOCK_REALTIME, {1585505762, 780517542}) = 0
03-29 20:16:02.785   319   319 I strace  : futex(0xbe88cb1c, FUTEX_WAIT_PRIVATE, 92, {1, 219482458}) = 0
03-29 20:16:02.785   319   319 I strace  : sendto(5, "\2\0\0\0\0\0\0\0\0\0\0\0\0\0\0\0\0\0\0\0\0\0\0\0\1\0\0\0\0\0\0\0"..., 104, MSG_DONTWAIT|MSG_NOSIGNAL, NULL, 0) = 104
03-29 20:16:02.786   319   319 I strace  : sendto(6, "\20\1\0\0\0\0\0\0\1\0\0\0\v\0\0\0\0\0\0\0\0\0\0\0\0\0\0\0\0\0\0\0"..., 272, MSG_DONTWAIT|MSG_NOSIGNAL, NULL, 0) = 272
03-29 20:16:02.829   958   958 W wsr     : Primes not initialized, returning default (no-op) Primes instance which will ignore all calls. Please call Primes.initialize(...) before using any Primes API.
03-29 20:16:02.923   929   929 W WatchFaceController: WindowToken from mView is null.
03-29 20:16:02.931   929   929 W WatchFaceController: WindowToken from mView is null.














03-29 20:16:15.304   718   718 E InputMethodManagerService: Ignoring updateSystemUiLocked due to an invalid token. uid:1000 token:null
03-29 20:16:15.311   718   765 I DreamManagerService: Entering dreamland.
03-29 20:16:15.312   718   765 I PowerManagerService: Dozing...
03-29 20:16:15.312   718   748 I DreamController: Starting dream: name=ComponentInfo{com.google.android.wearable.ambient/com.google.android.wearable.ambient.AmbientDream}, isTest=false, canDoze=true, userId=0
03-29 20:16:15.313   718   718 E InputMethodManagerService: Ignoring updateSystemUiLocked due to an invalid token. uid:1000 token:null
03-29 20:16:15.348  1072  1072 V DreamService[AmbientDream]: onBind() intent = Intent { act=android.service.dreams.DreamService flg=0x800000 cmp=com.google.android.wearable.ambient/.AmbientDream }
03-29 20:16:15.349   518   518 I shd     : type=1400 audit(0.0:22): avc: denied { write } for path="/dev/pts/0" dev="devpts" ino=3 scontext=u:r:shd:s0 tcontext=u:object_r:devpts:s0 tclass=chr_file permissive=1
03-29 20:16:15.349   518   518 I shd     : type=1400 audit(0.0:23): avc: denied { read } for path="/dev/socket/shdctl" scontext=u:r:shd:s0 tcontext=u:r:init:s0 tclass=unix_stream_socket permissive=1
03-29 20:16:15.353  1072  1072 I AmbientService: Ambient Created
03-29 20:16:15.353  1072  1072 V DreamService[AmbientDream]: Calling onDreamingStarted()
03-29 20:16:15.353  1072  1072 I AmbientService: Ambient Starting
03-29 20:16:15.354  1072  1072 D WristGestureCtrl: Stopping detectors: GesturesEnabled-true gestureDetector-true ungazeEnabled-true ungaze-true
03-29 20:16:15.354  1072  1072 D DefaultUngazeDetector: stopping
03-29 20:16:15.355   319   319 I strace  : futex(0xbe88cb30, FUTEX_WAIT_PRIVATE, 84, NULLselect event comming = 1 max_fd =12
03-29 20:16:15.355   319   319 I strace  : ) = 0
03-29 20:16:15.355   319   319 I strace  : openat(AT_FDCWD, "/proc/mcusleep/sleep", O_WRONLY|O_LARGEFILE) = 8
03-29 20:16:15.356   319   319 I strace  : write(8, "0", 1)                        = 1
03-29 20:16:15.356   319   319 I strace  : close(8)                                = 0
03-29 20:16:15.356   319   319 I strace  : write(4, "\1\0\20\3\n\0\0\0\n\0\0\0\0\0\0\0\35\327~", 19) = 19
03-29 20:16:15.357   319   319 I strace  : gettimeofday({1585505775, 356882}, NULL) = 0
03-29 20:16:15.357   319   319 I strace  : clock_gettime(CLOCK_REALTIME, {1585505775, 357173423}) = 0
03-29 20:16:15.359   718   763 I DisplayManagerService: Display device changed state: "Built-in Screen", DOZE_SUSPEND
03-29 20:16:15.362   306   306 D SurfaceFlinger: Set power mode=3, type=0 flinger=0xb6ae4000
03-29 20:16:15.362   306   398 I qdhwcomposer: handle_blank_event: dpy:0 panel power state: 2
03-29 20:16:15.362   319   319 I strace  : futex(0xbe88cb1c, FUTEX_WAIT_PRIVATE, 96, {1, 642826577}) = 0
03-29 20:16:15.363   718   765 I PowerHAL: power_set_interactive OFF
03-29 20:16:15.364   319   319 I strace  : sendto(6, "\20\1\0\0\0\0\0\0\1\0\0\0\n\0\0\0\0\0\0\0\0\0\0\0\0\0\0\0\0\0\0\0"..., 272, MSG_DONTWAIT|MSG_NOSIGNAL, NULL, 0) = 272
03-29 20:16:15.366   718   763 I DisplayManagerService: Display device changed state: "Built-in Screen", DOZE
03-29 20:16:15.367   306   306 D SurfaceFlinger: Set power mode=1, type=0 flinger=0xb6ae4000
03-29 20:16:15.367   306   398 I qdhwcomposer: handle_blank_event: dpy:0 panel power state: 2
03-29 20:16:15.367   311   795 D audio_hw_primary: adev_set_parameters: enter: screen_state=on
03-29 20:16:15.367   319   319 I strace  : futex(0xbe88cb30, FUTEX_WAIT_PRIVATE, 88, NULLselect event comming = 1 max_fd =12
03-29 20:16:15.367   319   319 I strace  : ) = 0
03-29 20:16:15.370   319   319 I strace  : gettimeofday({1585505775, 367972}, NULL) = 0
03-29 20:16:15.370   319   319 I strace  : openat(AT_FDCWD, "/proc/mcusleep/sleep", O_WRONLY|O_LARGEFILE) = 8
03-29 20:16:15.371   319   319 I strace  : write(8, "0", 1)                        = 1
03-29 20:16:15.372   319   319 I strace  : close(8)                                = 0
03-29 20:16:15.373   319   319 I strace  : write(4, "\1\0\20\1}]d~", 8)            = 8
03-29 20:16:15.374   319   319 I strace  : gettimeofday({1585505775, 373450}, NULL) = 0
03-29 20:16:15.374   319   319 I strace  : clock_gettime(CLOCK_REALTIME, {1585505775, 374168735}) = 0
03-29 20:16:15.379   718   788 D ConnectivityService: notifyType CAP_CHANGED for NetworkAgentInfo [WIFI () - 100]
03-29 20:16:15.379   718   786 E native  : do suspend false
03-29 20:16:15.380   319   319 I strace  : futex(0xbe88cb1c, FUTEX_WAIT_PRIVATE, 100, {1, 625831265}) = -1 EAGAIN (Resource temporarily unavailable)
03-29 20:16:15.382   319   319 I strace  : sendto(6, "\20\1\0\0\0\0\0\0\1\0\0\0\1\0\0\0\0\0\0\0\0\0\0\0\0\0\0\0\0\0\0\0"..., 272, MSG_DONTWAIT|MSG_NOSIGNAL, NULL, 0) = 272
