03-29 20:15:58.115   319   319 I strace  : write(8, "0", 1)                        = 1
03-29 20:15:58.116   319   319 I strace  : close(8)                                = 0
03-29 20:15:58.117   319   319 I strace  : write(4, "\1\0\20\"\344w~", 7)          = 7
03-29 20:15:58.117   319   319 I strace  : gettimeofday({1585505758, 117214}, NULL) = 0
03-29 20:15:58.118   319   319 I strace  : clock_gettime(CLOCK_REALTIME, {1585505758, 117921138}) = 0
03-29 20:15:58.126   319   319 I strace  : futex(0xbe88cb1c, FUTEX_WAIT_PRIVATE, 68, {9, 882078862}) = 0
03-29 20:15:58.127   319   319 I strace  : getuid32()                              = 0
03-29 20:15:58.127   338   338 E shd     : Sensor GetInfo :LSM6DS3,STMicroelectronic
03-29 20:15:58.127   319   319 I strace  : clock_gettime(CLOCK_REALTIME, {1585505758, 127435982}) = 0
03-29 20:15:58.129   319   319 I strace  : writev(3, [{"\0R\1\336\345\200^\316\204\230\7", 11}, {"\6", 1}, {"shd\0", 4}, {"Sensor GetInfo :LSM6DS3,STMicroe"..., 42}], 4) = 58
03-29 20:15:58.130   718   718 D SensorHal: use sensorlist_STM.
03-29 20:15:58.131   319   319 I strace  : sendto(7, "\20\1\0\0\0\0\0\0\1\0\0\0\f\0\0\0LSM6DS3,STMicroe"..., 272, MSG_DONTWAIT|MSG_NOSIGNAL, NULL, 0select event comming = 1 max_fd =12
03-29 20:15:58.131   319   319 I strace  : ) = 272
03-29 20:15:58.133   319   319 I strace  : futex(0xbe88cb30, FUTEX_WAIT_PRIVATE, 60, NULLselect event comming = 1 max_fd =12
03-29 20:15:58.133   319   319 I strace  : select event comming = 1 max_fd =12
03-29 20:15:58.133   319   319 I strace  : ) = 0
03-29 20:15:58.133   319   319 I strace  : openat(AT_FDCWD, "/proc/mcusleep/sleep", O_WRONLY|O_LARGEFILE) = 8
03-29 20:15:58.134   319   319 I strace  : write(8, "0", 1)                        = 1
03-29 20:15:58.134   319   319 I strace  : close(8)                                = 0
03-29 20:15:58.135   319   319 I strace  : write(4, "\1\0\20\"\344w~", 7)          = 7
03-29 20:15:58.135   319   319 I strace  : gettimeofday({1585505758, 135286}, NULL) = 0
03-29 20:15:58.135   319   319 I strace  : clock_gettime(CLOCK_REALTIME, {1585505758, 135759992}) = 0
03-29 20:15:58.144   319   319 I strace  : futex(0xbe88cb1c, FUTEX_WAIT_PRIVATE, 72, {9, 864240008}) = 0
03-29 20:15:58.145   319   319 I strace  : getuid32()                              = 0
03-29 20:15:58.145   338   338 E shd     : Sensor GetInfo :LSM6DS3,STMicroelectronic
03-29 20:15:58.145   319   319 I strace  : clock_gettime(CLOCK_REALTIME, {1585505758, 145322232}) = 0
03-29 20:15:58.146   319   319 I strace  : writev(3, [{"\0R\1\336\345\200^\370p\251\10", 11}, {"\6", 1}, {"shd\0", 4}, {"Sensor GetInfo :LSM6DS3,STMicroe"..., 42}], 4) = 58
03-29 20:15:58.147   718   718 D SensorHal: use sensorlist_STM.
03-29 20:15:58.147   319   319 I strace  : sendto(7, "\20\1\0\0\0\0\0\0\1\0\0\0\f\0\0\0LSM6DS3,STMicroe"..., 272, MSG_DONTWAIT|MSG_NOSIGNAL, NULL, 0select event comming = 1 max_fd =12
03-29 20:15:58.149   319   319 I strace  : ) = 272
03-29 20:15:58.149   718   772 D SensorService: new thread SensorEventAckReceiver
03-29 20:15:58.149   718   718 I SystemServiceManager: Starting com.android.server.BatteryService
03-29 20:15:58.150   718   773 D SensorService: nuSensorService thread starting...
03-29 20:15:58.221   718   718 I SystemServiceManager: Starting com.android.server.usage.UsageStatsService
03-29 20:15:58.241   718   718 I SystemServiceManager: Starting com.android.server.webkit.WebViewUpdateService
03-29 20:15:58.254   718   718 I SystemServer: Reading configuration...
03-29 20:15:58.254   718   718 I SystemServer: Scheduling Policy
03-29 20:15:58.255   718   718 I SystemServiceManager: Starting com.android.server.telecom.TelecomLoaderService
03-29 20:15:58.262   718   718 I SystemServer: Telephony Registry
03-29 20:15:58.270   718   718 I SystemServer: Entropy Mixer
03-29 20:15:58.275   718   718 I EntropyMixer: Writing entropy...
03-29 20:15:58.300   718   718 I SystemServer: Camera Service
03-29 20:15:58.300   718   718 I SystemServiceManager: Starting com.android.server.camera.CameraService
03-29 20:15:58.313   718   718 I SystemServer: Account Manager
03-29 20:15:58.320   718   718 I SystemServer: Content Manager
03-29 20:15:58.335   718   718 I SystemServer: System Content Providers
03-29 20:15:58.344   718   718 W System  : ClassLoader referenced unknown path: /system/priv-app/SettingsProvider/lib/arm
03-29 20:15:58.376   718   718 W System  : ClassLoader referenced unknown path: /system/priv-app/ClockworkSettings/lib/arm
03-29 20:15:58.450   718   718 I SystemServer: Vibrator Service
03-29 20:15:58.467   718   718 I SystemServer: Consumer IR Service
03-29 20:15:58.468   718   718 E ConsumerIrService: Can't open consumer IR HW Module, error: -2
03-29 20:15:58.469   718   718 I SystemServiceManager: Starting com.android.server.AlarmManagerService
03-29 20:15:58.472   718   718 D AlarmManagerService: Kernel timezone updated to -120 minutes west of GMT
03-29 20:15:58.481   718   718 I SystemServer: Init Watchdog
03-29 20:15:58.482   718   718 I SystemServer: Input Manager
03-29 20:15:58.483   718   718 I InputManager: Initializing input manager, mUseDevInputEventForAudioJack=false
03-29 20:15:58.486   718   718 I SystemServer: Window Manager
03-29 20:15:58.556   718   718 I InputManager: Starting input manager
03-29 20:15:58.558   718   718 I SystemServer: Bluetooth Service
03-29 20:15:58.558   718   718 I SystemServiceManager: Starting com.android.server.BluetoothService
03-29 20:15:58.565   718   778 W EventHub: Unable to disable kernel key repeat for /dev/input/event0: Function not implemented
03-29 20:15:58.566   718   778 I EventHub: New device: id=1, fd=67, path='/dev/input/event0', name='synaptics_dsx', classes=0x15, configuration='/system/usr/idc/synaptics_dsx.idc', keyLayout='/system/usr/keylayout/synaptics_dsx.kl', keyCharacterMap='/system/usr/keychars/synaptics_dsx.kcm', builtinKeyboard=false, wakeMechanism=EPOLLWAKEUP, usingClockIoctl=true
03-29 20:15:58.566   718   778 D EventHub: No input device configuration file found for device 'qpnp_pon'.
03-29 20:15:58.568   718   718 W BluetoothManagerService: Unable to resolve SystemUI's UID.
03-29 20:15:58.568   718   718 W BluetoothManagerService: android.content.pm.PackageManager$NameNotFoundException: com.android.systemui
03-29 20:15:58.568   718   718 W BluetoothManagerService: 	at android.app.ApplicationPackageManager.getPackageUid(ApplicationPackageManager.java:231)
03-29 20:15:58.568   718   718 W BluetoothManagerService: 	at com.android.server.BluetoothManagerService.<init>(BluetoothManagerService.java:273)
03-29 20:15:58.568   718   718 W BluetoothManagerService: 	at com.android.server.BluetoothService.<init>(BluetoothService.java:29)
03-29 20:15:58.568   718   718 W BluetoothManagerService: 	at java.lang.reflect.Constructor.newInstance(Native Method)
03-29 20:15:58.568   718   718 W BluetoothManagerService: 	at com.android.server.SystemServiceManager.startService(SystemServiceManager.java:89)
03-29 20:15:58.568   718   718 W BluetoothManagerService: 	at com.android.server.SystemServer.startOtherServices(SystemServer.java:528)
03-29 20:15:58.568   718   718 W BluetoothManagerService: 	at com.android.server.SystemServer.run(SystemServer.java:270)
03-29 20:15:58.568   718   718 W BluetoothManagerService: 	at com.android.server.SystemServer.main(SystemServer.java:168)
03-29 20:15:58.568   718   718 W BluetoothManagerService: 	at java.lang.reflect.Method.invoke(Native Method)
03-29 20:15:58.568   718   718 W BluetoothManagerService: 	at com.android.internal.os.ZygoteInit$MethodAndArgsCaller.run(ZygoteInit.java:726)
03-29 20:15:58.568   718   718 W BluetoothManagerService: 	at com.android.internal.os.ZygoteInit.main(ZygoteInit.java:616)
03-29 20:15:58.568   718   718 D BluetoothService: onStart: publishing BluetoothManagerService
03-29 20:15:58.568   718   718 I SystemServer: Input Method Service
03-29 20:15:58.576   718   778 W EventHub: Unable to disable kernel key repeat for /dev/input/event1: Function not implemented
03-29 20:15:58.576   718   778 I EventHub: New device: id=2, fd=68, path='/dev/input/event1', name='qpnp_pon', classes=0x1, configuration='', keyLayout='/system/usr/keylayout/Generic.kl', keyCharacterMap='/system/usr/keychars/Generic.kcm', builtinKeyboard=false, wakeMechanism=EPOLLWAKEUP, usingClockIoctl=true
03-29 20:15:58.578   718   718 W InputMethodUtils: Found no fallback locale. imis=[]
03-29 20:15:58.578   718   718 W InputMethodUtils: No software keyboard is found. imis=[] fallbackLocale=null
03-29 20:15:58.578   718   718 W InputMethodManagerService: No IME selected. Choose the most applicable IME.
03-29 20:15:58.580   718   718 I SystemServer: Accessibility Manager
03-29 20:15:58.585   718   778 I InputReader: Device added: id=-1, name='Virtual', sources=0x00000301
03-29 20:15:58.585   718   778 I InputReader: Device added: id=2, name='qpnp_pon', sources=0x00000101
03-29 20:15:58.586   718   778 I InputReader:   Touch device 'synaptics_dsx' could not query the properties of its associated display.  The device will be inoperable until the display size becomes available.
03-29 20:15:58.586   718   778 I InputReader: Device added: id=1, name='synaptics_dsx', sources=0x00001103
03-29 20:15:58.590   718   718 I ActivityManager: Config changes=1df8 {1.0 ?mcc?mnc en ldltr sw228dp w228dp h228dp 280dpi smll port ?uimode ?night -touch -keyb/h/h -nav/h s.2}
03-29 20:15:58.593   718   778 I InputReader: Reconfiguring input devices.  changes=0x00000004
03-29 20:15:58.593   718   778 I InputReader: Device reconfigured: id=1, name='synaptics_dsx', size 400x400, orientation 0, mode 1, display id 0
03-29 20:15:58.597   718   718 I ActivityManager: Config changes=8 {1.0 ?mcc?mnc en ldltr sw228dp w228dp h228dp 280dpi smll port ?uimode ?night finger -keyb/h/h -nav/h s.3}
03-29 20:15:58.598   718   718 I SystemServiceManager: Starting com.android.server.MountService$Lifecycle
03-29 20:15:58.609   718   718 I SystemServiceManager: Starting com.android.server.UiModeManagerService
03-29 20:15:58.611   718   779 D MountService: Thinking about reset, mSystemReady=false, mDaemonConnected=true
03-29 20:15:58.612   718   718 I ActivityManager: Config changes=200 {1.0 ?mcc?mnc en ldltr sw228dp w228dp h228dp 280dpi smll port watch finger -keyb/h/h -nav/h s.4}
03-29 20:15:58.614   718   779 D MountService: Thinking about reset, mSystemReady=false, mDaemonConnected=true
03-29 20:15:58.617   718   779 D CryptdConnector: SND -> {1 cryptfs getfield SystemLocale}
03-29 20:15:58.618   183   205 I Ext4Crypt: ext4 crypto complete called on /data
03-29 20:15:58.618   183   205 I Ext4Crypt: No master key, so not ext4enc
03-29 20:15:58.619   718   781 D CryptdConnector: RCV <- {200 1 -1}
03-29 20:15:58.620   718   779 W MountService: No primary storage mounted!
03-29 20:15:58.620   718   779 D VoldConnector: SND -> {1 asec list}
03-29 20:15:58.622   718   780 D VoldConnector: RCV <- {200 1 asec operation succeeded}
03-29 20:15:58.623   718   779 I PackageManager: No secure containers found
03-29 20:15:58.623   718   779 W PackageManager: Not granting permission com.google.android.googleapps.permission.GOOGLE_AUTH to package com.android.providers.calendar (protectionLevel=2 flags=0x30083e45)
03-29 20:15:58.623   718   779 W PackageManager: Not granting permission com.google.android.googleapps.permission.GOOGLE_AUTH.cl to package com.android.providers.calendar (protectionLevel=2 flags=0x30083e45)
03-29 20:15:58.623   718   779 W PackageManager: Unknown permission com.google.android.permission.PROVIDE_BACKGROUND in package com.huawei.watchface3d
03-29 20:15:58.624   718   779 W PackageManager: Unknown permission com.google.android.permission.PROVIDE_BACKGROUND in package com.huawei.mercury.watchface
03-29 20:15:58.624   718   779 W PackageManager: Not granting permission android.permission.MEDIA_CONTENT_CONTROL to package com.google.android.apps.fitness (protectionLevel=18 flags=0x3808be45)
03-29 20:15:58.624   718   779 W PackageManager: Unknown permission com.google.android.permission.PROVIDE_BACKGROUND in package com.google.android.apps.fitness
03-29 20:15:58.624   718   779 W PackageManager: Unknown permission android.permission.MANAGE_SOUND_TRIGGER in package com.google.android.gms
03-29 20:15:58.624   718   779 W PackageManager: Unknown permission android.permission.FOREGROUND_SERVICE in package com.google.android.gms
03-29 20:15:58.624   718   779 W PackageManager: Unknown permission android.permission.START_ACTIVITIES_FROM_BACKGROUND in package com.google.android.gms
03-29 20:15:58.624   718   779 W PackageManager: Unknown permission android.permission.QUERY_ALL_PACKAGES in package com.google.android.gms
03-29 20:15:58.624   718   779 W PackageManager: Unknown permission android.permission.REMOTE_DISPLAY_PROVIDER in package com.google.android.gms
03-29 20:15:58.625   718   779 W PackageManager: Unknown permission android.permission.DISPATCH_PROVISIONING_MESSAGE in package com.google.android.gms
03-29 20:15:58.625   718   779 W PackageManager: Unknown permission android.permission.RECOVER_KEYSTORE in package com.google.android.gms
03-29 20:15:58.625   718   779 W PackageManager: Unknown permission android.permission.PRE_FACTORY_RESET in package com.google.android.gms
03-29 20:15:58.625   718   779 W PackageManager: Unknown permission com.google.android.apps.enterprise.dmagent.permission.AutoSyncPermission in package com.google.android.gms
03-29 20:15:58.625   718   779 W PackageManager: Unknown permission android.permission.CONNECTIVITY_USE_RESTRICTED_NETWORKS in package com.google.android.gms
03-29 20:15:58.625   718   779 W PackageManager: Unknown permission android.permission.ALLOCATE_AGGRESSIVE in package com.google.android.gms
03-29 20:15:58.625   718   779 W PackageManager: Unknown permission android.car.permission.CAR_POWER in package com.google.android.gms
03-29 20:15:58.625   718   779 W PackageManager: Unknown permission android.permission.USE_BIOMETRIC in package com.google.android.gms
03-29 20:15:58.625   718   779 W PackageManager: Unknown permission android.permission.SEND_SMS_NO_CONFIRMATION in package com.google.android.gms
03-29 20:15:58.625   718   779 W PackageManager: Not granting permission com.google.android.wearable.WRITE_SETTINGS to package com.google.android.gms (protectionLevel=18 flags=0xb8483ec5)
03-29 20:15:58.625   718   779 W PackageManager: Unknown permission com.felicanetworks.mfc.permission.MFC_ACCESS in package com.google.android.gms
03-29 20:15:58.625   718   779 W PackageManager: Unknown permission com.felicanetworks.mfc.mfi.permission.MFI_ACCESS in package com.google.android.gms
03-29 20:15:58.626   718   779 W PackageManager: Unknown permission com.google.android.finsky.permission.INSTANT_APP_STATE in package com.google.android.gms
03-29 20:15:58.626   718   779 W PackageManager: Unknown permission android.permission.ACCESS_BACKGROUND_LOCATION in package com.google.android.gms
03-29 20:15:58.626   718   779 W PackageManager: Unknown permission com.google.android.googlequicksearchbox.permission.PAUSE_HOTWORD in package com.google.android.gms
03-29 20:15:58.626   718   779 W PackageManager: Unknown permission android.permission.USE_FULL_SCREEN_INTENT in package com.google.android.gms
03-29 20:15:58.626   718   779 W PackageManager: Unknown permission android.permission.TETHER_PRIVILEGED in package com.google.android.gms
03-29 20:15:58.626   718   779 W PackageManager: Unknown permission com.google.android.gms.auth.authzen.permission.DEVICE_SYNC_FINISHED in package com.google.android.gms
03-29 20:15:58.626   718   779 W PackageManager: Unknown permission android.permission.CONTROL_DISPLAY_SATURATION in package com.google.android.gms
03-29 20:15:58.626   718   779 W PackageManager: Unknown permission com.google.android.finsky.permission.BIND_GET_INSTALL_REFERRER_SERVICE in package com.google.android.gms
03-29 20:15:58.626   718   779 W PackageManager: Unknown permission com.google.android.hangouts.START_HANGOUT in package com.google.android.gms
03-29 20:15:58.626   718   779 W PackageManager: Unknown permission android.permission.READ_OEM_UNLOCK_STATE in package com.google.android.gms
03-29 20:15:58.626   718   779 W PackageManager: Unknown permission android.car.permission.CAR_POWERTRAIN in package com.google.android.gms
03-29 20:15:58.626   718   779 W PackageManager: Unknown permission android.car.permission.CAR_ENERGY in package com.google.android.gms
03-29 20:15:58.626   718   779 W PackageManager: Unknown permission android.car.permission.CAR_ENERGY_PORTS in package com.google.android.gms
03-29 20:15:58.626   718   779 W PackageManager: Unknown permission android.car.permission.CAR_EXTERIOR_LIGHTS in package com.google.android.gms
03-29 20:15:58.627   718   779 W PackageManager: Unknown permission android.car.permission.CAR_INFO in package com.google.android.gms
03-29 20:15:58.627   718   779 W PackageManager: Unknown permission android.car.permission.CAR_MILEAGE in package com.google.android.gms
03-29 20:15:58.627   718   779 W PackageManager: Unknown permission android.car.permission.CAR_TIRES in package com.google.android.gms
03-29 20:15:58.627   718   779 W PackageManager: Unknown permission android.car.permission.CONTROL_CAR_CLIMATE in package com.google.android.gms
03-29 20:15:58.627   718   779 W PackageManager: Unknown permission android.car.permission.CONTROL_CAR_DOORS in package com.google.android.gms
03-29 20:15:58.627   718   779 W PackageManager: Unknown permission android.car.permission.CONTROL_CAR_EXTERIOR_LIGHTS in package com.google.android.gms
03-29 20:15:58.627   718   779 W PackageManager: Unknown permission android.car.permission.CONTROL_CAR_MIRRORS in package com.google.android.gms
03-29 20:15:58.627   718   779 W PackageManager: Unknown permission android.car.permission.CONTROL_CAR_SEATS in package com.google.android.gms
03-29 20:15:58.627   718   779 W PackageManager: Unknown permission android.car.permission.CONTROL_CAR_WINDOWS in package com.google.android.gms
03-29 20:15:58.627   718   779 W PackageManager: Unknown permission android.car.permission.READ_CAR_DISPLAY_UNITS in package com.google.android.gms
03-29 20:15:58.627   718   779 W PackageManager: Unknown permission android.permission.MODIFY_DAY_NIGHT_MODE in package com.google.android.gms
03-29 20:15:58.627   718   779 W PackageManager: Unknown permission com.google.android.finsky.permission.GEARHEAD_SERVICE in package com.google.android.gms
03-29 20:15:58.627   718   779 W PackageManager: Unknown permission com.google.android.permission.ACCESSIBILITY_SCAN_SERVICE in package com.google.android.gms
03-29 20:15:58.627   718   779 W PackageManager: Not granting permission android.permission.START_TASKS_FROM_RECENTS to package com.google.android.gms (protectionLevel=18 flags=0xb8483ec5)
03-29 20:15:58.627   718   779 W PackageManager: Not granting permission android.permission.MANAGE_ACTIVITY_STACKS to package com.google.android.gms (protectionLevel=18 flags=0xb8483ec5)
03-29 20:15:58.627   718   779 W PackageManager: Unknown permission android.permission.ACTIVITY_EMBEDDING in package com.google.android.gms
03-29 20:15:58.627   718   779 W PackageManager: Unknown permission com.google.android.finsky.permission.ACCESS_INSTANT_APP_NOTIFICATION_ENFORCEMENT in package com.google.android.gms
03-29 20:15:58.627   718   779 W PackageManager: Unknown permission android.permission.PROVIDE_RESOLVER_RANKER_SERVICE in package com.google.android.gms
03-29 20:15:58.627   718   779 W PackageManager: Not granting permission com.google.android.clockwork.settings.SHOW_FACTORY_RESET_CONFIRMATION to package com.google.android.gms (protectionLevel=18 flags=0xb8483ec5)
03-29 20:15:58.627   718   779 W PackageManager: Unknown permission android.permission.READ_MEDIA_AUDIO in package com.google.android.gms
03-29 20:15:58.627   718   779 W PackageManager: Unknown permission android.permission.READ_MEDIA_IMAGES in package com.google.android.gms
03-29 20:15:58.628   718   779 W PackageManager: Unknown permission android.permission.READ_MEDIA_VIDEO in package com.google.android.gms
03-29 20:15:58.628   718   779 W PackageManager: Unknown permission android.permission.SUBSTITUTE_NOTIFICATION_APP_NAME in package com.google.android.gms
03-29 20:15:58.628   718   779 W PackageManager: Unknown permission android.permission.SUBSTITUTE_SHARE_TARGET_APP_NAME_AND_ICON in package com.google.android.gms
03-29 20:15:58.628   718   779 W PackageManager: Unknown permission android.permission.ACTIVITY_RECOGNITION in package com.google.android.gms
03-29 20:15:58.628   718   779 W PackageManager: Unknown permission android.permission.MANAGE_SUBSCRIPTION_PLANS in package com.google.android.gms
03-29 20:15:58.628   718   779 W PackageManager: Unknown permission android.permission.READ_DEVICE_CONFIG in package com.google.android.gms
03-29 20:15:58.628   718   779 W PackageManager: Unknown permission android.permission.WRITE_DEVICE_CONFIG in package com.google.android.gms
03-29 20:15:58.628   718   779 W PackageManager: Unknown permission com.google.android.apps.now.OPT_IN_WIZARD in package com.google.android.gms
03-29 20:15:58.628   718   779 W PackageManager: Unknown permission com.google.android.setupwizard.SETUP_COMPAT_SERVICE in package com.google.android.gms
03-29 20:15:58.629   718   779 W PackageManager: Unknown permission android.permission.REQUEST_DELETE_PACKAGES in package com.google.android.gms
03-29 20:15:58.630   718   779 W PackageManager: Unknown permission com.android.vending.setup.PLAY_SETUP_SERVICE in package com.google.android.gms
03-29 20:15:58.631   718   779 W PackageManager: Unknown permission com.google.android.launcher.permission.RECEIVE_LAUNCH_BROADCASTS in package com.google.android.gms
03-29 20:15:58.631   718   779 W PackageManager: Unknown permission com.google.android.gms.auth.authzen.permission.KEY_REGISTRATION_FINISHED in package com.google.android.gms
03-29 20:15:58.634   718   779 W PackageManager: Unknown permission com.google.android.googleapps.permission.ACCESS_GOOGLE_PASSWORD in package com.google.android.gsf
03-29 20:15:58.634   718   779 W PackageManager: Unknown permission com.google.android.googleapps.permission.GOOGLE_MAIL_SWITCH in package com.google.android.gsf
03-29 20:15:58.638   718   779 W PackageManager: Unknown permission android.permission.STORAGE_STATS in package com.google.android.wearable.app
03-29 20:15:58.638   718   779 W PackageManager: Unknown permission com.google.android.clockwork.settings.ENABLE_HFP in package com.google.android.wearable.app
03-29 20:15:58.638   718   779 W PackageManager: Unknown permission com.google.android.clockwork.settings.KEYGUARD_PASSWORD_SET in package com.google.android.wearable.app
03-29 20:15:58.638   718   779 W PackageManager: Not granting permission android.permission.BROADCAST_PACKAGE_REMOVED to package com.google.android.wearable.app (protectionLevel=2 flags=0x38083e45)
03-29 20:15:58.639   718   779 W PackageManager: Not granting permission android.permission.BIND_ACCESSIBILITY_SERVICE to package com.google.android.wearable.app (protectionLevel=2 flags=0x38083e45)
03-29 20:15:58.640   718   779 W PackageManager: Unknown permission com.google.android.gallery3d.permission.GALLERY_PROVIDER in package com.android.bluetooth
03-29 20:15:58.640   718   779 W PackageManager: Unknown permission com.android.gallery3d.permission.GALLERY_PROVIDER in package com.android.bluetooth
03-29 20:15:58.641   718   744 I UsageStatsService: User[0] Rollover scheduled @ 2020-03-29 01:00:00(1585440000000)
03-29 20:15:58.642   718   744 I UsageStatsService: User[0] Rolling over usage stats
03-29 20:15:58.644   718   744 I UsageStatsService: User[0] Rollover scheduled @ 2020-03-30 02:00:00(1585526400000)
03-29 20:15:58.644   718   744 I UsageStatsService: User[0] Rolling over usage stats complete. Took 2 milliseconds
03-29 20:15:58.746   718   718 I SystemServer: LockSettingsService
03-29 20:15:58.747   718   779 W MountService: No primary storage defined yet; hacking together a stub
03-29 20:15:58.748   718   779 W MountService: No primary storage defined yet; hacking together a stub
03-29 20:15:58.749   718   779 W MountService: No primary storage mounted!
03-29 20:15:58.749   718   779 D VoldConnector: SND -> {2 asec list}
03-29 20:15:58.750   718   780 D VoldConnector: RCV <- {200 2 asec operation succeeded}
03-29 20:15:58.750   718   718 I SystemServiceManager: Starting com.android.server.DeviceIdleController
03-29 20:15:58.753   718   718 I SystemServiceManager: Starting com.android.server.devicepolicy.DevicePolicyManagerService$Lifecycle
03-29 20:15:58.758   718   718 I SystemServer: Status Bar
03-29 20:15:58.760   718   718 I SystemServer: Clipboard Service
03-29 20:15:58.762   718   718 I SystemServer: NetworkManagement Service
03-29 20:15:58.772   718   718 I SystemServer: Text Service Manager Service
03-29 20:15:58.774   718   718 W TextServicesManagerService: no available spell checker services found
03-29 20:15:58.775   718   718 I SystemServer: Network Score Service
03-29 20:15:58.776   718   718 I SystemServer: NetworkStats Service
03-29 20:15:58.784   718   718 I SystemServer: NetworkPolicy Service
03-29 20:15:58.809   718   718 I SystemServiceManager: Starting com.android.server.wifi.p2p.WifiP2pService
03-29 20:15:58.857   718   718 I WifiP2pService: Registering wifip2p
03-29 20:15:58.859   718   718 I SystemServiceManager: Starting com.android.server.wifi.WifiService
03-29 20:15:59.040   718   718 D HS20    : Passpoint is disabled
03-29 20:15:59.055   718   718 D WifiController: isAirplaneModeOn = false, isWifiEnabled = false, isScanningAvailable = false
03-29 20:15:59.056   718   718 I WifiService: Registering wifi
03-29 20:15:59.058   718   718 I SystemServiceManager: Starting com.android.server.wifi.WifiScanningService
03-29 20:15:59.058   718   718 I WifiScanningService: Creating wifiscanner
03-29 20:15:59.058   718   718 I WifiScanningService: Starting wifiscanner
03-29 20:15:59.060   718   718 I SystemServiceManager: Starting com.android.server.wifi.RttService
03-29 20:15:59.060   718   718 I RttService: Creating rttmanager
03-29 20:15:59.060   718   718 I RttService: Starting rttmanager
03-29 20:15:59.061   718   718 I SystemServer: Connectivity Service
03-29 20:15:59.064   718   718 D ConnectivityService: ConnectivityService starting up
03-29 20:15:59.068   718   718 D ConnectivityService: wifiOnly=true
03-29 20:15:59.068   718   718 E ConnectivityService: Ignoring protectedNetwork 10
03-29 20:15:59.068   718   718 E ConnectivityService: Ignoring protectedNetwork 11
03-29 20:15:59.068   718   718 E ConnectivityService: Ignoring protectedNetwork 12
03-29 20:15:59.068   718   718 E ConnectivityService: Ignoring protectedNetwork 14
03-29 20:15:59.068   718   718 E ConnectivityService: Ignoring protectedNetwork 15
03-29 20:15:59.074   718   718 I SystemServer: Network Service Discovery Service
03-29 20:15:59.077   718   718 D NsdService: Network service discovery enabled true
03-29 20:15:59.079   718   718 I SystemServer: UpdateLock Service
03-29 20:15:59.080   718   718 I SystemServiceManager: Starting com.android.server.notification.NotificationManagerService
03-29 20:15:59.105   718   728 I art     : Background sticky concurrent mark sweep GC freed 1845(171KB) AllocSpace objects, 0(0B) LOS objects, 2% free, 9MB/9MB, paused 6.413ms total 21.450ms
03-29 20:15:59.114   718   718 D ZenLog  : config: readXml,ZenModeConfig[user=0,allowCalls=true,allowRepeatCallers=false,allowMessages=false,allowCallsFrom=contacts,allowMessagesFrom=contacts,allowReminders=true,allowEvents=true,automaticRules={97dd041db7c742aab8ea1afcbf873bfe=ZenRule[enabled=false,snoozing=false,name=Event,zenMode=ZEN_MODE_ALARMS,conditionId=condition://android/event?userId=-10000&calendar=&reply=1,condition=Condition[id=condition://android/event?userId=-10000&calendar=&reply=1,summary=...,line1=...,line2=...,icon=0,state=STATE_FALSE,flags=2],component=ComponentInfo{android/com.android.server.notification.EventConditionProvider}], d6299072ceb34970adfd120da414abcc=ZenRule[enabled=false,snoozing=false,name=Weeknight,zenMode=ZEN_MODE_ALARMS,conditionId=condition://android/schedule?days=1.2.3.4.5&start=22.0&end=7.0,condition=Condition[id=condition://android/schedule?days=1.2.3.4.5&start=22.0&end=7.0,summary=...,line1=...,line2=...,icon=0,state=STATE_FALSE,flags=2],component=ComponentInfo{android/com.android.server.notification.ScheduleConditionProvider}], 8ae0d769574b441aacc1f99703800777=ZenRule[enabled=false,snoozing=false,name=Weekend,zenMode=ZEN_MODE_ALARMS,conditionId=condition://android/schedule?days=6.7&start=23.30&end=10.0,condition=Condition[id=condition://android/schedule?days=6.7&start=23.30&end=10.0,summary=...,line1=...,line2=...,icon=0,state=STATE_FALSE,flags=2],component=ComponentInfo{android/com.android.server.notification.ScheduleConditionProvider}]},manualRule=null],Diff[automaticRule[3fb5d0198e8c41d2b244d912df2ab5b5]:delete,automaticRule[97dd041db7c742aab8ea1afcbf873bfe]:insert,automaticRule[8b3b16a0ca6d4db28256e86ed877b751]:delete,automaticRule[d6299072ceb34970adfd120da414abcc]:insert,automaticRule[8ae0d769574b441aacc1f99703800777]:insert,automaticRule[b41ad94342e744d7a811f470413a9ee9]:delete]
03-29 20:15:59.118   718   718 D ConditionProviders: Subscribing to condition://android/event?userId=-10000&calendar=&reply=1 with ComponentInfo{android/com.android.server.notification.EventConditionProvider}
03-29 20:15:59.118   718   718 D ZenLog  : subscribe: condition://android/event?userId=-10000&calendar=&reply=1,ok
03-29 20:15:59.118   718   718 D ConditionProviders: Subscribing to condition://android/schedule?days=1.2.3.4.5&start=22.0&end=7.0 with ComponentInfo{android/com.android.server.notification.ScheduleConditionProvider}
03-29 20:15:59.118   718   718 D ZenLog  : subscribe: condition://android/schedule?days=1.2.3.4.5&start=22.0&end=7.0,ok
03-29 20:15:59.118   718   718 D ConditionProviders: Subscribing to condition://android/schedule?days=6.7&start=23.30&end=10.0 with ComponentInfo{android/com.android.server.notification.ScheduleConditionProvider}
03-29 20:15:59.118   718   718 D ZenLog  : subscribe: condition://android/schedule?days=6.7&start=23.30&end=10.0,ok
03-29 20:15:59.123   718   718 I SystemServiceManager: Starting com.android.server.storage.DeviceStorageMonitorService
03-29 20:15:59.125   718   718 I SystemServer: Location Manager
03-29 20:15:59.128   718   718 I SystemServer: Country Detector
03-29 20:15:59.129   718   718 I SystemServer: Search Service
03-29 20:15:59.131   718   718 I SystemServer: DropBox Service
03-29 20:15:59.133   718   718 I SystemServer: Wallpaper Service
03-29 20:15:59.141   718   718 I SystemServer: Audio Service
03-29 20:15:59.156   311   491 D PermissionCache: checking android.permission.MODIFY_AUDIO_SETTINGS for uid=1000 => granted (1112 us)
03-29 20:15:59.156   718   718 W TelecomManager: Telecom Service not found.
03-29 20:15:59.158   311   486 E AudioFlinger: no wake lock to update!
03-29 20:15:59.159   311   795 D audio_hw_primary: adev_set_mic_mute: state 0
03-29 20:15:59.159   311   795 E audio_hw_hfp: hfp_set_mic_volume: HFP not active, ignoring set_hfp_mic_volume call
03-29 20:15:59.159   311   795 D audio_hw_hfp: hfp_set_mic_mute: Setting mute state 0, rc -5
03-29 20:15:59.196   718   718 I SystemServiceManager: Starting com.android.server.DockObserver
03-29 20:15:59.199   718   718 W DockObserver: This kernel does not have dock station support
03-29 20:15:59.200   718   718 I SystemServiceManager: Starting com.android.server.ThermalObserver
03-29 20:15:59.201   718   718 I SystemServer: Wired Accessory Manager
03-29 20:15:59.202   718   718 W WiredAccessoryManager: This kernel does not have wired headset support
03-29 20:15:59.202   718   718 W WiredAccessoryManager: This kernel does not have usb audio support
03-29 20:15:59.202   718   718 W WiredAccessoryManager: This kernel does not have HDMI audio support
03-29 20:15:59.203   718   718 I SystemServiceManager: Starting com.android.server.usb.UsbService$Lifecycle
03-29 20:15:59.211   718   718 E UsbDeviceManager: failed to write to /sys/class/android_usb/android0/f_rndis/ethaddr
03-29 20:15:59.212   718   718 E UsbDeviceManagerJNI: could not open /dev/usb_accessory
03-29 20:15:59.218   718   718 I SystemServer: Serial Service
03-29 20:15:59.218   718   718 I SystemServiceManager: Starting com.android.server.twilight.TwilightService
03-29 20:15:59.221   718   718 I SystemServiceManager: Starting com.android.server.job.JobSchedulerService
03-29 20:15:59.229   718   718 I SystemServiceManager: Starting com.android.server.voiceinteraction.VoiceInteractionManagerService
03-29 20:15:59.231   311   491 D PermissionCache: checking android.permission.CAPTURE_AUDIO_HOTWORD for uid=1000 => granted (489 us)
03-29 20:15:59.231   718   718 W SoundTriggerHelper: listModules status=0, # of modules=0
03-29 20:15:59.233   718   718 I SystemServer: DiskStats Service
03-29 20:15:59.234   718   718 I SystemServer: SamplingProfiler Service
03-29 20:15:59.250   718   718 I SystemServer: CommonTimeManagementService
03-29 20:15:59.251   718   786 D WifiApConfigStore: 2G band allowed channels are:1,6,11
03-29 20:15:59.252   718   718 I SystemServer: CertBlacklister
03-29 20:15:59.253   718   718 I SystemServiceManager: Starting com.android.server.dreams.DreamManagerService
03-29 20:15:59.255   718   718 I SystemServer: Assets Atlas Service
03-29 20:15:59.262   718   718 I SystemServiceManager: Starting com.android.server.restrictions.RestrictionsManagerService
03-29 20:15:59.263   718   797 D AssetAtlas: Loaded configuration: SliceShortAxis (1792x704) flags=0x2 count=360
03-29 20:15:59.263   718   718 I SystemServiceManager: Starting com.android.server.media.MediaSessionService
03-29 20:15:59.278   718   718 I SystemServer: Media Router Service
03-29 20:15:59.281   718   718 I SystemServiceManager: Starting com.android.server.trust.TrustManagerService
03-29 20:15:59.284   718   718 I SystemServiceManager: Starting com.android.server.fingerprint.FingerprintService
03-29 20:15:59.292   718   718 W FingerprintService: fingerprint service not available
03-29 20:15:59.295   718   718 V FingerprintService: Fingerprint HAL id: 0
03-29 20:15:59.296   718   718 I SystemServer: BackgroundDexOptService
03-29 20:15:59.298   718   718 I SystemServiceManager: Starting com.android.server.pm.LauncherAppsService
03-29 20:15:59.299   718   718 I SystemServiceManager: Starting com.android.server.media.projection.MediaProjectionManagerService
03-29 20:15:59.306   718   718 I WindowManager: SAFE MODE not enabled
03-29 20:15:59.317   718   797 W Adreno-GSL: <gsl_ldd_control:466>: ioctl fd 101 code 0xc0100940 (IOCTL_KGSL_SYNCSOURCE_CREATE) failed: errno 25 Unknown ioctl code
03-29 20:15:59.317   718   797 I Adreno-EGL: <qeglDrvAPI_eglInitialize:379>: QUALCOMM Build: 09/28/15, cb423fe, Ib3272dc427
03-29 20:15:59.323   718   718 I SystemServiceManager: Starting com.android.server.MmsServiceBroker
03-29 20:15:59.346   718   797 D AssetAtlas: Rendered atlas in 77.74ms (48.32+29.42ms)
03-29 20:15:59.394   718   718 E LockSettingsStorage: Cannot read file java.io.FileNotFoundException: /data/system/gatekeeper.password.key: open failed: ENOENT (No such file or directory)
03-29 20:15:59.394   718   718 E LockSettingsStorage: Cannot read file java.io.FileNotFoundException: /data/system/password.key: open failed: ENOENT (No such file or directory)
03-29 20:15:59.394   718   718 E LockSettingsStorage: Cannot read file java.io.FileNotFoundException: /data/system/gatekeeper.pattern.key: open failed: ENOENT (No such file or directory)
03-29 20:15:59.395   718   718 E LockSettingsStorage: Cannot read file java.io.FileNotFoundException: /data/system/gatekeeper.gesture.key: open failed: ENOENT (No such file or directory)
03-29 20:15:59.395   718   718 E LockSettingsStorage: Cannot read file java.io.FileNotFoundException: /data/system/gesture.key: open failed: ENOENT (No such file or directory)
03-29 20:15:59.395   718   718 I SystemServiceManager: Starting phase 480
03-29 20:15:59.395   718   718 I SystemServiceManager: Starting phase 500
03-29 20:15:59.401   718   718 D BluetoothService: onBootPhase: PHASE_SYSTEM_SERVICES_READY
03-29 20:15:59.405   718   718 I WifiService: WifiService starting up with Wi-Fi disabled
03-29 20:15:59.411   718   787 D WifiService: New client listening to asynchronous messages
03-29 20:15:59.413   718   718 I WifiScanningService: Registering wifiscanner
03-29 20:15:59.416   718   718 I RttService: Registering rttmanager
03-29 20:15:59.453   718   765 W KeyguardServiceDelegate: onScreenTurningOn(): no keyguard service!
03-29 20:15:59.466   718   718 I ActivityManager: System now ready
03-29 20:15:59.467   718   718 I ActivityManager: Config changes=40000000 {0.85 ?mcc?mnc en ldltr sw228dp w228dp h228dp 280dpi smll port watch finger -keyb/h/h -nav/h s.5}
03-29 20:15:59.471   718   718 I SystemServer: Making services ready
03-29 20:15:59.471   718   718 I SystemServiceManager: Starting phase 550
03-29 20:15:59.474   718   779 D MountService: Thinking about reset, mSystemReady=true, mDaemonConnected=true
03-29 20:15:59.474   718   779 D VoldConnector: SND -> {3 volume reset}
03-29 20:15:59.474   718   746 I ActivityManager: Force stopping com.android.providers.media appid=10011 user=-1: vold reset
03-29 20:15:59.475   718   780 D VoldConnector: RCV <- {651 emulated 7}
03-29 20:15:59.475   718   780 D VoldConnector: RCV <- {659 emulated}
03-29 20:15:59.475   718   780 D VoldConnector: RCV <- {650 emulated 2 "" ""}
03-29 20:15:59.475   718   780 D VoldConnector: RCV <- {651 emulated 0}
03-29 20:15:59.476   718   780 D VoldConnector: RCV <- {200 3 Command succeeded}
03-29 20:15:59.476   718   779 D VoldConnector: SND -> {4 volume user_added 0 0}
03-29 20:15:59.476   718   780 D VoldConnector: RCV <- {200 4 Command succeeded}
03-29 20:15:59.477   718   718 D UsbAlsaManager: Adding ALSA device AlsaDevice: [card: 0, device: 41, type: 1]
03-29 20:15:59.477   718   718 D UsbAlsaManager: Adding ALSA device AlsaDevice: [card: 0, device: 33, type: 1]
03-29 20:15:59.477   718   718 D UsbAlsaManager: Adding ALSA device AlsaDevice: [card: 0, device: 32, type: 1]
03-29 20:15:59.477   718   718 D UsbAlsaManager: Adding ALSA device AlsaDevice: [card: 0, device: 33, type: 2]
03-29 20:15:59.477   718   718 D UsbAlsaManager: Adding ALSA device AlsaDevice: [card: 0, device: 31, type: 1]
03-29 20:15:59.477   718   718 D UsbAlsaManager: Adding ALSA device AlsaDevice: [card: 0, device: 32, type: 2]
03-29 20:15:59.477   718   718 D UsbAlsaManager: Adding ALSA device AlsaDevice: [card: 0, device: 30, type: 1]
03-29 20:15:59.477   718   718 D UsbAlsaManager: Adding ALSA device AlsaDevice: [card: 0, device: 31, type: 2]
03-29 20:15:59.477   718   718 D UsbAlsaManager: Adding ALSA device AlsaDevice: [card: 0, device: 30, type: 2]
03-29 20:15:59.477   718   718 D UsbAlsaManager: Adding ALSA device AlsaDevice: [card: 0, device: 29, type: 1]
03-29 20:15:59.477   718   718 D UsbAlsaManager: Adding ALSA device AlsaDevice: [card: 0, device: 28, type: 1]
03-29 20:15:59.477   718   718 D UsbAlsaManager: Adding ALSA device AlsaDevice: [card: 0, device: 29, type: 2]
03-29 20:15:59.477   718   718 D UsbAlsaManager: Adding ALSA device AlsaDevice: [card: 0, device: 28, type: 2]
03-29 20:15:59.478   718   718 D UsbAlsaManager: Adding ALSA device AlsaDevice: [card: 0, device: 27, type: 2]
03-29 20:15:59.478   718   718 D UsbAlsaManager: Adding ALSA device AlsaDevice: [card: 0, device: 26, type: 2]
03-29 20:15:59.478   718   718 D UsbAlsaManager: Adding ALSA device AlsaDevice: [card: 0, device: 25, type: 2]
03-29 20:15:59.478   718   718 D UsbAlsaManager: Adding ALSA device AlsaDevice: [card: 0, device: 24, type: 2]
03-29 20:15:59.478   718   718 D UsbAlsaManager: Adding ALSA device AlsaDevice: [card: 0, device: 23, type: 2]
03-29 20:15:59.478   718   718 D UsbAlsaManager: Adding ALSA device AlsaDevice: [card: 0, device: 22, type: 2]
03-29 20:15:59.478   718   718 D UsbAlsaManager: Adding ALSA device AlsaDevice: [card: 0, device: 20, type: 1]
03-29 20:15:59.478   718   748 V MountService: Found primary storage at VolumeInfo{emulated}:
03-29 20:15:59.478   718   748 V MountService:     type=EMULATED diskId=null partGuid=null mountFlags=0 mountUserId=-1 
03-29 20:15:59.478   718   748 V MountService:     state=UNMOUNTED 
03-29 20:15:59.478   718   748 V MountService:     fsType=null fsUuid=null fsLabel=null 
03-29 20:15:59.478   718   748 V MountService:     path=null internalPath=null 
03-29 20:15:59.478   718   718 D UsbAlsaManager: Adding ALSA device AlsaDevice: [card: 0, device: 21, type: 2]
03-29 20:15:59.478   718   779 D VoldConnector: SND -> {5 volume mount emulated 3 -1}
03-29 20:15:59.478   718   718 D UsbAlsaManager: Adding ALSA device AlsaDevice: [card: 0, device: 20, type: 2]
03-29 20:15:59.478   718   718 D UsbAlsaManager: Adding ALSA device AlsaDevice: [card: 0, device: 18, type: 1]
03-29 20:15:59.478   718   718 D UsbAlsaManager: Adding ALSA device AlsaDevice: [card: 0, device: 19, type: 2]
03-29 20:15:59.478   718   718 D UsbAlsaManager: Adding ALSA device AlsaDevice: [card: 0, device: 17, type: 1]
03-29 20:15:59.478   718   718 D UsbAlsaManager: Adding ALSA device AlsaDevice: [card: 0, device: 18, type: 2]
03-29 20:15:59.479   718   780 D VoldConnector: RCV <- {651 emulated 1}
03-29 20:15:59.479   718   718 D UsbAlsaManager: Adding ALSA device AlsaDevice: [card: 0, device: 16, type: 1]
03-29 20:15:59.479   718   718 D UsbAlsaManager: Adding ALSA device AlsaDevice: [card: 0, device: 17, type: 2]
03-29 20:15:59.479   718   718 D UsbAlsaManager: Adding ALSA device AlsaDevice: [card: 0, device: 15, type: 1]
03-29 20:15:59.479   718   718 D UsbAlsaManager: Adding ALSA device AlsaDevice: [card: 0, device: 16, type: 2]
03-29 20:15:59.479   718   780 D VoldConnector: RCV <- {656 emulated /data/media}
03-29 20:15:59.479   718   718 D UsbAlsaManager: Adding ALSA device AlsaDevice: [card: 0, device: 14, type: 1]
03-29 20:15:59.479   718   718 D UsbAlsaManager: Adding ALSA device AlsaDevice: [card: 0, device: 15, type: 2]
03-29 20:15:59.479   718   718 D UsbAlsaManager: Adding ALSA device AlsaDevice: [card: 0, device: 13, type: 1]
03-29 20:15:59.479   718   780 D VoldConnector: RCV <- {655 emulated /storage/emulated}
03-29 20:15:59.479   718   718 D UsbAlsaManager: Adding ALSA device AlsaDevice: [card: 0, device: 14, type: 2]
03-29 20:15:59.479   718   718 D UsbAlsaManager: Adding ALSA device AlsaDevice: [card: 0, device: 12, type: 1]
03-29 20:15:59.479   718   718 D UsbAlsaManager: Adding ALSA device AlsaDevice: [card: 0, device: 13, type: 2]
03-29 20:15:59.479   718   718 D UsbAlsaManager: Adding ALSA device AlsaDevice: [card: 0, device: 11, type: 1]
03-29 20:15:59.479   718   718 D UsbAlsaManager: Adding ALSA device AlsaDevice: [card: 0, device: 12, type: 2]
03-29 20:15:59.479   718   718 D UsbAlsaManager: Adding ALSA device AlsaDevice: [card: 0, device: 10, type: 1]
03-29 20:15:59.479   718   718 D UsbAlsaManager: Adding ALSA device AlsaDevice: [card: 0, device: 11, type: 2]
03-29 20:15:59.479   718   718 D UsbAlsaManager: Adding ALSA device AlsaDevice: [card: 0, device: 10, type: 2]
03-29 20:15:59.479   718   718 D UsbAlsaManager: Adding ALSA device AlsaDevice: [card: 0, device: 7, type: 1]
03-29 20:15:59.479   718   718 D UsbAlsaManager: Adding ALSA device AlsaDevice: [card: 0, device: 8, type: 2]
03-29 20:15:59.479   718   718 D UsbAlsaManager: Adding ALSA device AlsaDevice: [card: 0, device: 6, type: 1]
03-29 20:15:59.479   718   718 D UsbAlsaManager: Adding ALSA device AlsaDevice: [card: 0, device: 5, type: 1]
03-29 20:15:59.479   718   718 D UsbAlsaManager: Adding ALSA device AlsaDevice: [card: 0, device: 6, type: 2]
03-29 20:15:59.479   718   718 D UsbAlsaManager: Adding ALSA device AlsaDevice: [card: 0, device: 4, type: 1]
03-29 20:15:59.479   718   718 D UsbAlsaManager: Adding ALSA device AlsaDevice: [card: 0, device: 5, type: 2]
03-29 20:15:59.479   718   718 D UsbAlsaManager: Adding ALSA device AlsaDevice: [card: 0, device: 3, type: 1]
03-29 20:15:59.479   718   718 D UsbAlsaManager: Adding ALSA device AlsaDevice: [card: 0, device: 2, type: 1]
03-29 20:15:59.479   718   718 D UsbAlsaManager: Adding ALSA device AlsaDevice: [card: 0, device: 3, type: 2]
03-29 20:15:59.479   718   718 D UsbAlsaManager: Adding ALSA device AlsaDevice: [card: 0, device: 1, type: 1]
03-29 20:15:59.480   718   718 D UsbAlsaManager: Adding ALSA device AlsaDevice: [card: 0, device: 2, type: 2]
03-29 20:15:59.480   718   718 D UsbAlsaManager: Adding ALSA device AlsaDevice: [card: 0, device: 0, type: 1]
03-29 20:15:59.480   718   718 D UsbAlsaManager: Adding ALSA device AlsaDevice: [card: 0, device: 1, type: 2]
03-29 20:15:59.480   718   718 D UsbAlsaManager: Adding ALSA device AlsaDevice: [card: 0, device: 0, type: 2]
03-29 20:15:59.480   183   204 V vold    : Waiting for FUSE to spin up...
03-29 20:15:59.482   718   718 I SystemServer: WebViewFactory preparation
03-29 20:15:59.484   718   718 E WebViewFactory: error preparing webview native library
03-29 20:15:59.484   718   718 E WebViewFactory: android.webkit.WebViewFactory$MissingWebViewPackageException: android.content.pm.PackageManager$NameNotFoundException: com.android.webview
03-29 20:15:59.484   718   718 E WebViewFactory: 	at android.webkit.WebViewFactory.fetchPackageInfo(WebViewFactory.java:109)
03-29 20:15:59.484   718   718 E WebViewFactory: 	at android.webkit.WebViewFactory.getWebViewApplicationInfo(WebViewFactory.java:116)
03-29 20:15:59.484   718   718 E WebViewFactory: 	at android.webkit.WebViewFactory.getWebViewNativeLibraryPaths(WebViewFactory.java:374)
03-29 20:15:59.484   718   718 E WebViewFactory: 	at android.webkit.WebViewFactory.prepareWebViewInSystemServer(WebViewFactory.java:274)
03-29 20:15:59.484   718   718 E WebViewFactory: 	at com.android.server.SystemServer$2.run(SystemServer.java:1121)
03-29 20:15:59.484   718   718 E WebViewFactory: 	at com.android.server.am.ActivityManagerService.systemReady(ActivityManagerService.java:11864)
03-29 20:15:59.484   718   718 E WebViewFactory: 	at com.android.server.SystemServer.startOtherServices(SystemServer.java:1107)
03-29 20:15:59.484   718   718 E WebViewFactory: 	at com.android.server.SystemServer.run(SystemServer.java:270)
03-29 20:15:59.484   718   718 E WebViewFactory: 	at com.android.server.SystemServer.main(SystemServer.java:168)
03-29 20:15:59.484   718   718 E WebViewFactory: 	at java.lang.reflect.Method.invoke(Native Method)
03-29 20:15:59.484   718   718 E WebViewFactory: 	at com.android.internal.os.ZygoteInit$MethodAndArgsCaller.run(ZygoteInit.java:726)
03-29 20:15:59.484   718   718 E WebViewFactory: 	at com.android.internal.os.ZygoteInit.main(ZygoteInit.java:616)
03-29 20:15:59.484   718   718 E WebViewFactory: Caused by: android.content.pm.PackageManager$NameNotFoundException: com.android.webview
03-29 20:15:59.484   718   718 E WebViewFactory: 	at android.app.ApplicationPackageManager.getPackageInfo(ApplicationPackageManager.java:137)
03-29 20:15:59.484   718   718 E WebViewFactory: 	at android.webkit.WebViewFactory.fetchPackageInfo(WebViewFactory.java:107)
03-29 20:15:59.484   718   718 E WebViewFactory: 	... 11 more
03-29 20:15:59.485   718   718 E WebViewFactory: error starting relro file creator for abi armeabi-v7a
03-29 20:15:59.485   718   718 E WebViewFactory: java.lang.IllegalArgumentException: Native library paths to the WebView RelRo process must not be null!
03-29 20:15:59.485   718   718 E WebViewFactory: 	at android.webkit.WebViewFactory.createRelroFile(WebViewFactory.java:446)
03-29 20:15:59.485   718   718 E WebViewFactory: 	at android.webkit.WebViewFactory.prepareWebViewInSystemServer(WebViewFactory.java:290)
03-29 20:15:59.485   718   718 E WebViewFactory: 	at android.webkit.WebViewFactory.prepareWebViewInSystemServer(WebViewFactory.java:279)
03-29 20:15:59.485   718   718 E WebViewFactory: 	at com.android.server.SystemServer$2.run(SystemServer.java:1121)
03-29 20:15:59.485   718   718 E WebViewFactory: 	at com.android.server.am.ActivityManagerService.systemReady(ActivityManagerService.java:11864)
03-29 20:15:59.485   718   718 E WebViewFactory: 	at com.android.server.SystemServer.startOtherServices(SystemServer.java:1107)
03-29 20:15:59.485   718   718 E WebViewFactory: 	at com.android.server.SystemServer.run(SystemServer.java:270)
03-29 20:15:59.485   718   718 E WebViewFactory: 	at com.android.server.SystemServer.main(SystemServer.java:168)
03-29 20:15:59.485   718   718 E WebViewFactory: 	at java.lang.reflect.Method.invoke(Native Method)
03-29 20:15:59.485   718   718 E WebViewFactory: 	at com.android.internal.os.ZygoteInit$MethodAndArgsCaller.run(ZygoteInit.java:726)
03-29 20:15:59.485   718   718 E WebViewFactory: 	at com.android.internal.os.ZygoteInit.main(ZygoteInit.java:616)
03-29 20:15:59.485   718   718 E WebViewFactory: relro file creator for armeabi-v7a crashed. Proceeding without
03-29 20:15:59.495   718   746 I Zygote  : Process: zygote socket opened, supported ABIS: armeabi-v7a,armeabi
03-29 20:15:59.509   718   746 I ActivityManager: Start proc 807:android.process.media/u0a11 for broadcast com.android.providers.media/.MtpReceiver
03-29 20:15:59.509   718   718 W ActivityManager: Unable to start service Intent { cmp=com.android.systemui/.SystemUIService } U=0: not found
03-29 20:15:59.510   718   718 D NetworkManagement: enabling bandwidth control
03-29 20:15:59.530   718   780 D VoldConnector: RCV <- {651 emulated 2}
03-29 20:15:59.531   718   780 D VoldConnector: RCV <- {200 5 Command succeeded}
03-29 20:15:59.552   807   807 W System  : ClassLoader referenced unknown path: /system/priv-app/MediaProvider/lib/arm
03-29 20:15:59.563   807   807 W System  : ClassLoader referenced unknown path: /system/priv-app/DownloadProvider/lib/arm
03-29 20:16:00.002   309   760 I iptables: iptables: No chain/target/match by that name.
