03-29 20:16:00.003   309   760 I iptables: iptables terminated by exit(1)
03-29 20:16:00.003   309   760 E Netd    : exec() res=0, status=256 for /system/bin/iptables -w -F st_penalty_log 
03-29 20:16:00.016   309   760 I ip6tables: ip6tables: No chain/target/match by that name.
03-29 20:16:00.017   309   760 I ip6tables: ip6tables terminated by exit(1)
03-29 20:16:00.017   309   760 E Netd    : exec() res=0, status=256 for /system/bin/ip6tables -w -F st_penalty_log 
03-29 20:16:00.032   309   760 I iptables: iptables: No chain/target/match by that name.
03-29 20:16:00.032   309   760 I iptables: iptables terminated by exit(1)
03-29 20:16:00.032   309   760 E Netd    : exec() res=0, status=256 for /system/bin/iptables -w -F st_penalty_reject 
03-29 20:16:00.046   309   760 I ip6tables: ip6tables: No chain/target/match by that name.
03-29 20:16:00.046   309   760 I ip6tables: ip6tables terminated by exit(1)
03-29 20:16:00.047   309   760 E Netd    : exec() res=0, status=256 for /system/bin/ip6tables -w -F st_penalty_reject 
03-29 20:16:00.061   309   760 I iptables: iptables: No chain/target/match by that name.
03-29 20:16:00.061   309   760 I iptables: iptables terminated by exit(1)
03-29 20:16:00.061   309   760 E Netd    : exec() res=0, status=256 for /system/bin/iptables -w -F st_clear_caught 
03-29 20:16:00.075   309   760 I ip6tables: ip6tables: No chain/target/match by that name.
03-29 20:16:00.075   309   760 I ip6tables: ip6tables terminated by exit(1)
03-29 20:16:00.076   309   760 E Netd    : exec() res=0, status=256 for /system/bin/ip6tables -w -F st_clear_caught 
03-29 20:16:00.089   309   760 I iptables: iptables: No chain/target/match by that name.
03-29 20:16:00.090   309   760 I iptables: iptables terminated by exit(1)
03-29 20:16:00.090   309   760 E Netd    : exec() res=0, status=256 for /system/bin/iptables -w -F st_clear_detect 
03-29 20:16:00.104   309   760 I ip6tables: ip6tables: No chain/target/match by that name.
03-29 20:16:00.104   309   760 I ip6tables: ip6tables terminated by exit(1)
03-29 20:16:00.105   309   760 E Netd    : exec() res=0, status=256 for /system/bin/ip6tables -w -F st_clear_detect 
03-29 20:16:00.118   309   760 I iptables: iptables: No chain/target/match by that name.
03-29 20:16:00.119   309   760 I iptables: iptables terminated by exit(1)
03-29 20:16:00.119   309   760 E Netd    : exec() res=0, status=256 for /system/bin/iptables -w -X st_penalty_log 
03-29 20:16:00.133   309   760 I ip6tables: ip6tables: No chain/target/match by that name.
03-29 20:16:00.141   309   760 I ip6tables: ip6tables terminated by exit(1)
03-29 20:16:00.141   309   760 E Netd    : exec() res=0, status=256 for /system/bin/ip6tables -w -X st_penalty_log 
03-29 20:16:00.155   309   760 I iptables: iptables: No chain/target/match by that name.
03-29 20:16:00.156   309   760 I iptables: iptables terminated by exit(1)
03-29 20:16:00.156   309   760 E Netd    : exec() res=0, status=256 for /system/bin/iptables -w -X st_penalty_reject 
03-29 20:16:00.170   309   760 I ip6tables: ip6tables: No chain/target/match by that name.
03-29 20:16:00.170   309   760 I ip6tables: ip6tables terminated by exit(1)
03-29 20:16:00.170   309   760 E Netd    : exec() res=0, status=256 for /system/bin/ip6tables -w -X st_penalty_reject 
03-29 20:16:00.184   309   760 I iptables: iptables: No chain/target/match by that name.
03-29 20:16:00.184   309   760 I iptables: iptables terminated by exit(1)
03-29 20:16:00.184   309   760 E Netd    : exec() res=0, status=256 for /system/bin/iptables -w -X st_clear_caught 
03-29 20:16:00.199   309   760 I ip6tables: ip6tables: No chain/target/match by that name.
03-29 20:16:00.199   309   760 I ip6tables: ip6tables terminated by exit(1)
03-29 20:16:00.200   309   760 E Netd    : exec() res=0, status=256 for /system/bin/ip6tables -w -X st_clear_caught 
03-29 20:16:00.214   309   760 I iptables: iptables: No chain/target/match by that name.
03-29 20:16:00.214   309   760 I iptables: iptables terminated by exit(1)
03-29 20:16:00.214   309   760 E Netd    : exec() res=0, status=256 for /system/bin/iptables -w -X st_clear_detect 
03-29 20:16:00.228   309   760 I ip6tables: ip6tables: No chain/target/match by that name.
03-29 20:16:00.229   309   760 I ip6tables: ip6tables terminated by exit(1)
03-29 20:16:00.229   309   760 E Netd    : exec() res=0, status=256 for /system/bin/ip6tables -w -X st_clear_detect 
03-29 20:16:00.455   718   747 W WindowManager: Keyguard drawn timeout. Setting mKeyguardDrawComplete
03-29 20:16:00.709   718   718 E NetdConnector: NDC Command {2 strict enable} took too long (750ms)
03-29 20:16:00.814   718   718 W ContextImpl: Calling a method in the system process without a qualified user: android.app.ContextImpl.sendBroadcast:763 com.android.server.net.NetworkPolicyManagerService.sendNotificationToCustomComponent:943 com.android.server.net.NetworkPolicyManagerService.updateNotificationsLocked:834 com.android.server.net.NetworkPolicyManagerService.systemReady:466 com.android.server.SystemServer$2.run:1144 
03-29 20:16:00.826   718   746 I ActivityManager: Start proc 910:com.google.android.apps.wearable.settings/1000 for broadcast com.google.android.apps.wearable.settings/com.google.android.clockwork.settings.NetworkPolicyNotificationReceiver
03-29 20:16:00.874   910   910 W System  : ClassLoader referenced unknown path: /system/priv-app/ClockworkSettings/lib/arm
03-29 20:16:00.902   910   910 W ContextImpl: Calling a method in the system process without a qualified user: android.app.ContextImpl.startService:1221 android.content.ContextWrapper.startService:581 android.content.ContextWrapper.startService:581 com.google.android.clockwork.settings.NetworkPolicyNotificationReceiver.onReceive:14 android.app.ActivityThread.handleReceiver:2725 
03-29 20:16:00.909   718   718 D PermissionMonitor: Monitoring
03-29 20:16:00.917   718   718 D PermissionMonitor: Users: 1, Apps: 36
03-29 20:16:00.920   311   311 D audio_hw_primary: adev_set_parameters: enter: A2dpSuspended=false
03-29 20:16:00.920   718   718 I SystemServiceManager: Starting phase 600
03-29 20:16:00.921   718   718 V NotificationListeners: enabling notification listener for user 0: ComponentInfo{com.google.android.wearable.app/com.google.android.clockwork.stream.NotificationCollectorService}
03-29 20:16:00.921   718   762 D BluetoothManagerService: Added callback: android.bluetooth.BluetoothAdapter$1@ca199a3:true
03-29 20:16:00.923   718   794 E BluetoothManagerService: Fail to bind to: Intent { act=android.bluetooth.IBluetoothHeadset }
03-29 20:16:00.924   718   794 W BluetoothManagerService: Unable to bind with intent: Intent { act=android.bluetooth.IBluetoothHeadset }
03-29 20:16:00.935   718   718 I ActivityManager: Start proc 929:com.google.android.wearable.app/u0a4 for service com.google.android.wearable.app/com.google.android.clockwork.stream.NotificationCollectorService
03-29 20:16:00.939   311   795 I AudioFlinger: systemReady
03-29 20:16:00.956   718   794 E SoundPool: error loading /system/media/audio/ui/Effect_Tick.ogg
03-29 20:16:00.956   718   794 W AudioService: Soundpool could not load file: /system/media/audio/ui/Effect_Tick.ogg
03-29 20:16:00.956   718   794 E SoundPool: error loading /system/media/audio/ui/Effect_Tick.ogg
03-29 20:16:00.956   718   794 W AudioService: Soundpool could not load file: /system/media/audio/ui/Effect_Tick.ogg
03-29 20:16:00.956   718   794 E SoundPool: error loading /system/media/audio/ui/Effect_Tick.ogg
03-29 20:16:00.956   718   794 W AudioService: Soundpool could not load file: /system/media/audio/ui/Effect_Tick.ogg
03-29 20:16:00.957   718   794 E SoundPool: error loading /system/media/audio/ui/Effect_Tick.ogg
03-29 20:16:00.957   718   794 W AudioService: Soundpool could not load file: /system/media/audio/ui/Effect_Tick.ogg
03-29 20:16:00.957   718   794 E SoundPool: error loading /system/media/audio/ui/Effect_Tick.ogg
03-29 20:16:00.957   718   794 W AudioService: Soundpool could not load file: /system/media/audio/ui/Effect_Tick.ogg
03-29 20:16:00.957   718   794 E SoundPool: error loading /system/media/audio/ui/KeypressStandard.ogg
03-29 20:16:00.957   718   794 W AudioService: Soundpool could not load file: /system/media/audio/ui/KeypressStandard.ogg
03-29 20:16:00.957   718   794 E SoundPool: error loading /system/media/audio/ui/KeypressSpacebar.ogg
03-29 20:16:00.957   718   794 W AudioService: Soundpool could not load file: /system/media/audio/ui/KeypressSpacebar.ogg
03-29 20:16:00.957   718   794 E SoundPool: error loading /system/media/audio/ui/KeypressDelete.ogg
03-29 20:16:00.957   718   794 W AudioService: Soundpool could not load file: /system/media/audio/ui/KeypressDelete.ogg
03-29 20:16:00.957   718   794 E SoundPool: error loading /system/media/audio/ui/KeypressReturn.ogg
03-29 20:16:00.957   718   794 W AudioService: Soundpool could not load file: /system/media/audio/ui/KeypressReturn.ogg
03-29 20:16:00.957   718   794 E SoundPool: error loading /system/media/audio/ui/KeypressInvalid.ogg
03-29 20:16:00.957   718   794 W AudioService: Soundpool could not load file: /system/media/audio/ui/KeypressInvalid.ogg
03-29 20:16:00.958   718   794 W AudioService: onLoadSoundEffects(), Error -1 while loading samples
03-29 20:16:00.964   718   718 I ActivityManager: Start proc 944:com.huawei.mercury.watchface/u0a17 for service com.huawei.mercury.watchface/.moonPhase.MoonPhaseWatchFaceService
03-29 20:16:00.967   718   718 E InputMethodManagerService: Ignoring updateSystemUiLocked due to an invalid token. uid:1000 token:null
03-29 20:16:00.967   718   718 W InputMethodUtils: Found no fallback locale. imis=[]
03-29 20:16:00.967   718   718 W InputMethodUtils: No software keyboard is found. imis=[] systemLocale=en fallbackLocale=null
03-29 20:16:00.968   718   718 W InputMethodManagerService: Reset the default IME as "Resource" is ready here.
03-29 20:16:00.968   718   718 W InputMethodUtils: Found no fallback locale. imis=[]
03-29 20:16:00.968   718   718 W InputMethodUtils: No software keyboard is found. imis=[] systemLocale=en fallbackLocale=null
03-29 20:16:00.977   718   718 W ServiceWatcher: @0 not found
03-29 20:16:00.977   718   718 W LocationManagerService: no network location provider found
03-29 20:16:00.994   718   718 I ActivityManager: Start proc 958:com.google.android.gms.persistent/u0a13 for service com.google.android.gms/com.google.android.location.fused.FusedLocationService
03-29 20:16:01.003   718   718 E FlpHardwareProvider: Error hw_get_module 'flp': -2
03-29 20:16:01.003   718   718 E LocationManagerService: FLP HAL not supported
03-29 20:16:01.011   718   718 E LocationManagerService: Hardware Activity-Recognition not supported.
03-29 20:16:01.021   944   944 W System  : ClassLoader referenced unknown path: /system/priv-app/HwWatchface/lib/arm
03-29 20:16:01.028   718   718 I CommonTimeManagementService: No common time service detected on this platform.  Common time services will be unavailable.
03-29 20:16:01.030   718   718 I MmsServiceBroker: Delay connecting to MmsService until an API is called
03-29 20:16:01.030   718   778 I InputReader: Reconfiguring input devices.  changes=0x00000020
03-29 20:16:01.031   718   718 D MountService: onStartUser 0
03-29 20:16:01.032   718   718 D VoldConnector: SND -> {6 volume user_started 0}
03-29 20:16:01.035   183   204 D vold    : Linking /storage/emulated/0 to /mnt/user/0/primary
03-29 20:16:01.037   718   780 D VoldConnector: RCV <- {200 6 Command succeeded}
03-29 20:16:01.037   718   778 I InputReader: Reconfiguring input devices.  changes=0x00000010
03-29 20:16:01.038   718   779 D MountService: Volume emulated broadcasting mounted to UserHandle{0}
03-29 20:16:01.055   718   718 I ActivityManager: Start proc 971:com.google.android.clockwork.systemui/u0a7 for added application com.google.android.clockwork.systemui
03-29 20:16:01.056   718   718 I ActivityManager: START u0 {act=android.intent.action.MAIN cat=[android.intent.category.HOME] flg=0x10000000 cmp=com.google.android.wearable.app/com.google.android.clockwork.home.HomeActivity} from uid 0 on display 0
03-29 20:16:01.115   971   971 W System  : ClassLoader referenced unknown path: /system/priv-app/ClockworkSystemUI/lib/arm
03-29 20:16:01.295   718   718 D RttService: SCAN_AVAILABLE : 1
03-29 20:16:01.295   718   718 I Choreographer: Skipped 112 frames!  The application may be doing too much work on its main thread.
03-29 20:16:01.296   718   802 D RttService: DefaultState got{ when=0 what=160513 target=com.android.internal.util.StateMachine$SmHandler }
03-29 20:16:01.304   718   718 W System  : ClassLoader referenced unknown path: /system/priv-app/Telecom/lib/arm
03-29 20:16:01.341   718   718 E BluetoothManagerService: Fail to bind to: Intent { act=android.bluetooth.IBluetoothHeadset }
03-29 20:16:01.341   718   718 W BluetoothManagerService: Unable to bind with intent: Intent { act=android.bluetooth.IBluetoothHeadset }
03-29 20:16:01.367   718   985 I ActivityManager: Start proc 988:android.process.acore/u0a8 for content provider com.android.providers.contacts/.CallLogProvider
03-29 20:16:01.369   718   718 E BluetoothManagerService: Fail to bind to: Intent { act=android.bluetooth.IBluetoothHeadset }
03-29 20:16:01.369   718   718 W BluetoothManagerService: Unable to bind with intent: Intent { act=android.bluetooth.IBluetoothHeadset }
03-29 20:16:01.373   718   718 I Telecom : Class: TelecomSystem.INSTANCE being set
03-29 20:16:01.374   718   718 W ContextImpl: Calling a method in the system process without a qualified user: android.app.ContextImpl.startService:1221 android.content.ContextWrapper.startService:581 com.android.server.telecom.components.TelecomService.initializeTelecomSystem:107 com.android.server.telecom.components.TelecomService.onBind:46 android.app.ActivityThread.handleBindService:2904 
03-29 20:16:01.390   718   837 I ActivityManager: Start proc 1002:com.google.process.gapps/u0a13 for content provider com.google.android.gsf/.gservices.GservicesProvider
03-29 20:16:01.406   718   718 I ActivityManager: Start proc 1013:com.android.providers.calendar/u0a1 for content provider com.android.providers.calendar/.CalendarProvider2
03-29 20:16:01.424   988   988 W System  : ClassLoader referenced unknown path: /system/priv-app/ContactsProvider/lib/arm
03-29 20:16:01.445  1002  1002 W System  : ClassLoader referenced unknown path: /system/priv-app/GoogleServicesFramework/lib/arm
03-29 20:16:01.481  1013  1013 W System  : ClassLoader referenced unknown path: /system/priv-app/CalendarProvider/lib/arm
03-29 20:16:01.485  1002  1002 I GservicesProvider: Gservices pushing to system: true; secure/global: true
03-29 20:16:01.531   988   988 W System  : ClassLoader referenced unknown path: /system/app/UserDictionaryProvider/lib/arm
03-29 20:16:01.550  1013  1013 I CalendarProvider2: Created com.android.providers.calendar.CalendarAlarmManager@14ce2db(com.android.providers.calendar.CalendarProvider2@b3d8178)
03-29 20:16:01.588   718   718 V WiredAccessoryManager: init()
03-29 20:16:01.603   306   768 D PermissionCache: checking android.permission.HARDWARE_TEST for uid=1000 => granted (985 us)
03-29 20:16:01.608   311   311 D audio_hw_primary: adev_set_mic_mute: state 0
03-29 20:16:01.608   311   311 E audio_hw_hfp: hfp_set_mic_volume: HFP not active, ignoring set_hfp_mic_volume call
03-29 20:16:01.608   311   311 D audio_hw_hfp: hfp_set_mic_mute: Setting mute state 0, rc -5
03-29 20:16:01.676   944   944 I watchface: HwWatchFaceUtil::=======Watch Face Basic Information Start======
03-29 20:16:01.676   944   944 I watchface: HwWatchFaceUtil::Watch Face Package Name:com.huawei.mercury.watchface
03-29 20:16:01.676   944   944 I watchface: HwWatchFaceUtil::Watch Face Class Name:MoonPhaseWatchFaceService
03-29 20:16:01.676   944   944 I watchface: HwWatchFaceUtil::Version Code:124
03-29 20:16:01.676   944   944 I watchface: HwWatchFaceUtil::Version Name:2.2.4
03-29 20:16:01.676   944   944 I watchface: HwWatchFaceUtil::Current Time Zone:Central European Standard Time
03-29 20:16:01.676   944   944 I watchface: HwWatchFaceUtil::Current Date & Time:2020/2/29 8:16:1
03-29 20:16:01.677   944   944 I watchface: HwWatchFaceUtil::=======Watch Face Basic Information End======
03-29 20:16:01.727   988  1030 I ContactLocale: AddressBook Labels [en]: [, A, B, C, D, E, F, G, H, I, J, K, L, M, N, O, P, Q, R, S, T, U, V, W, X, Y, Z, , , , , , , , , , , , , , , , , , , , , , , , , , , , , , , , , , , , , , , , , , , , , , , , , , , , , , , , , , , , , , , , , , , , , , , , , , , , , , , , , , , , , , , , , , , , , , , , , , , , , , , , , , , , , , , , , , , , , , , , , , , , , , , , , , , , , , , , , , , , , , , , , , , , , , , , , , , , , , , , , , , , , , , , , , , , , , , , , , , , , , , , , , , #, ]
03-29 20:16:01.733  1002  1002 I GoogleHttpClient: GMS http client unavailable, use old client
03-29 20:16:01.820   718   733 I ActivityManager: Start proc 1042:com.huawei.dailytrack/u0a9 for content provider com.huawei.dailytrack/.provider.HealthDataProvider
03-29 20:16:01.877  1042  1042 W System  : ClassLoader referenced unknown path: /system/priv-app/DailyTracking/lib/arm
03-29 20:16:01.941   718   787 D WifiService: New client listening to asynchronous messages
03-29 20:16:01.993  1042  1042 D HealthDataProvider: onCreate()
03-29 20:16:02.037   929   929 D PROXY   : Registering NetworkFactory
03-29 20:16:02.047   718   788 D ConnectivityService: Got NetworkFactory Messenger for PROXY
03-29 20:16:02.048   929  1063 D PROXY   : got request NetworkRequest [ id=1, legacyType=-1, [ Capabilities: INTERNET&NOT_RESTRICTED&TRUSTED&NOT_VPN] ] with score 0
03-29 20:16:02.071   311   311 D PermissionCache: checking android.permission.CAPTURE_AUDIO_HOTWORD for uid=10004 => granted (895 us)
03-29 20:16:02.072   929   929 I SoundTriggerWrapper: listModules status=0, # of modules=0
03-29 20:16:02.073   929   929 I DspHotwordModel: DSP Hotword Model Package not found
03-29 20:16:02.090   311   795 I str_params: key: 'dsp_recognizer_supported' value: ''
03-29 20:16:02.096   929   929 W ModelLocator: falling back to en for en_XA
03-29 20:16:02.096   929   929 W ModelLocator: falling back to es for es_US
03-29 20:16:02.096   929   929 W ModelLocator: falling back to es for es_419
03-29 20:16:02.097   929   929 W ModelLocator: falling back to fr for fr_CA
03-29 20:16:02.097   929   929 W ModelLocator: falling back to nl for nl_NL
03-29 20:16:02.102   958   958 W DynamiteModule: Local module descriptor class for providerinstaller not found.
03-29 20:16:02.161  1042  1057 D HealthDatabaseHelper: HealthDatabaseHelper()
03-29 20:16:02.172   958   958 W ProviderHelper: Unknown dynamite feature providerinstaller
03-29 20:16:02.184   958   958 I DynamiteModule: Considering local module providerinstaller:0 and remote module providerinstaller:0
03-29 20:16:02.188   958   958 W ProviderInstaller: Failed to load providerinstaller module: No acceptable module found. Local version is 0 and remote version is 0.
03-29 20:16:02.201   929   939 I art     : Background sticky concurrent mark sweep GC freed 5743(480KB) AllocSpace objects, 9(776KB) LOS objects, 21% free, 6MB/8MB, paused 5.584ms total 41.294ms
03-29 20:16:02.217   958   958 V NativeCrypto: Registering com/google/android/gms/org/conscrypt/NativeCrypto's 286 native methods...
03-29 20:16:02.299   718   732 I ActivityManager: Start proc 1072:com.google.android.wearable.ambient/u0a3 for service com.google.android.wearable.ambient/.AmbientService
03-29 20:16:02.355  1072  1072 W System  : ClassLoader referenced unknown path: /system/priv-app/ClockworkAmbient/lib/arm
03-29 20:16:02.402   718   762 E BluetoothManagerService: MESSAGE_TIMEOUT_BIND
03-29 20:16:02.439   958   958 I art     : Rejecting re-init on previously-failed class java.lang.Class<com.google.android.gms.org.conscrypt.Java7ExtendedSSLSession>
03-29 20:16:02.440   958   958 I art     : Rejecting re-init on previously-failed class java.lang.Class<com.google.android.gms.org.conscrypt.Java7ExtendedSSLSession>
03-29 20:16:02.440   958   958 I art     : Rejecting re-init on previously-failed class java.lang.Class<com.google.android.gms.org.conscrypt.Java8ExtendedSSLSession>
03-29 20:16:02.440   958   958 I art     : Rejecting re-init on previously-failed class java.lang.Class<com.google.android.gms.org.conscrypt.Java8ExtendedSSLSession>
03-29 20:16:02.596   958   958 I ProviderInstaller: Installed default security provider GmsCore_OpenSSL
03-29 20:16:02.601   319   319 I strace  : futex(0xbe88cb30, FUTEX_WAIT_PRIVATE, 64, NULLselect event comming = 1 max_fd =12
03-29 20:16:02.601   319   319 I strace  : ) = 0
03-29 20:16:02.602   319   319 I strace  : openat(AT_FDCWD, "/proc/mcusleep/sleep", O_WRONLY|O_LARGEFILE) = 7
03-29 20:16:02.602   319   319 I strace  : write(7, "0", 1)                        = 1
03-29 20:16:02.602   319   319 I strace  : close(7)                                = 0
03-29 20:16:02.603   319   319 I strace  : write(4, "\1\0003\3\310\0\0\0\0\0\0\0\0\0\0\0T,~", 19) = 19
03-29 20:16:02.603   319   319 I strace  : gettimeofday({1585505762, 603240}, NULL) = 0
03-29 20:16:02.603   319   319 I strace  : clock_gettime(CLOCK_REALTIME, {1585505762, 603586344}) = 0
03-29 20:16:02.609   319   319 I strace  : futex(0xbe88cb1c, FUTEX_WAIT_PRIVATE, 76, {1, 396413656}) = 0
03-29 20:16:02.609   319   319 I strace  : sendto(6, "\20\1\0\0\32\0\0\0\1\0\0\0\n\0\0\0\0\0\0\0DS3,STMicroe"..., 272, MSG_DONTWAIT|MSG_NOSIGNAL, NULL, 0select event comming = 1 max_fd =12
03-29 20:16:02.609   319   319 I strace  : ) = 272
03-29 20:16:02.609   319   319 I strace  : gettimeofday({1585505762, 609827}, NULL) = 0
03-29 20:16:02.610   319   319 I strace  : openat(AT_FDCWD, "/proc/mcusleep/sleep", O_WRONLY|O_LARGEFILE) = 7
03-29 20:16:02.610   319   319 I strace  : write(7, "0", 1)                        = 1
03-29 20:16:02.611   319   319 I strace  : close(7)                                = 0
03-29 20:16:02.611   319   319 I strace  : write(4, "\1\0003\0\257|~", 7)          = 7
03-29 20:16:02.611   319   319 I strace  : gettimeofday({1585505762, 611586}, NULL) = 0
03-29 20:16:02.611   319   319 I strace  : clock_gettime(CLOCK_REALTIME, {1585505762, 611819782}) = 0
03-29 20:16:02.614   958   958 I Safeboot: Checking safeboot...
03-29 20:16:02.616   319   319 I strace  : futex(0xbe88cb1c, FUTEX_WAIT_PRIVATE, 80, {1, 388180218}) = 0
03-29 20:16:02.617   319   319 I strace  : sendto(6, "\20\1\0\0\32\0\0\0\1\0\0\0\0\0\0\0\0\0\0\0croelectroni"..., 272, MSG_DONTWAIT|MSG_NOSIGNAL, NULL, 0) = 272
03-29 20:16:02.620  1013  1013 I CalendarProvider2: Sending notification intent: Intent { act=android.intent.action.PROVIDER_CHANGED dat=content://com.android.calendar flg=0x20000000 }
03-29 20:16:02.623  1013  1013 W ContentResolver: Failed to get type for: content://com.android.calendar (Unknown URL content://com.android.calendar)
03-29 20:16:02.645   718   793 D NotificationSQLiteLog: Pruned event entries: 0
03-29 20:16:02.649   958   958 I Safeboot Condition: No need to enter Safeboot.
03-29 20:16:02.655  1072  1072 D WristGestureCtrl: Resuming: GesturesEnabled-true UngazeEnabled-true
03-29 20:16:02.754  1072  1072 D DefaultUngazeDetector: starting
03-29 20:16:02.755  1072  1072 D DefaultUngazeDetector: startUngazeStateEstimation(). startTime = 26924
03-29 20:16:02.762   319   319 I strace  : futex(0xbe88cb30, FUTEX_WAIT_PRIVATE, 72, NULLselect event comming = 1 max_fd =12
03-29 20:16:02.762   319   319 I strace  : ) = 0
03-29 20:16:02.763   319   319 I strace  : openat(AT_FDCWD, "/proc/mcusleep/sleep", O_WRONLY|O_LARGEFILE) = 7
03-29 20:16:02.763   319   319 I strace  : write(7, "0", 1)                        = 1
03-29 20:16:02.763   319   319 I strace  : close(7)                                = 0
03-29 20:16:02.764   319   319 I strace  : write(4, "\1\0\20\3\n\0\0\0\n\0\0\0\0\0\0\0\35\327~", 19) = 19
03-29 20:16:02.764   319   319 I strace  : gettimeofday({1585505762, 764167}, NULL) = 0
03-29 20:16:02.764   319   319 I strace  : clock_gettime(CLOCK_REALTIME, {1585505762, 764497126}) = 0
03-29 20:16:02.769   319   319 I strace  : futex(0xbe88cb1c, FUTEX_WAIT_PRIVATE, 84, {1, 235502874}) = 0
03-29 20:16:02.770   319   319 I strace  : sendto(6, "\20\1\0\0\0\0\0\0\1\0\0\0\n\0\0\0\0\0\0\0\0\0\0\0\0\0\0\0croe"..., 272, MSG_DONTWAIT|MSG_NOSIGNAL, NULL, 0) = 272
03-29 20:16:02.770   319   319 I strace  : futex(0xbe88cb30, FUTEX_WAIT_PRIVATE, 76, NULLselect event comming = 1 max_fd =12
03-29 20:16:02.770   319   319 I strace  : ) = 0
03-29 20:16:02.771   319   319 I strace  : gettimeofday({1585505762, 770862}, NULL) = 0
03-29 20:16:02.771   319   319 I strace  : openat(AT_FDCWD, "/proc/mcusleep/sleep", O_WRONLY|O_LARGEFILE) = 7
03-29 20:16:02.771   319   319 I strace  : write(7, "0", 1)                        = 1
03-29 20:16:02.772   319   319 I strace  : close(7)                                = 0
03-29 20:16:02.772   319   319 I strace  : write(4, "\1\0\20\0\364u~", 7)          = 7
03-29 20:16:02.772   319   319 I strace  : gettimeofday({1585505762, 772582}, NULL) = 0
03-29 20:16:02.773   319   319 I strace  : clock_gettime(CLOCK_REALTIME, {1585505762, 773079365}) = 0
03-29 20:16:02.777   319   319 I strace  : futex(0xbe88cb1c, FUTEX_WAIT_PRIVATE, 88, {1, 226920635}) = 0
03-29 20:16:02.777   319   319 I strace  : sendto(6, "\20\1\0\0\0\0\0\0\1\0\0\0\0\0\0\0\0\0\0\0croelectroni"..., 272, MSG_DONTWAIT|MSG_NOSIGNAL, NULL, 0) = 272
03-29 20:16:02.780   319   319 I strace  : futex(0xbe88cb30, FUTEX_WAIT_PRIVATE, 80, NULLselect event comming = 1 max_fd =12
03-29 20:16:02.780   319   319 I strace  : ) = 0
03-29 20:16:02.780   319   319 I strace  : openat(AT_FDCWD, "/proc/mcusleep/sleep", O_WRONLY|O_LARGEFILE) = 7
03-29 20:16:02.780   319   319 I strace  : write(7, "0", 1)                        = 1
03-29 20:16:02.780   319   319 I strace  : close(7)                                = 0
03-29 20:16:02.780   319   319 I strace  : write(4, "\1\0\20\4\3203~", 7)          = 7
03-29 20:16:02.780   319   319 I strace  : gettimeofday({1585505762, 780307}, NULL) = 0
03-29 20:16:02.780   319   319 I strace  : clock_gettime(CLOCK_REALTIME, {1585505762, 780517542}) = 0
03-29 20:16:02.785   319   319 I strace  : futex(0xbe88cb1c, FUTEX_WAIT_PRIVATE, 92, {1, 219482458}) = 0
03-29 20:16:02.785   319   319 I strace  : sendto(5, "\2\0\0\0\0\0\0\0\0\0\0\0\0\0\0\0\0\0\0\0\0\0\0\0\1\0\0\0\0\0\0\0"..., 104, MSG_DONTWAIT|MSG_NOSIGNAL, NULL, 0) = 104
03-29 20:16:02.786   319   319 I strace  : sendto(6, "\20\1\0\0\0\0\0\0\1\0\0\0\v\0\0\0\0\0\0\0\0\0\0\0\0\0\0\0\0\0\0\0"..., 272, MSG_DONTWAIT|MSG_NOSIGNAL, NULL, 0) = 272
03-29 20:16:02.829   958   958 W wsr     : Primes not initialized, returning default (no-op) Primes instance which will ignore all calls. Please call Primes.initialize(...) before using any Primes API.
03-29 20:16:02.923   929   929 W WatchFaceController: WindowToken from mView is null.
03-29 20:16:02.931   929   929 W WatchFaceController: WindowToken from mView is null.
03-29 20:16:02.931   929   929 W WatchFaceController: WindowToken from mView is null.
03-29 20:16:02.950   929  1108 D OpenGLRenderer: Use EGL_SWAP_BEHAVIOR_PRESERVED: true
03-29 20:16:02.978   958   968 I art     : Background sticky concurrent mark sweep GC freed 5444(402KB) AllocSpace objects, 0(0B) LOS objects, 3% free, 9MB/9MB, paused 10.224ms total 41.780ms
03-29 20:16:02.989   958   958 I DynamiteModule: Considering local module com.google.android.gms.googlecertificates:4 and remote module com.google.android.gms.googlecertificates:4
03-29 20:16:02.989   958   958 I DynamiteModule: Selected local version of com.google.android.gms.googlecertificates
03-29 20:16:02.991   718   728 I art     : Background partial concurrent mark sweep GC freed 4622(275KB) AllocSpace objects, 1(4MB) LOS objects, 16% free, 10MB/12MB, paused 6.138ms total 60.659ms
03-29 20:16:03.063   311  1111 I AudioFlinger: AudioFlinger's thread 0xb3e80000 ready to run
03-29 20:16:03.093   311  1111 D audio_hw_primary: select_devices: out_snd_device(0: none) in_snd_device(63: voice-rec-mic)
03-29 20:16:03.093   311  1111 D msm8974_platform: platform_send_audio_calibration: sending audio calibration for snd_device(63) acdb_id(62)
03-29 20:16:03.093   311  1111 D ACDB-LOADER: ACDB -> send_audio_cal, acdb_id = 62, path =  1
03-29 20:16:03.093   311  1111 D ACDB-LOADER: ACDB -> send_asm_topology
03-29 20:16:03.093   311  1111 D ACDB-LOADER: ACDB -> ACDB_CMD_GET_AUDPROC_STREAM_TOPOLOGY_ID
03-29 20:16:03.094   311  1111 D ACDB-LOADER: ACDB -> send_adm_topology
03-29 20:16:03.094   311  1111 D ACDB-LOADER: ACDB -> ACDB_CMD_GET_AUDPROC_COMMON_TOPOLOGY_ID
03-29 20:16:03.094   311  1111 D ACDB-LOADER: ACDB -> send_audtable
03-29 20:16:03.094   311  1111 D ACDB-LOADER: ACDB -> ACDB_CMD_GET_AUDPROC_COMMON_TABLE
03-29 20:16:03.095   311  1111 D ACDB-LOADER: ACDB -> AUDIO_SET_AUDPROC_CAL
03-29 20:16:03.095   311  1111 D ACDB-LOADER: ACDB -> send_audvoltable
03-29 20:16:03.095   311  1111 D ACDB-LOADER: ACDB -> ACDB_CMD_GET_AUDPROC_GAIN_DEP_STEP_TABLE
03-29 20:16:03.095   311  1111 D         : Failed to fetch the lookup information of the device 0000003E 
03-29 20:16:03.095   311  1111 E ACDB-LOADER: Error: ACDB AudProc vol returned = -19
03-29 20:16:03.095   311  1111 D ACDB-LOADER: ACDB -> AUDIO_SET_AUDPROC_VOL_CAL
03-29 20:16:03.095   311  1111 D ACDB-LOADER: ACDB -> send_afe_cal
03-29 20:16:03.095   311  1111 D ACDB-LOADER: ACDB -> ACDB_CMD_GET_AFE_COMMON_TABLE
03-29 20:16:03.095   311  1111 D         : Failed to fetch the lookup information of the device 0000003E 
03-29 20:16:03.095   311  1111 E ACDB-LOADER: Error: ACDB AFE returned = -19
03-29 20:16:03.095   311  1111 D ACDB-LOADER: ACDB -> AUDIO_SET_AFE_CAL
03-29 20:16:03.095   311  1111 D ACDB-LOADER: ACDB -> send_hw_delay : acdb_id = 62 path = 1
03-29 20:16:03.095   311  1111 D ACDB-LOADER: ACDB -> ACDB_AVSYNC_INFO: ACDB_CMD_GET_DEVICE_PROPERTY
03-29 20:16:03.095   311  1111 D audio_hw_primary: enable_snd_device: snd_device(63: voice-rec-mic)
03-29 20:16:03.095   311  1111 D audio_hw_primary: enable_audio_route: apply and update mixer path: audio-record
03-29 20:16:03.112   929   986 W CueCardHistory: Couldn't parse history item:     
03-29 20:16:03.376   958   968 I art     : Background partial concurrent mark sweep GC freed 2384(290KB) AllocSpace objects, 6(132KB) LOS objects, 17% free, 9MB/11MB, paused 6.063ms total 38.592ms
03-29 20:16:03.424   929  1108 W Adreno-GSL: <gsl_ldd_control:466>: ioctl fd 35 code 0xc0100940 (IOCTL_KGSL_SYNCSOURCE_CREATE) failed: errno 25 Unknown ioctl code
03-29 20:16:03.424   929  1108 I Adreno-EGL: <qeglDrvAPI_eglInitialize:379>: QUALCOMM Build: 09/28/15, cb423fe, Ib3272dc427
03-29 20:16:03.427   929  1108 I OpenGLRenderer: Initialized EGL, version 1.4
03-29 20:16:03.481   929   929 I ClockworkHome.HomeView: Temporary unmute[true], DR feature enabled[false], OnBody[false], PluggedIn[true], ZenMode[false]
03-29 20:16:03.516   958   958 I WearableService: onCreate: Wearable Services starting.
03-29 20:16:03.516   958   958 I Wear_Statics: Initializing static objects.
03-29 20:16:03.571   718   762 D BluetoothManagerService: Added callback: android.bluetooth.IBluetoothManagerCallback$Stub$Proxy@f5f0bf0:true
03-29 20:16:03.618   958   958 I art     : Rejecting re-init on previously-failed class java.lang.Class<hbt>
03-29 20:16:03.619   958   958 I art     : Rejecting re-init on previously-failed class java.lang.Class<hbt>
03-29 20:16:03.620   958   958 I art     : Rejecting re-init on previously-failed class java.lang.Class<hbt>
03-29 20:16:03.655   718   763 I ActivityManager: Displayed com.google.android.wearable.app/com.google.android.clockwork.home.HomeActivity: +2s580ms
03-29 20:16:03.657   958   958 D Wear_Statics: NodeService is set...
03-29 20:16:03.660   958   958 W Wear_Gcm: Starting up Wear GcmController.
03-29 20:16:03.677   718   787 D WifiService: New client listening to asynchronous messages
03-29 20:16:03.681   958   958 D Wear_Statics: WifiService is set...
03-29 20:16:03.730   958   958 W ChimeraUtils: Non Chimera context
03-29 20:16:03.736   718   746 V KeyguardServiceDelegate: *** Keyguard started
03-29 20:16:03.736   718   746 W KeyguardServiceDelegate: onScreenTurningOn(): no keyguard service!
03-29 20:16:03.738   306   357 I SurfaceFlinger: Boot is finished (18151 ms)
03-29 20:16:03.794   718   718 V KeyguardServiceDelegate: *** Keyguard connected (yay!)
03-29 20:16:03.801   718  1058 V KeyguardServiceDelegate: **** SHOWN CALLED ****
03-29 20:16:03.827   958   958 W ChimeraUtils: Non Chimera context
03-29 20:16:03.870   958   958 W ChimeraUtils: Non Chimera context
03-29 20:16:03.926   311   311 D audio_hw_primary: adev_set_parameters: enter: A2dpSuspended=false
03-29 20:16:03.973   958   958 I CloudSync: Start WiFi mediator: no condition found to stop WiFi mediator
03-29 20:16:04.109   958  1124 W PackageHelper: Could not get resources package for package "com.android.inputdevices". Falling back to app package name.
03-29 20:16:04.201   958   958 I art     : Rejecting re-init on previously-failed class java.lang.Class<hbt>
03-29 20:16:04.201   958   958 I art     : Rejecting re-init on previously-failed class java.lang.Class<hbt>
03-29 20:16:04.202   958   958 I art     : Rejecting re-init on previously-failed class java.lang.Class<hbt>
03-29 20:16:04.202   958   958 I art     : Rejecting re-init on previously-failed class java.lang.Class<hbs>
03-29 20:16:04.202   958   958 I art     : Rejecting re-init on previously-failed class java.lang.Class<hbs>
03-29 20:16:04.205   958   958 I art     : Rejecting re-init on previously-failed class java.lang.Class<hbt>
03-29 20:16:04.213   958   958 I art     : Rejecting re-init on previously-failed class java.lang.Class<hbt>
03-29 20:16:04.213   958   958 I art     : Rejecting re-init on previously-failed class java.lang.Class<hbt>
03-29 20:16:04.214   958   958 I art     : Rejecting re-init on previously-failed class java.lang.Class<hbt>
03-29 20:16:04.252   958   958 I art     : Rejecting re-init on previously-failed class java.lang.Class<agxx>
03-29 20:16:04.256   958   958 I art     : Rejecting re-init on previously-failed class java.lang.Class<agxx>
03-29 20:16:04.256   958   958 I art     : Rejecting re-init on previously-failed class java.lang.Class<agxx>
03-29 20:16:04.302   958   958 I art     : Rejecting re-init on previously-failed class java.lang.Class<agxx>
03-29 20:16:04.302   958   958 I art     : Rejecting re-init on previously-failed class java.lang.Class<agxx>
03-29 20:16:04.305   958   958 I art     : Rejecting re-init on previously-failed class java.lang.Class<agxx>
03-29 20:16:04.315   958   958 I art     : Rejecting re-init on previously-failed class java.lang.Class<agxx>
03-29 20:16:04.316   958   958 I art     : Rejecting re-init on previously-failed class java.lang.Class<agxx>
03-29 20:16:04.324   958   958 I art     : Rejecting re-init on previously-failed class java.lang.Class<agxx>
03-29 20:16:04.324   958   958 I art     : Rejecting re-init on previously-failed class java.lang.Class<agxx>
03-29 20:16:04.325   958   958 I art     : Rejecting re-init on previously-failed class java.lang.Class<agxx>
03-29 20:16:04.462   958  1124 W PackageHelper: Could not get resources package for package "com.android.shell". Falling back to app package name.
03-29 20:16:04.487   958  1124 W PackageHelper: Could not get resources package for package "com.android.location.fused". Falling back to app package name.
03-29 20:16:04.523   958  1124 W PackageHelper: Could not get resources package for package "com.android.keychain". Falling back to app package name.
03-29 20:16:04.555   958   968 I art     : Background sticky concurrent mark sweep GC freed 5749(585KB) AllocSpace objects, 0(0B) LOS objects, 5% free, 10MB/11MB, paused 13.349ms total 47.229ms
03-29 20:16:04.597   958  1124 W PackageHelper: Could not get resources package for package "com.android.providers.downloads". Falling back to app package name.
03-29 20:16:04.617   958  1124 W PackageHelper: Could not get resources package for package "com.google.android.wearable.ambient". Falling back to app package name.
03-29 20:16:04.622   958  1124 W PackageHelper: Could not get resources package for package "com.android.providers.contacts". Falling back to app package name.
03-29 20:16:04.652   958  1124 W PackageHelper: Could not get resources package for package "com.google.android.apps.wearable.bluetooth". Falling back to app package name.
03-29 20:16:04.665   958  1124 W PackageHelper: Could not get resources package for package "com.android.certinstaller". Falling back to app package name.
03-29 20:16:04.676   958  1124 W PackageHelper: Could not get resources package for package "com.android.defcontainer". Falling back to app package name.
03-29 20:16:04.725  1072  1095 W DefaultWristGestureDetector: Resampling is needed. Resample from: 111 To: 100
03-29 20:16:04.733   718   837 I BroadcastQueue: Delay finish: com.android.providers.downloads/.DownloadReceiver
03-29 20:16:04.744   958  1146 I GeofencerStateMachine: Network location disabled.
03-29 20:16:04.744   958  1159 I GCoreUlr: ULR code skipped on unsupported form factor.
03-29 20:16:04.748   718   837 I BroadcastQueue: Resuming delayed broadcast
03-29 20:16:04.763   807   807 D MediaScannerReceiver: action: android.intent.action.MEDIA_MOUNTED path: /storage/emulated/0
03-29 20:16:04.766   718  1019 I BroadcastQueue: Delay finish: com.android.providers.media/.MediaScannerReceiver
03-29 20:16:04.771   958   968 I art     : Background sticky concurrent mark sweep GC freed 3518(241KB) AllocSpace objects, 0(0B) LOS objects, 1% free, 11MB/11MB, paused 5.913ms total 46.391ms
03-29 20:16:04.779   958  1124 W PackageHelper: Could not get resources package for package "com.android.providers.media". Falling back to app package name.
03-29 20:16:04.797   958  1124 W ResourceType: No known package when getting name for resource number 0x7f010000
03-29 20:16:04.797   958  1124 W PackageHelper: Could not get resources package for package "android". Falling back to app package name.
03-29 20:16:04.851   958  1124 W PackageHelper: Could not get resources package for package "com.android.bluetooth". Falling back to app package name.
03-29 20:16:04.857   958  1124 W PackageHelper: Could not get resources package for package "com.android.providers.settings". Falling back to app package name.
03-29 20:16:04.871   958  1124 W PackageHelper: Could not get resources package for package "com.android.server.telecom". Falling back to app package name.
03-29 20:16:04.878   958  1124 W PackageHelper: Could not get resources package for package "com.android.backupconfirm". Falling back to app package name.
03-29 20:16:04.924   958  1124 W PackageHelper: Could not get resources package for package "com.huawei.watchface3d". Falling back to app package name.
03-29 20:16:04.961   958  1124 W PackageHelper: Could not get resources package for package "com.android.providers.userdictionary". Falling back to app package name.
03-29 20:16:04.971   958  1124 W PackageHelper: Could not get resources package for package "com.google.android.wearable.frameworkpackagestubs". Falling back to app package name.
03-29 20:16:04.971   807  1161 W MediaProfiles: could not find media config xml file
03-29 20:16:05.017   807  1161 V MediaScanner: pruneDeadThumbnailFiles... android.database.sqlite.SQLiteCursor@d8e40af
03-29 20:16:05.019   807  1161 V MediaScanner: /pruneDeadThumbnailFiles... android.database.sqlite.SQLiteCursor@d8e40af
03-29 20:16:05.047   958  1124 W PackageHelper: Could not get resources package for package "com.android.providers.calendar". Falling back to app package name.
03-29 20:16:05.096   929  1116 E CloudSyncCapability: Failed to add capability supports_cloudsync: Status{statusCode=unknown status code: 4006, resolution=null}
03-29 20:16:05.186   929   929 I Clockwork.Settings: set local ID to 33587169
03-29 20:16:05.251   807  1161 I art     : Starting a blocking GC Alloc
03-29 20:16:05.253   807  1161 I art     : Starting a blocking GC Alloc
03-29 20:16:05.265   958  1122 D Wear_ConnectionMgr: adding a name to a ROLE_SERVER config that has no name
03-29 20:16:05.309   929   929 D UserSettingsManager: setState: skipping set state: initial state not loaded
03-29 20:16:05.330   807  1161 I art     : Starting a blocking GC Alloc
03-29 20:16:05.330   807  1161 I art     : Starting a blocking GC Alloc
03-29 20:16:05.331   718   733 D ZenLog  : listener_hints_changed: none->disable_effects,listeners=1
03-29 20:16:05.331   718   733 D ZenLog  : suppressor_changed: null->{com.google.android.wearable.app/com.google.android.clockwork.stream.NotificationCollectorService}
03-29 20:16:05.390   958  1162 W Settings: Setting airplane_mode_on has moved from android.provider.Settings.System to android.provider.Settings.Global, returning read-only value.
03-29 20:16:05.401   958  1162 W Settings: Setting airplane_mode_on has moved from android.provider.Settings.System to android.provider.Settings.Global, returning read-only value.
03-29 20:16:05.502   929   929 I ClockworkHome.HomeView: Temporary unmute[true], DR feature enabled[false], OnBody[false], PluggedIn[true], ZenMode[false]
03-29 20:16:05.606   929   929 W Clockwork.Settings: Null data item for uri: wear:/settings/com.google.android.clockwork.settings.TILT_TO_WAKE/33587169
03-29 20:16:05.606   929   929 W Clockwork.Settings: Null data item for uri: wear:/settings/com.google.android.clockwork.settings.DISABLE_CALENDAR/33587169
03-29 20:16:05.641   718   787 D WifiService: New client listening to asynchronous messages
03-29 20:16:05.648   718  1019 I WifiService: WifiService trying to set country code to nl with persist set to true
03-29 20:16:05.657   807  1161 I art     : Starting a blocking GC Alloc
03-29 20:16:05.657   807  1161 I art     : Starting a blocking GC Alloc
03-29 20:16:05.667   910  1172 I WifiCountryCodeService: Set WiFi country code to nl
03-29 20:16:05.701   910  1171 W ContextImpl: Calling a method in the system process without a qualified user: android.app.ContextImpl.sendBroadcast:763 android.content.ContextWrapper.sendBroadcast:396 com.google.android.clockwork.settings.TimeService.setIs24Hour:77 com.google.android.clockwork.settings.TimeService.onHandleIntent:32 android.app.IntentService$ServiceHandler.handleMessage:66 
03-29 20:16:05.759   718   732 I BroadcastQueue: Resuming delayed broadcast
03-29 20:16:05.815   718   784 W ContextImpl: Calling a method in the system process without a qualified user: android.app.ContextImpl.sendBroadcast:763 com.android.server.net.NetworkPolicyManagerService.sendNotificationToCustomComponent:943 com.android.server.net.NetworkPolicyManagerService.updateNotificationsLocked:834 com.android.server.net.NetworkPolicyManagerService$8.onReceive:663 android.app.LoadedApk$ReceiverDispatcher$Args.run:881 
03-29 20:16:05.818   910   910 W ContextImpl: Calling a method in the system process without a qualified user: android.app.ContextImpl.startService:1221 android.content.ContextWrapper.startService:581 android.content.ContextWrapper.startService:581 com.google.android.clockwork.settings.NetworkPolicyNotificationReceiver.onReceive:14 android.app.ActivityThread.handleReceiver:2725 
03-29 20:16:05.992  1002  1002 I GservicesProvider: override update completed
03-29 20:16:06.116   958   968 I art     : Background sticky concurrent mark sweep GC freed 7305(658KB) AllocSpace objects, 4(80KB) LOS objects, 6% free, 11MB/12MB, paused 9.297ms total 37.432ms
03-29 20:16:06.295   910   910 W ContextImpl: Calling a method in the system process without a qualified user: android.app.ContextImpl.sendBroadcast:763 android.content.ContextWrapper.sendBroadcast:396 android.content.ContextWrapper.sendBroadcast:396 com.google.android.clockwork.settings.GpsActivityReceiver.onReceive:64 android.app.ActivityThread.handleReceiver:2725 
03-29 20:16:06.304   929   929 D DynRingOnBodyService: onCreate
03-29 20:16:06.309   929   929 D DynRingOnBodyService: onDestroy
03-29 20:16:06.310   718   762 D BluetoothManagerService: Added callback: android.bluetooth.IBluetoothManagerCallback$Stub$Proxy@2611c82:true
03-29 20:16:06.311   929   929 I ClockworkHome.HomeView: Temporary unmute[true], DR feature enabled[false], OnBody[false], PluggedIn[true], ZenMode[false]
03-29 20:16:06.336   718   733 D ConnectivityService: listenForNetwork for Listen from uid/pid:10013/958 for NetworkRequest [ id=3, legacyType=-1, [ Capabilities: NOT_RESTRICTED] ]
03-29 20:16:06.346   910   910 E BluetoothDevice: BT not enabled. Cannot get bond state
03-29 20:16:06.395   718   732 I ActivityManager: Start proc 1189:com.google.android.deskclock/u0a30 for broadcast com.google.android.deskclock/.AlarmInitListener
03-29 20:16:06.419   958  1201 E WakeLock: GCM_HB_ALARM release without a matched acquire!
03-29 20:16:06.419   958  1201 W WakeLock: GCM_HB_ALARM counter does not exist
03-29 20:16:06.446   718   718 D ZenLog  : disable_effects: 0|com.google.android.wearable.app|0|bridged_notification|10004,listenerHints
03-29 20:16:06.464   929  1071 W StreamManager: Dropping non-bitmap icon from notification.
03-29 20:16:06.470  1189  1189 W System  : ClassLoader referenced unknown path: /system/app/PrebuiltDeskClockMicroApp/lib/arm
03-29 20:16:06.484   929   939 W art     : Suspending all threads took: 10.702ms
03-29 20:16:06.494   929   939 I art     : Background partial concurrent mark sweep GC freed 6084(369KB) AllocSpace objects, 7(156KB) LOS objects, 16% free, 9MB/11MB, paused 13.656ms total 45.349ms
03-29 20:16:06.548  1189  1189 I CwAlarm : class com.google.android.deskclock.AlarmGatewayActivity enabled
03-29 20:16:06.549  1189  1189 I CwAlarm : class com.google.android.deskclock.ShowAlarmsActivity enabled
03-29 20:16:06.550  1189  1189 I CwAlarm : class com.google.android.deskclock.SetAlarmActivity enabled
03-29 20:16:06.551  1189  1189 I CwAlarm : class com.google.android.deskclock.TimerGatewayActivity enabled
03-29 20:16:06.552  1189  1189 I CwAlarm : class com.google.android.deskclock.SetTimerActivity enabled
03-29 20:16:06.553  1189  1189 I CwAlarm : class com.google.android.deskclock.StopwatchActivity enabled
03-29 20:16:06.580   718   837 I BroadcastQueue: Delay finish: com.google.android.deskclock/.AlarmInitListener
03-29 20:16:06.609  1189  1207 I CwAlarm : ResetAlarmsService.onHandleIntent=Intent { act=android.intent.action.TIME_SET flg=0x10 cmp=com.google.android.deskclock/.ResetAlarmsService (has extras) }
03-29 20:16:06.651  1189  1207 I CwAlarms: Connected to apiClient
03-29 20:16:06.670  1189  1207 I CwAlarms: Disconnected from apiClient
03-29 20:16:06.672   718   733 I BroadcastQueue: Resuming delayed broadcast
03-29 20:16:06.686   718   732 I ActivityManager: Start proc 1211:com.google.android.gms/u0a13 for service com.google.android.gms/.chimera.GmsIntentOperationService
03-29 20:16:06.727   929   929 I LocaleDependentApps: Enabling application based on locale : com.google.android.clockwork.home.search.apps.weather.WeatherActivity
03-29 20:16:06.757   958   968 W art     : Suspending all threads took: 11.276ms
03-29 20:16:06.783   958   968 I art     : Background partial concurrent mark sweep GC freed 17643(1093KB) AllocSpace objects, 1(32KB) LOS objects, 15% free, 10MB/12MB, paused 22.111ms total 91.205ms
03-29 20:16:06.784  1189  1189 I CwAlarm : GservicesChangedReceiver, reinitialize values
03-29 20:16:06.786  1189  1189 I CwAlarm : class com.google.android.deskclock.AlarmGatewayActivity enabled
03-29 20:16:06.791  1189  1189 I CwAlarm : class com.google.android.deskclock.ShowAlarmsActivity enabled
03-29 20:16:06.793  1189  1189 I CwAlarm : class com.google.android.deskclock.SetAlarmActivity enabled
03-29 20:16:06.796  1189  1189 I CwAlarm : class com.google.android.deskclock.TimerGatewayActivity enabled
03-29 20:16:06.796  1189  1189 I CwAlarm : class com.google.android.deskclock.SetTimerActivity enabled
03-29 20:16:06.797  1189  1189 I CwAlarm : class com.google.android.deskclock.StopwatchActivity enabled
03-29 20:16:07.087  1211  1211 W DynamiteModule: Local module descriptor class for providerinstaller not found.
03-29 20:16:07.098  1211  1211 W ProviderHelper: Unknown dynamite feature providerinstaller
03-29 20:16:07.106  1211  1211 I DynamiteModule: Considering local module providerinstaller:0 and remote module providerinstaller:0
03-29 20:16:07.106  1211  1211 W ProviderInstaller: Failed to load providerinstaller module: No acceptable module found. Local version is 0 and remote version is 0.
03-29 20:16:07.125  1211  1211 V NativeCrypto: Registering com/google/android/gms/org/conscrypt/NativeCrypto's 286 native methods...
03-29 20:16:07.182   929   929 W ResourceType: No package identifier when getting value for resource number 0x00000000
03-29 20:16:07.183   929   929 W AlternativeIcons: Could not find icon ID 0 for com.google.android.wearable.app
03-29 20:16:07.235  1211  1211 I art     : Rejecting re-init on previously-failed class java.lang.Class<com.google.android.gms.org.conscrypt.Java7ExtendedSSLSession>
03-29 20:16:07.235  1211  1211 I art     : Rejecting re-init on previously-failed class java.lang.Class<com.google.android.gms.org.conscrypt.Java7ExtendedSSLSession>
03-29 20:16:07.236  1211  1211 I art     : Rejecting re-init on previously-failed class java.lang.Class<com.google.android.gms.org.conscrypt.Java8ExtendedSSLSession>
03-29 20:16:07.236  1211  1211 I art     : Rejecting re-init on previously-failed class java.lang.Class<com.google.android.gms.org.conscrypt.Java8ExtendedSSLSession>
03-29 20:16:07.272  1211  1211 I ProviderInstaller: Installed default security provider GmsCore_OpenSSL
03-29 20:16:07.290  1211  1211 I Safeboot: Checking safeboot...
03-29 20:16:07.291  1211  1211 I Safeboot: Not entering safeboot; wrong process.
