03-29 20:15:45.831   319   319 I strace  : mprotect(0xb6df3000, 4096, PROT_READ)   = 0
03-29 20:15:45.832   319   319 I strace  : munmap(0xb6d8f000, 4096)                = 0
03-29 20:15:45.832   319   319 I strace  : mmap2(NULL, 4096, PROT_READ|PROT_WRITE, MAP_PRIVATE|MAP_ANONYMOUS, 0, 0) = 0xb6f73000
03-29 20:15:45.832   319   319 I strace  : madvise(0xb6f73000, 4096, MADV_MERGEABLE) = 0
03-29 20:15:45.833   319   319 I strace  : prctl(0x53564d41 /* PR_??? */, 0, 0xb6f73000, 0x1000, 0xb6fb77c0) = 0
03-29 20:15:45.833   319   319 I strace  : mmap2(NULL, 4096, PROT_READ|PROT_WRITE, MAP_PRIVATE|MAP_ANONYMOUS, 0, 0) = 0xb6d8f000
03-29 20:15:45.834   319   319 I strace  : madvise(0xb6d8f000, 4096, MADV_MERGEABLE) = 0
03-29 20:15:45.834   319   319 I strace  : prctl(0x53564d41 /* PR_??? */, 0, 0xb6d8f000, 0x1000, 0xb6fb77d0) = 0
03-29 20:15:45.835   319   319 I strace  : munmap(0xb6f73000, 4096)                = 0
03-29 20:15:45.836   319   319 I strace  : mprotect(0xb6da1000, 4096, PROT_READ)   = 0
03-29 20:15:45.836   319   319 I strace  : munmap(0xb6d8f000, 4096)                = 0
03-29 20:15:45.837   319   319 I strace  : mprotect(0xb6de9000, 4096, PROT_READ|PROT_WRITE) = 0
03-29 20:15:45.837   319   319 I strace  : mprotect(0xb6f78000, 4096, PROT_READ|PROT_WRITE) = 0
03-29 20:15:45.838   319   319 I strace  : mprotect(0xb6f74000, 4096, PROT_READ|PROT_WRITE) = 0
03-29 20:15:45.839   319   319 I strace  : openat(AT_FDCWD, "/dev/__properties__", O_RDONLY|O_LARGEFILE|O_NOFOLLOW|O_CLOEXEC) = 3
03-29 20:15:45.840   319   319 I strace  : fstat64(3, {st_mode=S_IFREG|0444, st_size=131072, ...}) = 0
03-29 20:15:45.842   319   319 I strace  : mmap2(NULL, 131072, PROT_READ, MAP_SHARED, 3, 0) = 0xb6d6e000
03-29 20:15:45.843   319   319 I strace  : close(3)                                = 0
03-29 20:15:45.844   319   319 I strace  : futex(0xb6f68648, FUTEX_WAKE_PRIVATE, 2147483647) = 0
03-29 20:15:45.845   319   319 I strace  : openat(AT_FDCWD, "/vendor/lib/libnetd_client.so", O_RDONLY|O_LARGEFILE|O_CLOEXEC) = -1 ENOENT (No such file or directory)
03-29 20:15:45.846   319   319 I strace  : openat(AT_FDCWD, "/system/lib/libnetd_client.so", O_RDONLY|O_LARGEFILE|O_CLOEXEC) = 3
03-29 20:15:45.847   319   319 I strace  : fstat64(3, {st_mode=S_IFREG|0644, st_size=17916, ...}) = 0
03-29 20:15:45.848   319   319 I strace  : mmap2(NULL, 8192, PROT_READ|PROT_WRITE, MAP_PRIVATE|MAP_ANONYMOUS, 0, 0) = 0xb6d6c000
03-29 20:15:45.849   319   319 I strace  : madvise(0xb6d6c000, 8192, MADV_MERGEABLE) = 0
03-29 20:15:45.850   319   319 I strace  : prctl(0x53564d41 /* PR_??? */, 0, 0xb6d6c000, 0x2000, 0xb6fb7701) = 0
03-29 20:15:45.852   319   319 I strace  : mmap2(NULL, 8192, PROT_READ|PROT_WRITE, MAP_PRIVATE|MAP_ANONYMOUS, 0, 0) = 0xb6d6a000
03-29 20:15:45.852   319   319 I strace  : madvise(0xb6d6a000, 8192, MADV_MERGEABLE) = 0
03-29 20:15:45.853   319   319 I strace  : prctl(0x53564d41 /* PR_??? */, 0, 0xb6d6a000, 0x2000, 0xb6fb7701) = 0
03-29 20:15:45.854   319   319 I strace  : prctl(PR_GET_DUMPABLE)                  = 0
03-29 20:15:45.854   319   319 I strace  : prctl(PR_SET_DUMPABLE, 1)               = 0
03-29 20:15:45.855   319   319 I strace  : readlinkat(AT_FDCWD, "/proc/self/fd/3", "/system/lib/libnetd_client.so", 4096) = 29
03-29 20:15:45.856   319   319 I strace  : prctl(PR_SET_DUMPABLE, 0)               = 0
03-29 20:15:45.856   319   319 I strace  : munmap(0xb6d6a000, 8192)                = 0
03-29 20:15:45.857   319   319 I strace  : munmap(0xb6d6c000, 8192)                = 0
03-29 20:15:45.858   319   319 I strace  : pread64(3, "\177ELF\1\1\1\0\0\0\0\0\0\0\0\0\3\0(\0\1\0\0\0\0\0\0\0004\0\0\0"..., 52, 0) = 52
03-29 20:15:45.859   319   319 I strace  : mmap2(NULL, 4096, PROT_READ, MAP_PRIVATE, 3, 0) = 0xb6f73000
03-29 20:15:45.859   319   319 I strace  : madvise(0xb6f73000, 4096, MADV_MERGEABLE) = 0
03-29 20:15:45.871   319   319 I strace  : mmap2(NULL, 24576, PROT_NONE, MAP_PRIVATE|MAP_ANONYMOUS, -1, 0) = 0xb6d68000
03-29 20:15:45.872   319   319 I strace  : madvise(0xb6d68000, 24576, MADV_MERGEABLE) = 0
03-29 20:15:45.873   319   319 I strace  : mmap2(0xb6d68000, 12880, PROT_READ|PROT_EXEC, MAP_PRIVATE|MAP_FIXED, 3, 0) = 0xb6d68000
03-29 20:15:45.874   319   319 I strace  : madvise(0xb6d68000, 12880, MADV_MERGEABLE) = 0
03-29 20:15:45.875   319   319 I strace  : mmap2(0xb6d6c000, 4100, PROT_READ|PROT_WRITE, MAP_PRIVATE|MAP_FIXED, 3, 0x3000) = 0xb6d6c000
03-29 20:15:45.876   319   319 I strace  : madvise(0xb6d6c000, 4100, MADV_MERGEABLE) = 0
03-29 20:15:45.876   319   319 I strace  : munmap(0xb6f73000, 4096)                = 0
03-29 20:15:45.877   319   319 I strace  : close(3)                                = 0
03-29 20:15:45.878   319   319 I strace  : mmap2(NULL, 4096, PROT_READ|PROT_WRITE, MAP_PRIVATE|MAP_ANONYMOUS, 0, 0) = 0xb6f73000
03-29 20:15:45.879   319   319 I strace  : madvise(0xb6f73000, 4096, MADV_MERGEABLE) = 0
03-29 20:15:45.879   319   319 I strace  : prctl(0x53564d41 /* PR_??? */, 0, 0xb6f73000, 0x1000, 0xb6fb77c0) = 0
03-29 20:15:45.880   319   319 I strace  : mmap2(NULL, 4096, PROT_READ|PROT_WRITE, MAP_PRIVATE|MAP_ANONYMOUS, 0, 0) = 0xb6d8f000
03-29 20:15:45.881   319   319 I strace  : madvise(0xb6d8f000, 4096, MADV_MERGEABLE) = 0
03-29 20:15:45.882   319   319 I strace  : prctl(0x53564d41 /* PR_??? */, 0, 0xb6d8f000, 0x1000, 0xb6fb77d0) = 0
03-29 20:15:45.882   319   319 I strace  : munmap(0xb6f73000, 4096)                = 0
03-29 20:15:45.883   319   319 I strace  : mprotect(0xb6d6c000, 4096, PROT_READ)   = 0
03-29 20:15:45.883   319   319 I strace  : munmap(0xb6d8f000, 4096)                = 0
03-29 20:15:45.884   319   319 I strace  : futex(0xb6e8ea5c, FUTEX_WAKE_PRIVATE, 2147483647) = 0
03-29 20:15:45.885   319   319 I strace  : futex(0xb6e8ea5c, FUTEX_WAKE_PRIVATE, 2147483647) = 0
03-29 20:15:45.885   319   319 I strace  : futex(0xb6e8ea5c, FUTEX_WAKE_PRIVATE, 2147483647) = 0
03-29 20:15:45.886   319   319 I strace  : futex(0xb6e8ea5c, FUTEX_WAKE_PRIVATE, 2147483647) = 0
03-29 20:15:45.886   319   319 I strace  : futex(0xb6e8ea5c, FUTEX_WAKE_PRIVATE, 2147483647) = 0
03-29 20:15:45.887   319   319 I strace  : brk(0)                                  = 0xb8cae000
03-29 20:15:45.888   319   319 I strace  : mmap2(NULL, 262144, PROT_READ|PROT_WRITE, MAP_PRIVATE|MAP_ANONYMOUS, -1, 0) = 0xb6d28000
03-29 20:15:45.889   319   319 I strace  : madvise(0xb6d28000, 262144, MADV_MERGEABLE) = 0
03-29 20:15:45.890   319   319 I strace  : prctl(0x53564d41 /* PR_??? */, 0, 0xb6d28000, 0x40000, 0xb6f5a061) = 0
03-29 20:15:45.890   319   319 I strace  : munmap(0xb6d28000, 262144)              = 0
03-29 20:15:45.891   319   319 I strace  : mmap2(NULL, 520192, PROT_READ|PROT_WRITE, MAP_PRIVATE|MAP_ANONYMOUS, -1, 0) = 0xb6ce9000
03-29 20:15:45.892   319   319 I strace  : madvise(0xb6ce9000, 520192, MADV_MERGEABLE) = 0
03-29 20:15:45.893   319   319 I strace  : prctl(0x53564d41 /* PR_??? */, 0, 0xb6ce9000, 0x7f000, 0xb6f5a061) = 0
03-29 20:15:45.893   319   319 I strace  : munmap(0xb6ce9000, 94208)               = 0
03-29 20:15:45.894   319   319 I strace  : munmap(0xb6d40000, 163840)              = 0
03-29 20:15:45.895   319   319 I strace  : mmap2(NULL, 4096, PROT_READ|PROT_WRITE, MAP_PRIVATE|MAP_ANONYMOUS, -1, 0) = 0xb6f73000
03-29 20:15:45.895   319   319 I strace  : madvise(0xb6f73000, 4096, MADV_MERGEABLE) = 0
03-29 20:15:45.896   319   319 I strace  : mprotect(0xb6f73000, 4096, PROT_READ)   = 0
03-29 20:15:45.897   319   319 I strace  : openat(AT_FDCWD, "/proc/stat", O_RDONLY|O_LARGEFILE|O_CLOEXEC) = 3
03-29 20:15:45.898   319   319 I strace  : fstat64(3, {st_mode=S_IFREG|0444, st_size=0, ...}) = 0
03-29 20:15:45.899   319   319 I strace  : mmap2(NULL, 262144, PROT_READ|PROT_WRITE, MAP_PRIVATE|MAP_ANONYMOUS, -1, 0) = 0xb6cc0000
03-29 20:15:45.900   319   319 I strace  : madvise(0xb6cc0000, 262144, MADV_MERGEABLE) = 0
03-29 20:15:45.903   319   319 I strace  : prctl(0x53564d41 /* PR_??? */, 0, 0xb6cc0000, 0x40000, 0xb6f5a061) = 0
03-29 20:15:45.904   319   319 I strace  : read(3, "cpu  520 3 607 2812 56 0 5 0 0 0"..., 1024) = 1024
03-29 20:15:45.905   319   319 I strace  : read(3, " 0 0 0 0 0 0 0 0 0 0 0 0 0 0 0 0"..., 1024) = 538
03-29 20:15:45.906   319   319 I strace  : read(3, "", 1024)                       = 0
03-29 20:15:45.906   319   319 I strace  : close(3)                                = 0
03-29 20:15:45.907   319   319 I strace  : futex(0xb6e8ea5c, FUTEX_WAKE_PRIVATE, 2147483647) = 0
03-29 20:15:45.908   319   319 I strace  : futex(0xb6e8ea5c, FUTEX_WAKE_PRIVATE, 2147483647) = 0
03-29 20:15:45.908   319   319 I strace  : futex(0xb6e8ea5c, FUTEX_WAKE_PRIVATE, 2147483647) = 0
03-29 20:15:45.921   319   319 I strace  : futex(0xb6e8ea5c, FUTEX_WAKE_PRIVATE, 2147483647) = 0
03-29 20:15:45.922   319   319 I strace  : futex(0xb6e8ea5c, FUTEX_WAKE_PRIVATE, 2147483647) = 0
03-29 20:15:45.923   319   319 I strace  : futex(0xb6e8ea5c, FUTEX_WAKE_PRIVATE, 2147483647) = 0
03-29 20:15:45.923   319   319 I strace  : futex(0xb6e8ea5c, FUTEX_WAKE_PRIVATE, 2147483647) = 0
03-29 20:15:45.924   319   319 I strace  : futex(0xb6e8ea5c, FUTEX_WAKE_PRIVATE, 2147483647) = 0
03-29 20:15:45.925   319   319 I strace  : futex(0xb6e8ea5c, FUTEX_WAKE_PRIVATE, 2147483647) = 0
03-29 20:15:45.925   319   319 I strace  : futex(0xb6e8ea5c, FUTEX_WAKE_PRIVATE, 2147483647) = 0
03-29 20:15:45.926   319   319 I strace  : futex(0xb6e8ea5c, FUTEX_WAKE_PRIVATE, 2147483647) = 0
03-29 20:15:45.927   319   319 I strace  : futex(0xb6e8ea5c, FUTEX_WAKE_PRIVATE, 2147483647) = 0
03-29 20:15:45.928   319   319 I strace  : futex(0xb6e8ea5c, FUTEX_WAKE_PRIVATE, 2147483647) = 0
03-29 20:15:45.928   319   319 I strace  : futex(0xb6e8ea5c, FUTEX_WAKE_PRIVATE, 2147483647) = 0
03-29 20:15:45.929   319   319 I strace  : futex(0xb6e8ea5c, FUTEX_WAKE_PRIVATE, 2147483647) = 0
03-29 20:15:45.929   319   319 I strace  : futex(0xb6e8ea5c, FUTEX_WAKE_PRIVATE, 2147483647) = 0
03-29 20:15:45.930   319   319 I strace  : futex(0xb6e8ea5c, FUTEX_WAKE_PRIVATE, 2147483647) = 0
03-29 20:15:45.931   319   319 I strace  : futex(0xb6e8ea5c, FUTEX_WAKE_PRIVATE, 2147483647) = 0
03-29 20:15:45.931   319   319 I strace  : futex(0xb6e8ea5c, FUTEX_WAKE_PRIVATE, 2147483647) = 0
03-29 20:15:45.932   319   319 I strace  : futex(0xb6e8ea5c, FUTEX_WAKE_PRIVATE, 2147483647) = 0
03-29 20:15:45.932   319   319 I strace  : futex(0xb6e8ea5c, FUTEX_WAKE_PRIVATE, 2147483647) = 0
03-29 20:15:45.933   319   319 I strace  : futex(0xb6e8ea5c, FUTEX_WAKE_PRIVATE, 2147483647) = 0
03-29 20:15:45.933   319   319 I strace  : futex(0xb6e8ea5c, FUTEX_WAKE_PRIVATE, 2147483647) = 0
03-29 20:15:45.934   319   319 I strace  : futex(0xb6f69f14, FUTEX_WAKE_PRIVATE, 2147483647) = 0
03-29 20:15:45.935   319   319 I strace  : mprotect(0xb6f73000, 4096, PROT_READ|PROT_WRITE) = 0
03-29 20:15:45.935   319   319 I strace  : mprotect(0xb6f73000, 4096, PROT_READ)   = 0
03-29 20:15:45.936   319   319 I strace  : futex(0xb6f69e74, FUTEX_WAKE_PRIVATE, 2147483647) = 0
03-29 20:15:45.937   319   319 I strace  : mprotect(0xb6f73000, 4096, PROT_READ|PROT_WRITE) = 0
03-29 20:15:45.937   319   319 I strace  : mprotect(0xb6f73000, 4096, PROT_READ)   = 0
03-29 20:15:45.938   319   319 I strace  : mprotect(0xb6f73000, 4096, PROT_READ|PROT_WRITE) = 0
03-29 20:15:45.938   319   319 I strace  : mprotect(0xb6f73000, 4096, PROT_READ)   = 0
03-29 20:15:45.939   319   319 I strace  : mprotect(0xb6f73000, 4096, PROT_READ|PROT_WRITE) = 0
03-29 20:15:45.940   319   319 I strace  : mprotect(0xb6f73000, 4096, PROT_READ)   = 0
03-29 20:15:45.940   319   319 I strace  : mprotect(0xb6f73000, 4096, PROT_READ|PROT_WRITE) = 0
03-29 20:15:45.941   319   319 I strace  : mprotect(0xb6f73000, 4096, PROT_READ)   = 0
03-29 20:15:45.942   319   319 I strace  : mprotect(0xb6f73000, 4096, PROT_READ|PROT_WRITE) = 0
03-29 20:15:45.942   319   319 I strace  : mprotect(0xb6f73000, 4096, PROT_READ)   = 0
03-29 20:15:45.943   319   319 I strace  : mprotect(0xb6de9000, 4096, PROT_READ)   = 0
03-29 20:15:45.944   319   319 I strace  : mprotect(0xb6f78000, 4096, PROT_READ)   = 0
03-29 20:15:45.944   319   319 I strace  : mprotect(0xb6f74000, 4096, PROT_READ)   = 0
03-29 20:15:45.945   319   319 I strace  : mprotect(0xb6f73000, 4096, PROT_READ|PROT_WRITE) = 0
03-29 20:15:45.945   319   319 I strace  : mprotect(0xb6f73000, 4096, PROT_READ)   = 0
03-29 20:15:45.946   319   319 I strace  : ugetrlimit(RLIMIT_CORE, {rlim_cur=0, rlim_max=RLIM_INFINITY}) = 0
03-29 20:15:45.947   319   319 I strace  : setrlimit(RLIMIT_CORE, {rlim_cur=RLIM_INFINITY, rlim_max=RLIM_INFINITY}) = 0
03-29 20:15:45.948   319   319 I strace  : openat(AT_FDCWD, "/nvdata/accclibration", O_RDONLY|O_LARGEFILE) = 3
03-29 20:15:45.949   338   338 I shd     : type=1400 audit(0.0:6): avc: denied { listen } for path="/dev/socket/shdctl" scontext=u:r:shd:s0 tcontext=u:r:init:s0 tclass=unix_stream_socket permissive=1
03-29 20:15:45.951   319   319 I strace  : read(3, "\336\377\17\0\367\377\0\0", 64) = 8
03-29 20:15:45.951   319   319 I strace  : close(3)                                = 0
03-29 20:15:45.952   319   319 I strace  : openat(AT_FDCWD, "/dev/pmsg0", O_WRONLY|O_LARGEFILE) = -1 ENOENT (No such file or directory)
03-29 20:15:45.952   319   319 I strace  : socket(PF_LOCAL, SOCK_DGRAM|SOCK_CLOEXEC, 0) = 3
03-29 20:15:45.953   319   319 I strace  : fcntl64(3, F_SETFL, O_RDONLY|O_NONBLOCK) = 0
03-29 20:15:45.953   319   319 I strace  : connect(3, {sa_family=AF_LOCAL, sun_path="/dev/socket/logdw"}, 110) = 0
03-29 20:15:45.954   319   319 I strace  : getuid32()                              = 0
03-29 20:15:45.954   338   338 D shd     : InitParameter read clibration info :-34 15 -9 res:313
03-29 20:15:45.954   319   319 I strace  : clock_gettime(CLOCK_REALTIME, {1585505745, 954194528}) = 0
03-29 20:15:45.954   319   319 I strace  : writev(3, [{"\0R\1\321\345\200^`\332\3378", 11}, {"\3", 1}, {"shd\0", 4}, {"InitParameter read clibration in"..., 55}], 4) = 71
03-29 20:15:45.955   319   319 I strace  : openat(AT_FDCWD, "/nvdata/BARO", O_RDONLY|O_LARGEFILE) = 4
03-29 20:15:45.956   319   319 I strace  : read(4, "", 64)                         = 0
03-29 20:15:45.956   319   319 I strace  : close(4)                                = 0
03-29 20:15:45.957   319   319 I strace  : listen(12, 5)                           = 0
03-29 20:15:45.958   319   319 I strace  : listen(11, 5)                           = 0
03-29 20:15:45.972   319   319 I strace  : openat(AT_FDCWD, "/dev/ttyHSL1", O_RDWR|O_NOCTTY|O_LARGEFILE) = 4
03-29 20:15:45.973   319   319 I strace  : ioctl(4, TCFLSH, 0x2)                   = 0
03-29 20:15:45.973   319   319 I strace  : ioctl(4, TCGETS, {B9600 opost isig icanon echo ...}) = 0
03-29 20:15:45.973   319   319 I strace  : ioctl(4, SNDCTL_TMR_START or TCSETS, {B9600 -opost -isig -icanon -echo ...}) = 0
03-29 20:15:45.974   319   319 I strace  : ioctl(4, SNDCTL_TMR_START or TCSETS, {B115200 -opost -isig -icanon -echo ...}) = 0
03-29 20:15:45.974   319   319 I strace  : ioctl(4, TCFLSH, 0x2)                   = 0
03-29 20:15:45.974   319   319 I strace  : write(4, "\1\0\17\0\255c~", 7)          = 7
03-29 20:15:45.983   319   319 I strace  : pselect6(5, [4], NULL, NULL, {0, 200000000}, 0) = 1 (in [4], left {0, 191618906})
03-29 20:15:45.984   319   319 I strace  : read(4, "\1\1\17\00011.900.12.01.00\0\0\0\0\0\0\0\0\0\0\0\0\0"..., 1500) = 56
03-29 20:15:45.984   319   319 I strace  : getuid32()                              = 0
03-29 20:15:45.984   338   338 D update_mcu: get mcu current version:11.900.12.01.00, length:15.
03-29 20:15:45.985   319   319 I strace  : clock_gettime(CLOCK_REALTIME, {1585505745, 984828538}) = 0
03-29 20:15:45.985   319   319 I strace  : writev(3, [{"\0R\1\321\345\200^zJ\263:", 11}, {"\3", 1}, {"update_mcu\0", 11}, {"get mcu current version:11.900.1"..., 53}], 4) = 76
03-29 20:15:45.988   319   319 I strace  : close(4)                                = 0
03-29 20:15:45.989   319   319 I strace  : openat(AT_FDCWD, "/system/bin/mcu.bin", O_RDONLY|O_LARGEFILE) = 4
03-29 20:15:45.989   319   319 I strace  : fstat64(4, {st_mode=S_IFREG|0755, st_size=197463, ...}) = 0
03-29 20:15:46.001   319   319 I strace  : read(4, "\377\252\252\377\340\0\0\0w\2\3\0\3468\0\0\0\0\0\0\0\0\0\0\0\0\0\0\0\0\0\0"..., 4096) = 4096
03-29 20:15:46.002   319   319 I strace  : close(4)                                = 0
03-29 20:15:46.002   319   319 I strace  : getuid32()                              = 0
03-29 20:15:46.002   338   338 E update_mcu: mcu version same(11.900.12.01.00), do not need update!
03-29 20:15:46.002   319   319 I strace  : clock_gettime(CLOCK_REALTIME, {1585505746, 2491872}) = 0
03-29 20:15:46.003   319   319 I strace  : writev(3, [{"\0R\1\322\345\200^\340\5&\0", 11}, {"\6", 1}, {"update_mcu\0", 11}, {"mcu version same(11.900.12.01.00"..., 56}], 4) = 79
03-29 20:15:46.004   319   319 I strace  : openat(AT_FDCWD, "/proc/mcu/gpio_mcu_boot1", O_WRONLY|O_LARGEFILE) = 4
03-29 20:15:46.004   319   319 I strace  : write(4, "0", 1)                        = 1
03-29 20:15:46.005   319   319 I strace  : close(4)                                = 0
03-29 20:15:46.005   319   319 I strace  : openat(AT_FDCWD, "/proc/mcu/gpio_mcu_boot0", O_WRONLY|O_LARGEFILE) = 4
03-29 20:15:46.006   319   319 I strace  : write(4, "0", 1)                        = 1
03-29 20:15:46.006   319   319 I strace  : close(4)                                = 0
03-29 20:15:46.007   319   319 I strace  : openat(AT_FDCWD, "/proc/mcu/gpio_mcu_reset", O_WRONLY|O_LARGEFILE) = 4
03-29 20:15:46.008   319   319 I strace  : write(4, "0", 1)                        = 1
03-29 20:15:46.009   319   319 I strace  : close(4)                                = 0
03-29 20:15:46.022   319   319 I strace  : nanosleep({0, 12000000}, NULL)          = 0
03-29 20:15:46.022   319   319 I strace  : openat(AT_FDCWD, "/proc/mcu/gpio_mcu_reset", O_WRONLY|O_LARGEFILE) = 4
03-29 20:15:46.023   319   319 I strace  : write(4, "1", 1)                        = 1
03-29 20:15:46.023   319   319 I strace  : close(4)                                = 0
03-29 20:15:46.121   306   306 I qdutils : PartialUpdate status: Disabled
03-29 20:15:46.121   306   306 I qdutils : Left Align: 0
03-29 20:15:46.121   306   306 I qdutils : Width Align: 0
03-29 20:15:46.121   306   306 I qdutils : Top Align: 0
03-29 20:15:46.121   306   306 I qdutils : Height Align: 0
03-29 20:15:46.121   306   306 I qdutils : Min ROI Width: 0
03-29 20:15:46.121   306   306 I qdutils : Min ROI Height: 0
03-29 20:15:46.122   306   306 I qdutils : Needs ROI Merge: 0
03-29 20:15:46.126   306   306 I qdhwcomposer: Initializing Qualcomm Hardware Composer
03-29 20:15:46.126   306   306 I qdhwcomposer: MDP version: 500































03-29 20:15:47.454   311   311 E RadioService: couldn't load radio module radio.primary (No such file or directory)
03-29 20:15:47.533   306   306 D SurfaceFlinger: shader cache generated - 24 shaders in 717.083496 ms
03-29 20:15:47.546   306   306 D qdutils : DEBUG_CALC_FPS: 0
03-29 20:15:47.546   306   306 D qdutils : period: 10
03-29 20:15:47.546   306   306 D qdutils : ignorethresh_us: 500000
03-29 20:15:47.549   306   306 E qdoverlay: Bad ov dump:  mdp_overlay z=0 fg=0 alpha=255 mask=-1 flags=0x20000 id=-1
03-29 20:15:47.549   306   306 E qdoverlay: src msmfb_img w=416 h=400 format=13 MDP_RGBA_8888
03-29 20:15:47.549   306   306 E qdoverlay: src_rect mdp_rect x=0 y=0 w=400 h=400
03-29 20:15:47.549   306   306 E qdoverlay: dst_rect mdp_rect x=0 y=0 w=400 h=400
03-29 20:15:47.579   191   191 I auditd  : type=1403 audit(0.0:12): policy loaded auid=4294967295 ses=4294967295
03-29 20:15:47.719   506   506 I launch_daemonsu: (service) abort: mount failed 
03-29 20:15:47.996   305   305 I SELinux : SELinux: Loaded service_contexts from /service_contexts.
03-29 20:15:48.024   319   319 I strace  : nanosleep({2, 0}, 0xbe88c980)           = 0
03-29 20:15:48.027   319   319 I strace  : openat(AT_FDCWD, "/dev/ttyHSL1", O_RDWR|O_NOCTTY|O_LARGEFILE) = 4
03-29 20:15:48.027   319   319 I strace  : ioctl(4, TCFLSH, 0x2)                   = 0
03-29 20:15:48.027   319   319 I strace  : ioctl(4, TCGETS, {B115200 -opost -isig -icanon -echo ...}) = 0
03-29 20:15:48.028   319   319 I strace  : ioctl(4, SNDCTL_TMR_START or TCSETS, {B115200 -opost -isig -icanon -echo ...}) = 0
03-29 20:15:48.028   319   319 I strace  : ioctl(4, SNDCTL_TMR_START or TCSETS, {B115200 -opost -isig -icanon -echo ...}) = 0
03-29 20:15:48.028   319   319 I strace  : ioctl(4, TCFLSH, 0x2)                   = 0
03-29 20:15:48.029   518   518 I shd     : type=1400 audit(0.0:13): avc: denied { getattr } for path="/dev/pts/0" dev="devpts" ino=3 scontext=u:r:shd:s0 tcontext=u:object_r:devpts:s0 tclass=chr_file permissive=1
03-29 20:15:48.029   319   319 I strace  : mmap2(NULL, 1044480, PROT_READ|PROT_WRITE, MAP_PRIVATE|MAP_ANONYMOUS|MAP_NORESERVE, -1, 0) = 0xb6bc1000
03-29 20:15:48.029   319   319 I strace  : madvise(0xb6bc1000, 1044480, MADV_MERGEABLE) = 0
03-29 20:15:48.030   319   319 I strace  : mprotect(0xb6bc1000, 4096, PROT_NONE)   = 0
03-29 20:15:48.033   319   319 I strace  : clone(child_stack=0xb6cbf928, flags=CLONE_VM|CLONE_FS|CLONE_FILES|CLONE_SIGHAND|CLONE_THREAD|CLONE_SYSVSEM|CLONE_SETTLS|CLONE_PARENT_SETTID|CLONE_CHILD_CLEARTID, parent_tidptr=0xb6cbf938, tls=0xb6cbf978, child_tidptr=0xb6cbf938) = 518
03-29 20:15:48.035   319   319 I strace  : mmap2(NULL, 1044480, PROT_READ|PROT_WRITE, MAP_PRIVATE|MAP_ANONYMOUS|MAP_NORESERVE, -1, 0) = 0xb6ac2000
03-29 20:15:48.035   319   319 I strace  : madvise(0xb6ac2000, 1044480, MADV_MERGEABLE) = 0
03-29 20:15:48.036   319   319 I strace  : mprotect(0xb6ac2000, 4096, PROT_NONE)   = 0
03-29 20:15:48.037   319   319 I strace  : clone(child_stack=0xb6bc0928, flags=CLONE_VM|CLONE_FS|CLONE_FILES|CLONE_SIGHAND|CLONE_THREAD|CLONE_SYSVSEM|CLONE_SETTLS|CLONE_PARENT_SETTID|CLONE_CHILD_CLEARTID, parent_tidptr=0xb6bc0938, tls=0xb6bc0978, child_tidptr=0xb6bc0938) = 519
03-29 20:15:48.038   319   319 I strace  : getuid32()                              = 0
03-29 20:15:48.038   338   338 D shd     : Start sensorhub daemon, control server create ok
03-29 20:15:48.039   518   518 I shd     : type=1400 audit(0.0:14): avc: denied { ioctl } for path="/dev/pts/0" dev="devpts" ino=3 ioctlcmd=5401 scontext=u:r:shd:s0 tcontext=u:object_r:devpts:s0 tclass=chr_file permissive=1
03-29 20:15:48.039   518   518 I shd     : type=1400 audit(0.0:15): avc: denied { write } for path="/dev/pts/0" dev="devpts" ino=3 scontext=u:r:shd:s0 tcontext=u:object_r:devpts:s0 tclass=chr_file permissive=1
03-29 20:15:48.039   319   319 I strace  : clock_gettime(CLOCK_REALTIME, {1585505748, 38836246}) = 0
03-29 20:15:48.048   319   319 I strace  : writev(3, [{"\0R\1\324\345\200^\26\230P\2", 11}, {"\3", 1}, {"shd\0", 4}, {"Start sensorhub daemon, control "..., 49}], 4) = 65
03-29 20:15:48.049   319   319 I strace  : mmap2(NULL, 1044480, PROT_READ|PROT_WRITE, MAP_PRIVATE|MAP_ANONYMOUS|MAP_NORESERVE, -1, 0) = 0xb6981000
03-29 20:15:48.049   319   319 I strace  : madvise(0xb6981000, 1044480, MADV_MERGEABLE) = 0
03-29 20:15:48.050   319   319 I strace  : mprotect(0xb6981000, 4096, PROT_NONEStart server
03-29 20:15:48.051   319   319 I strace  : )   = 0
03-29 20:15:48.051   319   319 I strace  : Start server
03-29 20:15:48.051   319   319 I strace  : clone(child_stack=0xb6a7f928, flags=CLONE_VM|CLONE_FS|CLONE_FILES|CLONE_SIGHAND|CLONE_THREAD|CLONE_SYSVSEM|CLONE_SETTLS|CLONE_PARENT_SETTID|CLONE_CHILD_CLEARTID, parent_tidptr=0xb6a7f938, tls=0xb6a7f978, child_tidptr=0xb6a7f938) = 521
03-29 20:15:48.051   319   319 I strace  : getuid32()                              = 0
03-29 20:15:48.052   338   338 D shd     : Send Handshake to sensorhub
03-29 20:15:48.052   319   319 I strace  : clock_gettime(CLOCK_REALTIME, {1585505748, 52103277}) = 0
03-29 20:15:48.054   319   319 I strace  : writev(3, [{"\0R\1\324\345\200^m\10\33\3", 11}, {"\3", 1}, {"shd\0", 4}, {"Send Handshake to sensorhub\0", 28}], 4) = 44
03-29 20:15:48.056   319   319 I strace  : openat(AT_FDCWD, "/proc/mcusleep/sleep", O_WRONLY|O_LARGEFILE) = 5
03-29 20:15:48.057   319   319 I strace  : write(5, "0", 1)                        = 1
03-29 20:15:48.058   319   319 I strace  : close(5)                                = 0
03-29 20:15:48.058   319   319 I strace  : write(4, "\0\0\0\314\306~", 6)          = 6
03-29 20:15:48.059   319   319 I strace  : gettimeofday({1585505748, 59145}, NULL) = 0
03-29 20:15:48.060   319   319 I strace  : clock_gettime(CLOCK_REALTIME, {1585505748, 59845621}) = 0
03-29 20:15:48.063   338   521 D shd     : OnEvent Receive Mcu Control response
03-29 20:15:48.063   319   319 I strace  : futex(0xbe88cb1c, FUTEX_WAIT_PRIVATE, 0, {1, 940154379}) = 0
03-29 20:15:48.063   319   319 I strace  : getuid32()                              = 0
03-29 20:15:48.063   338   338 D shd     : Handshake OK
03-29 20:15:48.063   319   319 I strace  : clock_gettime(CLOCK_REALTIME, {1585505748, 63569527}) = 0
03-29 20:15:48.064   319   319 I strace  : writev(3, [{"\0R\1\324\345\200^w\376\311\3", 11}, {"\3", 1}, {"shd\0", 4}, {"Handshake OK\0", 13}], 4) = 29
03-29 20:15:48.067   319   319 I strace  : getuid32()                              = 0
03-29 20:15:48.067   338   338 D shd     : Set parameter
03-29 20:15:48.067   319   319 I strace  : clock_gettime(CLOCK_REALTIME, {1585505748, 67293590}) = 0
03-29 20:15:48.068   319   319 I strace  : writev(3, [{"\0R\1\324\345\200^\226\321\2\4", 11}, {"\3", 1}, {"shd\0", 4}, {"Set parameter\0", 14}], 4) = 30
03-29 20:15:48.068   319   319 I strace  : openat(AT_FDCWD, "/proc/mcusleep/sleep", O_WRONLY|O_LARGEFILE) = 5
03-29 20:15:48.068   319   319 I strace  : write(5, "0", 1)                        = 1
03-29 20:15:48.069   319   319 I strace  : close(5)                                = 0
03-29 20:15:48.069   319   319 I strace  : write(4, "\1\0\20\23\336\377\17\0\367\377:\f~", 13) = 13
03-29 20:15:48.070   319   319 I strace  : gettimeofday({1585505748, 69789}, NULL) = 0
03-29 20:15:48.070   319   319 I strace  : clock_gettime(CLOCK_REALTIME, {1585505748, 70477496}) = 0
03-29 20:15:48.081   319   319 I strace  : futex(0xbe88cb1c, FUTEX_WAIT_PRIVATE, 4, {9, 929522504}) = 0
03-29 20:15:48.082   319   319 I strace  : openat(AT_FDCWD, "/proc/mcusleep/sleep", O_WRONLY|O_LARGEFILE) = 5
03-29 20:15:48.082   319   319 I strace  : write(5, "0", 1)                        = 1
03-29 20:15:48.083   319   319 I strace  : close(5)                                = 0
03-29 20:15:48.083   319   319 I strace  : write(4, "\1\0\26\23\0\0\0\0\n\361~", 11) = 11
03-29 20:15:48.084   319   319 I strace  : gettimeofday({1585505748, 83909}, NULL) = 0
03-29 20:15:48.084   319   319 I strace  : clock_gettime(CLOCK_REALTIME, {1585505748, 84400673}) = 0
03-29 20:15:48.093   319   319 I strace  : futex(0xbe88cb1c, FUTEX_WAIT_PRIVATE, 8, {9, 915599327}) = 0
03-29 20:15:48.093   319   319 I strace  : openat(AT_FDCWD, "/proc/mcusleep/sleep", O_WRONLY|O_LARGEFILE) = 5
03-29 20:15:48.094   319   319 I strace  : write(5, "0", 1)                        = 1
03-29 20:15:48.094   319   319 I strace  : close(5)                                = 0
03-29 20:15:48.095   319   319 I strace  : write(4, "\1\0\27\23\5\0\0\0v\233~", 11) = 11
03-29 20:15:48.095   319   319 I strace  : gettimeofday({1585505748, 95183}, NULL) = 0
03-29 20:15:48.095   319   319 I strace  : clock_gettime(CLOCK_REALTIME, {1585505748, 95535360}) = 0
03-29 20:15:48.114   319   319 I strace  : futex(0xbe88cb1c, FUTEX_WAIT_PRIVATE, 12, {9, 904464640}) = 0
03-29 20:15:48.114   319   319 I strace  : openat(AT_FDCWD, "/proc/mcusleep/sleep", O_WRONLY|O_LARGEFILE) = 5
03-29 20:15:48.115   319   319 I strace  : write(5, "0", 1)                        = 1
03-29 20:15:48.115   319   319 I strace  : close(5)                                = 0
03-29 20:15:48.115   319   319 I strace  : write(4, "\1\0\21\23\0\0\0\0\333\355~", 11) = 11
03-29 20:15:48.116   319   319 I strace  : gettimeofday({1585505748, 116022}, NULL) = 0
03-29 20:15:48.116   319   319 I strace  : clock_gettime(CLOCK_REALTIME, {1585505748, 116383590}) = 0
03-29 20:15:48.121   319   319 I strace  : futex(0xbe88cb1c, FUTEX_WAIT_PRIVATE, 16, {9, 883616410}) = 0
03-29 20:15:48.122   319   319 I strace  : getuid32()                              = 0
03-29 20:15:48.122   338   338 D shd     : Set parameter OK, start loop
03-29 20:15:48.122   319   319 I strace  : clock_gettime(CLOCK_REALTIME, {1585505748, 122256767}) = 0
03-29 20:15:48.123   319   319 I strace  : writev(3, [{"\0R\1\324\345\200^\177}I\7", 11}, {"\3", 1}, {"shd\0", 4}, {"Set parameter OK, start loop\0", 29}], 4) = 45
03-29 20:15:48.629   191   191 I auditd  : type=1403 audit(0.0:16): policy loaded auid=4294967295 ses=4294967295
03-29 20:15:48.843   305   305 I SELinux : SELinux: Loaded service_contexts from /service_contexts.

























03-29 20:15:57.879   718   718 I art     : Starting a blocking GC Explicit
03-29 20:15:57.927   718   718 I art     : Explicit concurrent mark sweep GC freed 8561(795KB) AllocSpace objects, 3(60KB) LOS objects, 19% free, 7MB/9MB, paused 1.488ms total 48.062ms
03-29 20:15:57.931   718   718 I SystemServer: User Service
03-29 20:15:57.952   304   304 I lowmemorykiller: ActivityManager connected
03-29 20:15:57.955   718   718 D SensorService: nuSensorService starting...
03-29 20:15:57.959   519   519 I shd     : type=1400 audit(0.0:17): avc: denied { write } for path="/dev/pts/0" dev="devpts" ino=3 scontext=u:r:shd:s0 tcontext=u:object_r:devpts:s0 tclass=chr_file permissive=1
03-29 20:15:57.959   519   519 I shd     : type=1400 audit(0.0:18): avc: denied { accept } for path="/dev/socket/shddata" scontext=u:r:shd:s0 tcontext=u:r:init:s0 tclass=unix_stream_socket permissive=1
03-29 20:15:57.959   518   518 I shd     : type=1400 audit(0.0:19): avc: denied { read } for path="/dev/socket/shdctl" scontext=u:r:shd:s0 tcontext=u:r:init:s0 tclass=unix_stream_socket permissive=1
03-29 20:15:57.960   718   718 D SensorHal: Loaded library from /system/lib/libsensorhub.so
03-29 20:15:57.960   718   718 D SensorHal: sensors_poll_context_t get in !
03-29 20:15:57.961   718   718 D SensorHal: sensorsocket_init_timeout ok.
03-29 20:15:57.961   319   319 I strace  : futex(0xbe88cb30, FUTEX_WAIT_PRIVATE, 0, NULLselect event comming = 1 max_fd =11
03-29 20:15:57.962   319   319 I strace  : select event comming = 1 max_fd =12
03-29 20:15:57.962   319   319 I strace  : select event comming = 1 max_fd =12
03-29 20:15:57.962   319   319 I strace  : select event comming = 1 max_fd =12
03-29 20:15:57.962   319   319 I strace  : ) = 0
03-29 20:15:57.963   319   319 I strace  : openat(AT_FDCWD, "/proc/mcusleep/sleep", O_WRONLY|O_LARGEFILE) = 8
03-29 20:15:57.964   319   319 I strace  : write(8, "0", 1)                        = 1
03-29 20:15:57.964   319   319 I strace  : close(8)                                = 0
03-29 20:15:57.964   319   319 I strace  : write(4, "\1\0\20\"\344w~", 7)          = 7
03-29 20:15:57.965   319   319 I strace  : gettimeofday({1585505757, 965004}, NULL) = 0
03-29 20:15:57.965   319   319 I strace  : clock_gettime(CLOCK_REALTIME, {1585505757, 965343169}) = 0
03-29 20:15:57.969   338   338 I shd     : type=1400 audit(0.0:20): avc: denied { write } for path="/dev/socket/shdctl" scontext=u:r:shd:s0 tcontext=u:r:init:s0 tclass=unix_stream_socket permissive=1
03-29 20:15:57.975   319   319 I strace  : futex(0xbe88cb1c, FUTEX_WAIT_PRIVATE, 20, {9, 34656831}) = 0
03-29 20:15:57.975   319   319 I strace  : getuid32()                              = 0
03-29 20:15:57.975   338   338 E shd     : Sensor GetInfo :LSM6DS3,STMicroelectronic
03-29 20:15:57.975   319   319 I strace  : clock_gettime(CLOCK_REALTIME, {1585505757, 975563742}) = 0
03-29 20:15:57.976   319   319 I strace  : writev(3, [{"\0R\1\335\345\200^\336\353%:", 11}, {"\6", 1}, {"shd\0", 4}, {"Sensor GetInfo :LSM6DS3,STMicroe"..., 42}], 4) = 58
03-29 20:15:57.977   319   319 I strace  : sendto(7, "\20\1\0\0\0\0\0\0\1\0\0\0\f\0\0\0LSM6DS3,STMicroe"..., 272, MSG_DONTWAIT|MSG_NOSIGNAL, NULL, 0) = 272
03-29 20:15:57.977   319   319 I strace  : select event comming = 1 max_fd =12
03-29 20:15:57.977   718   718 D SensorHal: use sensorlist_STM.
03-29 20:15:57.977   319   319 I strace  : futex(0xbe88cb30, FUTEX_WAIT_PRIVATE, 4, NULLselect event comming = 1 max_fd =12
03-29 20:15:57.977   319   319 I strace  : ) = 0
03-29 20:15:57.977   319   319 I strace  : gettimeofday({1585505757, 977740}, NULL) = 0
03-29 20:15:57.978   319   319 I strace  : mmap2(NULL, 262144, PROT_READ|PROT_WRITE, MAP_PRIVATE|MAP_ANONYMOUS, -1, 0) = 0xb6941000
03-29 20:15:57.979   319   319 I strace  : madvise(0xb6941000, 262144, MADV_MERGEABLE) = 0
03-29 20:15:57.979   319   319 I strace  : prctl(0x53564d41 /* PR_??? */, 0, 0xb6941000, 0x40000, 0xb6f5a061) = 0
03-29 20:15:57.980   319   319 I strace  : munmap(0xb6941000, 262144)              = 0
03-29 20:15:57.980   319   319 I strace  : mmap2(NULL, 520192, PROT_READ|PROT_WRITE, MAP_PRIVATE|MAP_ANONYMOUS, -1, 0) = 0xb6902000
03-29 20:15:57.980   319   319 I strace  : madvise(0xb6902000, 520192, MADV_MERGEABLE) = 0
03-29 20:15:57.981   319   319 I strace  : prctl(0x53564d41 /* PR_??? */, 0, 0xb6902000, 0x7f000, 0xb6f5a061) = 0
03-29 20:15:57.981   319   319 I strace  : munmap(0xb6902000, 253952)              = 0
03-29 20:15:57.982   319   319 I strace  : munmap(0xb6980000, 4096)                = 0
03-29 20:15:57.982   319   319 I strace  : openat(AT_FDCWD, "/data//misc/zoneinfo/current/tzdata", O_RDONLY|O_LARGEFILE) = -1 ENOENT (No such file or directory)
03-29 20:15:57.983   319   319 I strace  : openat(AT_FDCWD, "/system//usr/share/zoneinfo/tzdata", O_RDONLY|O_LARGEFILE) = 7
03-29 20:15:57.983   319   319 I strace  : read(7, "tzdata2015g\0\0\0\0\30\0\0v\204\0\7?\323", 24) = 24
03-29 20:15:57.984   319   319 I strace  : lseek(7, 24, SEEK_SET)                  = 24
03-29 20:15:57.986   319   319 I strace  : read(7, "Africa/Abidjan\0\0\0\0\0\0\0\0\0\0\0\0\0\0\0\0\0\0"..., 30316) = 30316
03-29 20:15:57.986   319   319 I strace  : lseek(7, 353354, SEEK_SET)              = 353354
03-29 20:15:57.988   319   319 I strace  : read(7, "TZif2\0\0\0\0\0\0\0\0\0\0\0\0\0\0\0\0\0\0\r\0\0\0\r\0\0\0\0"..., 29816) = 29816
03-29 20:15:57.989   319   319 I strace  : close(7)                                = 0
03-29 20:15:57.990   319   319 I strace  : openat(AT_FDCWD, "/proc/mcusleep/sleep", O_WRONLY|O_LARGEFILE) = 7
03-29 20:15:57.990   319   319 I strace  : write(7, "0", 1)                        = 1
03-29 20:15:57.991   319   319 I strace  : close(7)                                = 0
03-29 20:15:57.992   319   319 I strace  : write(4, "\1\0\20\1}]d~", 8)            = 8
03-29 20:15:57.993   319   319 I strace  : gettimeofday({1585505757, 992757}, NULL) = 0
03-29 20:15:57.993   319   319 I strace  : clock_gettime(CLOCK_REALTIME, {1585505757, 993480669}) = 0
03-29 20:15:57.997   319   319 I strace  : futex(0xbe88cb1c, FUTEX_WAIT_PRIVATE, 24, {1, 6519331}) = 0
03-29 20:15:57.998   319   319 I strace  : sendto(6, "\20\1\0\0\0\0\0\0\1\0\0\0\1\0\0\0\0\0\0\0croelectroni"..., 272, MSG_DONTWAIT|MSG_NOSIGNAL, NULL, 0) = 272
03-29 20:15:57.998   319   319 I strace  : futex(select event comming = 1 max_fd =12
03-29 20:15:57.998   319   319 I strace  : 0xbe88cb30, FUTEX_WAIT_PRIVATE, 8, NULL) = -1 EAGAIN (Resource temporarily unavailable)
03-29 20:15:57.999   319   319 I strace  : gettimeofday({1585505757, 998830}, NULL) = 0
03-29 20:15:57.999   319   319 I strace  : openat(AT_FDCWD, "/proc/mcusleep/sleep", O_WRONLY|O_LARGEFILE) = 7
03-29 20:15:58.000   319   319 I strace  : write(7, "0", 1)                        = 1
03-29 20:15:58.000   319   319 I strace  : close(7)                                = 0
03-29 20:15:58.001   319   319 I strace  : write(4, "\1\0\21\1\245}]~", 8)         = 8
03-29 20:15:58.002   319   319 I strace  : gettimeofday({1585505758, 1379}, NULL)  = 0
03-29 20:15:58.002   319   319 I strace  : clock_gettime(CLOCK_REALTIME, {1585505758, 1926815}) = 0
03-29 20:15:58.006   319   319 I strace  : futex(0xbe88cb1c, FUTEX_WAIT_PRIVATE, 28, {1, 998073185}) = 0
03-29 20:15:58.007   319   319 I strace  : sendto(6, "\20\1\0\0\5\0\0\0\1\0\0\0\1\0\0\0\0\0\0\0croelectroni"..., 272, MSG_DONTWAIT|MSG_NOSIGNAL, NULL, 0) = 272
03-29 20:15:58.007   319   319 I strace  : select event comming = 1 max_fd =12
03-29 20:15:58.007   319   319 I strace  : futex(0xbe88cb30, FUTEX_WAIT_PRIVATE, 12, NULL) = -1 EAGAIN (Resource temporarily unavailable)
03-29 20:15:58.008   319   319 I strace  : gettimeofday({1585505758, 8117}, NULL)  = 0
03-29 20:15:58.009   319   319 I strace  : openat(AT_FDCWD, "/proc/mcusleep/sleep", O_WRONLY|O_LARGEFILE) = 7
03-29 20:15:58.009   319   319 I strace  : write(7, "0", 1)                        = 1
03-29 20:15:58.010   319   319 I strace  : close(7)                                = 0
03-29 20:15:58.010   319   319 I strace  : write(4, "\1\0\26\1\2550~", 7)          = 7
03-29 20:15:58.011   319   319 I strace  : gettimeofday({1585505758, 10923}, NULL) = 0
03-29 20:15:58.011   319   319 I strace  : clock_gettime(CLOCK_REALTIME, {1585505758, 11378065}) = 0
03-29 20:15:58.015   319   319 I strace  : futex(0xbe88cb1c, FUTEX_WAIT_PRIVATE, 32, {1, 988621935}) = 0
03-29 20:15:58.016   319   319 I strace  : sendto(6, "\20\1\0\0\6\0\0\0\1\0\0\0\1\0\0\0\0\0\0\0croelectroni"..., 272, MSG_DONTWAIT|MSG_NOSIGNAL, NULL, 0) = 272
03-29 20:15:58.016   319   319 I strace  : futex(select event comming = 1 max_fd =12
03-29 20:15:58.016   319   319 I strace  : 0xbe88cb30, FUTEX_WAIT_PRIVATE, 16, NULL) = -1 EAGAIN (Resource temporarily unavailable)
03-29 20:15:58.017   319   319 I strace  : gettimeofday({1585505758, 17038}, NULL) = 0
03-29 20:15:58.018   319   319 I strace  : openat(AT_FDCWD, "/proc/mcusleep/sleep", O_WRONLY|O_LARGEFILE) = 7
03-29 20:15:58.018   319   319 I strace  : write(7, "0", 1)                        = 1
03-29 20:15:58.018   319   319 I strace  : close(7)                                = 0
03-29 20:15:58.019   319   319 I strace  : write(4, "\1\0000\1NG~", 7)             = 7
03-29 20:15:58.020   319   319 I strace  : gettimeofday({1585505758, 20058}, NULL) = 0
03-29 20:15:58.021   319   319 I strace  : clock_gettime(CLOCK_REALTIME, {1585505758, 21085409}) = 0
03-29 20:15:58.024   319   319 I strace  : futex(0xbe88cb1c, FUTEX_WAIT_PRIVATE, 36, {1, 978914591}) = 0
03-29 20:15:58.025   319   319 I strace  : sendto(6, "\20\1\0\0\23\0\0\0\1\0\0\0\1\0\0\0\0\0\0\0croelectroni"..., 272, MSG_DONTWAIT|MSG_NOSIGNAL, NULL, 0) = 272
03-29 20:15:58.025   319   319 I strace  : select event comming = 1 max_fd =12
03-29 20:15:58.026   319   319 I strace  : futex(0xbe88cb30, FUTEX_WAIT_PRIVATE, 20, NULL) = -1 EAGAIN (Resource temporarily unavailable)
03-29 20:15:58.026   319   319 I strace  : gettimeofday({1585505758, 26537}, NULL) = 0
03-29 20:15:58.027   319   319 I strace  : openat(AT_FDCWD, "/proc/mcusleep/sleep", O_WRONLY|O_LARGEFILE) = 7
03-29 20:15:58.028   319   319 I strace  : write(7, "0", 1)                        = 1
03-29 20:15:58.029   319   319 I strace  : close(7)                                = 0
03-29 20:15:58.029   319   319 I strace  : write(4, "\1\0002\1\376t~", 7)          = 7
03-29 20:15:58.030   319   319 I strace  : gettimeofday({1585505758, 30064}, NULL) = 0
03-29 20:15:58.031   319   319 I strace  : clock_gettime(CLOCK_REALTIME, {1585505758, 30887700}) = 0
03-29 20:15:58.034   319   319 I strace  : futex(0xbe88cb1c, FUTEX_WAIT_PRIVATE, 40, {1, 969112300}) = 0
03-29 20:15:58.036   319   319 I strace  : sendto(6, "\20\1\0\0\25\0\0\0\1\0\0\0\1\0\0\0\0\0\0\0croelectroni"..., 272, MSG_DONTWAIT|MSG_NOSIGNAL, NULL, 0) = 272
03-29 20:15:58.036   319   319 I strace  : futex(select event comming = 1 max_fd =12
03-29 20:15:58.036   319   319 I strace  : 0xbe88cb30, FUTEX_WAIT_PRIVATE, 24, NULL) = -1 EAGAIN (Resource temporarily unavailable)
03-29 20:15:58.037   319   319 I strace  : gettimeofday({1585505758, 36833}, NULL) = 0
03-29 20:15:58.038   319   319 I strace  : openat(AT_FDCWD, "/proc/mcusleep/sleep", O_WRONLY|O_LARGEFILE) = 7
03-29 20:15:58.039   319   319 I strace  : write(7, "0", 1)                        = 1
03-29 20:15:58.039   319   319 I strace  : close(7)                                = 0
03-29 20:15:58.040   319   319 I strace  : write(4, "\1\0003\1&m~", 7)             = 7
03-29 20:15:58.041   319   319 I strace  : gettimeofday({1585505758, 40716}, NULL) = 0
03-29 20:15:58.041   319   319 I strace  : clock_gettime(CLOCK_REALTIME, {1585505758, 41588377}) = 0
03-29 20:15:58.045   319   319 I strace  : futex(0xbe88cb1c, FUTEX_WAIT_PRIVATE, 44, {1, 958411623}) = 0
03-29 20:15:58.046   319   319 I strace  : sendto(6, "\20\1\0\0\32\0\0\0\1\0\0\0\1\0\0\0\0\0\0\0croelectroni"..., 272, MSG_DONTWAIT|MSG_NOSIGNAL, NULL, 0) = 272select event comming = 1 max_fd =12
03-29 20:15:58.047   319   319 I strace  : gettimeofday({1585505758, 46862}, NULL) = 0
03-29 20:15:58.048   319   319 I strace  : openat(AT_FDCWD, "/proc/mcusleep/sleep", O_WRONLY|O_LARGEFILE) = 7
03-29 20:15:58.048   319   319 I strace  : write(7, "0", 1)                        = 1
03-29 20:15:58.049   319   319 I strace  : close(7)                                = 0
03-29 20:15:58.050   319   319 I strace  : write(4, "\1\0@\1\212\267~", 7)         = 7
03-29 20:15:58.050   319   319 I strace  : gettimeofday({1585505758, 50275}, NULL) = 0
03-29 20:15:58.051   319   319 I strace  : clock_gettime(CLOCK_REALTIME, {1585505758, 51052440}) = 0
03-29 20:15:58.055   319   319 I strace  : futex(0xbe88cb1c, FUTEX_WAIT_PRIVATE, 48, {1, 948947560}) = 0
03-29 20:15:58.055   319   319 I strace  : getuid32()                              = 0
03-29 20:15:58.056   338   338 E shd     : Sensor DeActive :64 failure ret:1
03-29 20:15:58.056   319   319 I strace  : clock_gettime(CLOCK_REALTIME, {1585505758, 56109002}) = 0
03-29 20:15:58.058   319   319 I strace  : writev(3, [{"\0R\1\336\345\200^\312'X\3", 11}, {"\6", 1}, {"shd\0", 4}, {"Sensor DeActive :64 failure ret:"..., 34}], 4) = 50
03-29 20:15:58.059   319   319 I strace  : sendto(6, "\20\1\0\0\33\0\0\0\1\0\0\0\1\0\0\0\1\0\0\0croelectroni"..., 272, MSG_DONTWAIT|MSG_NOSIGNAL, NULL, 0) = 272select event comming = 1 max_fd =12
03-29 20:15:58.060   319   319 I strace  : futex(0xbe88cb30, FUTEX_WAIT_PRIVATE, 32, NULL) = -1 EAGAIN (Resource temporarily unavailable)
03-29 20:15:58.060   319   319 I strace  : getuid32()                              = 0
03-29 20:15:58.060   338   338 D shd     : ProcessVirtualSensor type:18 cmd:1
03-29 20:15:58.061   319   319 I strace  : clock_gettime(CLOCK_REALTIME, {1585505758, 60934940}) = 0
03-29 20:15:58.063   319   319 I strace  : writev(3, [{"\0R\1\336\345\200^\34\313\241\3", 11}, {"\3", 1}, {"shd\0", 4}, {"ProcessVirtualSensor type:18 cmd"..., 35}], 4) = 51
03-29 20:15:58.064   319   319 I strace  : sendto(6, "\20\1\0\0\22\0\0\0\1\0\0\0\0\0\0\0\0\0\0\0\0\0\0\0\0\0\0\0\0\0\0\0"..., 272, MSG_DONTWAIT|MSG_NOSIGNAL, NULL, 0) = 272
03-29 20:15:58.064   319   319 I strace  : futex(select event comming = 1 max_fd =12
03-29 20:15:58.064   319   319 I strace  : 0xbe88cb30, FUTEX_WAIT_PRIVATE, 36, NULL) = -1 EAGAIN (Resource temporarily unavailable)
03-29 20:15:58.065   319   319 I strace  : gettimeofday({1585505758, 64977}, NULL) = 0
03-29 20:15:58.066   319   319 I strace  : openat(AT_FDCWD, "/proc/mcusleep/sleep", O_WRONLY|O_LARGEFILE) = 7
03-29 20:15:58.066   319   319 I strace  : write(7, "0", 1)                        = 1
03-29 20:15:58.067   319   319 I strace  : close(7)                                = 0
03-29 20:15:58.068   319   319 I strace  : write(4, "\1\0!\1\7\313~", 7)           = 7
03-29 20:15:58.069   319   319 I strace  : gettimeofday({1585505758, 68508}, NULL) = 0
03-29 20:15:58.069   319   319 I strace  : clock_gettime(CLOCK_REALTIME, {1585505758, 69463221}) = 0
03-29 20:15:58.073   319   319 I strace  : futex(0xbe88cb1c, FUTEX_WAIT_PRIVATE, 52, {1, 930536779}) = 0
03-29 20:15:58.075   319   319 I strace  : sendto(6, "\20\1\0\0\t\0\0\0\1\0\0\0\1\0\0\0\0\0\0\0\0\0\0\0\0\0\0\0\0\0\0\0"..., 272, MSG_DONTWAIT|MSG_NOSIGNAL, NULL, 0) = 272
03-29 20:15:58.076   319   319 I strace  : futex(select event comming = 1 max_fd =12
03-29 20:15:58.077   319   319 I strace  : 0xbe88cb30, FUTEX_WAIT_PRIVATE, 40, NULL) = -1 EAGAIN (Resource temporarily unavailable)
03-29 20:15:58.078   319   319 I strace  : gettimeofday({1585505758, 77342}, NULL) = 0
03-29 20:15:58.079   319   319 I strace  : openat(AT_FDCWD, "/proc/mcusleep/sleep", O_WRONLY|O_LARGEFILE) = 7
03-29 20:15:58.079   319   319 I strace  : write(7, "0", 1)                        = 1
03-29 20:15:58.080   319   319 I strace  : close(7)                                = 0
03-29 20:15:58.081   319   319 I strace  : write(4, "\1\0 \1\337\322~", 7)         = 7
03-29 20:15:58.082   319   319 I strace  : gettimeofday({1585505758, 81622}, NULL) = 0
03-29 20:15:58.082   319   319 I strace  : clock_gettime(CLOCK_REALTIME, {1585505758, 82352544}) = 0
03-29 20:15:58.086   319   319 I strace  : futex(0xbe88cb1c, FUTEX_WAIT_PRIVATE, 56, {1, 917647456}) = 0
03-29 20:15:58.088   319   319 I strace  : sendto(6, "\20\1\0\0\n\0\0\0\1\0\0\0\1\0\0\0\0\0\0\0\0\0\0\0\0\0\0\0\0\0\0\0"..., 272, MSG_DONTWAIT|MSG_NOSIGNAL, NULL, 0select event comming = 1 max_fd =12
03-29 20:15:58.088   319   319 I strace  : ) = 272
03-29 20:15:58.089   319   319 I strace  : gettimeofday({1585505758, 89306}, NULL) = 0
03-29 20:15:58.090   319   319 I strace  : openat(AT_FDCWD, "/proc/mcusleep/sleep", O_WRONLY|O_LARGEFILE) = 7
03-29 20:15:58.091   319   319 I strace  : write(7, "0", 1)                        = 1
03-29 20:15:58.092   319   319 I strace  : close(7)                                = 0
03-29 20:15:58.092   319   319 I strace  : write(4, "\1\0#\1\267\370~", 7)         = 7
03-29 20:15:58.093   319   319 I strace  : gettimeofday({1585505758, 93058}, NULL) = 0
03-29 20:15:58.094   319   319 I strace  : clock_gettime(CLOCK_REALTIME, {1585505758, 93802492}) = 0
03-29 20:15:58.097   319   319 I strace  : futex(0xbe88cb1c, FUTEX_WAIT_PRIVATE, 60, {1, 906197508}) = 0
03-29 20:15:58.098   319   319 I strace  : sendto(6, "\20\1\0\0\v\0\0\0\1\0\0\0\1\0\0\0\0\0\0\0\0\0\0\0\0\0\0\0\0\0\0\0"..., 272, MSG_DONTWAIT|MSG_NOSIGNAL, NULL, 0select event comming = 1 max_fd =12
03-29 20:15:58.099   319   319 I strace  : ) = 272
03-29 20:15:58.099   319   319 I strace  : getuid32()                              = 0
03-29 20:15:58.099   338   338 D shd     : ProcessVirtualSensor type:17 cmd:1
03-29 20:15:58.100   319   319 I strace  : clock_gettime(CLOCK_REALTIME, {1585505758, 99902127}) = 0
03-29 20:15:58.102   319   319 I strace  : writev(3, [{"\0R\1\336\345\200^\257b\364\5", 11}, {"\3", 1}, {"shd\0", 4}, {"ProcessVirtualSensor type:17 cmd"..., 35}], 4) = 51
03-29 20:15:58.103   319   319 I strace  : sendto(6, "\20\1\0\0\21\0\0\0\1\0\0\0\0\0\0\0\0\0\0\0\0\0\0\0\0\0\0\0\0\0\0\0"..., 272, MSG_DONTWAIT|MSG_NOSIGNAL, NULL, 0select event comming = 1 max_fd =12
03-29 20:15:58.103   319   319 I strace  : ) = 272
03-29 20:15:58.104   319   319 I strace  : gettimeofday({1585505758, 103782}, NULL) = 0
03-29 20:15:58.105   319   319 I strace  : openat(AT_FDCWD, "/proc/mcusleep/sleep", O_WRONLY|O_LARGEFILE) = 7
03-29 20:15:58.105   319   319 I strace  : write(7, "0", 1)                        = 1
03-29 20:15:58.106   319   319 I strace  : close(7)                                = 0
03-29 20:15:58.107   319   319 I strace  : write(4, "\1\0#\1\267\370~", 7)         = 7
03-29 20:15:58.108   319   319 I strace  : gettimeofday({1585505758, 107651}, NULL) = 0
03-29 20:15:58.109   319   319 I strace  : clock_gettime(CLOCK_REALTIME, {1585505758, 108684159}) = 0
03-29 20:15:58.112   319   319 I strace  : futex(0xbe88cb1c, FUTEX_WAIT_PRIVATE, 64, {1, 891315841}) = 0
03-29 20:15:58.113   319   319 I strace  : sendto(6, "\20\1\0\0\17\0\0\0\1\0\0\0\1\0\0\0\0\0\0\0\0\0\0\0\0\0\0\0\0\0\0\0"..., 272, MSG_DONTWAIT|MSG_NOSIGNAL, NULL, 0select event comming = 1 max_fd =12
03-29 20:15:58.113   319   319 I strace  : select event comming = 1 max_fd =12
03-29 20:15:58.114   319   319 I strace  : ) = 272
03-29 20:15:58.115   319   319 I strace  : openat(AT_FDCWD, "/proc/mcusleep/sleep", O_WRONLY|O_LARGEFILE) = 8
03-29 20:15:58.115   319   319 I strace  : write(8, "0", 1)                        = 1
03-29 20:15:58.116   319   319 I strace  : close(8)                                = 0
03-29 20:15:58.117   319   319 I strace  : write(4, "\1\0\20\"\344w~", 7)          = 7
03-29 20:15:58.117   319   319 I strace  : gettimeofday({1585505758, 117214}, NULL) = 0
03-29 20:15:58.118   319   319 I strace  : clock_gettime(CLOCK_REALTIME, {1585505758, 117921138}) = 0
03-29 20:15:58.126   319   319 I strace  : futex(0xbe88cb1c, FUTEX_WAIT_PRIVATE, 68, {9, 882078862}) = 0
03-29 20:15:58.127   319   319 I strace  : getuid32()                              = 0
03-29 20:15:58.127   338   338 E shd     : Sensor GetInfo :LSM6DS3,STMicroelectronic
03-29 20:15:58.127   319   319 I strace  : clock_gettime(CLOCK_REALTIME, {1585505758, 127435982}) = 0
03-29 20:15:58.129   319   319 I strace  : writev(3, [{"\0R\1\336\345\200^\316\204\230\7", 11}, {"\6", 1}, {"shd\0", 4}, {"Sensor GetInfo :LSM6DS3,STMicroe"..., 42}], 4) = 58
03-29 20:15:58.130   718   718 D SensorHal: use sensorlist_STM.
03-29 20:15:58.131   319   319 I strace  : sendto(7, "\20\1\0\0\0\0\0\0\1\0\0\0\f\0\0\0LSM6DS3,STMicroe"..., 272, MSG_DONTWAIT|MSG_NOSIGNAL, NULL, 0select event comming = 1 max_fd =12
03-29 20:15:58.131   319   319 I strace  : ) = 272
03-29 20:15:58.133   319   319 I strace  : futex(0xbe88cb30, FUTEX_WAIT_PRIVATE, 60, NULLselect event comming = 1 max_fd =12
03-29 20:15:58.133   319   319 I strace  : select event comming = 1 max_fd =12
03-29 20:15:58.133   319   319 I strace  : ) = 0
03-29 20:15:58.133   319   319 I strace  : openat(AT_FDCWD, "/proc/mcusleep/sleep", O_WRONLY|O_LARGEFILE) = 8
03-29 20:15:58.134   319   319 I strace  : write(8, "0", 1)                        = 1
03-29 20:15:58.134   319   319 I strace  : close(8)                                = 0
