shell@sturgeon:/ $ logcat
--------- beginning of main
03-29 20:15:36.869   182   182 W auditd  : type=2000 audit(0.0:1): initialized
03-29 20:15:39.309   182   182 I auditd  : type=1403 audit(0.0:2): policy loaded auid=4294967295 ses=4294967295
03-29 20:15:40.739     1     1 I init    : type=1400 audit(0.0:3): avc: denied { module_request } for kmod="fs-cpuset" scontext=u:r:init:s0 tcontext=u:r:kernel:s0 tclass=system permissive=1
03-29 20:15:41.190   184   184 I /system/bin/tzdatacheck: tzdata file /data/misc/zoneinfo/current/tzdata does not exist. No action required.
--------- beginning of system
03-29 20:15:41.294   183   183 I vold    : Vold 3.0 (the awakening) firing up
03-29 20:15:41.295   183   183 V vold    : Detected support for: ext4 f2fs vfat
03-29 20:15:41.654   207   207 I launch_daemonsu: (post-fs-data) start 
03-29 20:15:41.809   219   219 I launch_daemonsu: (post-fs-data) /su not mounted yet 
03-29 20:15:41.835   220   220 I launch_daemonsu: (post-fs-data) copying boot image backups from /cache to /data 
03-29 20:15:42.185   243   243 I launch_daemonsu: (post-fs-data) loopsetup(/data/su.img):  
03-29 20:15:43.341   253   253 I launch_daemonsu: (post-fs-data) abort: mount failed 
03-29 20:15:43.388   255   255 I launch_daemonsu: (post-fs-data) start 
03-29 20:15:43.531   267   267 I launch_daemonsu: (post-fs-data) /su not mounted yet 
03-29 20:15:43.558   268   268 I launch_daemonsu: (post-fs-data) copying boot image backups from /cache to /data 
03-29 20:15:43.903   291   291 I launch_daemonsu: (post-fs-data) loopsetup(/data/su.img):  
03-29 20:15:45.058   301   301 I launch_daemonsu: (post-fs-data) abort: mount failed 
03-29 20:15:45.228   304   304 I lowmemorykiller: Using in-kernel low memory killer interface
03-29 20:15:45.285   310   310 I         : debuggerd: starting
03-29 20:15:45.315   312   312 I installd: installd firing up
03-29 20:15:45.369   338   338 I shd     : type=1400 audit(0.0:4): avc: denied { read write } for path="/dev/pts/0" dev="devpts" ino=3 scontext=u:r:shd:s0 tcontext=u:object_r:devpts:s0 tclass=chr_file permissive=1
03-29 20:15:45.369   338   338 I shd     : type=1400 audit(0.0:5): avc: denied { read write } for path="socket:[7453]" dev="sockfs" ino=7453 scontext=u:r:shd:s0 tcontext=u:r:init:s0 tclass=unix_stream_socket permissive=1
03-29 20:15:45.382   319   319 I strace  : execve("/system/bin/shd", ["/system/bin/shd"], [/* 13 vars */]) = 0
03-29 20:15:45.382   319   319 I strace  : mprotect(0xb6fbb000, 4096, PROT_READ)   = 0
03-29 20:15:45.382   319   319 I strace  : set_tid_address(0xb6fbdb3c)             = 338
03-29 20:15:45.383   319   319 I strace  : set_tls(0xb6fbdb7c, 0, 0x28, 0xb6fbe204, 0xb6fbdb34) = 0
03-29 20:15:45.383   319   319 I strace  : mmap2(NULL, 12288, PROT_READ|PROT_WRITE, MAP_PRIVATE|MAP_ANONYMOUS, -1, 0) = 0xb6f9a000
03-29 20:15:45.384   319   319 I strace  : madvise(0xb6f9a000, 12288, MADV_MERGEABLE) = 0
03-29 20:15:45.384   319   319 I strace  : mprotect(0xb6f9a000, 4096, PROT_NONE)   = 0
03-29 20:15:45.384   319   319 I strace  : sigaltstack({ss_sp=0xb6f9b000, ss_flags=0, ss_size=8192}, NULL) = 0
03-29 20:15:45.385   319   319 I strace  : prctl(0x53564d41 /* PR_??? */, 0, 0xb6f9b000, 0x2000, 0xb6fb9672) = 0
03-29 20:15:45.386   319   319 I strace  : mmap2(NULL, 4096, PROT_READ|PROT_WRITE, MAP_PRIVATE|MAP_ANONYMOUS, -1, 0) = 0xb6f99000
03-29 20:15:45.386   319   319 I strace  : madvise(0xb6f99000, 4096, MADV_MERGEABLE) = 0
03-29 20:15:45.386   319   319 I strace  : mprotect(0xb6f99000, 4096, PROT_READ)   = 0
03-29 20:15:45.387   319   319 I strace  : mprotect(0xb6f99000, 4096, PROT_READ|PROT_WRITE) = 0
03-29 20:15:45.387   319   319 I strace  : mprotect(0xb6f99000, 4096, PROT_READ)   = 0
03-29 20:15:45.388   319   319 I strace  : mprotect(0xb6f99000, 4096, PROT_READ|PROT_WRITE) = 0
03-29 20:15:45.388   319   319 I strace  : mprotect(0xb6f99000, 4096, PROT_READ)   = 0
03-29 20:15:45.389   319   319 I strace  : mprotect(0xb6f99000, 4096, PROT_READ|PROT_WRITE) = 0
03-29 20:15:45.389   319   319 I strace  : mprotect(0xb6f99000, 4096, PROT_READ)   = 0
03-29 20:15:45.393   319   319 I strace  : mprotect(0xb6f99000, 4096, PROT_READ|PROT_WRITE) = 0
03-29 20:15:45.393   319   319 I strace  : mprotect(0xb6f99000, 4096, PROT_READ)   = 0
03-29 20:15:45.394   319   319 I strace  : openat(AT_FDCWD, "/dev/null", O_RDWR|O_LARGEFILE) = 3
03-29 20:15:45.394   319   319 I strace  : fcntl64(0, F_GETFL)                     = 0x20002 (flags O_RDWR|O_LARGEFILE)
03-29 20:15:45.394   319   319 I strace  : fcntl64(1, F_GETFL)                     = 0x20002 (flags O_RDWR|O_LARGEFILE)
03-29 20:15:45.394   319   319 I strace  : fcntl64(2, F_GETFL)                     = 0x20002 (flags O_RDWR|O_LARGEFILE)
03-29 20:15:45.395   319   319 I strace  : close(3)                                = 0
03-29 20:15:45.395   319   319 I strace  : personality(0xffffffff /* PER_??? */)   = 8388608
03-29 20:15:45.395   319   319 I strace  : personality(0x800008 /* PER_??? */)     = 8388608
03-29 20:15:45.396   319   319 I strace  : openat(AT_FDCWD, "/dev/__properties__", O_RDONLY|O_LARGEFILE|O_NOFOLLOW|O_CLOEXEC) = 3
03-29 20:15:45.396   319   319 I strace  : fstat64(3, {st_mode=S_IFREG|0444, st_size=131072, ...}) = 0
03-29 20:15:45.396   319   319 I strace  : mmap2(NULL, 131072, PROT_READ, MAP_SHARED, 3, 0) = 0xb6f79000
03-29 20:15:45.397   319   319 I strace  : close(3)                                = 0
03-29 20:15:45.400   319   319 I strace  : sigaction(SIGABRT, {0xb6f9f661, [], SA_RESTORER|SA_RESTART|SA_SIGINFO|SA_ONSTACK, 0xb6faee18}, NULL) = 0
03-29 20:15:45.401   319   319 I strace  : sigaction(SIGBUS, {0xb6f9f661, [], SA_RESTORER|SA_RESTART|SA_SIGINFO|SA_ONSTACK, 0xb6faee18}, NULL) = 0
03-29 20:15:45.402   319   319 I strace  : sigaction(SIGFPE, {0xb6f9f661, [], SA_RESTORER|SA_RESTART|SA_SIGINFO|SA_ONSTACK, 0xb6faee18}, NULL) = 0
03-29 20:15:45.403   319   319 I strace  : sigaction(SIGILL, {0xb6f9f661, [], SA_RESTORER|SA_RESTART|SA_SIGINFO|SA_ONSTACK, 0xb6faee18}, NULL) = 0
03-29 20:15:45.408   317   317 I clockwork_proxy_native_service_main: ClockworkProxyNativeService is now ready
03-29 20:15:45.410   336   336 I launch_daemonsu: (service) start 
03-29 20:15:45.411   319   319 I strace  : sigaction(SIGPIPE, {0xb6f9f661, [], SA_RESTORER|SA_RESTART|SA_SIGINFO|SA_ONSTACK, 0xb6faee18}, NULL) = 0
03-29 20:15:45.412   319   319 I strace  : sigaction(SIGSEGV, {0xb6f9f661, [], SA_RESTORER|SA_RESTART|SA_SIGINFO|SA_ONSTACK, 0xb6faee18}, NULL) = 0
03-29 20:15:45.413   319   319 I strace  : sigaction(SIGSTKFLT, {0xb6f9f661, [], SA_RESTORER|SA_RESTART|SA_SIGINFO|SA_ONSTACK, 0xb6faee18}, NULL) = 0
03-29 20:15:45.414   319   319 I strace  : sigaction(SIGTRAP, {0xb6f9f661, [], SA_RESTORER|SA_RESTART|SA_SIGINFO|SA_ONSTACK, 0xb6faee18}, NULL) = 0
03-29 20:15:45.415   319   319 I strace  : mmap2(NULL, 4096, PROT_READ|PROT_WRITE, MAP_PRIVATE|MAP_ANONYMOUS, 0, 0) = 0xb6f78000
03-29 20:15:45.415   319   319 I strace  : madvise(0xb6f78000, 4096, MADV_MERGEABLE) = 0
03-29 20:15:45.416   319   319 I strace  : prctl(0x53564d41 /* PR_??? */, 0, 0xb6f78000, 0x1000, 0xb6fb7815) = 0
03-29 20:15:45.416   319   319 I strace  : mmap2(NULL, 4096, PROT_READ|PROT_WRITE, MAP_PRIVATE|MAP_ANONYMOUS, 0, 0) = 0xb6f77000
03-29 20:15:45.417   319   319 I strace  : madvise(0xb6f77000, 4096, MADV_MERGEABLE) = 0
03-29 20:15:45.417   319   319 I strace  : prctl(0x53564d41 /* PR_??? */, 0, 0xb6f77000, 0x1000, 0xb6fb77b0) = 0
03-29 20:15:45.418   319   319 I strace  : mmap2(NULL, 12, PROT_READ|PROT_WRITE, MAP_PRIVATE|MAP_ANONYMOUS, 0, 0) = 0xb6f76000
03-29 20:15:45.419   319   319 I strace  : madvise(0xb6f76000, 12, MADV_MERGEABLE) = 0
03-29 20:15:45.419   319   319 I strace  : prctl(0x53564d41 /* PR_??? */, 0, 0xb6f76000, 0xc, 0xb6fb778c) = 0
03-29 20:15:45.420   319   319 I strace  : mmap2(NULL, 4096, PROT_READ|PROT_WRITE, MAP_PRIVATE|MAP_ANONYMOUS, 0, 0) = 0xb6f75000
03-29 20:15:45.431   319   319 I strace  : madvise(0xb6f75000, 4096, MADV_MERGEABLE) = 0
03-29 20:15:45.431   319   319 I strace  : prctl(0x53564d41 /* PR_??? */, 0, 0xb6f75000, 0x1000, 0xb6fb7815) = 0
03-29 20:15:45.431   319   319 I strace  : mmap2(NULL, 4096, PROT_READ|PROT_WRITE, MAP_PRIVATE|MAP_ANONYMOUS, 0, 0) = 0xb6f74000
03-29 20:15:45.431   319   319 I strace  : madvise(0xb6f74000, 4096, MADV_MERGEABLE) = 0
03-29 20:15:45.431   319   319 I strace  : prctl(0x53564d41 /* PR_??? */, 0, 0xb6f74000, 0x1000, 0xb6fb7815) = 0
03-29 20:15:45.431   319   319 I strace  : openat(AT_FDCWD, "/vendor/lib/libc.so", O_RDONLY|O_LARGEFILE|O_CLOEXEC) = -1 ENOENT (No such file or directory)
03-29 20:15:45.431   319   319 I strace  : openat(AT_FDCWD, "/system/lib/libc.so", O_RDONLY|O_LARGEFILE|O_CLOEXEC) = 3
03-29 20:15:45.431   319   319 I strace  : fstat64(3, {st_mode=S_IFREG|0644, st_size=678472, ...}) = 0
03-29 20:15:45.431   319   319 I strace  : mmap2(NULL, 8192, PROT_READ|PROT_WRITE, MAP_PRIVATE|MAP_ANONYMOUS, 0, 0) = 0xb6f72000
03-29 20:15:45.431   319   319 I strace  : madvise(0xb6f72000, 8192, MADV_MERGEABLE) = 0
03-29 20:15:45.431   319   319 I strace  : prctl(0x53564d41 /* PR_??? */, 0, 0xb6f72000, 0x2000, 0xb6fb7701) = 0
03-29 20:15:45.431   319   319 I strace  : mmap2(NULL, 8192, PROT_READ|PROT_WRITE, MAP_PRIVATE|MAP_ANONYMOUS, 0, 0) = 0xb6f70000
03-29 20:15:45.431   319   319 I strace  : madvise(0xb6f70000, 8192, MADV_MERGEABLE) = 0
03-29 20:15:45.431   319   319 I strace  : prctl(0x53564d41 /* PR_??? */, 0, 0xb6f70000, 0x2000, 0xb6fb7701) = 0
03-29 20:15:45.431   319   319 I strace  : futex(0xb6fbef74, FUTEX_WAKE_PRIVATE, 2147483647) = 0
03-29 20:15:45.431   319   319 I strace  : prctl(PR_GET_DUMPABLE)                  = 0
03-29 20:15:45.431   319   319 I strace  : prctl(PR_SET_DUMPABLE, 1)               = 0
03-29 20:15:45.431   319   319 I strace  : readlinkat(AT_FDCWD, "/proc/self/fd/3", "/system/lib/libc.so", 4096) = 19
03-29 20:15:45.431   319   319 I strace  : prctl(PR_SET_DUMPABLE, 0)               = 0
03-29 20:15:45.431   319   319 I strace  : munmap(0xb6f70000, 8192)                = 0
03-29 20:15:45.431   319   319 I strace  : munmap(0xb6f72000, 8192)                = 0
03-29 20:15:45.432   319   319 I strace  : pread64(3, "\177ELF\1\1\1\0\0\0\0\0\0\0\0\0\3\0(\0\1\0\0\0\0\0\0\0004\0\0\0"..., 52, 0) = 52
03-29 20:15:45.434   319   319 I strace  : mmap2(NULL, 4096, PROT_READ, MAP_PRIVATE, 3, 0) = 0xb6f73000
03-29 20:15:45.434   319   319 I strace  : madvise(0xb6f73000, 4096, MADV_MERGEABLE) = 0
03-29 20:15:45.436   319   319 I strace  : mmap2(NULL, 540672, PROT_NONE, MAP_PRIVATE|MAP_ANONYMOUS, -1, 0) = 0xb6eef000
03-29 20:15:45.436   309   309 I Netd    : Netd 1.0 starting
03-29 20:15:45.436   319   319 I strace  : madvise(0xb6eef000, 540672, MADV_MERGEABLE) = 0
03-29 20:15:45.437   319   319 I strace  : mmap2(0xb6eef000, 467824, PROT_READ|PROT_EXEC, MAP_PRIVATE|MAP_FIXED, 3, 0) = 0xb6eef000
03-29 20:15:45.438   319   319 I strace  : madvise(0xb6eef000, 467824, MADV_MERGEABLE) = 0
03-29 20:15:45.438   309   309 D TetherController: Setting IP forward enable = 0
03-29 20:15:45.439   319   319 I strace  : mmap2(0xb6f62000, 26056, PROT_READ|PROT_WRITE, MAP_PRIVATE|MAP_FIXED, 3, 0x72000) = 0xb6f62000
03-29 20:15:45.440   319   319 I strace  : madvise(0xb6f62000, 26056, MADV_MERGEABLE) = 0
03-29 20:15:45.443   319   319 I strace  : mmap2(0xb6f69000, 40960, PROT_READ|PROT_WRITE, MAP_PRIVATE|MAP_FIXED|MAP_ANONYMOUS, -1, 0) = 0xb6f69000
03-29 20:15:45.444   319   319 I strace  : madvise(0xb6f69000, 40960, MADV_MERGEABLE) = 0
03-29 20:15:45.444   319   319 I strace  : munmap(0xb6f73000, 4096)                = 0
03-29 20:15:45.445   319   319 I strace  : close(3)                                = 0
03-29 20:15:45.446   319   319 I strace  : openat(AT_FDCWD, "/vendor/lib/libcutils.so", O_RDONLY|O_LARGEFILE|O_CLOEXEC) = -1 ENOENT (No such file or directory)
03-29 20:15:45.447   319   319 I strace  : openat(AT_FDCWD, "/system/lib/libcutils.so", O_RDONLY|O_LARGEFILE|O_CLOEXEC) = 3
03-29 20:15:45.448   319   319 I strace  : fstat64(3, {st_mode=S_IFREG|0644, st_size=63196, ...}) = 0
03-29 20:15:45.449   319   319 I strace  : mmap2(NULL, 4096, PROT_READ|PROT_WRITE, MAP_PRIVATE|MAP_ANONYMOUS, 0, 0) = 0xb6f73000
03-29 20:15:45.449   319   319 I strace  : madvise(0xb6f73000, 4096, MADV_MERGEABLE) = 0
03-29 20:15:45.450   319   319 I strace  : prctl(0x53564d41 /* PR_??? */, 0, 0xb6f73000, 0x1000, 0xb6fb77a0) = 0
03-29 20:15:45.452   319   319 I strace  : mmap2(NULL, 12, PROT_READ|PROT_WRITE, MAP_PRIVATE|MAP_ANONYMOUS, 0, 0) = 0xb6eee000
03-29 20:15:45.453   319   319 I strace  : madvise(0xb6eee000, 12, MADV_MERGEABLE) = 0
03-29 20:15:45.454   319   319 I strace  : prctl(0x53564d41 /* PR_??? */, 0, 0xb6eee000, 0xc, 0xb6fb778c) = 0
03-29 20:15:45.455   319   319 I strace  : mmap2(NULL, 8192, PROT_READ|PROT_WRITE, MAP_PRIVATE|MAP_ANONYMOUS, 0, 0) = 0xb6eec000
03-29 20:15:45.456   319   319 I strace  : madvise(0xb6eec000, 8192, MADV_MERGEABLE) = 0
03-29 20:15:45.457   319   319 I strace  : prctl(0x53564d41 /* PR_??? */, 0, 0xb6eec000, 0x2000, 0xb6fb7701) = 0
03-29 20:15:45.459   319   319 I strace  : mmap2(NULL, 8192, PROT_READ|PROT_WRITE, MAP_PRIVATE|MAP_ANONYMOUS, 0, 0) = 0xb6eea000
03-29 20:15:45.459   319   319 I strace  : madvise(0xb6eea000, 8192, MADV_MERGEABLE) = 0
03-29 20:15:45.460   319   319 I strace  : prctl(0x53564d41 /* PR_??? */, 0, 0xb6eea000, 0x2000, 0xb6fb7701) = 0
03-29 20:15:45.471   319   319 I strace  : prctl(PR_GET_DUMPABLE)                  = 0
03-29 20:15:45.472   319   319 I strace  : prctl(PR_SET_DUMPABLE, 1)               = 0
03-29 20:15:45.475   319   319 I strace  : readlinkat(AT_FDCWD, "/proc/self/fd/3", "/system/lib/libcutils.so", 4096) = 24
03-29 20:15:45.476   319   319 I strace  : munmap(0xb6f73000, 4096)                = 0
03-29 20:15:45.476   319   319 I strace  : prctl(PR_SET_DUMPABLE, 0)               = 0
03-29 20:15:45.477   319   319 I strace  : munmap(0xb6eea000, 8192)                = 0
03-29 20:15:45.477   319   319 I strace  : munmap(0xb6eec000, 8192)                = 0
03-29 20:15:45.478   319   319 I strace  : pread64(3, "\177ELF\1\1\1\0\0\0\0\0\0\0\0\0\3\0(\0\1\0\0\0\0\0\0\0004\0\0\0"..., 52, 0) = 52
03-29 20:15:45.478   314   314 I keystore: Found keymaster0 module Keymaster OpenSSL HAL, version 2
03-29 20:15:45.479   314   314 I SoftKeymaster: system/keymaster/soft_keymaster_device.cpp, Line 122: Creating device
03-29 20:15:45.479   314   314 D SoftKeymaster: system/keymaster/soft_keymaster_device.cpp, Line 123: Device address: 0xb6be4000
03-29 20:15:45.479   314   314 I keystore: Keymaster0 module is software-only.  Using SoftKeymasterDevice instead.
03-29 20:15:45.479   314   314 I SoftKeymaster: system/keymaster/soft_keymaster_device.cpp, Line 122: Creating device
03-29 20:15:45.479   314   314 D SoftKeymaster: system/keymaster/soft_keymaster_device.cpp, Line 123: Device address: 0xb6be4180
03-29 20:15:45.480   319   319 I strace  : mmap2(NULL, 4096, PROT_READ, MAP_PRIVATE, 3, 0) = 0xb6f73000
03-29 20:15:45.480   319   319 I strace  : madvise(0xb6f73000, 4096, MADV_MERGEABLE) = 0
03-29 20:15:45.482   319   319 I strace  : mmap2(NULL, 69632, PROT_NONE, MAP_PRIVATE|MAP_ANONYMOUS, -1, 0) = 0xb6edd000
03-29 20:15:45.482   319   319 I strace  : madvise(0xb6edd000, 69632, MADV_MERGEABLE) = 0
03-29 20:15:45.484   319   319 I strace  : mmap2(0xb6edd000, 57300, PROT_READ|PROT_EXEC, MAP_PRIVATE|MAP_FIXED, 3, 0) = 0xb6edd000
03-29 20:15:45.485   319   319 I strace  : madvise(0xb6edd000, 57300, MADV_MERGEABLE) = 0
03-29 20:15:45.486   319   319 I strace  : mmap2(0xb6eec000, 4220, PROT_READ|PROT_WRITE, MAP_PRIVATE|MAP_FIXED, 3, 0xe000) = 0xb6eec000
03-29 20:15:45.486   319   319 I strace  : madvise(0xb6eec000, 4220, MADV_MERGEABLE) = 0
03-29 20:15:45.487   319   319 I strace  : munmap(0xb6f73000, 4096)                = 0
03-29 20:15:45.488   319   319 I strace  : close(3)                                = 0
03-29 20:15:45.489   319   319 I strace  : openat(AT_FDCWD, "/vendor/lib/liblog.so", O_RDONLY|O_LARGEFILE|O_CLOEXEC) = -1 ENOENT (No such file or directory)
03-29 20:15:45.490   319   319 I strace  : openat(AT_FDCWD, "/system/lib/liblog.so", O_RDONLY|O_LARGEFILE|O_CLOEXEC) = 3
03-29 20:15:45.491   319   319 I strace  : fstat64(3, {st_mode=S_IFREG|0644, st_size=34408, ...}) = 0
03-29 20:15:45.493   319   319 I strace  : mmap2(NULL, 8192, PROT_READ|PROT_WRITE, MAP_PRIVATE|MAP_ANONYMOUS, 0, 0) = 0xb6edb000
03-29 20:15:45.493   319   319 I strace  : madvise(0xb6edb000, 8192, MADV_MERGEABLE) = 0
03-29 20:15:45.494   319   319 I strace  : prctl(0x53564d41 /* PR_??? */, 0, 0xb6edb000, 0x2000, 0xb6fb7701) = 0
03-29 20:15:45.495   319   319 I strace  : mmap2(NULL, 8192, PROT_READ|PROT_WRITE, MAP_PRIVATE|MAP_ANONYMOUS, 0, 0) = 0xb6ed9000
03-29 20:15:45.496   319   319 I strace  : madvise(0xb6ed9000, 8192, MADV_MERGEABLE) = 0
03-29 20:15:45.497   319   319 I strace  : prctl(0x53564d41 /* PR_??? */, 0, 0xb6ed9000, 0x2000, 0xb6fb7701) = 0
03-29 20:15:45.497   319   319 I strace  : prctl(PR_GET_DUMPABLE)                  = 0
03-29 20:15:45.498   319   319 I strace  : prctl(PR_SET_DUMPABLE, 1)               = 0
03-29 20:15:45.499   319   319 I strace  : readlinkat(AT_FDCWD, "/proc/self/fd/3", "/system/lib/liblog.so", 4096) = 21
03-29 20:15:45.501   319   319 I strace  : prctl(PR_SET_DUMPABLE, 0)               = 0
03-29 20:15:45.501   319   319 I strace  : munmap(0xb6ed9000, 8192)                = 0
03-29 20:15:45.502   319   319 I strace  : munmap(0xb6edb000, 8192)                = 0
03-29 20:15:45.503   319   319 I strace  : pread64(3, "\177ELF\1\1\1\0\0\0\0\0\0\0\0\0\3\0(\0\1\0\0\0\0\0\0\0004\0\0\0"..., 52, 0) = 52
03-29 20:15:45.504   319   319 I strace  : mmap2(NULL, 4096, PROT_READ, MAP_PRIVATE, 3, 0) = 0xb6f73000
03-29 20:15:45.504   319   319 I strace  : madvise(0xb6f73000, 4096, MADV_MERGEABLE) = 0
03-29 20:15:45.512   319   319 I strace  : mmap2(NULL, 40960, PROT_NONE, MAP_PRIVATE|MAP_ANONYMOUS, -1, 0) = 0xb6ed3000
03-29 20:15:45.513   319   319 I strace  : madvise(0xb6ed3000, 40960, MADV_MERGEABLE) = 0
03-29 20:15:45.514   319   319 I strace  : mmap2(0xb6ed3000, 30216, PROT_READ|PROT_EXEC, MAP_PRIVATE|MAP_FIXED, 3, 0) = 0xb6ed3000
03-29 20:15:45.515   319   319 I strace  : madvise(0xb6ed3000, 30216, MADV_MERGEABLE) = 0
03-29 20:15:45.516   319   319 I strace  : mmap2(0xb6edb000, 4168, PROT_READ|PROT_WRITE, MAP_PRIVATE|MAP_FIXED, 3, 0x7000) = 0xb6edb000
03-29 20:15:45.517   319   319 I strace  : madvise(0xb6edb000, 4168, MADV_MERGEABLE) = 0
03-29 20:15:45.518   319   319 I strace  : munmap(0xb6f73000, 4096)                = 0
03-29 20:15:45.519   319   319 I strace  : close(3)                                = 0
03-29 20:15:45.519   319   319 I strace  : openat(AT_FDCWD, "/vendor/lib/libm.so", O_RDONLY|O_LARGEFILE|O_CLOEXEC) = -1 ENOENT (No such file or directory)
03-29 20:15:45.520   319   319 I strace  : openat(AT_FDCWD, "/system/lib/libm.so", O_RDONLY|O_LARGEFILE|O_CLOEXEC) = 3
03-29 20:15:45.521   319   319 I strace  : fstat64(3, {st_mode=S_IFREG|0644, st_size=132824, ...}) = 0
03-29 20:15:45.523   319   319 I strace  : mmap2(NULL, 8192, PROT_READ|PROT_WRITE, MAP_PRIVATE|MAP_ANONYMOUS, 0, 0) = 0xb6ed1000
03-29 20:15:45.523   319   319 I strace  : madvise(0xb6ed1000, 8192, MADV_MERGEABLE) = 0
03-29 20:15:45.525   319   319 I strace  : prctl(0x53564d41 /* PR_??? */, 0, 0xb6ed1000, 0x2000, 0xb6fb7701) = 0
03-29 20:15:45.526   319   319 I strace  : mmap2(NULL, 8192, PROT_READ|PROT_WRITE, MAP_PRIVATE|MAP_ANONYMOUS, 0, 0) = 0xb6ecf000
03-29 20:15:45.527   319   319 I strace  : madvise(0xb6ecf000, 8192, MADV_MERGEABLE) = 0
03-29 20:15:45.528   319   319 I strace  : prctl(0x53564d41 /* PR_??? */, 0, 0xb6ecf000, 0x2000, 0xb6fb7701) = 0
03-29 20:15:45.529   319   319 I strace  : prctl(PR_GET_DUMPABLE)                  = 0
03-29 20:15:45.531   319   319 I strace  : prctl(PR_SET_DUMPABLE, 1)               = 0
03-29 20:15:45.534   319   319 I strace  : readlinkat(AT_FDCWD, "/proc/self/fd/3", "/system/lib/libm.so", 4096) = 19
03-29 20:15:45.534   319   319 I strace  : prctl(PR_SET_DUMPABLE, 0)               = 0
03-29 20:15:45.535   322   322 I gatekeeperd: Starting gatekeeperd...
03-29 20:15:45.535   319   319 I strace  : munmap(0xb6ecf000, 8192)                = 0
03-29 20:15:45.536   319   319 I strace  : munmap(0xb6ed1000, 8192)                = 0
03-29 20:15:45.536   322   322 W gatekeeperd: falling back to software GateKeeper
03-29 20:15:45.537   319   319 I strace  : pread64(3, "\177ELF\1\1\1\0\0\0\0\0\0\0\0\0\3\0(\0\1\0\0\0\0\0\0\0004\0\0\0"..., 52, 0) = 52
03-29 20:15:45.538   319   319 I strace  : mmap2(NULL, 4096, PROT_READ, MAP_PRIVATE, 3, 0) = 0xb6f73000
03-29 20:15:45.539   319   319 I strace  : madvise(0xb6f73000, 4096, MADV_MERGEABLE) = 0
03-29 20:15:45.540   319   319 I strace  : mmap2(NULL, 139264, PROT_NONE, MAP_PRIVATE|MAP_ANONYMOUS, -1, 0) = 0xb6eb1000
03-29 20:15:45.551   319   319 I strace  : madvise(0xb6eb1000, 139264, MADV_MERGEABLE) = 0
03-29 20:15:45.553   319   319 I strace  : mmap2(0xb6eb1000, 126892, PROT_READ|PROT_EXEC, MAP_PRIVATE|MAP_FIXED, 3, 0) = 0xb6eb1000
03-29 20:15:45.554   319   319 I strace  : madvise(0xb6eb1000, 126892, MADV_MERGEABLE) = 0
03-29 20:15:45.556   319   319 I strace  : mmap2(0xb6ed1000, 4256, PROT_READ|PROT_WRITE, MAP_PRIVATE|MAP_FIXED, 3, 0x1f000) = 0xb6ed1000
03-29 20:15:45.556   319   319 I strace  : madvise(0xb6ed1000, 4256, MADV_MERGEABLE) = 0
03-29 20:15:45.557   319   319 I strace  : munmap(0xb6f73000, 4096)                = 0
03-29 20:15:45.558   319   319 I strace  : close(3)                                = 0
03-29 20:15:45.559   319   319 I strace  : openat(AT_FDCWD, "/vendor/lib/libstdc++.so", O_RDONLY|O_LARGEFILE|O_CLOEXEC) = -1 ENOENT (No such file or directory)
03-29 20:15:45.560   319   319 I strace  : openat(AT_FDCWD, "/system/lib/libstdc++.so", O_RDONLY|O_LARGEFILE|O_CLOEXEC) = 3
03-29 20:15:45.561   319   319 I strace  : fstat64(3, {st_mode=S_IFREG|0644, st_size=21972, ...}) = 0
03-29 20:15:45.562   319   319 I strace  : mmap2(NULL, 4096, PROT_READ|PROT_WRITE, MAP_PRIVATE|MAP_ANONYMOUS, 0, 0) = 0xb6f73000
03-29 20:15:45.563   319   319 I strace  : madvise(0xb6f73000, 4096, MADV_MERGEABLE) = 0
03-29 20:15:45.563   319   319 I strace  : prctl(0x53564d41 /* PR_??? */, 0, 0xb6f73000, 0x1000, 0xb6fb77a0) = 0
03-29 20:15:45.564   319   319 I strace  : mmap2(NULL, 8192, PROT_READ|PROT_WRITE, MAP_PRIVATE|MAP_ANONYMOUS, 0, 0) = 0xb6eaf000
03-29 20:15:45.565   319   319 I strace  : madvise(0xb6eaf000, 8192, MADV_MERGEABLE) = 0
03-29 20:15:45.566   319   319 I strace  : prctl(0x53564d41 /* PR_??? */, 0, 0xb6eaf000, 0x2000, 0xb6fb7701) = 0
03-29 20:15:45.567   319   319 I strace  : mmap2(NULL, 8192, PROT_READ|PROT_WRITE, MAP_PRIVATE|MAP_ANONYMOUS, 0, 0) = 0xb6ead000
03-29 20:15:45.568   319   319 I strace  : madvise(0xb6ead000, 8192, MADV_MERGEABLE) = 0
03-29 20:15:45.568   319   319 I strace  : prctl(0x53564d41 /* PR_??? */, 0, 0xb6ead000, 0x2000, 0xb6fb7701) = 0
03-29 20:15:45.569   319   319 I strace  : prctl(PR_GET_DUMPABLE)                  = 0
03-29 20:15:45.570   319   319 I strace  : prctl(PR_SET_DUMPABLE, 1)               = 0
03-29 20:15:45.571   319   319 I strace  : readlinkat(AT_FDCWD, "/proc/self/fd/3", "/system/lib/libstdc++.so", 4096) = 24
03-29 20:15:45.572   319   319 I strace  : munmap(0xb6f73000, 4096)                = 0
03-29 20:15:45.572   319   319 I strace  : prctl(PR_SET_DUMPABLE, 0)               = 0
03-29 20:15:45.573   319   319 I strace  : munmap(0xb6ead000, 8192)                = 0
03-29 20:15:45.573   319   319 I strace  : munmap(0xb6eaf000, 8192)                = 0
03-29 20:15:45.574   319   319 I strace  : pread64(3, "\177ELF\1\1\1\0\0\0\0\0\0\0\0\0\3\0(\0\1\0\0\0\0\0\0\0004\0\0\0"..., 52, 0) = 52
03-29 20:15:45.575   319   319 I strace  : mmap2(NULL, 4096, PROT_READ, MAP_PRIVATE, 3, 0) = 0xb6f73000
03-29 20:15:45.576   319   319 I strace  : madvise(0xb6f73000, 4096, MADV_MERGEABLE) = 0
03-29 20:15:45.577   319   319 I strace  : mmap2(NULL, 28672, PROT_NONE, MAP_PRIVATE|MAP_ANONYMOUS, -1, 0) = 0xb6eaa000
03-29 20:15:45.577   319   319 I strace  : madvise(0xb6eaa000, 28672, MADV_MERGEABLE) = 0
03-29 20:15:45.578   319   319 I strace  : mmap2(0xb6eaa000, 16653, PROT_READ|PROT_EXEC, MAP_PRIVATE|MAP_FIXED, 3, 0) = 0xb6eaa000
03-29 20:15:45.579   319   319 I strace  : madvise(0xb6eaa000, 16653, MADV_MERGEABLE) = 0
03-29 20:15:45.580   319   319 I strace  : mmap2(0xb6eaf000, 4100, PROT_READ|PROT_WRITE, MAP_PRIVATE|MAP_FIXED, 3, 0x4000) = 0xb6eaf000
03-29 20:15:45.581   319   319 I strace  : madvise(0xb6eaf000, 4100, MADV_MERGEABLE) = 0
03-29 20:15:45.582   319   319 I strace  : munmap(0xb6f73000, 4096)                = 0
03-29 20:15:45.582   319   319 I strace  : close(3)                                = 0
03-29 20:15:45.583   319   319 I strace  : openat(AT_FDCWD, "/vendor/lib/libutils.so", O_RDONLY|O_LARGEFILE|O_CLOEXEC) = -1 ENOENT (No such file or directory)
03-29 20:15:45.584   319   319 I strace  : openat(AT_FDCWD, "/system/lib/libutils.so", O_RDONLY|O_LARGEFILE|O_CLOEXEC) = 3
03-29 20:15:45.585   319   319 I strace  : fstat64(3, {st_mode=S_IFREG|0644, st_size=104052, ...}) = 0
03-29 20:15:45.587   319   319 I strace  : mmap2(NULL, 4096, PROT_READ|PROT_WRITE, MAP_PRIVATE|MAP_ANONYMOUS, 0, 0) = 0xb6f73000
03-29 20:15:45.587   306   306 I SurfaceFlinger: SurfaceFlinger is starting
03-29 20:15:45.587   306   306 I SurfaceFlinger: SurfaceFlinger's main thread ready to run. Initializing graphics H/W...
03-29 20:15:45.587   319   319 I strace  : madvise(0xb6f73000, 4096, MADV_MERGEABLE) = 0
03-29 20:15:45.588   319   319 I strace  : prctl(0x53564d41 /* PR_??? */, 0, 0xb6f73000, 0x1000, 0xb6fb77a0) = 0
03-29 20:15:45.590   319   319 I strace  : mmap2(NULL, 8192, PROT_READ|PROT_WRITE, MAP_PRIVATE|MAP_ANONYMOUS, 0, 0) = 0xb6ea8000
03-29 20:15:45.590   319   319 I strace  : madvise(0xb6ea8000, 8192, MADV_MERGEABLE) = 0
03-29 20:15:45.591   319   319 I strace  : prctl(0x53564d41 /* PR_??? */, 0, 0xb6ea8000, 0x2000, 0xb6fb7701) = 0
03-29 20:15:45.593   319   319 I strace  : mmap2(NULL, 8192, PROT_READ|PROT_WRITE, MAP_PRIVATE|MAP_ANONYMOUS, 0, 0) = 0xb6ea6000
03-29 20:15:45.594   319   319 I strace  : madvise(0xb6ea6000, 8192, MADV_MERGEABLE) = 0
03-29 20:15:45.595   319   319 I strace  : prctl(0x53564d41 /* PR_??? */, 0, 0xb6ea6000, 0x2000, 0xb6fb7701) = 0
03-29 20:15:45.595   319   319 I strace  : prctl(PR_GET_DUMPABLE)                  = 0
03-29 20:15:45.596   319   319 I strace  : prctl(PR_SET_DUMPABLE, 1)               = 0
03-29 20:15:45.597   319   319 I strace  : readlinkat(AT_FDCWD, "/proc/self/fd/3", "/system/lib/libutils.so", 4096) = 23
03-29 20:15:45.597   319   319 I strace  : munmap(0xb6f73000, 4096)                = 0
03-29 20:15:45.598   319   319 I strace  : prctl(PR_SET_DUMPABLE, 0)               = 0
03-29 20:15:45.598   319   319 I strace  : munmap(0xb6ea6000, 8192)                = 0
03-29 20:15:45.599   319   319 I strace  : munmap(0xb6ea8000, 8192)                = 0
03-29 20:15:45.600   319   319 I strace  : pread64(3, "\177ELF\1\1\1\0\0\0\0\0\0\0\0\0\3\0(\0\1\0\0\0\0\0\0\0004\0\0\0"..., 52, 0) = 52
03-29 20:15:45.601   319   319 I strace  : mmap2(NULL, 4096, PROT_READ, MAP_PRIVATE, 3, 0) = 0xb6f73000
03-29 20:15:45.602   319   319 I strace  : madvise(0xb6f73000, 4096, MADV_MERGEABLE) = 0
03-29 20:15:45.603   319   319 I strace  : mmap2(NULL, 110592, PROT_NONE, MAP_PRIVATE|MAP_ANONYMOUS, -1, 0) = 0xb6e8f000
03-29 20:15:45.603   319   319 I strace  : madvise(0xb6e8f000, 110592, MADV_MERGEABLE) = 0
03-29 20:15:45.604   319   319 I strace  : mmap2(0xb6e8f000, 95464, PROT_READ|PROT_EXEC, MAP_PRIVATE|MAP_FIXED, 3, 0) = 0xb6e8f000
03-29 20:15:45.605   319   319 I strace  : madvise(0xb6e8f000, 95464, MADV_MERGEABLE) = 0
03-29 20:15:45.606   319   319 I strace  : mmap2(0xb6ea8000, 4116, PROT_READ|PROT_WRITE, MAP_PRIVATE|MAP_FIXED, 3, 0x18000) = 0xb6ea8000
03-29 20:15:45.607   319   319 I strace  : madvise(0xb6ea8000, 4116, MADV_MERGEABLE) = 0
03-29 20:15:45.607   319   319 I strace  : munmap(0xb6f73000, 4096)                = 0
03-29 20:15:45.608   319   319 I strace  : close(3)                                = 0
03-29 20:15:45.609   319   319 I strace  : openat(AT_FDCWD, "/vendor/lib/libc++.so", O_RDONLY|O_LARGEFILE|O_CLOEXEC) = -1 ENOENT (No such file or directory)
03-29 20:15:45.610   319   319 I strace  : openat(AT_FDCWD, "/system/lib/libc++.so", O_RDONLY|O_LARGEFILE|O_CLOEXEC) = 3
03-29 20:15:45.611   319   319 I strace  : fstat64(3, {st_mode=S_IFREG|0644, st_size=575088, ...}) = 0
03-29 20:15:45.612   319   319 I strace  : mmap2(NULL, 8192, PROT_READ|PROT_WRITE, MAP_PRIVATE|MAP_ANONYMOUS, 0, 0) = 0xb6e8d000
03-29 20:15:45.613   319   319 I strace  : madvise(0xb6e8d000, 8192, MADV_MERGEABLE) = 0
03-29 20:15:45.615   319   319 I strace  : prctl(0x53564d41 /* PR_??? */, 0, 0xb6e8d000, 0x2000, 0xb6fb7701) = 0
03-29 20:15:45.616   319   319 I strace  : mmap2(NULL, 8192, PROT_READ|PROT_WRITE, MAP_PRIVATE|MAP_ANONYMOUS, 0, 0) = 0xb6e8b000
03-29 20:15:45.616   306   306 D libEGL  : loaded /vendor/lib/egl/libEGL_adreno.so
03-29 20:15:45.617   319   319 I strace  : madvise(0xb6e8b000, 8192, MADV_MERGEABLE) = 0
03-29 20:15:45.618   319   319 I strace  : prctl(0x53564d41 /* PR_??? */, 0, 0xb6e8b000, 0x2000, 0xb6fb7701) = 0
03-29 20:15:45.618   319   319 I strace  : prctl(PR_GET_DUMPABLE)                  = 0
03-29 20:15:45.619   319   319 I strace  : prctl(PR_SET_DUMPABLE, 1)               = 0
03-29 20:15:45.621   319   319 I strace  : readlinkat(AT_FDCWD, "/proc/self/fd/3", "/system/lib/libc++.so", 4096) = 21
03-29 20:15:45.622   319   319 I strace  : prctl(PR_SET_DUMPABLE, 0)               = 0
03-29 20:15:45.622   319   319 I strace  : munmap(0xb6e8b000, 8192)                = 0
03-29 20:15:45.623   319   319 I strace  : munmap(0xb6e8d000, 8192)                = 0
03-29 20:15:45.624   319   319 I strace  : pread64(3, "\177ELF\1\1\1\0\0\0\0\0\0\0\0\0\3\0(\0\1\0\0\0\0\0\0\0004\0\0\0"..., 52, 0) = 52
03-29 20:15:45.625   319   319 I strace  : mmap2(NULL, 4096, PROT_READ, MAP_PRIVATE, 3, 0) = 0xb6f73000
03-29 20:15:45.626   319   319 I strace  : madvise(0xb6f73000, 4096, MADV_MERGEABLE) = 0
03-29 20:15:45.627   319   319 I strace  : mmap2(NULL, 585728, PROT_NONE, MAP_PRIVATE|MAP_ANONYMOUS, -1, 0) = 0xb6e00000
03-29 20:15:45.627   319   319 I strace  : madvise(0xb6e00000, 585728, MADV_MERGEABLE) = 0
03-29 20:15:45.628   306   306 D libEGL  : loaded /vendor/lib/egl/libGLESv1_CM_adreno.so
03-29 20:15:45.629   319   319 I strace  : mmap2(0xb6e00000, 556131, PROT_READ|PROT_EXEC, MAP_PRIVATE|MAP_FIXED, 3, 0) = 0xb6e00000
03-29 20:15:45.629   319   319 I strace  : madvise(0xb6e00000, 556131, MADV_MERGEABLE) = 0
03-29 20:15:45.633   319   319 I strace  : mmap2(0xb6e89000, 16401, PROT_READ|PROT_WRITE, MAP_PRIVATE|MAP_FIXED, 3, 0x88000) = 0xb6e89000
03-29 20:15:45.634   319   319 I strace  : madvise(0xb6e89000, 16401, MADV_MERGEABLE) = 0
03-29 20:15:45.635   319   319 I strace  : mmap2(0xb6e8e000, 4096, PROT_READ|PROT_WRITE, MAP_PRIVATE|MAP_FIXED|MAP_ANONYMOUS, -1, 0) = 0xb6e8e000
03-29 20:15:45.635   319   319 I strace  : madvise(0xb6e8e000, 4096, MADV_MERGEABLE) = 0
03-29 20:15:45.636   319   319 I strace  : munmap(0xb6f73000, 4096)                = 0
03-29 20:15:45.637   319   319 I strace  : close(3)                                = 0
03-29 20:15:45.638   319   319 I strace  : openat(AT_FDCWD, "/vendor/lib/libbacktrace.so", O_RDONLY|O_LARGEFILE|O_CLOEXEC) = -1 ENOENT (No such file or directory)
03-29 20:15:45.638   319   319 I strace  : openat(AT_FDCWD, "/system/lib/libbacktrace.so", O_RDONLY|O_LARGEFILE|O_CLOEXEC) = 3
03-29 20:15:45.639   319   319 I strace  : fstat64(3, {st_mode=S_IFREG|0644, st_size=38448, ...}) = 0
03-29 20:15:45.641   319   319 I strace  : mmap2(NULL, 4096, PROT_READ|PROT_WRITE, MAP_PRIVATE|MAP_ANONYMOUS, 0, 0) = 0xb6f73000
03-29 20:15:45.641   319   319 I strace  : madvise(0xb6f73000, 4096, MADV_MERGEABLE) = 0
03-29 20:15:45.642   319   319 I strace  : prctl(0x53564d41 /* PR_??? */, 0, 0xb6f73000, 0x1000, 0xb6fb77a0) = 0
03-29 20:15:45.643   319   319 I strace  : mmap2(NULL, 8192, PROT_READ|PROT_WRITE, MAP_PRIVATE|MAP_ANONYMOUS, 0, 0) = 0xb6dfe000
03-29 20:15:45.644   319   319 I strace  : madvise(0xb6dfe000, 8192, MADV_MERGEABLE) = 0
03-29 20:15:45.645   319   319 I strace  : prctl(0x53564d41 /* PR_??? */, 0, 0xb6dfe000, 0x2000, 0xb6fb7701) = 0
03-29 20:15:45.646   319   319 I strace  : mmap2(NULL, 8192, PROT_READ|PROT_WRITE, MAP_PRIVATE|MAP_ANONYMOUS, 0, 0) = 0xb6dfc000
03-29 20:15:45.657   319   319 I strace  : madvise(0xb6dfc000, 8192, MADV_MERGEABLE) = 0
03-29 20:15:45.657   319   319 I strace  : prctl(0x53564d41 /* PR_??? */, 0, 0xb6dfc000, 0x2000, 0xb6fb7701) = 0
03-29 20:15:45.658   319   319 I strace  : prctl(PR_GET_DUMPABLE)                  = 0
03-29 20:15:45.659   319   319 I strace  : prctl(PR_SET_DUMPABLE, 1)               = 0
03-29 20:15:45.659   319   319 I strace  : readlinkat(AT_FDCWD, "/proc/self/fd/3", "/system/lib/libbacktrace.so", 4096) = 27
03-29 20:15:45.660   319   319 I strace  : munmap(0xb6f73000, 4096)                = 0
03-29 20:15:45.661   319   319 I strace  : prctl(PR_SET_DUMPABLE, 0)               = 0
03-29 20:15:45.662   319   319 I strace  : munmap(0xb6dfc000, 8192)                = 0
03-29 20:15:45.662   319   319 I strace  : munmap(0xb6dfe000, 8192)                = 0
03-29 20:15:45.663   319   319 I strace  : pread64(3, "\177ELF\1\1\1\0\0\0\0\0\0\0\0\0\3\0(\0\1\0\0\0\0\0\0\0004\0\0\0"..., 52, 0) = 52
03-29 20:15:45.664   319   319 I strace  : mmap2(NULL, 4096, PROT_READ, MAP_PRIVATE, 3, 0) = 0xb6f73000
03-29 20:15:45.665   319   319 I strace  : madvise(0xb6f73000, 4096, MADV_MERGEABLE) = 0
03-29 20:15:45.667   319   319 I strace  : mmap2(NULL, 45056, PROT_NONE, MAP_PRIVATE|MAP_ANONYMOUS, -1, 0) = 0xb6df5000
03-29 20:15:45.667   319   319 I strace  : madvise(0xb6df5000, 45056, MADV_MERGEABLE) = 0
03-29 20:15:45.669   319   319 I strace  : mmap2(0xb6df5000, 33696, PROT_READ|PROT_EXEC, MAP_PRIVATE|MAP_FIXED, 3, 0) = 0xb6df5000
03-29 20:15:45.669   319   319 I strace  : madvise(0xb6df5000, 33696, MADV_MERGEABLE) = 0
03-29 20:15:45.671   319   319 I strace  : mmap2(0xb6dfe000, 4100, PROT_READ|PROT_WRITE, MAP_PRIVATE|MAP_FIXED, 3, 0x8000) = 0xb6dfe000
03-29 20:15:45.672   319   319 I strace  : madvise(0xb6dfe000, 4100, MADV_MERGEABLE) = 0
03-29 20:15:45.672   319   319 I strace  : munmap(0xb6f73000, 4096)                = 0
03-29 20:15:45.673   319   319 I strace  : close(3)                                = 0
03-29 20:15:45.674   319   319 I strace  : openat(AT_FDCWD, "/vendor/lib/libbase.so", O_RDONLY|O_LARGEFILE|O_CLOEXEC) = -1 ENOENT (No such file or directory)
03-29 20:15:45.675   319   319 I strace  : openat(AT_FDCWD, "/system/lib/libbase.so", O_RDONLY|O_LARGEFILE|O_CLOEXEC) = 3
03-29 20:15:45.675   319   319 I strace  : fstat64(3, {st_mode=S_IFREG|0644, st_size=38504, ...}) = 0
03-29 20:15:45.676   319   319 I strace  : mmap2(NULL, 8192, PROT_READ|PROT_WRITE, MAP_PRIVATE|MAP_ANONYMOUS, 0, 0) = 0xb6df3000
03-29 20:15:45.677   319   319 I strace  : madvise(0xb6df3000, 8192, MADV_MERGEABLE) = 0
03-29 20:15:45.677   319   319 I strace  : prctl(0x53564d41 /* PR_??? */, 0, 0xb6df3000, 0x2000, 0xb6fb7701) = 0
03-29 20:15:45.679   319   319 I strace  : mmap2(NULL, 8192, PROT_READ|PROT_WRITE, MAP_PRIVATE|MAP_ANONYMOUS, 0, 0) = 0xb6df1000
03-29 20:15:45.679   319   319 I strace  : madvise(0xb6df1000, 8192, MADV_MERGEABLE) = 0
03-29 20:15:45.680   319   319 I strace  : prctl(0x53564d41 /* PR_??? */, 0, 0xb6df1000, 0x2000, 0xb6fb7701) = 0
03-29 20:15:45.681   319   319 I strace  : prctl(PR_GET_DUMPABLE)                  = 0
03-29 20:15:45.681   319   319 I strace  : prctl(PR_SET_DUMPABLE, 1)               = 0
03-29 20:15:45.683   319   319 I strace  : readlinkat(AT_FDCWD, "/proc/self/fd/3", "/system/lib/libbase.so", 4096) = 22
03-29 20:15:45.684   319   319 I strace  : prctl(PR_SET_DUMPABLE, 0)               = 0
03-29 20:15:45.684   319   319 I strace  : munmap(0xb6df1000, 8192)                = 0
03-29 20:15:45.685   319   319 I strace  : munmap(0xb6df3000, 8192)                = 0
03-29 20:15:45.686   319   319 I strace  : pread64(3, "\177ELF\1\1\1\0\0\0\0\0\0\0\0\0\3\0(\0\1\0\0\0\0\0\0\0004\0\0\0"..., 52, 0) = 52
03-29 20:15:45.687   319   319 I strace  : mmap2(NULL, 4096, PROT_READ, MAP_PRIVATE, 3, 0) = 0xb6f73000
03-29 20:15:45.688   319   319 I strace  : madvise(0xb6f73000, 4096, MADV_MERGEABLE) = 0
03-29 20:15:45.689   319   319 I strace  : mmap2(NULL, 45056, PROT_NONE, MAP_PRIVATE|MAP_ANONYMOUS, -1, 0) = 0xb6dea000
03-29 20:15:45.690   319   319 I strace  : madvise(0xb6dea000, 45056, MADV_MERGEABLE) = 0
03-29 20:15:45.692   319   319 I strace  : mmap2(0xb6dea000, 32900, PROT_READ|PROT_EXEC, MAP_PRIVATE|MAP_FIXED, 3, 0) = 0xb6dea000
03-29 20:15:45.692   319   319 I strace  : madvise(0xb6dea000, 32900, MADV_MERGEABLE) = 0
03-29 20:15:45.702   319   319 I strace  : mmap2(0xb6df3000, 4104, PROT_READ|PROT_WRITE, MAP_PRIVATE|MAP_FIXED, 3, 0x8000) = 0xb6df3000
03-29 20:15:45.702   319   319 I strace  : madvise(0xb6df3000, 4104, MADV_MERGEABLE) = 0
03-29 20:15:45.703   319   319 I strace  : mmap2(NULL, 4096, PROT_READ|PROT_WRITE, MAP_PRIVATE|MAP_ANONYMOUS, 0, 0) = 0xb6de9000
03-29 20:15:45.704   319   319 I strace  : madvise(0xb6de9000, 4096, MADV_MERGEABLE) = 0
03-29 20:15:45.705   319   319 I strace  : prctl(0x53564d41 /* PR_??? */, 0, 0xb6de9000, 0x1000, 0xb6fb7815) = 0
03-29 20:15:45.705   319   319 I strace  : munmap(0xb6f73000, 4096)                = 0
03-29 20:15:45.706   319   319 I strace  : close(3)                                = 0
03-29 20:15:45.707   319   319 I strace  : openat(AT_FDCWD, "/vendor/lib/libunwind.so", O_RDONLY|O_LARGEFILE|O_CLOEXEC) = -1 ENOENT (No such file or directory)
03-29 20:15:45.708   319   319 I strace  : openat(AT_FDCWD, "/system/lib/libunwind.so", O_RDONLY|O_LARGEFILE|O_CLOEXEC) = 3
03-29 20:15:45.708   319   319 I strace  : fstat64(3, {st_mode=S_IFREG|0644, st_size=67116, ...}) = 0
03-29 20:15:45.709   319   319 I strace  : mmap2(NULL, 4096, PROT_READ|PROT_WRITE, MAP_PRIVATE|MAP_ANONYMOUS, 0, 0) = 0xb6f73000
03-29 20:15:45.710   319   319 I strace  : madvise(0xb6f73000, 4096, MADV_MERGEABLE) = 0
03-29 20:15:45.711   319   319 I strace  : prctl(0x53564d41 /* PR_??? */, 0, 0xb6f73000, 0x1000, 0xb6fb77a0) = 0
03-29 20:15:45.712   319   319 I strace  : mmap2(NULL, 8192, PROT_READ|PROT_WRITE, MAP_PRIVATE|MAP_ANONYMOUS, 0, 0) = 0xb6de7000
03-29 20:15:45.712   319   319 I strace  : madvise(0xb6de7000, 8192, MADV_MERGEABLE) = 0
03-29 20:15:45.713   319   319 I strace  : prctl(0x53564d41 /* PR_??? */, 0, 0xb6de7000, 0x2000, 0xb6fb7701) = 0
03-29 20:15:45.715   319   319 I strace  : mmap2(NULL, 8192, PROT_READ|PROT_WRITE, MAP_PRIVATE|MAP_ANONYMOUS, 0, 0) = 0xb6de5000
03-29 20:15:45.715   319   319 I strace  : madvise(0xb6de5000, 8192, MADV_MERGEABLE) = 0
03-29 20:15:45.716   319   319 I strace  : prctl(0x53564d41 /* PR_??? */, 0, 0xb6de5000, 0x2000, 0xb6fb7701) = 0
03-29 20:15:45.717   319   319 I strace  : prctl(PR_GET_DUMPABLE)                  = 0
03-29 20:15:45.717   319   319 I strace  : prctl(PR_SET_DUMPABLE, 1)               = 0
03-29 20:15:45.718   319   319 I strace  : readlinkat(AT_FDCWD, "/proc/self/fd/3", "/system/lib/libunwind.so", 4096) = 24
03-29 20:15:45.719   319   319 I strace  : munmap(0xb6f73000, 4096)                = 0
03-29 20:15:45.719   319   319 I strace  : prctl(PR_SET_DUMPABLE, 0)               = 0
03-29 20:15:45.720   319   319 I strace  : munmap(0xb6de5000, 8192)                = 0
03-29 20:15:45.721   319   319 I strace  : munmap(0xb6de7000, 8192)                = 0
03-29 20:15:45.722   319   319 I strace  : pread64(3, "\177ELF\1\1\1\0\0\0\0\0\0\0\0\0\3\0(\0\1\0\0\0\0\0\0\0004\0\0\0"..., 52, 0) = 52
03-29 20:15:45.723   319   319 I strace  : mmap2(NULL, 4096, PROT_READ, MAP_PRIVATE, 3, 0) = 0xb6f73000
03-29 20:15:45.723   319   319 I strace  : madvise(0xb6f73000, 4096, MADV_MERGEABLE) = 0
03-29 20:15:45.724   319   319 I strace  : mmap2(NULL, 360448, PROT_NONE, MAP_PRIVATE|MAP_ANONYMOUS, -1, 0) = 0xb6d91000
03-29 20:15:45.725   319   319 I strace  : madvise(0xb6d91000, 360448, MADV_MERGEABLE) = 0
03-29 20:15:45.726   319   319 I strace  : mmap2(0xb6d91000, 62280, PROT_READ|PROT_EXEC, MAP_PRIVATE|MAP_FIXED, 3, 0) = 0xb6d91000
03-29 20:15:45.726   319   319 I strace  : madvise(0xb6d91000, 62280, MADV_MERGEABLE) = 0
03-29 20:15:45.727   319   319 I strace  : mmap2(0xb6da1000, 4148, PROT_READ|PROT_WRITE, MAP_PRIVATE|MAP_FIXED, 3, 0xf000) = 0xb6da1000
03-29 20:15:45.728   319   319 I strace  : madvise(0xb6da1000, 4148, MADV_MERGEABLE) = 0
03-29 20:15:45.729   319   319 I strace  : mmap2(0xb6da3000, 286720, PROT_READ|PROT_WRITE, MAP_PRIVATE|MAP_FIXED|MAP_ANONYMOUS, -1, 0) = 0xb6da3000
03-29 20:15:45.729   319   319 I strace  : madvise(0xb6da3000, 286720, MADV_MERGEABLE) = 0
03-29 20:15:45.730   319   319 I strace  : munmap(0xb6f73000, 4096)                = 0
03-29 20:15:45.731   319   319 I strace  : close(3)                                = 0
03-29 20:15:45.732   319   319 I strace  : mprotect(0xb6fca000, 4096, PROT_READ)   = 0
03-29 20:15:45.733   319   319 I strace  : mmap2(NULL, 4096, PROT_READ|PROT_WRITE, MAP_PRIVATE|MAP_ANONYMOUS, 0, 0) = 0xb6f73000
03-29 20:15:45.734   319   319 I strace  : madvise(0xb6f73000, 4096, MADV_MERGEABLE) = 0
03-29 20:15:45.734   319   319 I strace  : prctl(0x53564d41 /* PR_??? */, 0, 0xb6f73000, 0x1000, 0xb6fb77c0) = 0
03-29 20:15:45.736   319   319 I strace  : mmap2(NULL, 12, PROT_READ|PROT_WRITE, MAP_PRIVATE|MAP_ANONYMOUS, 0, 0) = 0xb6d90000
03-29 20:15:45.736   319   319 I strace  : madvise(0xb6d90000, 12, MADV_MERGEABLE) = 0
03-29 20:15:45.737   319   319 I strace  : prctl(0x53564d41 /* PR_??? */, 0, 0xb6d90000, 0xc, 0xb6fb778c) = 0
03-29 20:15:45.739   306   306 D libEGL  : loaded /vendor/lib/egl/libGLESv2_adreno.so
03-29 20:15:45.751   319   319 I strace  : mprotect(0xb6f62000, 16384, PROT_READ)  = 0
03-29 20:15:45.751   319   319 I strace  : munmap(0xb6f73000, 4096)                = 0
03-29 20:15:45.752   319   319 I strace  : mmap2(NULL, 4096, PROT_READ|PROT_WRITE, MAP_PRIVATE|MAP_ANONYMOUS, 0, 0) = 0xb6f73000
03-29 20:15:45.753   319   319 I strace  : madvise(0xb6f73000, 4096, MADV_MERGEABLE) = 0
03-29 20:15:45.753   319   319 I strace  : prctl(0x53564d41 /* PR_??? */, 0, 0xb6f73000, 0x1000, 0xb6fb77c0) = 0
03-29 20:15:45.754   319   319 I strace  : mmap2(NULL, 4096, PROT_READ|PROT_WRITE, MAP_PRIVATE|MAP_ANONYMOUS, 0, 0) = 0xb6d8f000
03-29 20:15:45.755   319   319 I strace  : madvise(0xb6d8f000, 4096, MADV_MERGEABLE) = 0
03-29 20:15:45.756   319   319 I strace  : prctl(0x53564d41 /* PR_??? */, 0, 0xb6d8f000, 0x1000, 0xb6fb77d0) = 0
03-29 20:15:45.757   367   367 I launch_daemonsu: (service) /su not mounted yet 
03-29 20:15:45.757   319   319 I strace  : mmap2(NULL, 12, PROT_READ|PROT_WRITE, MAP_PRIVATE|MAP_ANONYMOUS, 0, 0) = 0xb6d8e000
03-29 20:15:45.758   319   319 I strace  : madvise(0xb6d8e000, 12, MADV_MERGEABLE) = 0
03-29 20:15:45.758   319   319 I strace  : prctl(0x53564d41 /* PR_??? */, 0, 0xb6d8e000, 0xc, 0xb6fb778c) = 0
03-29 20:15:45.759   319   319 I strace  : munmap(0xb6f73000, 4096)                = 0
03-29 20:15:45.761   319   319 I strace  : mprotect(0xb6eec000, 4096, PROT_READ)   = 0
03-29 20:15:45.761   319   319 I strace  : munmap(0xb6d8f000, 4096)                = 0
03-29 20:15:45.763   319   319 I strace  : mmap2(NULL, 4096, PROT_READ|PROT_WRITE, MAP_PRIVATE|MAP_ANONYMOUS, 0, 0) = 0xb6f73000
03-29 20:15:45.764   319   319 I strace  : madvise(0xb6f73000, 4096, MADV_MERGEABLE) = 0
03-29 20:15:45.765   319   319 I strace  : prctl(0x53564d41 /* PR_??? */, 0, 0xb6f73000, 0x1000, 0xb6fb77c0) = 0
03-29 20:15:45.766   319   319 I strace  : mmap2(NULL, 4096, PROT_READ|PROT_WRITE, MAP_PRIVATE|MAP_ANONYMOUS, 0, 0) = 0xb6d8f000
03-29 20:15:45.766   319   319 I strace  : madvise(0xb6d8f000, 4096, MADV_MERGEABLE) = 0
03-29 20:15:45.767   319   319 I strace  : prctl(0x53564d41 /* PR_??? */, 0, 0xb6d8f000, 0x1000, 0xb6fb77d0) = 0
03-29 20:15:45.768   319   319 I strace  : munmap(0xb6f73000, 4096)                = 0
03-29 20:15:45.769   319   319 I strace  : mprotect(0xb6edb000, 4096, PROT_READ)   = 0
03-29 20:15:45.769   319   319 I strace  : munmap(0xb6d8f000, 4096)                = 0
03-29 20:15:45.771   319   319 I strace  : mmap2(NULL, 4096, PROT_READ|PROT_WRITE, MAP_PRIVATE|MAP_ANONYMOUS, 0, 0) = 0xb6f73000
03-29 20:15:45.771   319   319 I strace  : madvise(0xb6f73000, 4096, MADV_MERGEABLE) = 0
03-29 20:15:45.772   319   319 I strace  : prctl(0x53564d41 /* PR_??? */, 0, 0xb6f73000, 0x1000, 0xb6fb77c0) = 0
03-29 20:15:45.773   319   319 I strace  : mmap2(NULL, 4096, PROT_READ|PROT_WRITE, MAP_PRIVATE|MAP_ANONYMOUS, 0, 0) = 0xb6d8f000
03-29 20:15:45.774   319   319 I strace  : madvise(0xb6d8f000, 4096, MADV_MERGEABLE) = 0
03-29 20:15:45.775   319   319 I strace  : prctl(0x53564d41 /* PR_??? */, 0, 0xb6d8f000, 0x1000, 0xb6fb77d0) = 0
03-29 20:15:45.776   319   319 I strace  : munmap(0xb6f73000, 4096)                = 0
03-29 20:15:45.777   319   319 I strace  : mprotect(0xb6ed1000, 4096, PROT_READ)   = 0
03-29 20:15:45.778   319   319 I strace  : munmap(0xb6d8f000, 4096)                = 0
03-29 20:15:45.779   319   319 I strace  : mmap2(NULL, 4096, PROT_READ|PROT_WRITE, MAP_PRIVATE|MAP_ANONYMOUS, 0, 0) = 0xb6f73000
03-29 20:15:45.780   319   319 I strace  : madvise(0xb6f73000, 4096, MADV_MERGEABLE) = 0
03-29 20:15:45.780   319   319 I strace  : prctl(0x53564d41 /* PR_??? */, 0, 0xb6f73000, 0x1000, 0xb6fb77c0) = 0
03-29 20:15:45.782   319   319 I strace  : mmap2(NULL, 4096, PROT_READ|PROT_WRITE, MAP_PRIVATE|MAP_ANONYMOUS, 0, 0) = 0xb6d8f000
03-29 20:15:45.782   319   319 I strace  : madvise(0xb6d8f000, 4096, MADV_MERGEABLE) = 0
03-29 20:15:45.783   319   319 I strace  : prctl(0x53564d41 /* PR_??? */, 0, 0xb6d8f000, 0x1000, 0xb6fb77d0) = 0
03-29 20:15:45.784   319   319 I strace  : munmap(0xb6f73000, 4096)                = 0
03-29 20:15:45.785   319   319 I strace  : mprotect(0xb6eaf000, 4096, PROT_READ)   = 0
03-29 20:15:45.786   319   319 I strace  : munmap(0xb6d8f000, 4096)                = 0
03-29 20:15:45.787   319   319 I strace  : mmap2(NULL, 4096, PROT_READ|PROT_WRITE, MAP_PRIVATE|MAP_ANONYMOUS, 0, 0) = 0xb6f73000
03-29 20:15:45.788   319   319 I strace  : madvise(0xb6f73000, 4096, MADV_MERGEABLE) = 0
03-29 20:15:45.789   319   319 I strace  : prctl(0x53564d41 /* PR_??? */, 0, 0xb6f73000, 0x1000, 0xb6fb77c0) = 0
03-29 20:15:45.790   319   319 I strace  : mmap2(NULL, 4096, PROT_READ|PROT_WRITE, MAP_PRIVATE|MAP_ANONYMOUS, 0, 0) = 0xb6d8f000
03-29 20:15:45.791   319   319 I strace  : madvise(0xb6d8f000, 4096, MADV_MERGEABLE) = 0
03-29 20:15:45.792   319   319 I strace  : prctl(0x53564d41 /* PR_??? */, 0, 0xb6d8f000, 0x1000, 0xb6fb77d0) = 0
03-29 20:15:45.792   319   319 I strace  : munmap(0xb6f73000, 4096)                = 0
03-29 20:15:45.794   306   306 W Adreno-GSL: <gsl_ldd_control:466>: ioctl fd 10 code 0xc0100940 (IOCTL_KGSL_SYNCSOURCE_CREATE) failed: errno 25 Unknown ioctl code
03-29 20:15:45.794   306   306 I Adreno-EGL: <qeglDrvAPI_eglInitialize:379>: QUALCOMM Build: 09/28/15, cb423fe, Ib3272dc427
03-29 20:15:45.796   319   319 I strace  : mprotect(0xb6ea8000, 4096, PROT_READ)   = 0
03-29 20:15:45.797   368   368 I launch_daemonsu: (service) copying boot image backups from /cache to /data 
03-29 20:15:45.797   319   319 I strace  : munmap(0xb6d8f000, 4096)                = 0
03-29 20:15:45.798   319   319 I strace  : mmap2(NULL, 4096, PROT_READ|PROT_WRITE, MAP_PRIVATE|MAP_ANONYMOUS, 0, 0) = 0xb6f73000
03-29 20:15:45.799   319   319 I strace  : madvise(0xb6f73000, 4096, MADV_MERGEABLE) = 0
03-29 20:15:45.800   319   319 I strace  : prctl(0x53564d41 /* PR_??? */, 0, 0xb6f73000, 0x1000, 0xb6fb77c0) = 0
03-29 20:15:45.801   319   319 I strace  : mmap2(NULL, 4096, PROT_READ|PROT_WRITE, MAP_PRIVATE|MAP_ANONYMOUS, 0, 0) = 0xb6d8f000
03-29 20:15:45.802   319   319 I strace  : madvise(0xb6d8f000, 4096, MADV_MERGEABLE) = 0
03-29 20:15:45.802   319   319 I strace  : prctl(0x53564d41 /* PR_??? */, 0, 0xb6d8f000, 0x1000, 0xb6fb77d0) = 0
03-29 20:15:45.803   319   319 I strace  : munmap(0xb6f73000, 4096)                = 0
03-29 20:15:45.821   319   319 I strace  : mprotect(0xb6e89000, 16384, PROT_READ)  = 0
03-29 20:15:45.821   319   319 I strace  : munmap(0xb6d8f000, 4096)                = 0
03-29 20:15:45.822   319   319 I strace  : mmap2(NULL, 4096, PROT_READ|PROT_WRITE, MAP_PRIVATE|MAP_ANONYMOUS, 0, 0) = 0xb6f73000
03-29 20:15:45.822   319   319 I strace  : madvise(0xb6f73000, 4096, MADV_MERGEABLE) = 0
03-29 20:15:45.822   319   319 I strace  : prctl(0x53564d41 /* PR_??? */, 0, 0xb6f73000, 0x1000, 0xb6fb77c0) = 0
03-29 20:15:45.823   319   319 I strace  : mmap2(NULL, 4096, PROT_READ|PROT_WRITE, MAP_PRIVATE|MAP_ANONYMOUS, 0, 0) = 0xb6d8f000
03-29 20:15:45.823   319   319 I strace  : madvise(0xb6d8f000, 4096, MADV_MERGEABLE) = 0
03-29 20:15:45.824   319   319 I strace  : prctl(0x53564d41 /* PR_??? */, 0, 0xb6d8f000, 0x1000, 0xb6fb77d0) = 0
03-29 20:15:45.824   319   319 I strace  : munmap(0xb6f73000, 4096)                = 0
03-29 20:15:45.826   319   319 I strace  : mprotect(0xb6dfe000, 4096, PROT_READ)   = 0
03-29 20:15:45.827   319   319 I strace  : munmap(0xb6d8f000, 4096)                = 0
03-29 20:15:45.827   319   319 I strace  : mmap2(NULL, 4096, PROT_READ|PROT_WRITE, MAP_PRIVATE|MAP_ANONYMOUS, 0, 0) = 0xb6f73000
03-29 20:15:45.828   319   319 I strace  : madvise(0xb6f73000, 4096, MADV_MERGEABLE) = 0
03-29 20:15:45.828   319   319 I strace  : prctl(0x53564d41 /* PR_??? */, 0, 0xb6f73000, 0x1000, 0xb6fb77c0) = 0
03-29 20:15:45.829   319   319 I strace  : mmap2(NULL, 4096, PROT_READ|PROT_WRITE, MAP_PRIVATE|MAP_ANONYMOUS, 0, 0) = 0xb6d8f000
03-29 20:15:45.829   319   319 I strace  : madvise(0xb6d8f000, 4096, MADV_MERGEABLE) = 0
03-29 20:15:45.829   319   319 I strace  : prctl(0x53564d41 /* PR_??? */, 0, 0xb6d8f000, 0x1000, 0xb6fb77d0) = 0
03-29 20:15:45.830   319   319 I strace  : munmap(0xb6f73000, 4096)                = 0
