03-29 20:15:56.076   718   718 W PackageManager: Permission com.google.android.c2dm.permission.SEND from package com.google.android.gsf in an unknown group android.permission-group.NETWORK
03-29 20:15:56.076   718   718 W PackageManager: Permission com.google.android.c2dm.permission.RECEIVE from package com.google.android.gsf in an unknown group android.permission-group.NETWORK
03-29 20:15:56.076   718   718 W PackageManager: Permission com.google.android.xmpp.permission.BROADCAST from package com.google.android.gsf in an unknown group android.permission-group.NETWORK
03-29 20:15:56.076   718   718 W PackageManager: Permission com.google.android.xmpp.permission.SEND_RECEIVE from package com.google.android.gsf in an unknown group android.permission-group.NETWORK
03-29 20:15:56.076   718   718 W PackageManager: Permission com.google.android.xmpp.permission.XMPP_ENDPOINT_BROADCAST from package com.google.android.gsf in an unknown group android.permission-group.NETWORK
03-29 20:15:56.076   718   718 W PackageManager: Permission com.google.android.xmpp.permission.USE_XMPP_ENDPOINT from package com.google.android.gsf in an unknown group android.permission-group.NETWORK
03-29 20:15:56.076   718   718 W PackageManager: Permission com.google.android.providers.gsf.permission.READ_GSERVICES from package com.google.android.gsf in an unknown group android.permission-group.ACCOUNTS
03-29 20:15:56.216   718   718 W ResourceType: Failure getting entry for 0x7f0d006c (t=12 e=108) (error -75)
03-29 20:15:56.216   718   718 W ResourceType: Failure getting entry for 0x7f020014 (t=1 e=20) (error -75)
03-29 20:15:56.217   718   718 W ResourceType: Failure getting entry for 0x7f020014 (t=1 e=20) (error -75)
03-29 20:15:56.217   718   718 W ResourceType: Failure getting entry for 0x7f0d0060 (t=12 e=96) (error -75)
03-29 20:15:56.217   718   718 W ResourceType: Failure getting entry for 0x7f020036 (t=1 e=54) (error -75)
03-29 20:15:56.217   718   718 W ResourceType: Failure getting entry for 0x7f020036 (t=1 e=54) (error -75)
03-29 20:15:56.217   718   718 W ResourceType: Failure getting entry for 0x7f0d0067 (t=12 e=103) (error -75)
03-29 20:15:56.218   718   718 W ResourceType: Failure getting entry for 0x7f020050 (t=1 e=80) (error -75)
03-29 20:15:56.218   718   718 W ResourceType: Failure getting entry for 0x7f020050 (t=1 e=80) (error -75)
03-29 20:15:56.218   718   718 W ResourceType: Failure getting entry for 0x7f0d0059 (t=12 e=89) (error -75)
03-29 20:15:56.219   718   718 W ResourceType: Failure getting entry for 0x7f02006e (t=1 e=110) (error -75)
03-29 20:15:56.219   718   718 W ResourceType: Failure getting entry for 0x7f02006e (t=1 e=110) (error -75)
03-29 20:15:56.219   718   718 W ResourceType: Failure getting entry for 0x7f0d005c (t=12 e=92) (error -75)
03-29 20:15:56.219   718   718 W ResourceType: Failure getting entry for 0x7f02034b (t=1 e=843) (error -75)
03-29 20:15:56.219   718   718 W ResourceType: Failure getting entry for 0x7f02034b (t=1 e=843) (error -75)
03-29 20:15:56.220   718   718 W ResourceType: Failure getting entry for 0x7f0d0064 (t=12 e=100) (error -75)
03-29 20:15:56.220   718   718 W ResourceType: Failure getting entry for 0x7f020089 (t=1 e=137) (error -75)
03-29 20:15:56.220   718   718 W ResourceType: Failure getting entry for 0x7f020089 (t=1 e=137) (error -75)
03-29 20:15:56.221   718   718 W ResourceType: Failure getting entry for 0x7f0d0072 (t=12 e=114) (error -75)
03-29 20:15:56.221   718   718 W ResourceType: Failure getting entry for 0x7f02009f (t=1 e=159) (error -75)
03-29 20:15:56.221   718   718 W ResourceType: Failure getting entry for 0x7f02009f (t=1 e=159) (error -75)
03-29 20:15:56.221   718   718 W ResourceType: Failure getting entry for 0x7f0d0063 (t=12 e=99) (error -75)
03-29 20:15:56.221   718   718 W ResourceType: Failure getting entry for 0x7f0200ce (t=1 e=206) (error -75)
03-29 20:15:56.221   718   718 W ResourceType: Failure getting entry for 0x7f0200ce (t=1 e=206) (error -75)
03-29 20:15:56.222   718   718 W ResourceType: Failure getting entry for 0x7f0d006d (t=12 e=109) (error -75)
03-29 20:15:56.222   718   718 W ResourceType: Failure getting entry for 0x7f0200e8 (t=1 e=232) (error -75)
03-29 20:15:56.222   718   718 W ResourceType: Failure getting entry for 0x7f0200e8 (t=1 e=232) (error -75)
03-29 20:15:56.222   718   718 W ResourceType: Failure getting entry for 0x7f0d0070 (t=12 e=112) (error -75)
03-29 20:15:56.222   718   718 W ResourceType: Failure getting entry for 0x7f020396 (t=1 e=918) (error -75)
03-29 20:15:56.222   718   718 W ResourceType: Failure getting entry for 0x7f020396 (t=1 e=918) (error -75)
03-29 20:15:56.222   718   718 W ResourceType: Failure getting entry for 0x7f0d006b (t=12 e=107) (error -75)
03-29 20:15:56.222   718   718 W ResourceType: Failure getting entry for 0x7f020362 (t=1 e=866) (error -75)
03-29 20:15:56.223   718   718 W ResourceType: Failure getting entry for 0x7f020362 (t=1 e=866) (error -75)
03-29 20:15:56.223   718   718 W ResourceType: Failure getting entry for 0x7f0d006e (t=12 e=110) (error -75)
03-29 20:15:56.223   718   718 W ResourceType: Failure getting entry for 0x7f02037a (t=1 e=890) (error -75)
03-29 20:15:56.223   718   718 W ResourceType: Failure getting entry for 0x7f02037a (t=1 e=890) (error -75)
03-29 20:15:56.223   718   718 W ResourceType: Failure getting entry for 0x7f0d0056 (t=12 e=86) (error -75)
03-29 20:15:56.223   718   718 W ResourceType: Failure getting entry for 0x7f020119 (t=1 e=281) (error -75)
03-29 20:15:56.223   718   718 W ResourceType: Failure getting entry for 0x7f020119 (t=1 e=281) (error -75)
03-29 20:15:56.224   718   718 W ResourceType: Failure getting entry for 0x7f0d0069 (t=12 e=105) (error -75)
03-29 20:15:56.224   718   718 W ResourceType: Failure getting entry for 0x7f020229 (t=1 e=553) (error -75)
03-29 20:15:56.224   718   718 W ResourceType: Failure getting entry for 0x7f020229 (t=1 e=553) (error -75)
03-29 20:15:56.224   718   718 W ResourceType: Failure getting entry for 0x7f0d0068 (t=12 e=104) (error -75)
03-29 20:15:56.224   718   718 W ResourceType: Failure getting entry for 0x7f02021a (t=1 e=538) (error -75)
03-29 20:15:56.224   718   718 W ResourceType: Failure getting entry for 0x7f02021a (t=1 e=538) (error -75)
03-29 20:15:56.224   718   718 W ResourceType: Failure getting entry for 0x7f0d007c (t=12 e=124) (error -75)
03-29 20:15:56.224   718   718 W ResourceType: Failure getting entry for 0x7f02030b (t=1 e=779) (error -75)
03-29 20:15:56.225   718   718 W ResourceType: Failure getting entry for 0x7f02030b (t=1 e=779) (error -75)
03-29 20:15:56.225   718   718 W ResourceType: Failure getting entry for 0x7f0d0074 (t=12 e=116) (error -75)
03-29 20:15:56.225   718   718 W ResourceType: Failure getting entry for 0x7f0202b0 (t=1 e=688) (error -75)
03-29 20:15:56.225   718   718 W ResourceType: Failure getting entry for 0x7f0202b0 (t=1 e=688) (error -75)
03-29 20:15:56.225   718   718 W ResourceType: Failure getting entry for 0x7f0d005a (t=12 e=90) (error -75)
03-29 20:15:56.225   718   718 W ResourceType: Failure getting entry for 0x7f020343 (t=1 e=835) (error -75)
03-29 20:15:56.225   718   718 W ResourceType: Failure getting entry for 0x7f020343 (t=1 e=835) (error -75)
03-29 20:15:56.226   718   718 W ResourceType: Failure getting entry for 0x7f0d006a (t=12 e=106) (error -75)
03-29 20:15:56.226   718   718 W ResourceType: Failure getting entry for 0x7f020236 (t=1 e=566) (error -75)
03-29 20:15:56.226   718   718 W ResourceType: Failure getting entry for 0x7f020236 (t=1 e=566) (error -75)
03-29 20:15:56.226   718   718 W ResourceType: Failure getting entry for 0x7f0d0079 (t=12 e=121) (error -75)
03-29 20:15:56.226   718   718 W ResourceType: Failure getting entry for 0x7f0202e7 (t=1 e=743) (error -75)
03-29 20:15:56.226   718   718 W ResourceType: Failure getting entry for 0x7f0202e7 (t=1 e=743) (error -75)
03-29 20:15:56.226   718   718 W ResourceType: Failure getting entry for 0x7f0d007b (t=12 e=123) (error -75)
03-29 20:15:56.226   718   718 W ResourceType: Failure getting entry for 0x7f020300 (t=1 e=768) (error -75)
03-29 20:15:56.227   718   718 W ResourceType: Failure getting entry for 0x7f020300 (t=1 e=768) (error -75)
03-29 20:15:56.227   718   718 W ResourceType: Failure getting entry for 0x7f0d0073 (t=12 e=115) (error -75)
03-29 20:15:56.228   718   718 W ResourceType: Failure getting entry for 0x7f020282 (t=1 e=642) (error -75)
03-29 20:15:56.228   718   718 W ResourceType: Failure getting entry for 0x7f020282 (t=1 e=642) (error -75)
03-29 20:15:56.228   718   718 W ResourceType: Failure getting entry for 0x7f0d0071 (t=12 e=113) (error -75)
03-29 20:15:56.229   718   718 W ResourceType: Failure getting entry for 0x7f020380 (t=1 e=896) (error -75)
03-29 20:15:56.229   718   718 W ResourceType: Failure getting entry for 0x7f020380 (t=1 e=896) (error -75)
03-29 20:15:56.229   718   718 W ResourceType: Failure getting entry for 0x7f0d0062 (t=12 e=98) (error -75)
03-29 20:15:56.229   718   718 W ResourceType: Failure getting entry for 0x7f02034a (t=1 e=842) (error -75)
03-29 20:15:56.230   718   718 W ResourceType: Failure getting entry for 0x7f02034a (t=1 e=842) (error -75)
03-29 20:15:56.230   718   718 W ResourceType: Failure getting entry for 0x7f0d005f (t=12 e=95) (error -75)
03-29 20:15:56.230   718   718 W ResourceType: Failure getting entry for 0x7f020348 (t=1 e=840) (error -75)
03-29 20:15:56.230   718   718 W ResourceType: Failure getting entry for 0x7f020348 (t=1 e=840) (error -75)
03-29 20:15:56.235   718   718 W ResourceType: Failure getting entry for 0x7f0d0055 (t=12 e=85) (error -75)
03-29 20:15:56.236   718   718 W ResourceType: Failure getting entry for 0x7f020000 (t=1 e=0) (error -75)
03-29 20:15:56.236   718   718 W ResourceType: Failure getting entry for 0x7f020000 (t=1 e=0) (error -75)
03-29 20:15:56.236   718   718 W ResourceType: Failure getting entry for 0x7f0d007a (t=12 e=122) (error -75)
03-29 20:15:56.236   718   718 W ResourceType: Failure getting entry for 0x7f0203ad (t=1 e=941) (error -75)
03-29 20:15:56.236   718   718 W ResourceType: Failure getting entry for 0x7f0203ad (t=1 e=941) (error -75)
03-29 20:15:56.236   718   718 W ResourceType: Failure getting entry for 0x7f0d0066 (t=12 e=102) (error -75)
03-29 20:15:56.237   718   718 W ResourceType: Failure getting entry for 0x7f020356 (t=1 e=854) (error -75)
03-29 20:15:56.237   718   718 W ResourceType: Failure getting entry for 0x7f020356 (t=1 e=854) (error -75)
03-29 20:15:56.237   718   718 W ResourceType: Failure getting entry for 0x7f0d0065 (t=12 e=101) (error -75)
03-29 20:15:56.237   718   718 W ResourceType: Failure getting entry for 0x7f02034e (t=1 e=846) (error -75)
03-29 20:15:56.237   718   718 W ResourceType: Failure getting entry for 0x7f02034e (t=1 e=846) (error -75)
03-29 20:15:56.237   718   718 W ResourceType: Failure getting entry for 0x7f0d005d (t=12 e=93) (error -75)
03-29 20:15:56.237   718   718 W ResourceType: Failure getting entry for 0x7f020365 (t=1 e=869) (error -75)
03-29 20:15:56.237   718   718 W ResourceType: Failure getting entry for 0x7f020365 (t=1 e=869) (error -75)
03-29 20:15:56.238   718   718 W ResourceType: Failure getting entry for 0x7f0d006f (t=12 e=111) (error -75)
03-29 20:15:56.238   718   718 W ResourceType: Failure getting entry for 0x7f02037b (t=1 e=891) (error -75)
03-29 20:15:56.238   718   718 W ResourceType: Failure getting entry for 0x7f02037b (t=1 e=891) (error -75)
03-29 20:15:56.238   718   718 W ResourceType: Failure getting entry for 0x7f0d007d (t=12 e=125) (error -75)
03-29 20:15:56.238   718   718 W ResourceType: Failure getting entry for 0x7f0203c4 (t=1 e=964) (error -75)
03-29 20:15:56.238   718   718 W ResourceType: Failure getting entry for 0x7f0203c4 (t=1 e=964) (error -75)
03-29 20:15:56.238   718   718 W ResourceType: Failure getting entry for 0x7f0d007e (t=12 e=126) (error -75)
03-29 20:15:56.238   718   718 W ResourceType: Failure getting entry for 0x7f0203da (t=1 e=986) (error -75)
03-29 20:15:56.239   718   718 W ResourceType: Failure getting entry for 0x7f0203da (t=1 e=986) (error -75)
03-29 20:15:56.239   718   718 W ResourceType: Failure getting entry for 0x7f0d0078 (t=12 e=120) (error -75)
03-29 20:15:56.239   718   718 W ResourceType: Failure getting entry for 0x7f02039b (t=1 e=923) (error -75)
03-29 20:15:56.239   718   718 W ResourceType: Failure getting entry for 0x7f02039b (t=1 e=923) (error -75)
03-29 20:15:56.239   718   718 W ResourceType: Failure getting entry for 0x7f0d005e (t=12 e=94) (error -75)
03-29 20:15:56.239   718   718 W ResourceType: Failure getting entry for 0x7f020349 (t=1 e=841) (error -75)
03-29 20:15:56.239   718   718 W ResourceType: Failure getting entry for 0x7f020349 (t=1 e=841) (error -75)
03-29 20:15:56.240   718   718 W ResourceType: Failure getting entry for 0x7f0d0057 (t=12 e=87) (error -75)
03-29 20:15:56.240   718   718 W ResourceType: Failure getting entry for 0x7f020127 (t=1 e=295) (error -75)
03-29 20:15:56.240   718   718 W ResourceType: Failure getting entry for 0x7f020127 (t=1 e=295) (error -75)
03-29 20:15:56.240   718   718 W ResourceType: Failure getting entry for 0x7f0d0058 (t=12 e=88) (error -75)
03-29 20:15:56.240   718   718 W ResourceType: Failure getting entry for 0x7f020138 (t=1 e=312) (error -75)
03-29 20:15:56.240   718   718 W ResourceType: Failure getting entry for 0x7f020138 (t=1 e=312) (error -75)
03-29 20:15:56.240   718   718 W ResourceType: Failure getting entry for 0x7f0d0077 (t=12 e=119) (error -75)
03-29 20:15:56.241   718   718 W ResourceType: Failure getting entry for 0x7f0202da (t=1 e=730) (error -75)
03-29 20:15:56.241   718   718 W ResourceType: Failure getting entry for 0x7f0202da (t=1 e=730) (error -75)
03-29 20:15:56.241   718   718 W ResourceType: Failure getting entry for 0x7f0d0076 (t=12 e=118) (error -75)
03-29 20:15:56.241   718   718 W ResourceType: Failure getting entry for 0x7f0202c9 (t=1 e=713) (error -75)
03-29 20:15:56.241   718   718 W ResourceType: Failure getting entry for 0x7f0202c9 (t=1 e=713) (error -75)
03-29 20:15:56.364   718   718 W ResourceType: Failure getting entry for 0x7f02000b (t=1 e=11) (error -75)
03-29 20:15:56.578   718   718 W PackageManager: Failed to parse /system/priv-app/PrebuiltGmsCoreForClockworkWearable: Package com.google.android.gms at /system/priv-app/PrebuiltGmsCoreForClockworkWearable ignored: updated version 200914061 better than this 9452534
03-29 20:15:56.669   718   718 W PackageParser: Ignoring duplicate uses-permissions/uses-permissions-sdk-m: android.permission.INSTALL_GRANT_RUNTIME_PERMISSIONS in package: com.android.shell at: Binary XML file line #101
03-29 20:15:56.768   718   718 W PackageParser: Ignoring duplicate uses-permissions/uses-permissions-sdk-m: android.permission.READ_CONTACTS in package: com.android.bluetooth at: Binary XML file line #58
03-29 20:15:56.775   718   718 W PackageParser: No actions in intent filter at /system/app/Bluetooth/Bluetooth.apk Binary XML file line #216
03-29 20:15:56.950   718   718 W PackageParser: Ignoring duplicate uses-permissions/uses-permissions-sdk-m: android.permission.WRITE_SYNC_SETTINGS in package: com.google.android.apps.fitness at: Binary XML file line #97
03-29 20:15:57.173   718   718 W PackageManager: Failed to parse /system/app/SuperSU: No packages found in split
03-29 20:15:57.173   718   718 D PackageManager: No files in app dir /system/vendor/app
03-29 20:15:57.173   718   718 D PackageManager: No files in app dir /oem/app
03-29 20:15:57.214   718   718 I SELinux : SELinux: Loaded file_contexts contexts from /file_contexts.
03-29 20:15:57.466   718   718 W PackageManager: Package com.google.android.gms desires unavailable shared library com.google.android.ble; ignoring!
03-29 20:15:57.588   718   718 W PackageManager: Permission com.google.android.gms.permission.ACTIVITY_RECOGNITION from package com.google.android.gms in an unknown group android.permission-group.PERSONAL_INFO
03-29 20:15:57.692   718   718 D PackageManager: No files in app dir /data/app-private
03-29 20:15:57.693   718   718 W PackageManager: Package com.google.android.gms desires unavailable shared library com.google.android.ble; ignoring!
03-29 20:15:57.693   718   718 I PackageManager: Adjusting ABI for : com.google.android.gsf to armeabi-v7a
03-29 20:15:57.696   718   718 I PackageManager: Adjusting ABI for : com.android.providers.settings to armeabi-v7a
03-29 20:15:57.697   718   718 I PackageManager: Adjusting ABI for : com.android.keychain to armeabi-v7a
03-29 20:15:57.697   718   718 I PackageManager: Adjusting ABI for : com.android.server.telecom to armeabi-v7a
03-29 20:15:57.697   718   718 I PackageManager: Adjusting ABI for : com.android.inputdevices to armeabi-v7a
03-29 20:15:57.698   718   718 I PackageManager: Adjusting ABI for : com.google.android.apps.wearable.settings to armeabi-v7a
03-29 20:15:57.698   718   718 I PackageManager: Adjusting ABI for : com.android.location.fused to armeabi-v7a
03-29 20:15:57.702   718   718 I PackageManager: Time to scan packages: 2.592 seconds
03-29 20:15:57.705   718   718 W PackageManager: Not granting permission com.google.android.googleapps.permission.GOOGLE_AUTH to package com.android.providers.calendar (protectionLevel=2 flags=0x30083e45)
03-29 20:15:57.705   718   718 W PackageManager: Not granting permission com.google.android.googleapps.permission.GOOGLE_AUTH.cl to package com.android.providers.calendar (protectionLevel=2 flags=0x30083e45)
03-29 20:15:57.706   718   718 W PackageManager: Unknown permission com.google.android.permission.PROVIDE_BACKGROUND in package com.huawei.watchface3d
03-29 20:15:57.707   718   718 W PackageManager: Unknown permission com.google.android.permission.PROVIDE_BACKGROUND in package com.huawei.mercury.watchface
03-29 20:15:57.707   718   718 W PackageManager: Not granting permission android.permission.MEDIA_CONTENT_CONTROL to package com.google.android.apps.fitness (protectionLevel=18 flags=0x3808be45)
03-29 20:15:57.707   718   718 W PackageManager: Unknown permission com.google.android.permission.PROVIDE_BACKGROUND in package com.google.android.apps.fitness
03-29 20:15:57.708   718   718 I PackageManager: Un-granting permission android.permission.CLEAR_APP_USER_DATA from package com.google.android.packageinstaller (protectionLevel=258 flags=0x38483e45)
03-29 20:15:57.708   718   718 I PackageManager: Un-granting permission android.permission.GRANT_RUNTIME_PERMISSIONS from package com.google.android.packageinstaller (protectionLevel=770 flags=0x38483e45)
03-29 20:15:57.708   718   718 I PackageManager: Un-granting permission android.permission.REVOKE_RUNTIME_PERMISSIONS from package com.google.android.packageinstaller (protectionLevel=770 flags=0x38483e45)
03-29 20:15:57.708   718   718 I PackageManager: Un-granting permission android.permission.INSTALL_GRANT_RUNTIME_PERMISSIONS from package com.google.android.packageinstaller (protectionLevel=770 flags=0x38483e45)
03-29 20:15:57.708   718   718 I PackageManager: Un-granting permission android.permission.INTERACT_ACROSS_USERS_FULL from package com.google.android.packageinstaller (protectionLevel=258 flags=0x38483e45)
03-29 20:15:57.708   718   718 I PackageManager: Un-granting permission android.permission.KILL_UID from package com.google.android.packageinstaller (protectionLevel=258 flags=0x38483e45)
03-29 20:15:57.708   718   718 W PackageManager: Unknown permission android.permission.MANAGE_SOUND_TRIGGER in package com.google.android.gms
03-29 20:15:57.708   718   718 W PackageManager: Unknown permission android.permission.FOREGROUND_SERVICE in package com.google.android.gms
03-29 20:15:57.708   718   718 W PackageManager: Unknown permission android.permission.START_ACTIVITIES_FROM_BACKGROUND in package com.google.android.gms
03-29 20:15:57.708   718   718 W PackageManager: Unknown permission android.permission.QUERY_ALL_PACKAGES in package com.google.android.gms
03-29 20:15:57.708   718   718 W PackageManager: Unknown permission android.permission.REMOTE_DISPLAY_PROVIDER in package com.google.android.gms
03-29 20:15:57.709   718   718 W PackageManager: Unknown permission android.permission.DISPATCH_PROVISIONING_MESSAGE in package com.google.android.gms
03-29 20:15:57.709   718   718 W PackageManager: Unknown permission android.permission.RECOVER_KEYSTORE in package com.google.android.gms
03-29 20:15:57.709   718   718 W PackageManager: Unknown permission android.permission.PRE_FACTORY_RESET in package com.google.android.gms
03-29 20:15:57.709   718   718 W PackageManager: Unknown permission com.google.android.apps.enterprise.dmagent.permission.AutoSyncPermission in package com.google.android.gms
03-29 20:15:57.709   718   718 W PackageManager: Unknown permission android.permission.CONNECTIVITY_USE_RESTRICTED_NETWORKS in package com.google.android.gms
03-29 20:15:57.709   718   718 W PackageManager: Unknown permission android.permission.ALLOCATE_AGGRESSIVE in package com.google.android.gms
03-29 20:15:57.709   718   718 W PackageManager: Unknown permission android.car.permission.CAR_POWER in package com.google.android.gms
03-29 20:15:57.709   718   718 W PackageManager: Unknown permission android.permission.USE_BIOMETRIC in package com.google.android.gms
03-29 20:15:57.709   718   718 W PackageManager: Unknown permission android.permission.SEND_SMS_NO_CONFIRMATION in package com.google.android.gms
03-29 20:15:57.709   718   718 W PackageManager: Not granting permission com.google.android.wearable.WRITE_SETTINGS to package com.google.android.gms (protectionLevel=18 flags=0xb8483ec5)
03-29 20:15:57.709   718   718 W PackageManager: Unknown permission com.felicanetworks.mfc.permission.MFC_ACCESS in package com.google.android.gms
03-29 20:15:57.709   718   718 W PackageManager: Unknown permission com.felicanetworks.mfc.mfi.permission.MFI_ACCESS in package com.google.android.gms
03-29 20:15:57.709   718   718 W PackageManager: Unknown permission com.google.android.finsky.permission.INSTANT_APP_STATE in package com.google.android.gms
03-29 20:15:57.709   718   718 W PackageManager: Unknown permission android.permission.ACCESS_BACKGROUND_LOCATION in package com.google.android.gms
03-29 20:15:57.710   718   718 W PackageManager: Unknown permission com.google.android.googlequicksearchbox.permission.PAUSE_HOTWORD in package com.google.android.gms
03-29 20:15:57.710   718   718 W PackageManager: Unknown permission android.permission.USE_FULL_SCREEN_INTENT in package com.google.android.gms
03-29 20:15:57.710   718   718 W PackageManager: Unknown permission android.permission.TETHER_PRIVILEGED in package com.google.android.gms
03-29 20:15:57.710   718   718 W PackageManager: Unknown permission com.google.android.gms.auth.authzen.permission.DEVICE_SYNC_FINISHED in package com.google.android.gms
03-29 20:15:57.710   718   718 W PackageManager: Unknown permission android.permission.CONTROL_DISPLAY_SATURATION in package com.google.android.gms
03-29 20:15:57.710   718   718 W PackageManager: Unknown permission com.google.android.finsky.permission.BIND_GET_INSTALL_REFERRER_SERVICE in package com.google.android.gms
03-29 20:15:57.710   718   718 W PackageManager: Unknown permission com.google.android.hangouts.START_HANGOUT in package com.google.android.gms
03-29 20:15:57.710   718   718 W PackageManager: Unknown permission android.permission.READ_OEM_UNLOCK_STATE in package com.google.android.gms
03-29 20:15:57.710   718   718 W PackageManager: Unknown permission android.car.permission.CAR_POWERTRAIN in package com.google.android.gms
03-29 20:15:57.710   718   718 W PackageManager: Unknown permission android.car.permission.CAR_ENERGY in package com.google.android.gms
03-29 20:15:57.710   718   718 W PackageManager: Unknown permission android.car.permission.CAR_ENERGY_PORTS in package com.google.android.gms
03-29 20:15:57.710   718   718 W PackageManager: Unknown permission android.car.permission.CAR_EXTERIOR_LIGHTS in package com.google.android.gms
03-29 20:15:57.710   718   718 W PackageManager: Unknown permission android.car.permission.CAR_INFO in package com.google.android.gms
03-29 20:15:57.710   718   718 W PackageManager: Unknown permission android.car.permission.CAR_MILEAGE in package com.google.android.gms
03-29 20:15:57.710   718   718 W PackageManager: Unknown permission android.car.permission.CAR_TIRES in package com.google.android.gms
03-29 20:15:57.710   718   718 W PackageManager: Unknown permission android.car.permission.CONTROL_CAR_CLIMATE in package com.google.android.gms
03-29 20:15:57.710   718   718 W PackageManager: Unknown permission android.car.permission.CONTROL_CAR_DOORS in package com.google.android.gms
03-29 20:15:57.710   718   718 W PackageManager: Unknown permission android.car.permission.CONTROL_CAR_EXTERIOR_LIGHTS in package com.google.android.gms
03-29 20:15:57.711   718   718 W PackageManager: Unknown permission android.car.permission.CONTROL_CAR_MIRRORS in package com.google.android.gms
03-29 20:15:57.711   718   718 W PackageManager: Unknown permission android.car.permission.CONTROL_CAR_SEATS in package com.google.android.gms
03-29 20:15:57.711   718   718 W PackageManager: Unknown permission android.car.permission.CONTROL_CAR_WINDOWS in package com.google.android.gms
03-29 20:15:57.711   718   718 W PackageManager: Unknown permission android.car.permission.READ_CAR_DISPLAY_UNITS in package com.google.android.gms
03-29 20:15:57.711   718   718 W PackageManager: Unknown permission android.permission.MODIFY_DAY_NIGHT_MODE in package com.google.android.gms
03-29 20:15:57.711   718   718 W PackageManager: Unknown permission com.google.android.finsky.permission.GEARHEAD_SERVICE in package com.google.android.gms
03-29 20:15:57.711   718   718 W PackageManager: Unknown permission com.google.android.permission.ACCESSIBILITY_SCAN_SERVICE in package com.google.android.gms
03-29 20:15:57.711   718   718 W PackageManager: Not granting permission android.permission.START_TASKS_FROM_RECENTS to package com.google.android.gms (protectionLevel=18 flags=0xb8483ec5)
03-29 20:15:57.711   718   718 W PackageManager: Not granting permission android.permission.MANAGE_ACTIVITY_STACKS to package com.google.android.gms (protectionLevel=18 flags=0xb8483ec5)
03-29 20:15:57.711   718   718 W PackageManager: Unknown permission android.permission.ACTIVITY_EMBEDDING in package com.google.android.gms
03-29 20:15:57.711   718   718 W PackageManager: Unknown permission com.google.android.finsky.permission.ACCESS_INSTANT_APP_NOTIFICATION_ENFORCEMENT in package com.google.android.gms
03-29 20:15:57.711   718   718 W PackageManager: Unknown permission android.permission.PROVIDE_RESOLVER_RANKER_SERVICE in package com.google.android.gms
03-29 20:15:57.711   718   718 W PackageManager: Not granting permission com.google.android.clockwork.settings.SHOW_FACTORY_RESET_CONFIRMATION to package com.google.android.gms (protectionLevel=18 flags=0xb8483ec5)
03-29 20:15:57.711   718   718 W PackageManager: Unknown permission android.permission.READ_MEDIA_AUDIO in package com.google.android.gms
03-29 20:15:57.711   718   718 W PackageManager: Unknown permission android.permission.READ_MEDIA_IMAGES in package com.google.android.gms
03-29 20:15:57.711   718   718 W PackageManager: Unknown permission android.permission.READ_MEDIA_VIDEO in package com.google.android.gms
03-29 20:15:57.712   718   718 W PackageManager: Unknown permission android.permission.SUBSTITUTE_NOTIFICATION_APP_NAME in package com.google.android.gms
03-29 20:15:57.712   718   718 W PackageManager: Unknown permission android.permission.SUBSTITUTE_SHARE_TARGET_APP_NAME_AND_ICON in package com.google.android.gms
03-29 20:15:57.712   718   718 W PackageManager: Unknown permission android.permission.ACTIVITY_RECOGNITION in package com.google.android.gms
03-29 20:15:57.712   718   718 W PackageManager: Unknown permission android.permission.MANAGE_SUBSCRIPTION_PLANS in package com.google.android.gms
03-29 20:15:57.712   718   718 W PackageManager: Unknown permission android.permission.READ_DEVICE_CONFIG in package com.google.android.gms
03-29 20:15:57.712   718   718 W PackageManager: Unknown permission android.permission.WRITE_DEVICE_CONFIG in package com.google.android.gms
03-29 20:15:57.712   718   718 W PackageManager: Unknown permission com.google.android.apps.now.OPT_IN_WIZARD in package com.google.android.gms
03-29 20:15:57.712   718   718 W PackageManager: Unknown permission com.google.android.setupwizard.SETUP_COMPAT_SERVICE in package com.google.android.gms
03-29 20:15:57.712   718   718 W PackageManager: Unknown permission android.permission.REQUEST_DELETE_PACKAGES in package com.google.android.gms
03-29 20:15:57.712   718   718 W PackageManager: Unknown permission com.android.vending.setup.PLAY_SETUP_SERVICE in package com.google.android.gms
03-29 20:15:57.712   718   718 W PackageManager: Unknown permission com.google.android.launcher.permission.RECEIVE_LAUNCH_BROADCASTS in package com.google.android.gms
03-29 20:15:57.712   718   718 W PackageManager: Unknown permission com.google.android.gms.auth.authzen.permission.KEY_REGISTRATION_FINISHED in package com.google.android.gms
03-29 20:15:57.713   718   718 W PackageManager: Unknown permission com.google.android.googleapps.permission.ACCESS_GOOGLE_PASSWORD in package com.google.android.gsf
03-29 20:15:57.713   718   718 W PackageManager: Unknown permission com.google.android.googleapps.permission.GOOGLE_MAIL_SWITCH in package com.google.android.gsf
03-29 20:15:57.714   718   718 W PackageManager: Unknown permission android.permission.STORAGE_STATS in package com.google.android.wearable.app
03-29 20:15:57.715   718   718 W PackageManager: Unknown permission com.google.android.clockwork.settings.ENABLE_HFP in package com.google.android.wearable.app
03-29 20:15:57.715   718   718 W PackageManager: Unknown permission com.google.android.clockwork.settings.KEYGUARD_PASSWORD_SET in package com.google.android.wearable.app
03-29 20:15:57.715   718   718 W PackageManager: Not granting permission android.permission.BROADCAST_PACKAGE_REMOVED to package com.google.android.wearable.app (protectionLevel=2 flags=0x38083e45)
03-29 20:15:57.716   718   718 W PackageManager: Not granting permission android.permission.BIND_ACCESSIBILITY_SERVICE to package com.google.android.wearable.app (protectionLevel=2 flags=0x38083e45)
03-29 20:15:57.717   718   718 W PackageManager: Unknown permission com.google.android.gallery3d.permission.GALLERY_PROVIDER in package com.android.bluetooth
03-29 20:15:57.717   718   718 W PackageManager: Unknown permission com.android.gallery3d.permission.GALLERY_PROVIDER in package com.android.bluetooth
03-29 20:15:57.879   718   718 I art     : Starting a blocking GC Explicit
03-29 20:15:57.927   718   718 I art     : Explicit concurrent mark sweep GC freed 8561(795KB) AllocSpace objects, 3(60KB) LOS objects, 19% free, 7MB/9MB, paused 1.488ms total 48.062ms
03-29 20:15:57.931   718   718 I SystemServer: User Service
03-29 20:15:57.952   304   304 I lowmemorykiller: ActivityManager connected
03-29 20:15:57.955   718   718 D SensorService: nuSensorService starting...
03-29 20:15:57.959   519   519 I shd     : type=1400 audit(0.0:17): avc: denied { write } for path="/dev/pts/0" dev="devpts" ino=3 scontext=u:r:shd:s0 tcontext=u:object_r:devpts:s0 tclass=chr_file permissive=1
03-29 20:15:57.959   519   519 I shd     : type=1400 audit(0.0:18): avc: denied { accept } for path="/dev/socket/shddata" scontext=u:r:shd:s0 tcontext=u:r:init:s0 tclass=unix_stream_socket permissive=1
03-29 20:15:57.959   518   518 I shd     : type=1400 audit(0.0:19): avc: denied { read } for path="/dev/socket/shdctl" scontext=u:r:shd:s0 tcontext=u:r:init:s0 tclass=unix_stream_socket permissive=1
03-29 20:15:57.960   718   718 D SensorHal: Loaded library from /system/lib/libsensorhub.so
03-29 20:15:57.960   718   718 D SensorHal: sensors_poll_context_t get in !
03-29 20:15:57.961   718   718 D SensorHal: sensorsocket_init_timeout ok.
03-29 20:15:57.961   319   319 I strace  : futex(0xbe88cb30, FUTEX_WAIT_PRIVATE, 0, NULLselect event comming = 1 max_fd =11
03-29 20:15:57.962   319   319 I strace  : select event comming = 1 max_fd =12
03-29 20:15:57.962   319   319 I strace  : select event comming = 1 max_fd =12
03-29 20:15:57.962   319   319 I strace  : select event comming = 1 max_fd =12
03-29 20:15:57.962   319   319 I strace  : ) = 0
03-29 20:15:57.963   319   319 I strace  : openat(AT_FDCWD, "/proc/mcusleep/sleep", O_WRONLY|O_LARGEFILE) = 8
03-29 20:15:57.964   319   319 I strace  : write(8, "0", 1)                        = 1
03-29 20:15:57.964   319   319 I strace  : close(8)                                = 0
03-29 20:15:57.964   319   319 I strace  : write(4, "\1\0\20\"\344w~", 7)          = 7
03-29 20:15:57.965   319   319 I strace  : gettimeofday({1585505757, 965004}, NULL) = 0
03-29 20:15:57.965   319   319 I strace  : clock_gettime(CLOCK_REALTIME, {1585505757, 965343169}) = 0
03-29 20:15:57.969   338   338 I shd     : type=1400 audit(0.0:20): avc: denied { write } for path="/dev/socket/shdctl" scontext=u:r:shd:s0 tcontext=u:r:init:s0 tclass=unix_stream_socket permissive=1
03-29 20:15:57.975   319   319 I strace  : futex(0xbe88cb1c, FUTEX_WAIT_PRIVATE, 20, {9, 34656831}) = 0
03-29 20:15:57.975   319   319 I strace  : getuid32()                              = 0
03-29 20:15:57.975   338   338 E shd     : Sensor GetInfo :LSM6DS3,STMicroelectronic
03-29 20:15:57.975   319   319 I strace  : clock_gettime(CLOCK_REALTIME, {1585505757, 975563742}) = 0
03-29 20:15:57.976   319   319 I strace  : writev(3, [{"\0R\1\335\345\200^\336\353%:", 11}, {"\6", 1}, {"shd\0", 4}, {"Sensor GetInfo :LSM6DS3,STMicroe"..., 42}], 4) = 58
03-29 20:15:57.977   319   319 I strace  : sendto(7, "\20\1\0\0\0\0\0\0\1\0\0\0\f\0\0\0LSM6DS3,STMicroe"..., 272, MSG_DONTWAIT|MSG_NOSIGNAL, NULL, 0) = 272
03-29 20:15:57.977   319   319 I strace  : select event comming = 1 max_fd =12
03-29 20:15:57.977   718   718 D SensorHal: use sensorlist_STM.
03-29 20:15:57.977   319   319 I strace  : futex(0xbe88cb30, FUTEX_WAIT_PRIVATE, 4, NULLselect event comming = 1 max_fd =12
03-29 20:15:57.977   319   319 I strace  : ) = 0
03-29 20:15:57.977   319   319 I strace  : gettimeofday({1585505757, 977740}, NULL) = 0
03-29 20:15:57.978   319   319 I strace  : mmap2(NULL, 262144, PROT_READ|PROT_WRITE, MAP_PRIVATE|MAP_ANONYMOUS, -1, 0) = 0xb6941000
03-29 20:15:57.979   319   319 I strace  : madvise(0xb6941000, 262144, MADV_MERGEABLE) = 0
03-29 20:15:57.979   319   319 I strace  : prctl(0x53564d41 /* PR_??? */, 0, 0xb6941000, 0x40000, 0xb6f5a061) = 0
03-29 20:15:57.980   319   319 I strace  : munmap(0xb6941000, 262144)              = 0
03-29 20:15:57.980   319   319 I strace  : mmap2(NULL, 520192, PROT_READ|PROT_WRITE, MAP_PRIVATE|MAP_ANONYMOUS, -1, 0) = 0xb6902000
03-29 20:15:57.980   319   319 I strace  : madvise(0xb6902000, 520192, MADV_MERGEABLE) = 0
03-29 20:15:57.981   319   319 I strace  : prctl(0x53564d41 /* PR_??? */, 0, 0xb6902000, 0x7f000, 0xb6f5a061) = 0
03-29 20:15:57.981   319   319 I strace  : munmap(0xb6902000, 253952)              = 0
03-29 20:15:57.982   319   319 I strace  : munmap(0xb6980000, 4096)                = 0
03-29 20:15:57.982   319   319 I strace  : openat(AT_FDCWD, "/data//misc/zoneinfo/current/tzdata", O_RDONLY|O_LARGEFILE) = -1 ENOENT (No such file or directory)
03-29 20:15:57.983   319   319 I strace  : openat(AT_FDCWD, "/system//usr/share/zoneinfo/tzdata", O_RDONLY|O_LARGEFILE) = 7
03-29 20:15:57.983   319   319 I strace  : read(7, "tzdata2015g\0\0\0\0\30\0\0v\204\0\7?\323", 24) = 24
03-29 20:15:57.984   319   319 I strace  : lseek(7, 24, SEEK_SET)                  = 24
03-29 20:15:57.986   319   319 I strace  : read(7, "Africa/Abidjan\0\0\0\0\0\0\0\0\0\0\0\0\0\0\0\0\0\0"..., 30316) = 30316
03-29 20:15:57.986   319   319 I strace  : lseek(7, 353354, SEEK_SET)              = 353354
03-29 20:15:57.988   319   319 I strace  : read(7, "TZif2\0\0\0\0\0\0\0\0\0\0\0\0\0\0\0\0\0\0\r\0\0\0\r\0\0\0\0"..., 29816) = 29816
03-29 20:15:57.989   319   319 I strace  : close(7)                                = 0
03-29 20:15:57.990   319   319 I strace  : openat(AT_FDCWD, "/proc/mcusleep/sleep", O_WRONLY|O_LARGEFILE) = 7
03-29 20:15:57.990   319   319 I strace  : write(7, "0", 1)                        = 1
03-29 20:15:57.991   319   319 I strace  : close(7)                                = 0
03-29 20:15:57.992   319   319 I strace  : write(4, "\1\0\20\1}]d~", 8)            = 8
03-29 20:15:57.993   319   319 I strace  : gettimeofday({1585505757, 992757}, NULL) = 0
03-29 20:15:57.993   319   319 I strace  : clock_gettime(CLOCK_REALTIME, {1585505757, 993480669}) = 0
03-29 20:15:57.997   319   319 I strace  : futex(0xbe88cb1c, FUTEX_WAIT_PRIVATE, 24, {1, 6519331}) = 0
03-29 20:15:57.998   319   319 I strace  : sendto(6, "\20\1\0\0\0\0\0\0\1\0\0\0\1\0\0\0\0\0\0\0croelectroni"..., 272, MSG_DONTWAIT|MSG_NOSIGNAL, NULL, 0) = 272
03-29 20:15:57.998   319   319 I strace  : futex(select event comming = 1 max_fd =12
03-29 20:15:57.998   319   319 I strace  : 0xbe88cb30, FUTEX_WAIT_PRIVATE, 8, NULL) = -1 EAGAIN (Resource temporarily unavailable)
03-29 20:15:57.999   319   319 I strace  : gettimeofday({1585505757, 998830}, NULL) = 0
03-29 20:15:57.999   319   319 I strace  : openat(AT_FDCWD, "/proc/mcusleep/sleep", O_WRONLY|O_LARGEFILE) = 7
03-29 20:15:58.000   319   319 I strace  : write(7, "0", 1)                        = 1
03-29 20:15:58.000   319   319 I strace  : close(7)                                = 0
03-29 20:15:58.001   319   319 I strace  : write(4, "\1\0\21\1\245}]~", 8)         = 8
03-29 20:15:58.002   319   319 I strace  : gettimeofday({1585505758, 1379}, NULL)  = 0
03-29 20:15:58.002   319   319 I strace  : clock_gettime(CLOCK_REALTIME, {1585505758, 1926815}) = 0
03-29 20:15:58.006   319   319 I strace  : futex(0xbe88cb1c, FUTEX_WAIT_PRIVATE, 28, {1, 998073185}) = 0
03-29 20:15:58.007   319   319 I strace  : sendto(6, "\20\1\0\0\5\0\0\0\1\0\0\0\1\0\0\0\0\0\0\0croelectroni"..., 272, MSG_DONTWAIT|MSG_NOSIGNAL, NULL, 0) = 272
03-29 20:15:58.007   319   319 I strace  : select event comming = 1 max_fd =12
03-29 20:15:58.007   319   319 I strace  : futex(0xbe88cb30, FUTEX_WAIT_PRIVATE, 12, NULL) = -1 EAGAIN (Resource temporarily unavailable)
03-29 20:15:58.008   319   319 I strace  : gettimeofday({1585505758, 8117}, NULL)  = 0
03-29 20:15:58.009   319   319 I strace  : openat(AT_FDCWD, "/proc/mcusleep/sleep", O_WRONLY|O_LARGEFILE) = 7
03-29 20:15:58.009   319   319 I strace  : write(7, "0", 1)                        = 1
03-29 20:15:58.010   319   319 I strace  : close(7)                                = 0
03-29 20:15:58.010   319   319 I strace  : write(4, "\1\0\26\1\2550~", 7)          = 7
03-29 20:15:58.011   319   319 I strace  : gettimeofday({1585505758, 10923}, NULL) = 0
03-29 20:15:58.011   319   319 I strace  : clock_gettime(CLOCK_REALTIME, {1585505758, 11378065}) = 0
03-29 20:15:58.015   319   319 I strace  : futex(0xbe88cb1c, FUTEX_WAIT_PRIVATE, 32, {1, 988621935}) = 0
03-29 20:15:58.016   319   319 I strace  : sendto(6, "\20\1\0\0\6\0\0\0\1\0\0\0\1\0\0\0\0\0\0\0croelectroni"..., 272, MSG_DONTWAIT|MSG_NOSIGNAL, NULL, 0) = 272
03-29 20:15:58.016   319   319 I strace  : futex(select event comming = 1 max_fd =12
03-29 20:15:58.016   319   319 I strace  : 0xbe88cb30, FUTEX_WAIT_PRIVATE, 16, NULL) = -1 EAGAIN (Resource temporarily unavailable)
03-29 20:15:58.017   319   319 I strace  : gettimeofday({1585505758, 17038}, NULL) = 0
03-29 20:15:58.018   319   319 I strace  : openat(AT_FDCWD, "/proc/mcusleep/sleep", O_WRONLY|O_LARGEFILE) = 7
03-29 20:15:58.018   319   319 I strace  : write(7, "0", 1)                        = 1
03-29 20:15:58.018   319   319 I strace  : close(7)                                = 0
03-29 20:15:58.019   319   319 I strace  : write(4, "\1\0000\1NG~", 7)             = 7
03-29 20:15:58.020   319   319 I strace  : gettimeofday({1585505758, 20058}, NULL) = 0
03-29 20:15:58.021   319   319 I strace  : clock_gettime(CLOCK_REALTIME, {1585505758, 21085409}) = 0
03-29 20:15:58.024   319   319 I strace  : futex(0xbe88cb1c, FUTEX_WAIT_PRIVATE, 36, {1, 978914591}) = 0
03-29 20:15:58.025   319   319 I strace  : sendto(6, "\20\1\0\0\23\0\0\0\1\0\0\0\1\0\0\0\0\0\0\0croelectroni"..., 272, MSG_DONTWAIT|MSG_NOSIGNAL, NULL, 0) = 272
03-29 20:15:58.025   319   319 I strace  : select event comming = 1 max_fd =12
03-29 20:15:58.026   319   319 I strace  : futex(0xbe88cb30, FUTEX_WAIT_PRIVATE, 20, NULL) = -1 EAGAIN (Resource temporarily unavailable)
03-29 20:15:58.026   319   319 I strace  : gettimeofday({1585505758, 26537}, NULL) = 0
03-29 20:15:58.027   319   319 I strace  : openat(AT_FDCWD, "/proc/mcusleep/sleep", O_WRONLY|O_LARGEFILE) = 7
03-29 20:15:58.028   319   319 I strace  : write(7, "0", 1)                        = 1
03-29 20:15:58.029   319   319 I strace  : close(7)                                = 0
03-29 20:15:58.029   319   319 I strace  : write(4, "\1\0002\1\376t~", 7)          = 7
03-29 20:15:58.030   319   319 I strace  : gettimeofday({1585505758, 30064}, NULL) = 0
03-29 20:15:58.031   319   319 I strace  : clock_gettime(CLOCK_REALTIME, {1585505758, 30887700}) = 0
03-29 20:15:58.034   319   319 I strace  : futex(0xbe88cb1c, FUTEX_WAIT_PRIVATE, 40, {1, 969112300}) = 0
03-29 20:15:58.036   319   319 I strace  : sendto(6, "\20\1\0\0\25\0\0\0\1\0\0\0\1\0\0\0\0\0\0\0croelectroni"..., 272, MSG_DONTWAIT|MSG_NOSIGNAL, NULL, 0) = 272
03-29 20:15:58.036   319   319 I strace  : futex(select event comming = 1 max_fd =12
03-29 20:15:58.036   319   319 I strace  : 0xbe88cb30, FUTEX_WAIT_PRIVATE, 24, NULL) = -1 EAGAIN (Resource temporarily unavailable)
03-29 20:15:58.037   319   319 I strace  : gettimeofday({1585505758, 36833}, NULL) = 0
03-29 20:15:58.038   319   319 I strace  : openat(AT_FDCWD, "/proc/mcusleep/sleep", O_WRONLY|O_LARGEFILE) = 7
03-29 20:15:58.039   319   319 I strace  : write(7, "0", 1)                        = 1
03-29 20:15:58.039   319   319 I strace  : close(7)                                = 0
03-29 20:15:58.040   319   319 I strace  : write(4, "\1\0003\1&m~", 7)             = 7
03-29 20:15:58.041   319   319 I strace  : gettimeofday({1585505758, 40716}, NULL) = 0
03-29 20:15:58.041   319   319 I strace  : clock_gettime(CLOCK_REALTIME, {1585505758, 41588377}) = 0
03-29 20:15:58.045   319   319 I strace  : futex(0xbe88cb1c, FUTEX_WAIT_PRIVATE, 44, {1, 958411623}) = 0
03-29 20:15:58.046   319   319 I strace  : sendto(6, "\20\1\0\0\32\0\0\0\1\0\0\0\1\0\0\0\0\0\0\0croelectroni"..., 272, MSG_DONTWAIT|MSG_NOSIGNAL, NULL, 0) = 272select event comming = 1 max_fd =12
03-29 20:15:58.047   319   319 I strace  : gettimeofday({1585505758, 46862}, NULL) = 0
03-29 20:15:58.048   319   319 I strace  : openat(AT_FDCWD, "/proc/mcusleep/sleep", O_WRONLY|O_LARGEFILE) = 7
03-29 20:15:58.048   319   319 I strace  : write(7, "0", 1)                        = 1
03-29 20:15:58.049   319   319 I strace  : close(7)                                = 0
03-29 20:15:58.050   319   319 I strace  : write(4, "\1\0@\1\212\267~", 7)         = 7
03-29 20:15:58.050   319   319 I strace  : gettimeofday({1585505758, 50275}, NULL) = 0
03-29 20:15:58.051   319   319 I strace  : clock_gettime(CLOCK_REALTIME, {1585505758, 51052440}) = 0
03-29 20:15:58.055   319   319 I strace  : futex(0xbe88cb1c, FUTEX_WAIT_PRIVATE, 48, {1, 948947560}) = 0
03-29 20:15:58.055   319   319 I strace  : getuid32()                              = 0
03-29 20:15:58.056   338   338 E shd     : Sensor DeActive :64 failure ret:1
03-29 20:15:58.056   319   319 I strace  : clock_gettime(CLOCK_REALTIME, {1585505758, 56109002}) = 0
03-29 20:15:58.058   319   319 I strace  : writev(3, [{"\0R\1\336\345\200^\312'X\3", 11}, {"\6", 1}, {"shd\0", 4}, {"Sensor DeActive :64 failure ret:"..., 34}], 4) = 50
03-29 20:15:58.059   319   319 I strace  : sendto(6, "\20\1\0\0\33\0\0\0\1\0\0\0\1\0\0\0\1\0\0\0croelectroni"..., 272, MSG_DONTWAIT|MSG_NOSIGNAL, NULL, 0) = 272select event comming = 1 max_fd =12
03-29 20:15:58.060   319   319 I strace  : futex(0xbe88cb30, FUTEX_WAIT_PRIVATE, 32, NULL) = -1 EAGAIN (Resource temporarily unavailable)
03-29 20:15:58.060   319   319 I strace  : getuid32()                              = 0
03-29 20:15:58.060   338   338 D shd     : ProcessVirtualSensor type:18 cmd:1
03-29 20:15:58.061   319   319 I strace  : clock_gettime(CLOCK_REALTIME, {1585505758, 60934940}) = 0
03-29 20:15:58.063   319   319 I strace  : writev(3, [{"\0R\1\336\345\200^\34\313\241\3", 11}, {"\3", 1}, {"shd\0", 4}, {"ProcessVirtualSensor type:18 cmd"..., 35}], 4) = 51
03-29 20:15:58.064   319   319 I strace  : sendto(6, "\20\1\0\0\22\0\0\0\1\0\0\0\0\0\0\0\0\0\0\0\0\0\0\0\0\0\0\0\0\0\0\0"..., 272, MSG_DONTWAIT|MSG_NOSIGNAL, NULL, 0) = 272
03-29 20:15:58.064   319   319 I strace  : futex(select event comming = 1 max_fd =12
03-29 20:15:58.064   319   319 I strace  : 0xbe88cb30, FUTEX_WAIT_PRIVATE, 36, NULL) = -1 EAGAIN (Resource temporarily unavailable)
03-29 20:15:58.065   319   319 I strace  : gettimeofday({1585505758, 64977}, NULL) = 0
03-29 20:15:58.066   319   319 I strace  : openat(AT_FDCWD, "/proc/mcusleep/sleep", O_WRONLY|O_LARGEFILE) = 7
03-29 20:15:58.066   319   319 I strace  : write(7, "0", 1)                        = 1
03-29 20:15:58.067   319   319 I strace  : close(7)                                = 0
03-29 20:15:58.068   319   319 I strace  : write(4, "\1\0!\1\7\313~", 7)           = 7
03-29 20:15:58.069   319   319 I strace  : gettimeofday({1585505758, 68508}, NULL) = 0
03-29 20:15:58.069   319   319 I strace  : clock_gettime(CLOCK_REALTIME, {1585505758, 69463221}) = 0
03-29 20:15:58.073   319   319 I strace  : futex(0xbe88cb1c, FUTEX_WAIT_PRIVATE, 52, {1, 930536779}) = 0
03-29 20:15:58.075   319   319 I strace  : sendto(6, "\20\1\0\0\t\0\0\0\1\0\0\0\1\0\0\0\0\0\0\0\0\0\0\0\0\0\0\0\0\0\0\0"..., 272, MSG_DONTWAIT|MSG_NOSIGNAL, NULL, 0) = 272
03-29 20:15:58.076   319   319 I strace  : futex(select event comming = 1 max_fd =12
03-29 20:15:58.077   319   319 I strace  : 0xbe88cb30, FUTEX_WAIT_PRIVATE, 40, NULL) = -1 EAGAIN (Resource temporarily unavailable)
03-29 20:15:58.078   319   319 I strace  : gettimeofday({1585505758, 77342}, NULL) = 0
03-29 20:15:58.079   319   319 I strace  : openat(AT_FDCWD, "/proc/mcusleep/sleep", O_WRONLY|O_LARGEFILE) = 7
03-29 20:15:58.079   319   319 I strace  : write(7, "0", 1)                        = 1
03-29 20:15:58.080   319   319 I strace  : close(7)                                = 0
03-29 20:15:58.081   319   319 I strace  : write(4, "\1\0 \1\337\322~", 7)         = 7
03-29 20:15:58.082   319   319 I strace  : gettimeofday({1585505758, 81622}, NULL) = 0
03-29 20:15:58.082   319   319 I strace  : clock_gettime(CLOCK_REALTIME, {1585505758, 82352544}) = 0
03-29 20:15:58.086   319   319 I strace  : futex(0xbe88cb1c, FUTEX_WAIT_PRIVATE, 56, {1, 917647456}) = 0
03-29 20:15:58.088   319   319 I strace  : sendto(6, "\20\1\0\0\n\0\0\0\1\0\0\0\1\0\0\0\0\0\0\0\0\0\0\0\0\0\0\0\0\0\0\0"..., 272, MSG_DONTWAIT|MSG_NOSIGNAL, NULL, 0select event comming = 1 max_fd =12
03-29 20:15:58.088   319   319 I strace  : ) = 272
03-29 20:15:58.089   319   319 I strace  : gettimeofday({1585505758, 89306}, NULL) = 0
03-29 20:15:58.090   319   319 I strace  : openat(AT_FDCWD, "/proc/mcusleep/sleep", O_WRONLY|O_LARGEFILE) = 7
03-29 20:15:58.091   319   319 I strace  : write(7, "0", 1)                        = 1
03-29 20:15:58.092   319   319 I strace  : close(7)                                = 0
03-29 20:15:58.092   319   319 I strace  : write(4, "\1\0#\1\267\370~", 7)         = 7
03-29 20:15:58.093   319   319 I strace  : gettimeofday({1585505758, 93058}, NULL) = 0
03-29 20:15:58.094   319   319 I strace  : clock_gettime(CLOCK_REALTIME, {1585505758, 93802492}) = 0
03-29 20:15:58.097   319   319 I strace  : futex(0xbe88cb1c, FUTEX_WAIT_PRIVATE, 60, {1, 906197508}) = 0
03-29 20:15:58.098   319   319 I strace  : sendto(6, "\20\1\0\0\v\0\0\0\1\0\0\0\1\0\0\0\0\0\0\0\0\0\0\0\0\0\0\0\0\0\0\0"..., 272, MSG_DONTWAIT|MSG_NOSIGNAL, NULL, 0select event comming = 1 max_fd =12
03-29 20:15:58.099   319   319 I strace  : ) = 272
03-29 20:15:58.099   319   319 I strace  : getuid32()                              = 0
03-29 20:15:58.099   338   338 D shd     : ProcessVirtualSensor type:17 cmd:1
03-29 20:15:58.100   319   319 I strace  : clock_gettime(CLOCK_REALTIME, {1585505758, 99902127}) = 0
03-29 20:15:58.102   319   319 I strace  : writev(3, [{"\0R\1\336\345\200^\257b\364\5", 11}, {"\3", 1}, {"shd\0", 4}, {"ProcessVirtualSensor type:17 cmd"..., 35}], 4) = 51
03-29 20:15:58.103   319   319 I strace  : sendto(6, "\20\1\0\0\21\0\0\0\1\0\0\0\0\0\0\0\0\0\0\0\0\0\0\0\0\0\0\0\0\0\0\0"..., 272, MSG_DONTWAIT|MSG_NOSIGNAL, NULL, 0select event comming = 1 max_fd =12
03-29 20:15:58.103   319   319 I strace  : ) = 272
03-29 20:15:58.104   319   319 I strace  : gettimeofday({1585505758, 103782}, NULL) = 0
03-29 20:15:58.105   319   319 I strace  : openat(AT_FDCWD, "/proc/mcusleep/sleep", O_WRONLY|O_LARGEFILE) = 7
03-29 20:15:58.105   319   319 I strace  : write(7, "0", 1)                        = 1
03-29 20:15:58.106   319   319 I strace  : close(7)                                = 0
03-29 20:15:58.107   319   319 I strace  : write(4, "\1\0#\1\267\370~", 7)         = 7
03-29 20:15:58.108   319   319 I strace  : gettimeofday({1585505758, 107651}, NULL) = 0
03-29 20:15:58.109   319   319 I strace  : clock_gettime(CLOCK_REALTIME, {1585505758, 108684159}) = 0
03-29 20:15:58.112   319   319 I strace  : futex(0xbe88cb1c, FUTEX_WAIT_PRIVATE, 64, {1, 891315841}) = 0
03-29 20:15:58.113   319   319 I strace  : sendto(6, "\20\1\0\0\17\0\0\0\1\0\0\0\1\0\0\0\0\0\0\0\0\0\0\0\0\0\0\0\0\0\0\0"..., 272, MSG_DONTWAIT|MSG_NOSIGNAL, NULL, 0select event comming = 1 max_fd =12
03-29 20:15:58.113   319   319 I strace  : select event comming = 1 max_fd =12
03-29 20:15:58.114   319   319 I strace  : ) = 272
03-29 20:15:58.115   319   319 I strace  : openat(AT_FDCWD, "/proc/mcusleep/sleep", O_WRONLY|O_LARGEFILE) = 8
