sh-4.4# /system/bin/logcat 
--------- beginning of main
__bionic_open_tzdata_path: ANDROID_DATA not set!
__bionic_open_tzdata_path: ANDROID_ROOT not set!
__bionic_open_tzdata_path: ANDROID_DATA not set!
__bionic_open_tzdata_path: ANDROID_ROOT not set!
__bionic_open_tzdata_path: ANDROID_DATA not set!
__bionic_open_tzdata_path: ANDROID_ROOT not set!
03-29 19:37:48.861   347   347 W auditd  : type=2000 audit(0.0:1): initialized
03-29 19:38:02.481   353   353 D shd     : Failed to get shddata from environment: No such file or directory
03-29 19:38:02.499   353   353 D update_mcu: get mcu current version:11.900.12.01.00, length:15.
03-29 19:38:02.507   353   353 E update_mcu: mcu version same(11.900.12.01.00), do not need update!
03-29 19:38:03.983   373   373 D SensorHal: Loaded library from /system/lib/libsensorhub.so
03-29 19:38:03.983   373   373 D SensorHal: sensors_poll_context_t get in !
03-29 19:38:03.983   373   373 D SensorHal: sensorsocket_init_timeout ok.
03-29 19:38:04.640   353   353 D shd     : Start sensorhub daemon, control server create ok
03-29 19:38:04.640   353   353 D shd     : Send Handshake to sensorhub
03-29 19:38:04.657   351   351 I shd     : Start server
03-29 19:38:04.657   351   351 I shd     : select event comming = 1 max_fd =5
03-29 19:38:04.657   351   351 I shd     : Start server
03-29 19:38:04.657   351   351 I shd     : select event comming = 1 max_fd =4
03-29 19:38:04.658   351   351 I shd     : select event comming = 1 max_fd =8
03-29 19:38:04.658   351   351 I shd     : select event comming = 1 max_fd =10
03-29 19:38:04.658   353   380 D shd     : OnEvent Receive Mcu Control response
03-29 19:38:04.658   353   353 D shd     : Handshake OK
03-29 19:38:04.658   353   353 D shd     : Set parameter
03-29 19:38:04.696   353   353 D shd     : Set parameter OK, start loop
03-29 19:38:04.705   353   353 E shd     : Sensor GetInfo :LSM6DS3,STMicroelectronic
03-29 19:38:04.705   373   373 D SensorHal: use sensorlist_STM.
03-29 19:38:04.713   351   351 I shd     : select event comming = 1 max_fd =10
03-29 19:38:04.812   351   351 I shd     : select event comming = 1 max_fd =8
03-29 19:38:04.812   351   351 I shd     : __bionic_open_tzdata_path: ANDROID_DATA not set!
03-29 19:38:04.812   351   351 I shd     : __bionic_open_tzdata_path: ANDROID_ROOT not set!
03-29 19:38:04.812   351   351 I shd     : __bionic_open_tzdata_path: ANDROID_DATA not set!
03-29 19:38:04.812   351   351 I shd     : __bionic_open_tzdata_path: ANDROID_ROOT not set!
03-29 19:38:04.812   351   351 I shd     : __bionic_open_tzdata_path: ANDROID_DATA not set!
03-29 19:38:04.812   351   351 I shd     : __bionic_open_tzdata_path: ANDROID_ROOT not set!
03-29 19:38:06.882   384   384 D audio_hw_primary: adev_open: enter
03-29 19:38:06.956   384   384 D platform_info: platform_info_init: Failed to open /system/etc/audio_platform_info.xml, using defaults.
03-29 19:38:06.989   384   384 D msm8974_platform: platform_init: snd_card_name: msm8226-tapan-snd-card
03-29 19:38:07.303   393   393 D libEGL  : loaded /vendor/lib/egl/libEGL_adreno.so
03-29 19:38:07.307   393   393 D libEGL  : loaded /vendor/lib/egl/libGLESv1_CM_adreno.so
03-29 19:38:07.529   393   393 D libEGL  : loaded /vendor/lib/egl/libGLESv2_adreno.so
03-29 19:38:07.618   384   384 E audio_route: Control 'LINEOUT1 Volume' doesn't exist - skipping
03-29 19:38:07.618   384   384 E audio_route: Control 'LINEOUT2 Volume' doesn't exist - skipping
03-29 19:38:07.618   384   384 E audio_route: Control 'HPHL Volume' doesn't exist - skipping
03-29 19:38:07.618   384   384 E audio_route: Control 'HPHR Volume' doesn't exist - skipping
03-29 19:38:07.618   384   384 E audio_route: Control 'RX1 Digital Volume' doesn't exist - skipping
03-29 19:38:07.618   384   384 E audio_route: Control 'RX2 Digital Volume' doesn't exist - skipping
03-29 19:38:07.618   384   384 E audio_route: Control 'RX3 Digital Volume' doesn't exist - skipping
03-29 19:38:07.618   384   384 E audio_route: Control 'RX4 Digital Volume' doesn't exist - skipping
03-29 19:38:07.618   384   384 E audio_route: Control 'ADC1 Volume' doesn't exist - skipping
03-29 19:38:07.618   384   384 E audio_route: Control 'ADC2 Volume' doesn't exist - skipping
03-29 19:38:07.618   384   384 E audio_route: Control 'ADC3 Volume' doesn't exist - skipping
03-29 19:38:07.618   384   384 E audio_route: Control 'ADC4 Volume' doesn't exist - skipping
03-29 19:38:07.618   384   384 E audio_route: Control 'ADC5 Volume' doesn't exist - skipping
03-29 19:38:07.618   384   384 E audio_route: Control 'DEC1 Volume' doesn't exist - skipping
03-29 19:38:07.618   384   384 E audio_route: Control 'DEC2 Volume' doesn't exist - skipping
03-29 19:38:07.618   384   384 E audio_route: Control 'DEC3 Volume' doesn't exist - skipping
03-29 19:38:07.619   384   384 E audio_route: Control 'DEC4 Volume' doesn't exist - skipping
03-29 19:38:07.619   384   384 E audio_route: Control 'IIR1 INP1 Volume' doesn't exist - skipping
03-29 19:38:07.619   384   384 E audio_route: Control 'IIR1 INP2 Volume' doesn't exist - skipping
03-29 19:38:07.619   384   384 E audio_route: Control 'IIR1 INP3 Volume' doesn't exist - skipping
03-29 19:38:07.619   384   384 E audio_route: Control 'IIR1 INP4 Volume' doesn't exist - skipping
03-29 19:38:07.619   384   384 E audio_route: Control 'COMP0 Switch' doesn't exist - skipping
03-29 19:38:07.619   384   384 E audio_route: Control 'COMP1 Switch' doesn't exist - skipping
03-29 19:38:07.619   384   384 E audio_route: Control 'COMP2 Switch' doesn't exist - skipping
03-29 19:38:07.619   384   384 E audio_route: Control 'SLIMBUS_0_RX Port Mixer INT_BT_SCO_TX' doesn't exist - skipping
03-29 19:38:07.619   384   384 E audio_route: Control 'Internal BTSCO SampleRate' doesn't exist - skipping
03-29 19:38:07.619   384   384 E audio_route: Control 'INTERNAL_BT_SCO_RX Audio Mixer Multimedia6' doesn't exist - skipping
03-29 19:38:07.620   384   384 E audio_route: Control 'MultiMedia5 Mixer QUAT_MI2S_TX' doesn't exist - skipping
03-29 19:38:07.620   384   384 E audio_route: Control 'MultiMedia4 Mixer QUAT_MI2S_TX' doesn't exist - skipping
03-29 19:38:07.620   384   384 E audio_route: Control 'IIR1 INP1 MUX' doesn't exist - skipping
03-29 19:38:07.620   384   384 E audio_route: Control 'SLIM TX5 MUX' doesn't exist - skipping
03-29 19:38:07.620   384   384 E audio_route: Control 'SLIM TX4 MUX' doesn't exist - skipping
03-29 19:38:07.621   384   384 E audio_route: Control 'SLIM TX3 MUX' doesn't exist - skipping
03-29 19:38:07.621   384   384 E audio_route: Control 'SLIM TX2 MUX' doesn't exist - skipping
03-29 19:38:07.621   384   384 E audio_route: Control 'SLIM TX1 MUX' doesn't exist - skipping
03-29 19:38:07.621   384   384 E audio_route: Control 'DEC4 MUX' doesn't exist - skipping
03-29 19:38:07.621   384   384 E audio_route: Control 'DEC3 MUX' doesn't exist - skipping
03-29 19:38:07.621   384   384 E audio_route: Control 'DEC2 MUX' doesn't exist - skipping
03-29 19:38:07.621   384   384 E audio_route: Control 'DEC1 MUX' doesn't exist - skipping
03-29 19:38:07.621   384   384 E audio_route: Control 'RX2 MIX2 INP2' doesn't exist - skipping
03-29 19:38:07.621   384   384 E audio_route: Control 'RX2 MIX2 INP1' doesn't exist - skipping
03-29 19:38:07.621   384   384 E audio_route: Control 'RX1 MIX2 INP2' doesn't exist - skipping
03-29 19:38:07.621   384   384 E audio_route: Control 'RX1 MIX2 INP1' doesn't exist - skipping
03-29 19:38:07.621   384   384 E audio_route: Control 'RX4 MIX1 INP2' doesn't exist - skipping
03-29 19:38:07.621   384   384 E audio_route: Control 'RX4 MIX1 INP1' doesn't exist - skipping
03-29 19:38:07.621   384   384 E audio_route: Control 'RX3 MIX1 INP1' doesn't exist - skipping
03-29 19:38:07.621   384   384 E audio_route: Control 'RX2 MIX1 INP1' doesn't exist - skipping
03-29 19:38:07.621   384   384 E audio_route: Control 'RX1 MIX1 INP3' doesn't exist - skipping
03-29 19:38:07.621   384   384 E audio_route: Control 'RX1 MIX1 INP2' doesn't exist - skipping
03-29 19:38:07.621   384   384 E audio_route: Control 'RX1 MIX1 INP1' doesn't exist - skipping
03-29 19:38:07.621   384   384 E audio_route: Control 'HPHL DAC Switch' doesn't exist - skipping
03-29 19:38:07.621   384   384 E audio_route: Control 'DAC1 Switch' doesn't exist - skipping
03-29 19:38:07.622   384   384 E audio_route: Control 'SPK DAC Switch' doesn't exist - skipping
03-29 19:38:07.622   384   384 E audio_route: Control 'SLIM_0_RX Channels' doesn't exist - skipping
03-29 19:38:07.622   384   384 E audio_route: Control 'SLIM_0_TX Channels' doesn't exist - skipping
03-29 19:38:07.622   384   384 E audio_route: Control 'SLIM RX1 MUX' doesn't exist - skipping
03-29 19:38:07.622   384   384 E audio_route: Control 'EAR PA Gain' doesn't exist - skipping
03-29 19:38:07.622   384   384 E audio_route: Control 'SLIM RX2 MUX' doesn't exist - skipping
03-29 19:38:07.622   384   384 E audio_route: Control 'SPK DRV Volume' doesn't exist - skipping
03-29 19:38:07.622   384   384 E audio_route: Control 'AIF1_CAP Mixer SLIM TX1' doesn't exist - skipping
03-29 19:38:07.622   384   384 E audio_route: Control 'AIF1_CAP Mixer SLIM TX2' doesn't exist - skipping
03-29 19:38:07.622   384   384 E audio_route: Control 'CLASS_H_DSM MUX' doesn't exist - skipping
03-29 19:38:07.623   384   384 E audio_route: Control 'IIR1 Band1' doesn't exist - skipping
03-29 19:38:07.623   384   384 E audio_route: Control 'IIR1 Band1' doesn't exist - skipping
03-29 19:38:07.623   384   384 E audio_route: Control 'IIR1 Band1' doesn't exist - skipping
03-29 19:38:07.623   384   384 E audio_route: Control 'IIR1 Band1' doesn't exist - skipping
03-29 19:38:07.623   384   384 E audio_route: Control 'IIR1 Band1' doesn't exist - skipping
03-29 19:38:07.623   384   384 E audio_route: Control 'IIR1 Band2' doesn't exist - skipping
03-29 19:38:07.623   384   384 E audio_route: Control 'IIR1 Band2' doesn't exist - skipping
03-29 19:38:07.623   384   384 E audio_route: Control 'IIR1 Band2' doesn't exist - skipping
03-29 19:38:07.623   384   384 E audio_route: Control 'IIR1 Band2' doesn't exist - skipping
03-29 19:38:07.623   384   384 E audio_route: Control 'IIR1 Band2' doesn't exist - skipping
03-29 19:38:07.624   384   384 E audio_route: Control 'IIR1 Band3' doesn't exist - skipping
03-29 19:38:07.624   384   384 E audio_route: Control 'IIR1 Band3' doesn't exist - skipping
03-29 19:38:07.624   384   384 E audio_route: Control 'IIR1 Band3' doesn't exist - skipping
03-29 19:38:07.624   384   384 E audio_route: Control 'IIR1 Band3' doesn't exist - skipping
03-29 19:38:07.624   384   384 E audio_route: Control 'IIR1 Band3' doesn't exist - skipping
03-29 19:38:07.624   384   384 E audio_route: Control 'IIR1 Band4' doesn't exist - skipping
03-29 19:38:07.624   384   384 E audio_route: Control 'IIR1 Band4' doesn't exist - skipping
03-29 19:38:07.624   384   384 E audio_route: Control 'IIR1 Band4' doesn't exist - skipping
03-29 19:38:07.624   384   384 E audio_route: Control 'IIR1 Band4' doesn't exist - skipping
03-29 19:38:07.624   384   384 E audio_route: Control 'IIR1 Band4' doesn't exist - skipping
03-29 19:38:07.624   384   384 E audio_route: Control 'IIR1 Band5' doesn't exist - skipping
03-29 19:38:07.624   384   384 E audio_route: Control 'IIR1 Band5' doesn't exist - skipping
03-29 19:38:07.624   384   384 E audio_route: Control 'IIR1 Band5' doesn't exist - skipping
03-29 19:38:07.624   384   384 E audio_route: Control 'IIR1 Band5' doesn't exist - skipping
03-29 19:38:07.624   384   384 E audio_route: Control 'IIR1 Band5' doesn't exist - skipping
03-29 19:38:07.624   384   384 E audio_route: Control 'IIR1 Enable Band1' doesn't exist - skipping
03-29 19:38:07.624   384   384 E audio_route: Control 'IIR1 Enable Band2' doesn't exist - skipping
03-29 19:38:07.624   384   384 E audio_route: Control 'IIR1 Enable Band3' doesn't exist - skipping
03-29 19:38:07.624   384   384 E audio_route: Control 'IIR1 Enable Band4' doesn't exist - skipping
03-29 19:38:07.624   384   384 E audio_route: Control 'IIR1 Enable Band5' doesn't exist - skipping
03-29 19:38:07.624   384   384 E audio_route: Control 'IIR1 INP1 Volume' doesn't exist - skipping
03-29 19:38:07.624   384   384 E audio_route: Control 'ANC Slot' doesn't exist - skipping
03-29 19:38:07.625   384   384 E audio_route: Control 'ANC1 FB MUX' doesn't exist - skipping
03-29 19:38:07.625   384   384 E audio_route: Control 'ANC1 MUX' doesn't exist - skipping
03-29 19:38:07.625   384   384 E audio_route: Control 'ANC2 MUX' doesn't exist - skipping
03-29 19:38:07.625   384   384 E audio_route: Control 'ANC Function' doesn't exist - skipping
03-29 19:38:07.625   384   384 E audio_route: Control 'SLIM_0_RX AANC MUX' doesn't exist - skipping
03-29 19:38:07.625   384   384 E audio_route: Control 'AIF1_CAP Mixer SLIM TX3' doesn't exist - skipping
03-29 19:38:07.625   384   384 E audio_route: Control 'AIF1_CAP Mixer SLIM TX4' doesn't exist - skipping
03-29 19:38:07.625   384   384 E audio_route: Control 'Internal BTSCO SampleRate' doesn't exist - skipping
03-29 19:38:07.626   384   384 E audio_route: Control 'MultiMedia5 Mixer QUAT_MI2S_TX' doesn't exist - skipping
03-29 19:38:07.626   384   384 E audio_route: Control 'Internal BTSCO SampleRate' doesn't exist - skipping
03-29 19:38:07.626   384   384 E audio_route: Control 'Internal BTSCO SampleRate' doesn't exist - skipping
03-29 19:38:07.626   384   384 E audio_route: Control 'Internal BTSCO SampleRate' doesn't exist - skipping
03-29 19:38:07.626   384   384 E audio_route: Control 'Internal BTSCO SampleRate' doesn't exist - skipping
03-29 19:38:07.627   384   384 E audio_route: Control 'Internal BTSCO SampleRate' doesn't exist - skipping
03-29 19:38:07.627   384   384 E audio_route: Control 'Internal BTSCO SampleRate' doesn't exist - skipping
03-29 19:38:07.627   384   384 E audio_route: Control 'Internal BTSCO SampleRate' doesn't exist - skipping
03-29 19:38:07.628   384   384 E audio_route: Control 'Internal BTSCO SampleRate' doesn't exist - skipping
03-29 19:38:07.628   384   384 E audio_route: Control 'Internal BTSCO SampleRate' doesn't exist - skipping
03-29 19:38:07.628   384   384 E audio_route: Control 'Internal BTSCO SampleRate' doesn't exist - skipping
03-29 19:38:07.629   384   384 E audio_route: Control 'Internal BTSCO SampleRate' doesn't exist - skipping
03-29 19:38:07.630   384   384 E audio_route: Control 'Internal BTSCO SampleRate' doesn't exist - skipping
03-29 19:38:07.630   384   384 E audio_route: Control 'AIF1_CAP Mixer SLIM TX1' doesn't exist - skipping
03-29 19:38:07.630   384   384 E audio_route: Control 'SLIM_0_TX Channels' doesn't exist - skipping
03-29 19:38:07.630   384   384 E audio_route: Control 'SLIM TX1 MUX' doesn't exist - skipping
03-29 19:38:07.630   384   384 E audio_route: Control 'DEC1 MUX' doesn't exist - skipping
03-29 19:38:07.630   384   384 E audio_route: Control 'IIR1 INP1 MUX' doesn't exist - skipping
03-29 19:38:07.630   384   384 E audio_route: Control 'AIF1_CAP Mixer SLIM TX1' doesn't exist - skipping
03-29 19:38:07.630   384   384 E audio_route: Control 'SLIM_0_TX Channels' doesn't exist - skipping
03-29 19:38:07.630   384   384 E audio_route: Control 'SLIM TX1 MUX' doesn't exist - skipping
03-29 19:38:07.630   384   384 E audio_route: Control 'DEC1 MUX' doesn't exist - skipping
03-29 19:38:07.630   384   384 E audio_route: Control 'IIR1 INP1 MUX' doesn't exist - skipping
03-29 19:38:07.630   384   384 E audio_route: Control 'AIF1_CAP Mixer SLIM TX1' doesn't exist - skipping
03-29 19:38:07.630   384   384 E audio_route: Control 'SLIM_0_TX Channels' doesn't exist - skipping
03-29 19:38:07.631   384   384 E audio_route: Control 'SLIM TX1 MUX' doesn't exist - skipping
03-29 19:38:07.631   384   384 E audio_route: Control 'DEC1 MUX' doesn't exist - skipping
03-29 19:38:07.631   384   384 E audio_route: Control 'IIR1 INP1 MUX' doesn't exist - skipping
03-29 19:38:07.631   384   384 E audio_route: Control 'SLIM RX1 MUX' doesn't exist - skipping
03-29 19:38:07.631   384   384 E audio_route: Control 'SLIM RX2 MUX' doesn't exist - skipping
03-29 19:38:07.631   384   384 E audio_route: Control 'SLIM_0_RX Channels' doesn't exist - skipping
03-29 19:38:07.631   384   384 E audio_route: Control 'RX3 MIX1 INP1' doesn't exist - skipping
03-29 19:38:07.631   384   384 E audio_route: Control 'RX4 MIX1 INP1' doesn't exist - skipping
03-29 19:38:07.631   384   384 E audio_route: Control 'RDAC4 MUX' doesn't exist - skipping
03-29 19:38:07.631   384   384 E audio_route: Control 'RDAC5 MUX' doesn't exist - skipping
03-29 19:38:07.631   384   384 E audio_route: Control 'COMP2 Switch' doesn't exist - skipping
03-29 19:38:07.631   384   384 E audio_route: Control 'LINEOUT1 Volume' doesn't exist - skipping
03-29 19:38:07.631   384   384 E audio_route: Control 'LINEOUT2 Volume' doesn't exist - skipping
03-29 19:38:07.631   384   384 E audio_route: Control 'SLIM RX1 MUX' doesn't exist - skipping
03-29 19:38:07.631   384   384 E audio_route: Control 'SLIM RX2 MUX' doesn't exist - skipping
03-29 19:38:07.631   384   384 E audio_route: Control 'SLIM_0_RX Channels' doesn't exist - skipping
03-29 19:38:07.631   384   384 E audio_route: Control 'RX2 MIX1 INP1' doesn't exist - skipping
03-29 19:38:07.631   384   384 E audio_route: Control 'RX3 MIX1 INP1' doesn't exist - skipping
03-29 19:38:07.631   384   384 E audio_route: Control 'RDAC5 MUX' doesn't exist - skipping
03-29 19:38:07.631   384   384 E audio_route: Control 'RDAC4 MUX' doesn't exist - skipping
03-29 19:38:07.631   384   384 E audio_route: Control 'RDAC3 MUX' doesn't exist - skipping
03-29 19:38:07.632   384   384 E audio_route: Control 'LINEOUT1 Volume' doesn't exist - skipping
03-29 19:38:07.632   384   384 E audio_route: Control 'LINEOUT2 Volume' doesn't exist - skipping
03-29 19:38:07.632   384   384 E audio_route: Control 'IIR1 Enable Band1' doesn't exist - skipping
03-29 19:38:07.632   384   384 E audio_route: Control 'IIR1 Enable Band2' doesn't exist - skipping
03-29 19:38:07.632   384   384 E audio_route: Control 'IIR1 Enable Band3' doesn't exist - skipping
03-29 19:38:07.632   384   384 E audio_route: Control 'IIR1 Enable Band4' doesn't exist - skipping
03-29 19:38:07.632   384   384 E audio_route: Control 'IIR1 Enable Band5' doesn't exist - skipping
03-29 19:38:07.632   384   384 E audio_route: Control 'IIR1 INP1 Volume' doesn't exist - skipping
03-29 19:38:07.632   384   384 E audio_route: Control 'RX1 MIX2 INP1' doesn't exist - skipping
03-29 19:38:07.632   384   384 E audio_route: Control 'RX2 MIX2 INP1' doesn't exist - skipping
03-29 19:38:07.632   384   384 E audio_route: Control 'IIR1 INP1 Volume' doesn't exist - skipping
03-29 19:38:07.632   384   384 E audio_route: Control 'RX1 MIX2 INP1' doesn't exist - skipping
03-29 19:38:07.632   384   384 E audio_route: Control 'SLIM RX1 MUX' doesn't exist - skipping
03-29 19:38:07.632   384   384 E audio_route: Control 'SLIM_0_RX Channels' doesn't exist - skipping
03-29 19:38:07.742   384   384 E audio_route: Control 'RX1 MIX1 INP1' doesn't exist - skipping
03-29 19:38:07.742   384   384 E audio_route: Control 'CLASS_H_DSM MUX' doesn't exist - skipping
03-29 19:38:07.742   384   384 E audio_route: Control 'RDAC3 MUX' doesn't exist - skipping
03-29 19:38:07.743   384   384 E audio_route: Control 'DAC1 Switch' doesn't exist - skipping
03-29 19:38:07.743   384   384 E audio_route: Control 'ANC Function' doesn't exist - skipping
03-29 19:38:07.743   384   384 E audio_route: Control 'SLIM RX1 MUX' doesn't exist - skipping
03-29 19:38:07.743   384   384 E audio_route: Control 'SLIM_0_RX Channels' doesn't exist - skipping
03-29 19:38:07.743   384   384 E audio_route: Control 'RX1 MIX1 INP1' doesn't exist - skipping
03-29 19:38:07.743   384   384 E audio_route: Control 'CLASS_H_DSM MUX' doesn't exist - skipping
03-29 19:38:07.743   384   384 E audio_route: Control 'RDAC3 MUX' doesn't exist - skipping
03-29 19:38:07.743   384   384 E audio_route: Control 'DAC1 Switch' doesn't exist - skipping
03-29 19:38:07.743   384   384 E audio_route: Control 'RX1 Digital Volume' doesn't exist - skipping
03-29 19:38:07.743   384   384 E audio_route: Control 'ANC Slot' doesn't exist - skipping
03-29 19:38:07.743   384   384 E audio_route: Control 'ANC1 MUX' doesn't exist - skipping
03-29 19:38:07.743   384   384 E audio_route: Control 'ADC3 Volume' doesn't exist - skipping
03-29 19:38:07.743   384   384 E audio_route: Control 'ANC1 FB MUX' doesn't exist - skipping
03-29 19:38:07.743   384   384 E audio_route: Control 'SLIM RX1 MUX' doesn't exist - skipping
03-29 19:38:07.743   384   384 E audio_route: Control 'SLIM RX2 MUX' doesn't exist - skipping
03-29 19:38:07.743   384   384 E audio_route: Control 'SLIM_0_RX Channels' doesn't exist - skipping
03-29 19:38:07.743   384   384 E audio_route: Control 'RX1 MIX1 INP1' doesn't exist - skipping
03-29 19:38:07.743   384   384 E audio_route: Control 'RX2 MIX1 INP1' doesn't exist - skipping
03-29 19:38:07.743   384   384 E audio_route: Control 'CLASS_H_DSM MUX' doesn't exist - skipping
03-29 19:38:07.743   384   384 E audio_route: Control 'RDAC3 MUX' doesn't exist - skipping
03-29 19:38:07.744   384   384 E audio_route: Control 'HPHL DAC Switch' doesn't exist - skipping
03-29 19:38:07.744   384   384 E audio_route: Control 'COMP1 Switch' doesn't exist - skipping
03-29 19:38:07.744   384   384 E audio_route: Control 'RX4 MIX1 INP1' doesn't exist - skipping
03-29 19:38:07.744   384   384 E audio_route: Control 'RX4 MIX1 INP2' doesn't exist - skipping
03-29 19:38:07.744   384   384 E audio_route: Control 'SPK DAC Switch' doesn't exist - skipping
03-29 19:38:07.744   384   384 E audio_route: Control 'COMP0 Switch' doesn't exist - skipping
03-29 19:38:07.744   384   384 E audio_route: Control 'RX3 MIX1 INP1' doesn't exist - skipping
03-29 19:38:07.744   384   384 E audio_route: Control 'SPK DAC Switch' doesn't exist - skipping
03-29 19:38:07.744   384   384 E audio_route: Control 'RX3 MIX1 INP1' doesn't exist - skipping
03-29 19:38:07.744   384   384 E audio_route: Control 'RX4 MIX1 INP1' doesn't exist - skipping
03-29 19:38:07.744   384   384 E audio_route: Control 'RDAC4 MUX' doesn't exist - skipping
03-29 19:38:07.744   384   384 E audio_route: Control 'RDAC5 MUX' doesn't exist - skipping
03-29 19:38:07.744   384   384 E audio_route: Control 'COMP2 Switch' doesn't exist - skipping
03-29 19:38:07.744   384   384 E audio_route: Control 'LINEOUT1 Volume' doesn't exist - skipping
03-29 19:38:07.744   384   384 E audio_route: Control 'LINEOUT2 Volume' doesn't exist - skipping
03-29 19:38:07.745   384   384 E audio_route: Control 'RX3 MIX1 INP1' doesn't exist - skipping
03-29 19:38:07.745   384   384 E audio_route: Control 'RDAC5 MUX' doesn't exist - skipping
03-29 19:38:07.745   384   384 E audio_route: Control 'RDAC4 MUX' doesn't exist - skipping
03-29 19:38:07.745   384   384 E audio_route: Control 'LINEOUT1 Volume' doesn't exist - skipping
03-29 19:38:07.745   384   384 E audio_route: Control 'LINEOUT2 Volume' doesn't exist - skipping
03-29 19:38:07.745   384   384 E audio_route: Control 'ANC Function' doesn't exist - skipping
03-29 19:38:07.745   384   384 E audio_route: Control 'ANC Slot' doesn't exist - skipping
03-29 19:38:07.745   384   384 E audio_route: Control 'ANC1 FB MUX' doesn't exist - skipping
03-29 19:38:07.745   384   384 E audio_route: Control 'ANC1 MUX' doesn't exist - skipping
03-29 19:38:07.745   384   384 E audio_route: Control 'ANC2 MUX' doesn't exist - skipping
03-29 19:38:07.745   384   384 E audio_route: Control 'ADC5 Volume' doesn't exist - skipping
03-29 19:38:07.745   384   384 E audio_route: Control 'ADC4 Volume' doesn't exist - skipping
03-29 19:38:07.745   384   384 E audio_route: Control 'COMP1 Switch' doesn't exist - skipping
03-29 19:38:07.745   384   384 E audio_route: Control 'HPHL Volume' doesn't exist - skipping
03-29 19:38:07.752   384   384 E audio_route: Control 'HPHR Volume' doesn't exist - skipping
03-29 19:38:07.752   384   384 E audio_route: Control 'RX4 MIX1 INP1' doesn't exist - skipping
03-29 19:38:07.752   384   384 E audio_route: Control 'RX4 MIX1 INP2' doesn't exist - skipping
03-29 19:38:07.752   384   384 E audio_route: Control 'SPK DAC Switch' doesn't exist - skipping
03-29 19:38:07.753   384   384 E audio_route: Control 'COMP0 Switch' doesn't exist - skipping
03-29 19:38:07.753   384   384 E audio_route: Control 'RX3 MIX1 INP1' doesn't exist - skipping
03-29 19:38:07.753   384   384 E audio_route: Control 'RX4 MIX1 INP1' doesn't exist - skipping
03-29 19:38:07.753   384   384 E audio_route: Control 'RDAC5 MUX' doesn't exist - skipping
03-29 19:38:07.753   384   384 E audio_route: Control 'COMP2 Switch' doesn't exist - skipping
03-29 19:38:07.753   384   384 E audio_route: Control 'LINEOUT1 Volume' doesn't exist - skipping
03-29 19:38:07.753   384   384 E audio_route: Control 'LINEOUT2 Volume' doesn't exist - skipping
03-29 19:38:07.753   384   384 E audio_route: Control 'ANC Slot' doesn't exist - skipping
03-29 19:38:07.753   384   384 E audio_route: Control 'RX4 MIX1 INP1' doesn't exist - skipping
03-29 19:38:07.753   384   384 E audio_route: Control 'RX4 MIX1 INP2' doesn't exist - skipping
03-29 19:38:07.753   384   384 E audio_route: Control 'SPK DAC Switch' doesn't exist - skipping
03-29 19:38:07.753   384   384 E audio_route: Control 'COMP0 Switch' doesn't exist - skipping
03-29 19:38:07.753   384   384 E audio_route: Control 'RX3 MIX1 INP1' doesn't exist - skipping
03-29 19:38:07.753   384   384 E audio_route: Control 'RX4 MIX1 INP1' doesn't exist - skipping
03-29 19:38:07.753   384   384 E audio_route: Control 'RDAC4 MUX' doesn't exist - skipping
03-29 19:38:07.753   384   384 E audio_route: Control 'RDAC5 MUX' doesn't exist - skipping
03-29 19:38:07.753   384   384 E audio_route: Control 'COMP2 Switch' doesn't exist - skipping
03-29 19:38:07.753   384   384 E audio_route: Control 'LINEOUT1 Volume' doesn't exist - skipping
03-29 19:38:07.753   384   384 E audio_route: Control 'LINEOUT2 Volume' doesn't exist - skipping
03-29 19:38:07.754   384   384 E audio_route: Control 'AIF1_CAP Mixer SLIM TX1' doesn't exist - skipping
03-29 19:38:07.754   384   384 E audio_route: Control 'AIF1_CAP Mixer SLIM TX2' doesn't exist - skipping
03-29 19:38:07.754   384   384 E audio_route: Control 'AIF1_CAP Mixer SLIM TX3' doesn't exist - skipping
03-29 19:38:07.754   384   384 E audio_route: Control 'SLIM_0_TX Channels' doesn't exist - skipping
03-29 19:38:07.754   384   384 E audio_route: Control 'SLIM_0_RX AANC MUX' doesn't exist - skipping
03-29 19:38:07.754   384   384 E audio_route: Control 'SLIM TX1 MUX' doesn't exist - skipping
03-29 19:38:07.754   384   384 E audio_route: Control 'DEC1 MUX' doesn't exist - skipping
03-29 19:38:07.754   384   384 E audio_route: Control 'ADC1 Volume' doesn't exist - skipping
03-29 19:38:07.754   384   384 E audio_route: Control 'SLIM TX2 MUX' doesn't exist - skipping
03-29 19:38:07.754   384   384 E audio_route: Control 'DEC2 MUX' doesn't exist - skipping
03-29 19:38:07.754   384   384 E audio_route: Control 'ADC3 Volume' doesn't exist - skipping
03-29 19:38:07.754   384   384 E audio_route: Control 'SLIM TX3 MUX' doesn't exist - skipping
03-29 19:38:07.754   384   384 E audio_route: Control 'DEC3 MUX' doesn't exist - skipping
03-29 19:38:07.754   384   384 E audio_route: Control 'ADC4 Volume' doesn't exist - skipping
03-29 19:38:07.754   384   384 E audio_route: Control 'IIR1 INP1 MUX' doesn't exist - skipping
03-29 19:38:07.754   384   384 E audio_route: Control 'AIF1_CAP Mixer SLIM TX1' doesn't exist - skipping
03-29 19:38:07.754   384   384 E audio_route: Control 'AIF1_CAP Mixer SLIM TX2' doesn't exist - skipping
03-29 19:38:07.755   384   384 E audio_route: Control 'SLIM TX1 MUX' doesn't exist - skipping
03-29 19:38:07.755   384   384 E audio_route: Control 'DEC1 MUX' doesn't exist - skipping
03-29 19:38:07.755   384   384 E audio_route: Control 'SLIM TX2 MUX' doesn't exist - skipping
03-29 19:38:07.755   384   384 E audio_route: Control 'DEC2 MUX' doesn't exist - skipping
03-29 19:38:07.755   384   384 E audio_route: Control 'SLIM_0_TX Channels' doesn't exist - skipping
03-29 19:38:07.755   384   384 E audio_route: Control 'IIR1 INP1 MUX' doesn't exist - skipping
03-29 19:38:07.755   384   384 E audio_route: Control 'AIF1_CAP Mixer SLIM TX1' doesn't exist - skipping
03-29 19:38:07.755   384   384 E audio_route: Control 'AIF1_CAP Mixer SLIM TX2' doesn't exist - skipping
03-29 19:38:07.755   384   384 E audio_route: Control 'AIF1_CAP Mixer SLIM TX3' doesn't exist - skipping
03-29 19:38:07.755   384   384 E audio_route: Control 'AIF1_CAP Mixer SLIM TX4' doesn't exist - skipping
03-29 19:38:07.755   384   384 E audio_route: Control 'SLIM_0_TX Channels' doesn't exist - skipping
03-29 19:38:07.755   384   384 E audio_route: Control 'SLIM TX1 MUX' doesn't exist - skipping
03-29 19:38:07.755   384   384 E audio_route: Control 'DEC1 MUX' doesn't exist - skipping
03-29 19:38:07.755   384   384 E audio_route: Control 'SLIM TX2 MUX' doesn't exist - skipping
03-29 19:38:07.755   384   384 E audio_route: Control 'DEC2 MUX' doesn't exist - skipping
03-29 19:38:07.755   384   384 E audio_route: Control 'SLIM TX3 MUX' doesn't exist - skipping
03-29 19:38:07.756   384   384 E audio_route: Control 'DEC3 MUX' doesn't exist - skipping
03-29 19:38:07.756   384   384 E audio_route: Control 'SLIM TX4 MUX' doesn't exist - skipping
03-29 19:38:07.756   384   384 E audio_route: Control 'DEC4 MUX' doesn't exist - skipping
03-29 19:38:07.756   384   384 E audio_route: Control 'SLIM RX1 MUX' doesn't exist - skipping
03-29 19:38:07.756   384   384 E audio_route: Control 'SLIM_0_RX Channels' doesn't exist - skipping
03-29 19:38:07.756   384   384 E audio_route: Control 'RX1 MIX1 INP1' doesn't exist - skipping
03-29 19:38:07.756   384   384 E audio_route: Control 'CLASS_H_DSM MUX' doesn't exist - skipping
03-29 19:38:07.756   384   384 E audio_route: Control 'RDAC3 MUX' doesn't exist - skipping
03-29 19:38:07.756   384   384 E audio_route: Control 'HPHL DAC Switch' doesn't exist - skipping
03-29 19:38:07.756   384   384 E audio_route: Control 'COMP1 Switch' doesn't exist - skipping
03-29 19:38:07.756   384   384 E audio_route: Control 'EAR PA Gain' doesn't exist - skipping
03-29 19:38:07.757   384   384 D msm8974_platform: platform_init: Opened sound card:0
03-29 19:38:07.798   384   384 E ACDB-LOADER: ACDB -> No .acdb files found in /etc!
03-29 19:38:07.798   384   384 E ACDB-LOADER: ACDB -> Error: Could not open any directory! Failed for /etc
03-29 19:38:07.798   384   384 E ACDB-LOADER: ACDB -> Could not load .acdb files!
03-29 19:38:07.804   384   384 E ext_speaker: open_speaker_bundle: DLOPEN failed for /system/lib/soundfx/libspeakerbundle.so
03-29 19:38:08.068   384   384 D tfa98xx : [NXP] exTfa98xx_calibration ENTER
03-29 19:38:08.071   384   384 D tfa98xx : Loaded container file calibration Tfa98xx.cnt.
03-29 19:38:08.148   384   384 D         : tfa98xxCalibrationEx: status: 0x885f, err : 0, line: 499
03-29 19:38:08.151   384   384 D         : tfa98xxCalibrationEx: status: 0x885f, err : 0, line: 515, re25: 8.00
03-29 19:38:08.151   384   384 D         : DSP has calibrated before, 8.00 ohm
03-29 19:38:08.215   384   384 D         : tfa98xxCalibrationEx: re25 = 8.00, line = 596
03-29 19:38:08.220   384   384 D tfa98xx : handles 0
03-29 19:38:08.220   384   384 D tfa98xx : [NXP] exTfa98xx status reg is 0xd05f
03-29 19:38:08.220   384   384 D tfa98xx : status checking ok
03-29 19:38:08.279   384   384 D         : FUNC: tfaRunMuteAmplifier, LINE: 633 status = 0xc05f
03-29 19:38:08.280   384   384 D tfa98xx : [NXP] exTfa98xx_calibration END Calibration is done!
03-29 19:38:08.339   384   384 D audio_hw_primary: out_set_parameters: enter: usecase(0: deep-buffer-playback) kvpairs: routing=2;
03-29 19:38:08.406   384   427 D audio_hw_primary: select_devices: out_snd_device(2: speaker) in_snd_device(0: none)
03-29 19:38:08.406   384   427 D msm8974_platform: platform_send_audio_calibration: sending audio calibration for snd_device(2) acdb_id(15)
03-29 19:38:08.406   384   427 E ACDB-LOADER: ACDB -> Not correctly initialized!
03-29 19:38:08.406   384   427 D audio_hw_primary: enable_snd_device: snd_device(2: speaker)
03-29 19:38:08.406   384   427 D audio_hw_primary: enable_audio_route: apply and update mixer path: deep-buffer-playback
03-29 19:38:08.839   384   427 D tfa98xx : exTfa98xx_speakeron: mode 0, setmode 0
03-29 19:38:08.839   384   427 D tfa98xx : Loaded container file speaker_on Tfa98xx.cnt.
03-29 19:38:08.839   384   427 D tfa98xx : tfa start with volume 0.
03-29 19:38:08.843   384   427 D tfa98xx : start use case success
03-29 19:38:09.049   384   427 D tfa98xx : handles 0
03-29 19:38:09.049   384   427 D tfa98xx : [NXP] exTfa98xx status reg is 0xd05f
03-29 19:38:09.049   384   427 D tfa98xx : status checking ok
03-29 19:38:09.049   384   427 D tfa98xx : exTfa98xx start use case successfully
03-29 19:38:10.876   393   393 I qdutils : PartialUpdate status: Disabled
03-29 19:38:10.876   393   393 I qdutils : Left Align: 0
03-29 19:38:10.876   393   393 I qdutils : Width Align: 0
03-29 19:38:10.876   393   393 I qdutils : Top Align: 0
03-29 19:38:10.876   393   393 I qdutils : Height Align: 0
03-29 19:38:10.876   393   393 I qdutils : Min ROI Width: 0
03-29 19:38:10.876   393   393 I qdutils : Min ROI Height: 0
03-29 19:38:10.876   393   393 I qdutils : Needs ROI Merge: 0
03-29 19:38:10.923   393   393 W Adreno-GSL: <gsl_ldd_control:466>: ioctl fd 7 code 0xc0100940 (IOCTL_KGSL_SYNCSOURCE_CREATE) failed: errno 25 Unknown ioctl code
03-29 19:38:10.953   393   393 I qdhwcomposer: Initializing Qualcomm Hardware Composer
03-29 19:38:10.953   393   393 I qdhwcomposer: MDP version: 500
03-29 19:38:10.954   393   393 I qdhwcomposer: hwc_registerProcs
03-29 19:38:10.954   393   393 I qdhwcomposer: Initializing UEVENT Thread
03-29 19:38:10.955   393   393 I qdhwcomposer: Initializing VSYNC Thread
03-29 19:38:10.955   393   393 E cutils-trace: Error opening trace file: Permission denied (13)
03-29 19:38:10.956   393   432 I qdhwcomposer: vsync_loop: Reading event 0 for dpy 0 from /sys/class/graphics/fb0/vsync_event
03-29 19:38:10.956   393   432 I qdhwcomposer: vsync_loop: Reading event 1 for dpy 0 from /sys/class/graphics/fb0/show_blank_event
03-29 19:38:10.956   393   432 I qdhwcomposer: vsync_loop: Reading event 0 for dpy 1 from /sys/class/graphics/fb-1/vsync_event
03-29 19:38:10.956   393   432 I qdhwcomposer: vsync_loop: Reading event 1 for dpy 1 from /sys/class/graphics/fb-1/show_blank_event
03-29 19:38:10.973   393   393 I Adreno-EGL: <qeglDrvAPI_eglInitialize:379>: QUALCOMM Build: 09/28/15, cb423fe, Ib3272dc427
03-29 19:38:11.997   393   443 D qdutils : DEBUG_CALC_FPS: 0
03-29 19:38:11.999   393   443 D qdutils : period: 10
03-29 19:38:11.999   393   443 D qdutils : ignorethresh_us: 10
03-29 19:38:12.051   393   393 E libEGL  : validate_display:255 error 3008 (EGL_BAD_DISPLAY)
03-29 19:38:13.794   384   427 D audio_hw_primary: disable_audio_route: reset and update mixer path: deep-buffer-playback
03-29 19:38:13.795   384   427 D audio_hw_primary: disable_snd_device: snd_device(2: speaker)
03-29 19:38:14.050   384   427 D         : FUNC: tfaRunMuteAmplifier, LINE: 633 status = 0xc05f
03-29 19:38:14.050   384   427 D tfa98xx : device goes to stop success
03-29 19:38:19.834   460   460 E libEGL  : validate_display:255 error 3008 (EGL_BAD_DISPLAY)
03-29 19:38:20.058   460   460 D libEGL  : loaded /vendor/lib/egl/libEGL_adreno.so
03-29 19:38:20.059   460   460 D libEGL  : loaded /vendor/lib/egl/libGLESv1_CM_adreno.so
03-29 19:38:21.017   460   460 D libEGL  : loaded /vendor/lib/egl/libGLESv2_adreno.so
03-29 19:38:21.809   393   432 I qdhwcomposer: handle_blank_event: dpy:0 panel power state: 0
03-29 19:38:21.811   393   432 I qdhwcomposer: handle_blank_event: dpy:0 panel power state: 0
03-29 19:38:21.912   460   460 W Adreno-GSL: <gsl_ldd_control:466>: ioctl fd 8 code 0xc0100940 (IOCTL_KGSL_SYNCSOURCE_CREATE) failed: errno 25 Unknown ioctl code
03-29 19:38:21.912   460   460 I Adreno-EGL: <qeglDrvAPI_eglInitialize:379>: QUALCOMM Build: 09/28/15, cb423fe, Ib3272dc427
03-29 19:38:50.720   393   432 I qdhwcomposer: handle_blank_event: dpy:0 panel power state: 1
03-29 19:38:50.767   393   432 I qdhwcomposer: handle_blank_event: dpy:0 panel power state: 1
03-29 19:38:56.441   393   432 I qdhwcomposer: handle_blank_event: dpy:0 panel power state: 0
03-29 19:38:56.449   393   432 I qdhwcomposer: handle_blank_event: dpy:0 panel power state: 0
03-29 19:39:06.893   393   432 I qdhwcomposer: handle_blank_event: dpy:0 panel power state: 1
03-29 19:39:06.984   393   432 I qdhwcomposer: handle_blank_event: dpy:0 panel power state: 1
03-29 19:39:19.856   393   432 I qdhwcomposer: handle_blank_event: dpy:0 panel power state: 0
03-29 19:39:19.861   393   432 I qdhwcomposer: handle_blank_event: dpy:0 panel power state: 0
^C
sh-4.4# 

