03-29 19:24:25.147   357   357 I strace  : unlinkat(AT_FDCWD, "/dev/socket/shddata", 0) = -1 ENOENT (No such file or directory)
03-29 19:24:25.147   357   357 I strace  : setsockopt(5, SOL_SOCKET, SO_REUSEADDR, [1], 4) = 0
03-29 19:24:25.147   357   357 I strace  : bind(5, {sa_family=AF_UNIX, sun_path="/dev/socket/shddata"}, 22) = 0
03-29 19:24:25.147   357   357 I strace  : listen(5, 4)                            = 0
03-29 19:24:25.174   357   357 I strace  : openat(AT_FDCWD, "/dev/ttyHSL1", O_RDWR|O_NOCTTY|O_LARGEFILE) = 6
03-29 19:24:25.174   357   357 I strace  : ioctl(6, TCFLSH, TCIOFLUSH)             = 0
03-29 19:24:25.174   357   357 I strace  : ioctl(6, TCGETS, {B9600 opost isig icanon echo ...}) = 0
03-29 19:24:25.175   357   357 I strace  : ioctl(6, SNDCTL_TMR_START or TCSETS, {B9600 -opost -isig -icanon -echo ...}) = 0
03-29 19:24:25.175   357   357 I strace  : ioctl(6, SNDCTL_TMR_START or TCSETS, {B115200 -opost -isig -icanon -echo ...}) = 0
03-29 19:24:25.175   357   357 I strace  : ioctl(6, TCFLSH, TCIOFLUSH)             = 0
03-29 19:24:25.175   357   357 I strace  : write(6, "\1\0\17\0\255c~", 7)          = 7
03-29 19:24:25.184   357   357 I strace  : pselect6(7, [6], NULL, NULL, {tv_sec=0, tv_nsec=200000000}, NULL) = 1 (in [6], left {tv_sec=0, tv_nsec=191502135})
03-29 19:24:25.184   357   357 I strace  : read(6, "\1\1\17\00011.900.12.01.00\0\0\0\0\0\0\0\0\0\0\0\0\0"..., 1500) = 56
03-29 19:24:25.184   357   357 I strace  : getuid32()                              = 0
03-29 19:24:25.185   365   365 D update_mcu: get mcu current version:11.900.12.01.00, length:15.
03-29 19:24:25.185   357   357 I strace  : clock_gettime(CLOCK_REALTIME, {tv_sec=1585509865, tv_nsec=185055572}) = 0
03-29 19:24:25.185   357   357 I strace  : writev(3, [{iov_base="\0m\1\351\365\200^T\271\7\v", iov_len=11}, {iov_base="\3", iov_len=1}, {iov_base="update_mcu\0", iov_len=11}, {iov_base="get mcu current version:11.900.1"..., iov_len=53}], 4) = 76
03-29 19:24:25.187   357   357 I strace  : close(6)                                = 0
03-29 19:24:25.187   357   357 I strace  : openat(AT_FDCWD, "/system/bin/mcu.bin", O_RDONLY|O_LARGEFILE) = 6
03-29 19:24:25.188   357   357 I strace  : fstat64(6, {st_mode=S_IFREG|0755, st_size=197463, ...}) = 0
03-29 19:24:25.190   357   357 I strace  : read(6, "\377\252\252\377\340\0\0\0w\2\3\0\3468\0\0\0\0\0\0\0\0\0\0\0\0\0\0\0\0\0\0"..., 4096) = 4096
03-29 19:24:25.190   357   357 I strace  : close(6)                                = 0
03-29 19:24:25.190   357   357 I strace  : getuid32()                              = 0
03-29 19:24:25.191   365   365 E update_mcu: mcu version same(11.900.12.01.00), do not need update!
03-29 19:24:25.191   357   357 I strace  : clock_gettime(CLOCK_REALTIME, {tv_sec=1585509865, tv_nsec=191010311}) = 0
03-29 19:24:25.191   357   357 I strace  : writev(3, [{iov_base="\0m\1\351\365\200^\7\226b\v", iov_len=11}, {iov_base="\6", iov_len=1}, {iov_base="update_mcu\0", iov_len=11}, {iov_base="mcu version same(11.900.12.01.00"..., iov_len=56}], 4) = 79
03-29 19:24:25.191   357   357 I strace  : openat(AT_FDCWD, "/proc/mcu/gpio_mcu_boot1", O_WRONLY|O_LARGEFILE) = 6
03-29 19:24:25.195   357   357 I strace  : write(6, "0", 1)                        = 1
03-29 19:24:25.195   357   357 I strace  : close(6)                                = 0
03-29 19:24:25.195   357   357 I strace  : openat(AT_FDCWD, "/proc/mcu/gpio_mcu_boot0", O_WRONLY|O_LARGEFILE) = 6
03-29 19:24:25.199   357   357 I strace  : write(6, "0", 1)                        = 1
03-29 19:24:25.207   357   357 I strace  : close(6)                                = 0
03-29 19:24:25.208   357   357 I strace  : openat(AT_FDCWD, "/proc/mcu/gpio_mcu_reset", O_WRONLY|O_LARGEFILE) = 6
03-29 19:24:25.211   357   357 I strace  : write(6, "0", 1)                        = 1
03-29 19:24:25.220   357   357 I strace  : close(6)                                = 0
03-29 19:24:25.232   357   357 I strace  : nanosleep({tv_sec=0, tv_nsec=12000000}, NULL) = 0
03-29 19:24:25.233   357   357 I strace  : openat(AT_FDCWD, "/proc/mcu/gpio_mcu_reset", O_WRONLY|O_LARGEFILE) = 6
03-29 19:24:25.236   357   357 I strace  : write(6, "1", 1)                        = 1
03-29 19:24:25.243   357   357 I strace  : close(6)                                = 0
03-29 19:24:26.158   377   377 D SensorHal: Loaded library from /system/lib/libsensorhub.so
03-29 19:24:26.158   377   377 D SensorHal: sensors_poll_context_t get in !
03-29 19:24:26.158   377   377 D SensorHal: sensorsocket_init_timeout ok.
03-29 19:24:27.243   357   357 I strace  : nanosleep({tv_sec=2, tv_nsec=0}, 0xbed8ccb0) = 0
03-29 19:24:27.245   357   357 I strace  : openat(AT_FDCWD, "/dev/ttyHSL1", O_RDWR|O_NOCTTY|O_LARGEFILE) = 6
03-29 19:24:27.246   357   357 I strace  : ioctl(6, TCFLSH, TCIOFLUSH)             = 0
03-29 19:24:27.246   357   357 I strace  : ioctl(6, TCGETS, {B115200 -opost -isig -icanon -echo ...}) = 0
03-29 19:24:27.246   357   357 I strace  : ioctl(6, SNDCTL_TMR_START or TCSETS, {B115200 -opost -isig -icanon -echo ...}) = 0
03-29 19:24:27.246   357   357 I strace  : ioctl(6, SNDCTL_TMR_START or TCSETS, {B115200 -opost -isig -icanon -echo ...}) = 0
03-29 19:24:27.246   357   357 I strace  : ioctl(6, TCFLSH, TCIOFLUSH)             = 0
03-29 19:24:27.247   357   357 I strace  : mmap2(NULL, 1044480, PROT_READ|PROT_WRITE, MAP_PRIVATE|MAP_ANONYMOUS|MAP_NORESERVE, -1, 0) = 0xb6b81000
03-29 19:24:27.247   357   357 I strace  : mprotect(0xb6b81000, 4096, PROT_NONE)   = 0
03-29 19:24:27.247   357   357 I strace  : clone(child_stack=0xb6c7f928, flags=CLONE_VM|CLONE_FS|CLONE_FILES|CLONE_SIGHAND|CLONE_THREAD|CLONE_SYSVSEM|CLONE_SETTLS|CLONE_PARENT_SETTID|CLONE_CHILD_CLEARTID, parent_tidptr=0xb6c7f938, tls=0xb6c7f978, child_tidptr=0xb6c7f938) = 382
03-29 19:24:27.247   357   357 I strace  : mmap2(NULL, 1044480, PROT_READ|PROT_WRITE, MAP_PRIVATE|MAP_ANONYMOUS|MAP_NORESERVE, -1, 0) = 0xb6a82000
03-29 19:24:27.248   357   357 I strace  : mprotect(0xb6a82000, 4096, PROT_NONE)   = 0
03-29 19:24:27.248   357   357 I strace  : clone(child_stack=0xb6b80928, flags=CLONE_VM|CLONE_FS|CLONE_FILES|CLONE_SIGHAND|CLONE_THREAD|CLONE_SYSVSEM|CLONE_SETTLS|CLONE_PARENT_SETTID|CLONE_CHILD_CLEARTID, parent_tidptr=0xb6b80938, tls=0xb6b80978, child_tidptr=0xb6b80938) = 383
03-29 19:24:27.248   357   357 I strace  : getuid32()                              = 0
03-29 19:24:27.248   365   365 D shd     : Start sensorhub daemon, control server create ok
03-29 19:24:27.248   357   357 I strace  : clock_gettime(CLOCK_REALTIME, {tv_sec=1585509867, tv_nsec=248553019}) = 0
03-29 19:24:27.248   357   357 I strace  : writev(3, [{iov_base="\0m\1\353\365\200^;\236\320\16", iov_len=11}, {iov_base="\3", iov_len=1}, {iov_base="shd\0", iov_len=4}, {iov_base="Start sensorhub daemon, control "..., iov_len=49}], 4) = 65
03-29 19:24:27.249   357   357 I strace  : mmap2(NULL, 1044480, PROT_READ|PROT_WRITE, MAP_PRIVATE|MAP_ANONYMOUS|MAP_NORESERVE, -1, 0) = 0xb6983000
03-29 19:24:27.249   357   357 I strace  : mprotect(0xb6983000, 4096, PROT_NONE)   = 0
03-29 19:24:27.249   357   357 I strace  : clone(child_stack=0xb6a81928, flags=CLONE_VM|CLONE_FS|CLONE_FILES|CLONE_SIGHAND|CLONE_THREAD|CLONE_SYSVSEM|CLONE_SETTLS|CLONE_PARENT_SETTID|CLONE_CHILD_CLEARTID, parent_tidptr=0xb6a81938, tls=0xb6a81978, child_tidptr=0xb6a81938) = 384
03-29 19:24:27.249   357   357 I strace  : getuid32()                              = 0
03-29 19:24:27.249   365   365 D shd     : Send Handshake to sensorhub
03-29 19:24:27.249   357   357 I strace  : clock_gettime(CLOCK_REALTIME, {tv_sec=1585509867, tv_nsec=249669842}) = 0
03-29 19:24:27.250   357   357 I strace  : writev(3, [{iov_base="\0m\1\353\365\200^\322\250\341\16", iov_len=11}, {iov_base="\3", iov_len=1}, {iov_base="shd\0", iov_len=4}, {iov_base="Send Handshake to sensorhub\0", iov_len=28}], 4) = 44
03-29 19:24:27.250   357   357 I strace  : openat(AT_FDCWD, "/proc/mcusleep/sleep", O_WRONLY|O_LARGEFILE) = 7
03-29 19:24:27.250   357   357 I strace  : write(7, "0", 1)                        = 1
03-29 19:24:27.250   357   357 I strace  : close(7)                                = 0
03-29 19:24:27.250   357   357 I strace  : write(6, "\0\0\0\314\306~", 6)          = 6
03-29 19:24:27.251   357   357 I strace  : gettimeofday({tv_sec=1585509867, tv_usec=251180}, NULL) = 0
03-29 19:24:27.251   357   357 I strace  : clock_gettime(CLOCK_REALTIME, {tv_sec=1585509867, tv_nsec=251354842}) = 0
03-29 19:24:27.254   357   357 I strace  : futex(0xbed8ce4c, FUTEX_WAIT_PRIVATE, 0, {tv_sec=1, tv_nsec=748645158}Start server
03-29 19:24:27.254   357   357 I strace  : select event comming = 1 max_fd =5
03-29 19:24:27.254   357   357 I strace  : Start server
03-29 19:24:27.254   365   384 D shd     : OnEvent Receive Mcu Control response
03-29 19:24:27.254   357   357 I strace  : ) = 0
03-29 19:24:27.255   357   357 I strace  : getuid32()                              = 0
03-29 19:24:27.255   365   365 D shd     : Handshake OK
03-29 19:24:27.255   357   357 I strace  : clock_gettime(CLOCK_REALTIME, {tv_sec=1585509867, tv_nsec=255204269}) = 0
03-29 19:24:27.255   357   357 I strace  : writev(3, [{iov_base="\0m\1\353\365\200^\255\0336\17", iov_len=11}, {iov_base="\3", iov_len=1}, {iov_base="shd\0", iov_len=4}, {iov_base="Handshake OK\0", iov_len=13}], 4) = 29
03-29 19:24:27.255   357   357 I strace  : getuid32()                              = 0
03-29 19:24:27.255   365   365 D shd     : Set parameter
03-29 19:24:27.255   357   357 I strace  : clock_gettime(CLOCK_REALTIME, {tv_sec=1585509867, tv_nsec=255881352}) = 0
03-29 19:24:27.256   357   357 I strace  : writev(3, [{iov_base="\0m\1\353\365\200^\210p@\17", iov_len=11}, {iov_base="\3", iov_len=1}, {iov_base="shd\0", iov_len=4}, {iov_base="Set parameter\0", iov_len=14}], 4) = 30
03-29 19:24:27.256   357   357 I strace  : openat(AT_FDCWD, "/proc/mcusleep/sleep", O_WRONLY|O_LARGEFILE) = 8
03-29 19:24:27.256   357   357 I strace  : write(8, "0", 1)                        = 1
03-29 19:24:27.256   357   357 I strace  : close(8)                                = 0
03-29 19:24:27.256   357   357 I strace  : write(6, "\1\0\20\23\0\0\0\0\0\0\200\t~", 13) = 13
03-29 19:24:27.257   357   357 I strace  : gettimeofday({tv_sec=1585509867, tv_usec=257023}, NULL) = 0
03-29 19:24:27.257   357   357 I strace  : clock_gettime(CLOCK_REALTIME, {tv_sec=1585509867, tv_nsec=257191404}) = 0
03-29 19:24:27.259   357   357 I strace  : futex(0xbed8ce4c, FUTEX_WAIT_PRIVATE, 4, {tv_sec=9, tv_nsec=742808596}select event comming = 1 max_fd =4
03-29 19:24:27.259   357   357 I strace  : select event comming = 1 max_fd =8
03-29 19:24:27.259   357   357 I strace  : select event comming = 1 max_fd =10
03-29 19:24:27.263   357   357 I strace  : ) = 0
03-29 19:24:27.263   357   357 I strace  : openat(AT_FDCWD, "/proc/mcusleep/sleep", O_WRONLY|O_LARGEFILE) = 11
03-29 19:24:27.263   357   357 I strace  : write(11, "0", 1)                       = 1
03-29 19:24:27.264   357   357 I strace  : close(11)                               = 0
03-29 19:24:27.264   357   357 I strace  : write(6, "\1\0\26\23\0\0\0\0\n\361~", 11) = 11
03-29 19:24:27.264   357   357 I strace  : gettimeofday({tv_sec=1585509867, tv_usec=264332}, NULL) = 0
03-29 19:24:27.264   357   357 I strace  : clock_gettime(CLOCK_REALTIME, {tv_sec=1585509867, tv_nsec=264499477}) = 0
03-29 19:24:27.270   357   357 I strace  : futex(0xbed8ce4c, FUTEX_WAIT_PRIVATE, 8, {tv_sec=9, tv_nsec=735500523}) = 0
03-29 19:24:27.270   357   357 I strace  : openat(AT_FDCWD, "/proc/mcusleep/sleep", O_WRONLY|O_LARGEFILE) = 11
03-29 19:24:27.270   357   357 I strace  : write(11, "0", 1)                       = 1
03-29 19:24:27.271   357   357 I strace  : close(11)                               = 0
03-29 19:24:27.271   357   357 I strace  : write(6, "\1\0\27\23\5\0\0\0v\233~", 11) = 11
03-29 19:24:27.271   357   357 I strace  : gettimeofday({tv_sec=1585509867, tv_usec=271409}, NULL) = 0
03-29 19:24:27.271   357   357 I strace  : clock_gettime(CLOCK_REALTIME, {tv_sec=1585509867, tv_nsec=271575102}) = 0
03-29 19:24:27.290   357   357 I strace  : futex(0xbed8ce4c, FUTEX_WAIT_PRIVATE, 12, {tv_sec=9, tv_nsec=728424898}) = 0
03-29 19:24:27.290   357   357 I strace  : openat(AT_FDCWD, "/proc/mcusleep/sleep", O_WRONLY|O_LARGEFILE) = 11
03-29 19:24:27.290   357   357 I strace  : write(11, "0", 1)                       = 1
03-29 19:24:27.290   357   357 I strace  : close(11)                               = 0
03-29 19:24:27.291   357   357 I strace  : write(6, "\1\0\21\23\0\0\0\0\333\355~", 11) = 11
03-29 19:24:27.291   357   357 I strace  : gettimeofday({tv_sec=1585509867, tv_usec=291079}, NULL) = 0
03-29 19:24:27.291   357   357 I strace  : clock_gettime(CLOCK_REALTIME, {tv_sec=1585509867, tv_nsec=291246925}) = 0
03-29 19:24:27.296   357   357 I strace  : futex(0xbed8ce4c, FUTEX_WAIT_PRIVATE, 16, {tv_sec=9, tv_nsec=708753075}) = 0
03-29 19:24:27.296   357   357 I strace  : getuid32()                              = 0
03-29 19:24:27.297   365   365 D shd     : Set parameter OK, start loop
03-29 19:24:27.297   357   357 I strace  : clock_gettime(CLOCK_REALTIME, {tv_sec=1585509867, tv_nsec=297000258}) = 0
03-29 19:24:27.297   357   357 I strace  : writev(3, [{iov_base="\0m\1\353\365\200^B\335\263\21", iov_len=11}, {iov_base="\3", iov_len=1}, {iov_base="shd\0", iov_len=4}, {iov_base="Set parameter OK, start loop\0", iov_len=29}], 4) = 45
03-29 19:24:27.297   357   357 I strace  : openat(AT_FDCWD, "/proc/mcusleep/sleep", O_WRONLY|O_LARGEFILE) = 11
03-29 19:24:27.297   357   357 I strace  : write(11, "0", 1)                       = 1
03-29 19:24:27.297   357   357 I strace  : close(11)                               = 0
03-29 19:24:27.298   357   357 I strace  : write(6, "\1\0\20\"\344w~", 7)          = 7
03-29 19:24:27.298   357   357 I strace  : gettimeofday({tv_sec=1585509867, tv_usec=298152}, NULL) = 0
03-29 19:24:27.298   357   357 I strace  : clock_gettime(CLOCK_REALTIME, {tv_sec=1585509867, tv_nsec=298319998}) = 0
03-29 19:24:27.307   357   357 I strace  : futex(0xbed8ce4c, FUTEX_WAIT_PRIVATE, 20, {tv_sec=9, tv_nsec=701680002}) = 0
03-29 19:24:27.307   357   357 I strace  : getuid32()                              = 0
03-29 19:24:27.307   365   365 E shd     : Sensor GetInfo :LSM6DS3,STMicroelectronic
03-29 19:24:27.307   357   357 I strace  : clock_gettime(CLOCK_REALTIME, {tv_sec=1585509867, tv_nsec=307478644}) = 0
03-29 19:24:27.307   357   357 I strace  : writev(3, [{iov_base="\0m\1\353\365\200^t\300S\22", iov_len=11}, {iov_base="\6", iov_len=1}, {iov_base="shd\0", iov_len=4}, {iov_base="Sensor GetInfo :LSM6DS3,STMicroe"..., iov_len=42}], 4) = 58
03-29 19:24:27.308   377   377 D SensorHal: use sensorlist_STM.
03-29 19:24:27.314   357   357 I strace  : sendto(10, "\20\1\0\0\0\0\0\0\1\0\0\0\f\0\0\0LSM6DS3,STMicroe"..., 272, MSG_DONTWAIT|MSG_NOSIGNAL, NULL, 0select event comming = 1 max_fd =10
03-29 19:24:27.314   357   357 I strace  : ) = 272
03-29 19:24:27.403   357   357 I strace  : futex(0xbed8ce60, FUTEX_WAIT_PRIVATE, 4, NULLselect event comming = 1 max_fd =8
03-29 19:24:27.403   357   357 I strace  : ) = 0
03-29 19:24:27.404   357   357 I strace  : gettimeofday({tv_sec=1585509867, tv_usec=403938}, NULL) = 0
03-29 19:24:27.404   357   357 I strace  : mmap2(NULL, 262144, PROT_READ|PROT_WRITE, MAP_PRIVATE|MAP_ANONYMOUS, -1, 0) = 0xb6900000
03-29 19:24:27.404   357   357 I strace  : prctl(PR_SET_VMA, 0, 0xb6900000, 0x40000, 0xb6f24061) = 0
03-29 19:24:27.404   357   357 I strace  : write(2, "__bionic_open_tzdata_path: ANDRO"..., 49__bionic_open_tzdata_path: ANDROID_DATA not set!
03-29 19:24:27.404   357   357 I strace  : ) = 49
03-29 19:24:27.404   357   357 I strace  : write(2, "__bionic_open_tzdata_path: ANDRO"..., 49__bionic_open_tzdata_path: ANDROID_ROOT not set!
03-29 19:24:27.405   357   357 I strace  : ) = 49
03-29 19:24:27.405   357   357 I strace  : write(2, "__bionic_open_tzdata_path: ANDRO"..., 49__bionic_open_tzdata_path: ANDROID_DATA not set!
03-29 19:24:27.405   357   357 I strace  : ) = 49
03-29 19:24:27.405   357   357 I strace  : write(2, "__bionic_open_tzdata_path: ANDRO"..., 49__bionic_open_tzdata_path: ANDROID_ROOT not set!
03-29 19:24:27.405   357   357 I strace  : ) = 49
03-29 19:24:27.405   357   357 I strace  : write(2, "__bionic_open_tzdata_path: ANDRO"..., 49__bionic_open_tzdata_path: ANDROID_DATA not set!
03-29 19:24:27.405   357   357 I strace  : ) = 49
03-29 19:24:27.405   357   357 I strace  : write(2, "__bionic_open_tzdata_path: ANDRO"..., 49__bionic_open_tzdata_path: ANDROID_ROOT not set!
03-29 19:24:27.406   357   357 I strace  : ) = 49
03-29 19:24:27.406   357   357 I strace  : openat(AT_FDCWD, "/proc/mcusleep/sleep", O_WRONLY|O_LARGEFILE) = 10
03-29 19:24:27.406   357   357 I strace  : write(10, "0", 1)                       = 1
03-29 19:24:27.406   357   357 I strace  : close(10)                               = 0
03-29 19:24:27.406   357   357 I strace  : write(6, "\1\0003\0\257|~", 7)          = 7
03-29 19:24:27.407   357   357 I strace  : gettimeofday({tv_sec=1585509867, tv_usec=406937}, NULL) = 0
03-29 19:24:27.407   357   357 I strace  : clock_gettime(CLOCK_REALTIME, {tv_sec=1585509867, tv_nsec=407106404}) = 0
03-29 19:24:27.411   357   357 I strace  : futex(0xbed8ce4c, FUTEX_WAIT_PRIVATE, 24, {tv_sec=1, tv_nsec=592893596}) = 0
03-29 19:24:27.411   357   357 I strace  : sendto(8, "\20\1\0\0\32\0\0\0\1\0\0\0\0\0\0\0\0\0\0\0croelectroni"..., 272, MSG_DONTWAIT|MSG_NOSIGNAL, NULL, 0) = 272
03-29 19:24:28.888   388   388 D audio_hw_primary: adev_open: enter
03-29 19:24:28.888   388   388 D platform_info: platform_info_init: Failed to open /system/etc/audio_platform_info.xml, using defaults.
03-29 19:24:28.957   388   388 D msm8974_platform: platform_init: snd_card_name: msm8226-tapan-snd-card
03-29 19:24:29.303   399   399 D libEGL  : loaded /vendor/lib/egl/libEGL_adreno.so
03-29 19:24:29.324   399   399 D libEGL  : loaded /vendor/lib/egl/libGLESv1_CM_adreno.so
03-29 19:24:29.481   399   399 D libEGL  : loaded /vendor/lib/egl/libGLESv2_adreno.so
03-29 19:24:29.536   388   388 E audio_route: Control 'LINEOUT1 Volume' doesn't exist - skipping
03-29 19:24:29.536   388   388 E audio_route: Control 'LINEOUT2 Volume' doesn't exist - skipping
03-29 19:24:29.536   388   388 E audio_route: Control 'HPHL Volume' doesn't exist - skipping
03-29 19:24:29.536   388   388 E audio_route: Control 'HPHR Volume' doesn't exist - skipping
03-29 19:24:29.536   388   388 E audio_route: Control 'RX1 Digital Volume' doesn't exist - skipping
03-29 19:24:29.536   388   388 E audio_route: Control 'RX2 Digital Volume' doesn't exist - skipping
03-29 19:24:29.536   388   388 E audio_route: Control 'RX3 Digital Volume' doesn't exist - skipping
03-29 19:24:29.537   388   388 E audio_route: Control 'RX4 Digital Volume' doesn't exist - skipping
03-29 19:24:29.537   388   388 E audio_route: Control 'ADC1 Volume' doesn't exist - skipping
03-29 19:24:29.537   388   388 E audio_route: Control 'ADC2 Volume' doesn't exist - skipping
03-29 19:24:29.537   388   388 E audio_route: Control 'ADC3 Volume' doesn't exist - skipping
03-29 19:24:29.537   388   388 E audio_route: Control 'ADC4 Volume' doesn't exist - skipping
03-29 19:24:29.537   388   388 E audio_route: Control 'ADC5 Volume' doesn't exist - skipping
03-29 19:24:29.537   388   388 E audio_route: Control 'DEC1 Volume' doesn't exist - skipping
03-29 19:24:29.537   388   388 E audio_route: Control 'DEC2 Volume' doesn't exist - skipping
03-29 19:24:29.537   388   388 E audio_route: Control 'DEC3 Volume' doesn't exist - skipping
03-29 19:24:29.537   388   388 E audio_route: Control 'DEC4 Volume' doesn't exist - skipping
03-29 19:24:29.537   388   388 E audio_route: Control 'IIR1 INP1 Volume' doesn't exist - skipping
03-29 19:24:29.537   388   388 E audio_route: Control 'IIR1 INP2 Volume' doesn't exist - skipping
03-29 19:24:29.537   388   388 E audio_route: Control 'IIR1 INP3 Volume' doesn't exist - skipping
03-29 19:24:29.537   388   388 E audio_route: Control 'IIR1 INP4 Volume' doesn't exist - skipping
03-29 19:24:29.537   388   388 E audio_route: Control 'COMP0 Switch' doesn't exist - skipping
03-29 19:24:29.537   388   388 E audio_route: Control 'COMP1 Switch' doesn't exist - skipping
03-29 19:24:29.537   388   388 E audio_route: Control 'COMP2 Switch' doesn't exist - skipping
03-29 19:24:29.537   388   388 E audio_route: Control 'SLIMBUS_0_RX Port Mixer INT_BT_SCO_TX' doesn't exist - skipping
03-29 19:24:29.538   388   388 E audio_route: Control 'Internal BTSCO SampleRate' doesn't exist - skipping
03-29 19:24:29.538   388   388 E audio_route: Control 'INTERNAL_BT_SCO_RX Audio Mixer Multimedia6' doesn't exist - skipping
03-29 19:24:29.539   388   388 E audio_route: Control 'MultiMedia5 Mixer QUAT_MI2S_TX' doesn't exist - skipping
03-29 19:24:29.539   388   388 E audio_route: Control 'MultiMedia4 Mixer QUAT_MI2S_TX' doesn't exist - skipping
03-29 19:24:29.539   388   388 E audio_route: Control 'IIR1 INP1 MUX' doesn't exist - skipping
03-29 19:24:29.539   388   388 E audio_route: Control 'SLIM TX5 MUX' doesn't exist - skipping
03-29 19:24:29.539   388   388 E audio_route: Control 'SLIM TX4 MUX' doesn't exist - skipping
03-29 19:24:29.539   388   388 E audio_route: Control 'SLIM TX3 MUX' doesn't exist - skipping
03-29 19:24:29.539   388   388 E audio_route: Control 'SLIM TX2 MUX' doesn't exist - skipping
03-29 19:24:29.539   388   388 E audio_route: Control 'SLIM TX1 MUX' doesn't exist - skipping
03-29 19:24:29.539   388   388 E audio_route: Control 'DEC4 MUX' doesn't exist - skipping
03-29 19:24:29.539   388   388 E audio_route: Control 'DEC3 MUX' doesn't exist - skipping
03-29 19:24:29.539   388   388 E audio_route: Control 'DEC2 MUX' doesn't exist - skipping
03-29 19:24:29.539   388   388 E audio_route: Control 'DEC1 MUX' doesn't exist - skipping
03-29 19:24:29.539   388   388 E audio_route: Control 'RX2 MIX2 INP2' doesn't exist - skipping
03-29 19:24:29.539   388   388 E audio_route: Control 'RX2 MIX2 INP1' doesn't exist - skipping
03-29 19:24:29.539   388   388 E audio_route: Control 'RX1 MIX2 INP2' doesn't exist - skipping
03-29 19:24:29.539   388   388 E audio_route: Control 'RX1 MIX2 INP1' doesn't exist - skipping
03-29 19:24:29.539   388   388 E audio_route: Control 'RX4 MIX1 INP2' doesn't exist - skipping
03-29 19:24:29.539   388   388 E audio_route: Control 'RX4 MIX1 INP1' doesn't exist - skipping
03-29 19:24:29.539   388   388 E audio_route: Control 'RX3 MIX1 INP1' doesn't exist - skipping
03-29 19:24:29.540   388   388 E audio_route: Control 'RX2 MIX1 INP1' doesn't exist - skipping
03-29 19:24:29.540   388   388 E audio_route: Control 'RX1 MIX1 INP3' doesn't exist - skipping
03-29 19:24:29.540   388   388 E audio_route: Control 'RX1 MIX1 INP2' doesn't exist - skipping
03-29 19:24:29.540   388   388 E audio_route: Control 'RX1 MIX1 INP1' doesn't exist - skipping
03-29 19:24:29.540   388   388 E audio_route: Control 'HPHL DAC Switch' doesn't exist - skipping
03-29 19:24:29.540   388   388 E audio_route: Control 'DAC1 Switch' doesn't exist - skipping
03-29 19:24:29.540   388   388 E audio_route: Control 'SPK DAC Switch' doesn't exist - skipping
03-29 19:24:29.540   388   388 E audio_route: Control 'SLIM_0_RX Channels' doesn't exist - skipping
03-29 19:24:29.540   388   388 E audio_route: Control 'SLIM_0_TX Channels' doesn't exist - skipping
03-29 19:24:29.540   388   388 E audio_route: Control 'SLIM RX1 MUX' doesn't exist - skipping
03-29 19:24:29.540   388   388 E audio_route: Control 'EAR PA Gain' doesn't exist - skipping
03-29 19:24:29.540   388   388 E audio_route: Control 'SLIM RX2 MUX' doesn't exist - skipping
03-29 19:24:29.540   388   388 E audio_route: Control 'SPK DRV Volume' doesn't exist - skipping
03-29 19:24:29.540   388   388 E audio_route: Control 'AIF1_CAP Mixer SLIM TX1' doesn't exist - skipping
03-29 19:24:29.540   388   388 E audio_route: Control 'AIF1_CAP Mixer SLIM TX2' doesn't exist - skipping
03-29 19:24:29.540   388   388 E audio_route: Control 'CLASS_H_DSM MUX' doesn't exist - skipping
03-29 19:24:29.541   388   388 E audio_route: Control 'IIR1 Band1' doesn't exist - skipping
03-29 19:24:29.541   388   388 E audio_route: Control 'IIR1 Band1' doesn't exist - skipping
03-29 19:24:29.541   388   388 E audio_route: Control 'IIR1 Band1' doesn't exist - skipping
03-29 19:24:29.541   388   388 E audio_route: Control 'IIR1 Band1' doesn't exist - skipping
03-29 19:24:29.541   388   388 E audio_route: Control 'IIR1 Band1' doesn't exist - skipping
03-29 19:24:29.541   388   388 E audio_route: Control 'IIR1 Band2' doesn't exist - skipping
03-29 19:24:29.542   388   388 E audio_route: Control 'IIR1 Band2' doesn't exist - skipping
03-29 19:24:29.542   388   388 E audio_route: Control 'IIR1 Band2' doesn't exist - skipping
03-29 19:24:29.542   388   388 E audio_route: Control 'IIR1 Band2' doesn't exist - skipping
03-29 19:24:29.542   388   388 E audio_route: Control 'IIR1 Band2' doesn't exist - skipping
03-29 19:24:29.542   388   388 E audio_route: Control 'IIR1 Band3' doesn't exist - skipping
03-29 19:24:29.542   388   388 E audio_route: Control 'IIR1 Band3' doesn't exist - skipping
03-29 19:24:29.542   388   388 E audio_route: Control 'IIR1 Band3' doesn't exist - skipping
03-29 19:24:29.542   388   388 E audio_route: Control 'IIR1 Band3' doesn't exist - skipping
03-29 19:24:29.542   388   388 E audio_route: Control 'IIR1 Band3' doesn't exist - skipping
03-29 19:24:29.542   388   388 E audio_route: Control 'IIR1 Band4' doesn't exist - skipping
03-29 19:24:29.542   388   388 E audio_route: Control 'IIR1 Band4' doesn't exist - skipping
03-29 19:24:29.542   388   388 E audio_route: Control 'IIR1 Band4' doesn't exist - skipping
03-29 19:24:29.542   388   388 E audio_route: Control 'IIR1 Band4' doesn't exist - skipping
03-29 19:24:29.542   388   388 E audio_route: Control 'IIR1 Band4' doesn't exist - skipping
03-29 19:24:29.542   388   388 E audio_route: Control 'IIR1 Band5' doesn't exist - skipping
03-29 19:24:29.542   388   388 E audio_route: Control 'IIR1 Band5' doesn't exist - skipping
03-29 19:24:29.542   388   388 E audio_route: Control 'IIR1 Band5' doesn't exist - skipping
03-29 19:24:29.542   388   388 E audio_route: Control 'IIR1 Band5' doesn't exist - skipping
03-29 19:24:29.542   388   388 E audio_route: Control 'IIR1 Band5' doesn't exist - skipping
03-29 19:24:29.542   388   388 E audio_route: Control 'IIR1 Enable Band1' doesn't exist - skipping
03-29 19:24:29.542   388   388 E audio_route: Control 'IIR1 Enable Band2' doesn't exist - skipping
03-29 19:24:29.542   388   388 E audio_route: Control 'IIR1 Enable Band3' doesn't exist - skipping
03-29 19:24:29.543   388   388 E audio_route: Control 'IIR1 Enable Band4' doesn't exist - skipping
03-29 19:24:29.543   388   388 E audio_route: Control 'IIR1 Enable Band5' doesn't exist - skipping
03-29 19:24:29.543   388   388 E audio_route: Control 'IIR1 INP1 Volume' doesn't exist - skipping
03-29 19:24:29.543   388   388 E audio_route: Control 'ANC Slot' doesn't exist - skipping
03-29 19:24:29.543   388   388 E audio_route: Control 'ANC1 FB MUX' doesn't exist - skipping
03-29 19:24:29.543   388   388 E audio_route: Control 'ANC1 MUX' doesn't exist - skipping
03-29 19:24:29.543   388   388 E audio_route: Control 'ANC2 MUX' doesn't exist - skipping
03-29 19:24:29.543   388   388 E audio_route: Control 'ANC Function' doesn't exist - skipping
03-29 19:24:29.543   388   388 E audio_route: Control 'SLIM_0_RX AANC MUX' doesn't exist - skipping
03-29 19:24:29.543   388   388 E audio_route: Control 'AIF1_CAP Mixer SLIM TX3' doesn't exist - skipping
03-29 19:24:29.543   388   388 E audio_route: Control 'AIF1_CAP Mixer SLIM TX4' doesn't exist - skipping
03-29 19:24:29.584   388   388 E audio_route: Control 'Internal BTSCO SampleRate' doesn't exist - skipping
03-29 19:24:29.584   388   388 E audio_route: Control 'MultiMedia5 Mixer QUAT_MI2S_TX' doesn't exist - skipping
03-29 19:24:29.584   388   388 E audio_route: Control 'Internal BTSCO SampleRate' doesn't exist - skipping
03-29 19:24:29.584   388   388 E audio_route: Control 'Internal BTSCO SampleRate' doesn't exist - skipping
03-29 19:24:29.585   388   388 E audio_route: Control 'Internal BTSCO SampleRate' doesn't exist - skipping
03-29 19:24:29.585   388   388 E audio_route: Control 'Internal BTSCO SampleRate' doesn't exist - skipping
03-29 19:24:29.585   388   388 E audio_route: Control 'Internal BTSCO SampleRate' doesn't exist - skipping
03-29 19:24:29.585   388   388 E audio_route: Control 'Internal BTSCO SampleRate' doesn't exist - skipping
03-29 19:24:29.585   388   388 E audio_route: Control 'Internal BTSCO SampleRate' doesn't exist - skipping
03-29 19:24:29.586   388   388 E audio_route: Control 'Internal BTSCO SampleRate' doesn't exist - skipping
03-29 19:24:29.586   388   388 E audio_route: Control 'Internal BTSCO SampleRate' doesn't exist - skipping
03-29 19:24:29.586   388   388 E audio_route: Control 'Internal BTSCO SampleRate' doesn't exist - skipping
03-29 19:24:29.587   388   388 E audio_route: Control 'Internal BTSCO SampleRate' doesn't exist - skipping
03-29 19:24:29.588   388   388 E audio_route: Control 'Internal BTSCO SampleRate' doesn't exist - skipping
03-29 19:24:29.588   388   388 E audio_route: Control 'AIF1_CAP Mixer SLIM TX1' doesn't exist - skipping
03-29 19:24:29.588   388   388 E audio_route: Control 'SLIM_0_TX Channels' doesn't exist - skipping
03-29 19:24:29.588   388   388 E audio_route: Control 'SLIM TX1 MUX' doesn't exist - skipping
03-29 19:24:29.588   388   388 E audio_route: Control 'DEC1 MUX' doesn't exist - skipping
03-29 19:24:29.588   388   388 E audio_route: Control 'IIR1 INP1 MUX' doesn't exist - skipping
03-29 19:24:29.588   388   388 E audio_route: Control 'AIF1_CAP Mixer SLIM TX1' doesn't exist - skipping
03-29 19:24:29.589   388   388 E audio_route: Control 'SLIM_0_TX Channels' doesn't exist - skipping
03-29 19:24:29.589   388   388 E audio_route: Control 'SLIM TX1 MUX' doesn't exist - skipping
03-29 19:24:29.589   388   388 E audio_route: Control 'DEC1 MUX' doesn't exist - skipping
03-29 19:24:29.589   388   388 E audio_route: Control 'IIR1 INP1 MUX' doesn't exist - skipping
03-29 19:24:29.589   388   388 E audio_route: Control 'AIF1_CAP Mixer SLIM TX1' doesn't exist - skipping
03-29 19:24:29.589   388   388 E audio_route: Control 'SLIM_0_TX Channels' doesn't exist - skipping
03-29 19:24:29.589   388   388 E audio_route: Control 'SLIM TX1 MUX' doesn't exist - skipping
03-29 19:24:29.589   388   388 E audio_route: Control 'DEC1 MUX' doesn't exist - skipping
03-29 19:24:29.589   388   388 E audio_route: Control 'IIR1 INP1 MUX' doesn't exist - skipping
03-29 19:24:29.589   388   388 E audio_route: Control 'SLIM RX1 MUX' doesn't exist - skipping
03-29 19:24:29.589   388   388 E audio_route: Control 'SLIM RX2 MUX' doesn't exist - skipping
03-29 19:24:29.589   388   388 E audio_route: Control 'SLIM_0_RX Channels' doesn't exist - skipping
03-29 19:24:29.589   388   388 E audio_route: Control 'RX3 MIX1 INP1' doesn't exist - skipping
03-29 19:24:29.589   388   388 E audio_route: Control 'RX4 MIX1 INP1' doesn't exist - skipping
03-29 19:24:29.589   388   388 E audio_route: Control 'RDAC4 MUX' doesn't exist - skipping
03-29 19:24:29.589   388   388 E audio_route: Control 'RDAC5 MUX' doesn't exist - skipping
03-29 19:24:29.589   388   388 E audio_route: Control 'COMP2 Switch' doesn't exist - skipping
03-29 19:24:29.589   388   388 E audio_route: Control 'LINEOUT1 Volume' doesn't exist - skipping
03-29 19:24:29.589   388   388 E audio_route: Control 'LINEOUT2 Volume' doesn't exist - skipping
03-29 19:24:29.589   388   388 E audio_route: Control 'SLIM RX1 MUX' doesn't exist - skipping
03-29 19:24:29.590   388   388 E audio_route: Control 'SLIM RX2 MUX' doesn't exist - skipping
03-29 19:24:29.590   388   388 E audio_route: Control 'SLIM_0_RX Channels' doesn't exist - skipping
03-29 19:24:29.590   388   388 E audio_route: Control 'RX2 MIX1 INP1' doesn't exist - skipping
03-29 19:24:29.590   388   388 E audio_route: Control 'RX3 MIX1 INP1' doesn't exist - skipping
03-29 19:24:29.590   388   388 E audio_route: Control 'RDAC5 MUX' doesn't exist - skipping
03-29 19:24:29.590   388   388 E audio_route: Control 'RDAC4 MUX' doesn't exist - skipping
03-29 19:24:29.590   388   388 E audio_route: Control 'RDAC3 MUX' doesn't exist - skipping
03-29 19:24:29.590   388   388 E audio_route: Control 'LINEOUT1 Volume' doesn't exist - skipping
03-29 19:24:29.590   388   388 E audio_route: Control 'LINEOUT2 Volume' doesn't exist - skipping
03-29 19:24:29.590   388   388 E audio_route: Control 'IIR1 Enable Band1' doesn't exist - skipping
03-29 19:24:29.590   388   388 E audio_route: Control 'IIR1 Enable Band2' doesn't exist - skipping
03-29 19:24:29.590   388   388 E audio_route: Control 'IIR1 Enable Band3' doesn't exist - skipping
03-29 19:24:29.590   388   388 E audio_route: Control 'IIR1 Enable Band4' doesn't exist - skipping
03-29 19:24:29.590   388   388 E audio_route: Control 'IIR1 Enable Band5' doesn't exist - skipping
03-29 19:24:29.590   388   388 E audio_route: Control 'IIR1 INP1 Volume' doesn't exist - skipping
03-29 19:24:29.590   388   388 E audio_route: Control 'RX1 MIX2 INP1' doesn't exist - skipping
03-29 19:24:29.590   388   388 E audio_route: Control 'RX2 MIX2 INP1' doesn't exist - skipping
03-29 19:24:29.590   388   388 E audio_route: Control 'IIR1 INP1 Volume' doesn't exist - skipping
03-29 19:24:29.590   388   388 E audio_route: Control 'RX1 MIX2 INP1' doesn't exist - skipping
03-29 19:24:29.590   388   388 E audio_route: Control 'SLIM RX1 MUX' doesn't exist - skipping
03-29 19:24:29.590   388   388 E audio_route: Control 'SLIM_0_RX Channels' doesn't exist - skipping
03-29 19:24:29.591   388   388 E audio_route: Control 'RX1 MIX1 INP1' doesn't exist - skipping
03-29 19:24:29.591   388   388 E audio_route: Control 'CLASS_H_DSM MUX' doesn't exist - skipping
03-29 19:24:29.591   388   388 E audio_route: Control 'RDAC3 MUX' doesn't exist - skipping
03-29 19:24:29.591   388   388 E audio_route: Control 'DAC1 Switch' doesn't exist - skipping
03-29 19:24:29.591   388   388 E audio_route: Control 'ANC Function' doesn't exist - skipping
03-29 19:24:29.591   388   388 E audio_route: Control 'SLIM RX1 MUX' doesn't exist - skipping
03-29 19:24:29.591   388   388 E audio_route: Control 'SLIM_0_RX Channels' doesn't exist - skipping
03-29 19:24:29.603   388   388 E audio_route: Control 'RX1 MIX1 INP1' doesn't exist - skipping
03-29 19:24:29.603   388   388 E audio_route: Control 'CLASS_H_DSM MUX' doesn't exist - skipping
03-29 19:24:29.603   388   388 E audio_route: Control 'RDAC3 MUX' doesn't exist - skipping
03-29 19:24:29.603   388   388 E audio_route: Control 'DAC1 Switch' doesn't exist - skipping
03-29 19:24:29.604   388   388 E audio_route: Control 'RX1 Digital Volume' doesn't exist - skipping
03-29 19:24:29.605   388   388 E audio_route: Control 'ANC Slot' doesn't exist - skipping
03-29 19:24:29.605   388   388 E audio_route: Control 'ANC1 MUX' doesn't exist - skipping
03-29 19:24:29.605   388   388 E audio_route: Control 'ADC3 Volume' doesn't exist - skipping
03-29 19:24:29.605   388   388 E audio_route: Control 'ANC1 FB MUX' doesn't exist - skipping
03-29 19:24:29.605   388   388 E audio_route: Control 'SLIM RX1 MUX' doesn't exist - skipping
03-29 19:24:29.605   388   388 E audio_route: Control 'SLIM RX2 MUX' doesn't exist - skipping
03-29 19:24:29.605   388   388 E audio_route: Control 'SLIM_0_RX Channels' doesn't exist - skipping
03-29 19:24:29.606   388   388 E audio_route: Control 'RX1 MIX1 INP1' doesn't exist - skipping
03-29 19:24:29.606   388   388 E audio_route: Control 'RX2 MIX1 INP1' doesn't exist - skipping
03-29 19:24:29.606   388   388 E audio_route: Control 'CLASS_H_DSM MUX' doesn't exist - skipping
03-29 19:24:29.606   388   388 E audio_route: Control 'RDAC3 MUX' doesn't exist - skipping
03-29 19:24:29.606   388   388 E audio_route: Control 'HPHL DAC Switch' doesn't exist - skipping
03-29 19:24:29.607   388   388 E audio_route: Control 'COMP1 Switch' doesn't exist - skipping
03-29 19:24:29.609   388   388 E audio_route: Control 'RX4 MIX1 INP1' doesn't exist - skipping
03-29 19:24:29.609   388   388 E audio_route: Control 'RX4 MIX1 INP2' doesn't exist - skipping
03-29 19:24:29.610   388   388 E audio_route: Control 'SPK DAC Switch' doesn't exist - skipping
03-29 19:24:29.610   388   388 E audio_route: Control 'COMP0 Switch' doesn't exist - skipping
03-29 19:24:29.610   388   388 E audio_route: Control 'RX3 MIX1 INP1' doesn't exist - skipping
03-29 19:24:29.610   388   388 E audio_route: Control 'SPK DAC Switch' doesn't exist - skipping
03-29 19:24:29.612   388   388 E audio_route: Control 'RX3 MIX1 INP1' doesn't exist - skipping
03-29 19:24:29.612   388   388 E audio_route: Control 'RX4 MIX1 INP1' doesn't exist - skipping
03-29 19:24:29.612   388   388 E audio_route: Control 'RDAC4 MUX' doesn't exist - skipping
03-29 19:24:29.612   388   388 E audio_route: Control 'RDAC5 MUX' doesn't exist - skipping
03-29 19:24:29.612   388   388 E audio_route: Control 'COMP2 Switch' doesn't exist - skipping
03-29 19:24:29.613   388   388 E audio_route: Control 'LINEOUT1 Volume' doesn't exist - skipping
03-29 19:24:29.613   388   388 E audio_route: Control 'LINEOUT2 Volume' doesn't exist - skipping
03-29 19:24:29.613   388   388 E audio_route: Control 'RX3 MIX1 INP1' doesn't exist - skipping
03-29 19:24:29.613   388   388 E audio_route: Control 'RDAC5 MUX' doesn't exist - skipping
03-29 19:24:29.613   388   388 E audio_route: Control 'RDAC4 MUX' doesn't exist - skipping
03-29 19:24:29.615   388   388 E audio_route: Control 'LINEOUT1 Volume' doesn't exist - skipping
03-29 19:24:29.615   388   388 E audio_route: Control 'LINEOUT2 Volume' doesn't exist - skipping
03-29 19:24:29.623   388   388 E audio_route: Control 'ANC Function' doesn't exist - skipping
03-29 19:24:29.624   388   388 E audio_route: Control 'ANC Slot' doesn't exist - skipping
03-29 19:24:29.624   388   388 E audio_route: Control 'ANC1 FB MUX' doesn't exist - skipping
03-29 19:24:29.624   388   388 E audio_route: Control 'ANC1 MUX' doesn't exist - skipping
03-29 19:24:29.624   388   388 E audio_route: Control 'ANC2 MUX' doesn't exist - skipping
03-29 19:24:29.624   388   388 E audio_route: Control 'ADC5 Volume' doesn't exist - skipping
03-29 19:24:29.624   388   388 E audio_route: Control 'ADC4 Volume' doesn't exist - skipping
03-29 19:24:29.624   388   388 E audio_route: Control 'COMP1 Switch' doesn't exist - skipping
03-29 19:24:29.624   388   388 E audio_route: Control 'HPHL Volume' doesn't exist - skipping
03-29 19:24:29.624   388   388 E audio_route: Control 'HPHR Volume' doesn't exist - skipping
03-29 19:24:29.624   388   388 E audio_route: Control 'RX4 MIX1 INP1' doesn't exist - skipping
03-29 19:24:29.624   388   388 E audio_route: Control 'RX4 MIX1 INP2' doesn't exist - skipping
03-29 19:24:29.624   388   388 E audio_route: Control 'SPK DAC Switch' doesn't exist - skipping
03-29 19:24:29.624   388   388 E audio_route: Control 'COMP0 Switch' doesn't exist - skipping
03-29 19:24:29.624   388   388 E audio_route: Control 'RX3 MIX1 INP1' doesn't exist - skipping
03-29 19:24:29.624   388   388 E audio_route: Control 'RX4 MIX1 INP1' doesn't exist - skipping
03-29 19:24:29.624   388   388 E audio_route: Control 'RDAC5 MUX' doesn't exist - skipping
03-29 19:24:29.624   388   388 E audio_route: Control 'COMP2 Switch' doesn't exist - skipping
03-29 19:24:29.624   388   388 E audio_route: Control 'LINEOUT1 Volume' doesn't exist - skipping
03-29 19:24:29.624   388   388 E audio_route: Control 'LINEOUT2 Volume' doesn't exist - skipping
03-29 19:24:29.625   388   388 E audio_route: Control 'ANC Slot' doesn't exist - skipping
03-29 19:24:29.625   388   388 E audio_route: Control 'RX4 MIX1 INP1' doesn't exist - skipping
03-29 19:24:29.625   388   388 E audio_route: Control 'RX4 MIX1 INP2' doesn't exist - skipping
03-29 19:24:29.625   388   388 E audio_route: Control 'SPK DAC Switch' doesn't exist - skipping
03-29 19:24:29.625   388   388 E audio_route: Control 'COMP0 Switch' doesn't exist - skipping
03-29 19:24:29.625   388   388 E audio_route: Control 'RX3 MIX1 INP1' doesn't exist - skipping
03-29 19:24:29.625   388   388 E audio_route: Control 'RX4 MIX1 INP1' doesn't exist - skipping
03-29 19:24:29.625   388   388 E audio_route: Control 'RDAC4 MUX' doesn't exist - skipping
03-29 19:24:29.625   388   388 E audio_route: Control 'RDAC5 MUX' doesn't exist - skipping
03-29 19:24:29.625   388   388 E audio_route: Control 'COMP2 Switch' doesn't exist - skipping
03-29 19:24:29.625   388   388 E audio_route: Control 'LINEOUT1 Volume' doesn't exist - skipping
03-29 19:24:29.625   388   388 E audio_route: Control 'LINEOUT2 Volume' doesn't exist - skipping
03-29 19:24:29.625   388   388 E audio_route: Control 'AIF1_CAP Mixer SLIM TX1' doesn't exist - skipping
03-29 19:24:29.625   388   388 E audio_route: Control 'AIF1_CAP Mixer SLIM TX2' doesn't exist - skipping
03-29 19:24:29.625   388   388 E audio_route: Control 'AIF1_CAP Mixer SLIM TX3' doesn't exist - skipping
03-29 19:24:29.626   388   388 E audio_route: Control 'SLIM_0_TX Channels' doesn't exist - skipping
03-29 19:24:29.626   388   388 E audio_route: Control 'SLIM_0_RX AANC MUX' doesn't exist - skipping
03-29 19:24:29.626   388   388 E audio_route: Control 'SLIM TX1 MUX' doesn't exist - skipping
03-29 19:24:29.626   388   388 E audio_route: Control 'DEC1 MUX' doesn't exist - skipping
03-29 19:24:29.626   388   388 E audio_route: Control 'ADC1 Volume' doesn't exist - skipping
03-29 19:24:29.626   388   388 E audio_route: Control 'SLIM TX2 MUX' doesn't exist - skipping
03-29 19:24:29.626   388   388 E audio_route: Control 'DEC2 MUX' doesn't exist - skipping
03-29 19:24:29.626   388   388 E audio_route: Control 'ADC3 Volume' doesn't exist - skipping
03-29 19:24:29.626   388   388 E audio_route: Control 'SLIM TX3 MUX' doesn't exist - skipping
03-29 19:24:29.626   388   388 E audio_route: Control 'DEC3 MUX' doesn't exist - skipping
03-29 19:24:29.626   388   388 E audio_route: Control 'ADC4 Volume' doesn't exist - skipping
03-29 19:24:29.626   388   388 E audio_route: Control 'IIR1 INP1 MUX' doesn't exist - skipping
03-29 19:24:29.626   388   388 E audio_route: Control 'AIF1_CAP Mixer SLIM TX1' doesn't exist - skipping
03-29 19:24:29.626   388   388 E audio_route: Control 'AIF1_CAP Mixer SLIM TX2' doesn't exist - skipping
03-29 19:24:29.626   388   388 E audio_route: Control 'SLIM TX1 MUX' doesn't exist - skipping
03-29 19:24:29.626   388   388 E audio_route: Control 'DEC1 MUX' doesn't exist - skipping
03-29 19:24:29.626   388   388 E audio_route: Control 'SLIM TX2 MUX' doesn't exist - skipping
03-29 19:24:29.626   388   388 E audio_route: Control 'DEC2 MUX' doesn't exist - skipping
03-29 19:24:29.626   388   388 E audio_route: Control 'SLIM_0_TX Channels' doesn't exist - skipping
03-29 19:24:29.626   388   388 E audio_route: Control 'IIR1 INP1 MUX' doesn't exist - skipping
03-29 19:24:29.627   388   388 E audio_route: Control 'AIF1_CAP Mixer SLIM TX1' doesn't exist - skipping
03-29 19:24:29.627   388   388 E audio_route: Control 'AIF1_CAP Mixer SLIM TX2' doesn't exist - skipping
03-29 19:24:29.627   388   388 E audio_route: Control 'AIF1_CAP Mixer SLIM TX3' doesn't exist - skipping
03-29 19:24:29.627   388   388 E audio_route: Control 'AIF1_CAP Mixer SLIM TX4' doesn't exist - skipping
03-29 19:24:29.627   388   388 E audio_route: Control 'SLIM_0_TX Channels' doesn't exist - skipping
03-29 19:24:29.627   388   388 E audio_route: Control 'SLIM TX1 MUX' doesn't exist - skipping
03-29 19:24:29.627   388   388 E audio_route: Control 'DEC1 MUX' doesn't exist - skipping
03-29 19:24:29.627   388   388 E audio_route: Control 'SLIM TX2 MUX' doesn't exist - skipping
03-29 19:24:29.627   388   388 E audio_route: Control 'DEC2 MUX' doesn't exist - skipping
03-29 19:24:29.627   388   388 E audio_route: Control 'SLIM TX3 MUX' doesn't exist - skipping
03-29 19:24:29.627   388   388 E audio_route: Control 'DEC3 MUX' doesn't exist - skipping
03-29 19:24:29.627   388   388 E audio_route: Control 'SLIM TX4 MUX' doesn't exist - skipping
03-29 19:24:29.627   388   388 E audio_route: Control 'DEC4 MUX' doesn't exist - skipping
03-29 19:24:29.627   388   388 E audio_route: Control 'SLIM RX1 MUX' doesn't exist - skipping
03-29 19:24:29.627   388   388 E audio_route: Control 'SLIM_0_RX Channels' doesn't exist - skipping
03-29 19:24:29.627   388   388 E audio_route: Control 'RX1 MIX1 INP1' doesn't exist - skipping
03-29 19:24:29.627   388   388 E audio_route: Control 'CLASS_H_DSM MUX' doesn't exist - skipping
03-29 19:24:29.627   388   388 E audio_route: Control 'RDAC3 MUX' doesn't exist - skipping
03-29 19:24:29.628   388   388 E audio_route: Control 'HPHL DAC Switch' doesn't exist - skipping
03-29 19:24:29.628   388   388 E audio_route: Control 'COMP1 Switch' doesn't exist - skipping
03-29 19:24:29.628   388   388 E audio_route: Control 'EAR PA Gain' doesn't exist - skipping
03-29 19:24:29.628   388   388 D msm8974_platform: platform_init: Opened sound card:0
03-29 19:24:29.707   388   388 E ACDB-LOADER: ACDB -> No .acdb files found in /etc!
03-29 19:24:29.707   388   388 E ACDB-LOADER: ACDB -> Error: Could not open any directory! Failed for /etc
03-29 19:24:29.707   388   388 E ACDB-LOADER: ACDB -> Could not load .acdb files!
03-29 19:24:29.755   388   388 E ext_speaker: open_speaker_bundle: DLOPEN failed for /system/lib/soundfx/libspeakerbundle.so
03-29 19:24:30.020   388   388 D tfa98xx : [NXP] exTfa98xx_calibration ENTER
03-29 19:24:30.022   388   388 D tfa98xx : Loaded container file calibration Tfa98xx.cnt.
03-29 19:24:30.110   388   388 D         : tfa98xxCalibrationEx: status: 0x885f, err : 0, line: 499
03-29 19:24:30.112   388   388 D         : tfa98xxCalibrationEx: status: 0x885f, err : 0, line: 515, re25: 8.00
03-29 19:24:30.112   388   388 D         : DSP has calibrated before, 8.00 ohm
03-29 19:24:30.188   388   388 D         : tfa98xxCalibrationEx: re25 = 8.00, line = 596
03-29 19:24:30.189   388   388 D tfa98xx : handles 0
03-29 19:24:30.189   388   388 D tfa98xx : [NXP] exTfa98xx status reg is 0xd05f
03-29 19:24:30.189   388   388 D tfa98xx : status checking ok
03-29 19:24:30.222   388   388 D         : FUNC: tfaRunMuteAmplifier, LINE: 633 status = 0xc05f
03-29 19:24:30.222   388   388 D tfa98xx : [NXP] exTfa98xx_calibration END Calibration is done!
03-29 19:24:30.291   388   388 D audio_hw_primary: out_set_parameters: enter: usecase(0: deep-buffer-playback) kvpairs: routing=2;
03-29 19:24:30.366   388   432 D audio_hw_primary: select_devices: out_snd_device(2: speaker) in_snd_device(0: none)
03-29 19:24:30.366   388   432 D msm8974_platform: platform_send_audio_calibration: sending audio calibration for snd_device(2) acdb_id(15)
03-29 19:24:30.366   388   432 E ACDB-LOADER: ACDB -> Not correctly initialized!
03-29 19:24:30.366   388   432 D audio_hw_primary: enable_snd_device: snd_device(2: speaker)
03-29 19:24:30.366   388   432 D audio_hw_primary: enable_audio_route: apply and update mixer path: deep-buffer-playback
03-29 19:24:30.798   388   432 D tfa98xx : exTfa98xx_speakeron: mode 0, setmode 0
03-29 19:24:30.799   388   432 D tfa98xx : Loaded container file speaker_on Tfa98xx.cnt.
03-29 19:24:30.799   388   432 D tfa98xx : tfa start with volume 0.
03-29 19:24:30.803   388   432 D tfa98xx : start use case success
03-29 19:24:31.009   388   432 D tfa98xx : handles 0
03-29 19:24:31.010   388   432 D tfa98xx : [NXP] exTfa98xx status reg is 0xd05f
03-29 19:24:31.010   388   432 D tfa98xx : status checking ok
03-29 19:24:31.010   388   432 D tfa98xx : exTfa98xx start use case successfully
03-29 19:24:32.864   399   399 I qdutils : PartialUpdate status: Disabled
03-29 19:24:32.865   399   399 I qdutils : Left Align: 0
03-29 19:24:32.865   399   399 I qdutils : Width Align: 0
03-29 19:24:32.865   399   399 I qdutils : Top Align: 0
03-29 19:24:32.865   399   399 I qdutils : Height Align: 0
03-29 19:24:32.865   399   399 I qdutils : Min ROI Width: 0
03-29 19:24:32.865   399   399 I qdutils : Min ROI Height: 0
03-29 19:24:32.865   399   399 I qdutils : Needs ROI Merge: 0
03-29 19:24:32.914   399   399 W Adreno-GSL: <gsl_ldd_control:466>: ioctl fd 7 code 0xc0100940 (IOCTL_KGSL_SYNCSOURCE_CREATE) failed: errno 25 Unknown ioctl code
03-29 19:24:32.926   399   399 I qdhwcomposer: Initializing Qualcomm Hardware Composer
03-29 19:24:32.926   399   399 I qdhwcomposer: MDP version: 500
03-29 19:24:32.928   399   399 I qdhwcomposer: hwc_registerProcs
03-29 19:24:32.928   399   399 I qdhwcomposer: Initializing UEVENT Thread
03-29 19:24:32.928   399   399 I qdhwcomposer: Initializing VSYNC Thread
03-29 19:24:32.928   399   399 E cutils-trace: Error opening trace file: Permission denied (13)
03-29 19:24:32.943   399   437 I qdhwcomposer: vsync_loop: Reading event 0 for dpy 0 from /sys/class/graphics/fb0/vsync_event
03-29 19:24:32.943   399   437 I qdhwcomposer: vsync_loop: Reading event 1 for dpy 0 from /sys/class/graphics/fb0/show_blank_event
03-29 19:24:32.943   399   437 I qdhwcomposer: vsync_loop: Reading event 0 for dpy 1 from /sys/class/graphics/fb-1/vsync_event
03-29 19:24:32.943   399   437 I qdhwcomposer: vsync_loop: Reading event 1 for dpy 1 from /sys/class/graphics/fb-1/show_blank_event
03-29 19:24:32.965   399   399 I Adreno-EGL: <qeglDrvAPI_eglInitialize:379>: QUALCOMM Build: 09/28/15, cb423fe, Ib3272dc427
03-29 19:24:33.957   399   448 D qdutils : DEBUG_CALC_FPS: 0
03-29 19:24:33.957   399   448 D qdutils : period: 10
03-29 19:24:33.957   399   448 D qdutils : ignorethresh_us: 10
03-29 19:24:34.010   399   399 E libEGL  : validate_display:255 error 3008 (EGL_BAD_DISPLAY)
03-29 19:24:35.674   388   432 D audio_hw_primary: disable_audio_route: reset and update mixer path: deep-buffer-playback
03-29 19:24:35.675   388   432 D audio_hw_primary: disable_snd_device: snd_device(2: speaker)
